
> mango-helpdesk-ai-frontend@1.0.0 test
> vitest App.paranoid.test.jsx --run


[7m[1m[36m RUN [39m[22m[27m [36mv1.6.1[39m [90mC:/Users/com/Documents/mango-helpdesk-ai/frontend[39m

 [33mโฏ[39m src/__tests__/unit/components/App.paranoid.test.jsx [2m ([22m[2m33 tests[22m [2m|[22m [31m25 failed[39m[2m)[22m[33m 57667[2mms[22m[39m
[31m   [33mโฏ[31m src/__tests__/unit/components/App.paranoid.test.jsx[2m > [22mApp Component - PARANOID MODE[2m > [22mInput Validation - PARANOID[2m > [22mshould reject empty messages[39m
[31m     โ’ Found multiple elements with the text: /^$/

Here are the matching elements:

Ignored nodes: comments, script, style
[36m<body>[31m
  [36m<div>[31m
    [36m<div[31m
      [33mclass[31m=[32m"min-h-screen bg-[#0f172a] text-slate-200 font-sans selection:bg-orange-500 selection:text-white overflow-x-hidden relative"[31m
    [36m>[31m
      [36m<nav[31m
        [33mclass[31m=[32m"fixed w-full z-50 glass-panel border-b-0 border-b-white/5 backdrop-blur-xl bg-slate-900/80"[31m
      [36m>[31m
        [36m<div[31m
          [33mclass[31m=[32m"max-w-7xl mx-auto px-6 h-16 flex items-center justify-between"[31m
        [36m>[31m
          [36m<div[31m
            [33mclass[31m=[32m"flex items-center gap-2 font-bold text-xl tracking-tight cursor-pointer"[31m
          [36m>[31m
            [36m<div[31m
              [33mclass[31m=[32m"w-8 h-8 bg-gradient-to-br from-orange-400 to-red-500 rounded-lg flex items-center justify-center shadow-lg shadow-orange-500/20"[31m
            [36m>[31m
              [36m<svg[31m
                [33mclass[31m=[32m"lucide lucide-bot w-5 h-5 text-white"[31m
                [33mfill[31m=[32m"none"[31m
                [33mheight[31m=[32m"24"[31m
                [33mstroke[31m=[32m"currentColor"[31m
                [33mstroke-linecap[31m=[32m"round"[31m
                [33mstroke-linejoin[31m=[32m"round"[31m
                [33mstroke-width[31m=[32m"2"[31m
                [33mviewBox[31m=[32m"0 0 24 24"[31m
                [33mwidth[31m=[32m"24"[31m
                [33mxmlns[31m=[32m"http://www.w3.org/2000/svg"[31m
              [36m>[31m
                [36m<path[31m
                  [33md[31m=[32m"M12 8V4H8"[31m
                [36m/>[31m
                [36m<rect[31m
                  [33mheight[31m=[32m"12"[31m
                  [33mrx[31m=[32m"2"[31m
                  [33mwidth[31m=[32m"16"[31m
                  [33mx[31m=[32m"4"[31m
                  [33my[31m=[32m"8"[31m
                [36m/>[31m
                [36m<path[31m
                  [33md[31m=[32m"M2 14h2"[31m
                [36m/>[31m
                [36m<path[31m
                  [33md[31m=[32m"M20 14h2"[31m
                [36m/>[31m
                [36m<path[31m
                  [33md[31m=[32m"M15 13v2"[31m
                [36m/>[31m
                [36m<path[31m
                  [33md[31m=[32m"M9 13v2"[31m
                [36m/>[31m
              [36m</svg>[31m
            [36m</div>[31m
            [36m<span[31m
              [33mclass[31m=[32m"text-white"[31m
            [36m>[31m
              [0mMango[0m
              [36m<span[31m
                [33mclass[31m=[32m"text-orange-400"[31m
              [36m>[31m
                [0mHelpdesk[0m
              [36m</span>[31m
            [36m</span>[31m
          [36m</div>[31m
          [36m<div[31m
            [33mclass[31m=[32m"hidden md:flex gap-6 text-sm font-medium text-slate-400"[31m
          [36m>[31m
            [36m<button[31m
              [33mclass[31m=[32m"hover:text-orange-400 transition-colors "[31m
            [36m>[31m
              [0mProblem[0m
            [36m</button>[31m
            [36m<button[31m
              [33mclass[31m=[32m"hover:text-orange-400 transition-colors "[31m
            [36m>[31m
              [0mSolution[0m
            [36m</button>[31m
            [36m<button[31m
              [33mclass[31m=[32m"hover:text-orange-400 transition-colors "[31m
            [36m>[31m
              [0mDemo[0m
            [36m</button>[31m
            [36m<button[31m
              [33mclass[31m=[32m"hover:text-orange-400 transition-colors "[31m
            [36m>[31m
              [0mImpact[0m
            [36m</button>[31m
          [36m</div>[31m
          [36m<div[31m
            [33mclass[31m=[32m"text-xs font-mono text-slate-500 border border-slate-700 px-3 py-1 rounded-full flex items-center gap-2"[31m
          [36m>[31m
            [36m<span[31m
              [33mclass[31m=[32m"w-2 h-2 rounded-full bg-green-500 animate-pulse"[31m
            [36m/>[31m
            [0mSystem Online v1.0.0[0m
          [36m</div>[31m
        [36m</div>[31m
      [36m</nav>[31m
      [36m<section[31m
        [33mclass[31m=[32m"relative z-10 pt-32 pb-20 px-6 flex flex-col items-center justify-center text-center min-h-[90vh] bg-grid-pattern overflow-hidden"[31m
        [33mid[31m=[32m"hero"[31m
      [36m>[31m
        [36m<div[31m
          [33mclass[31m=[32m"absolute inset-0 bg-gradient-to-b from-transparent via-[#0f172a]/50 to-[#0f172a] pointer-events-none"[31m
        [36m/>[31m
        [36m<div[31m
          [33mclass[31m=[32m"absolute inset-0 opacity-20 pointer-events-none"[31m
        [36m>[31m
          [36m<svg[31m
            [33mclass[31m=[32m"lucide lucide-database absolute top-[20%] left-[10%] w-16 h-16 text-purple-500 animate-float delay-100"[31m
            [33mfill[31m=[32m"none"[31m
            [33mheight[31m=[32m"24"[31m
            [33mstroke[31m=[32m"currentColor"[31m
            [33mstroke-linecap[31m=[32m"round"[31m
            [33mstroke-linejoin[31m=[32m"round"[31m
            [33mstroke-width[31m=[32m"2"[31m
            [33mviewBox[31m=[32m"0 0 24 24"[31m
            [33mwidth[31m=[32m"24"[31m
            [33mxmlns[31m=[32m"http://www.w3.org/2000/svg"[31m
          [36m>[31m
            [36m<ellipse[31m
              [33mcx[31m=[32m"12"[31m
              [33mcy[31m=[32m"5"[31m
              [33mrx[31m=[32m"9"[31m
              [33mry[31m=[32m"3"[31m
            [36m/>[31m
            [36m<path[31m
              [33md[31m=[32m"M3 5V19A9 3 0 0 0 21 19V5"[31m
            [36m/>[31m
            [36m<path[31m
              [33md[31m=[32m"M3 12A9 3 0 0 0 21 12"[31m
            [36m/>[31m
          [36m</svg>[31m
          [36m<svg[31m
            [33mclass[31m=[32m"lucide lucide-zap absolute top-[15%] right-[15%] w-12 h-12 text-orange-500 animate-float delay-300"[31m
            [33mfill[31m=[32m"none"[31m
            [33mheight[31m=[32m"24"[31m
            [33mstroke[31m=[32m"currentColor"[31m
            [33mstroke-linecap[31m=[32m"round"[31m
            [33mstroke-linejoin[31m=[32m"round"[31m
            [33mstroke-width[31m=[32m"2"[31m
            [33mviewBox[31m=[32m"0 0 24 24"[31m
            [33mwidth[31m=[32m"24"[31m
            [33mxmlns[31m=[32m"http://www.w3.org/2000/svg"[31m
          [36m>[31m
            [36m<polygon[31m
              [33mpoints[31m=[32m"13 2 3 14 12 14 11 22 21 10 12 10 13 2"[31m
            [36m/>[31m
          [36m</svg>[31m
          [36m<svg[31m
            [33mclass[31m=[32m"lucide lucide-shield-alert absolute bottom-[30%] left-[20%] w-10 h-10 text-green-500 animate-float delay-500"[31m
            [33mfill[31m=[32m"none"[31m
            [33mheight[31m...

Ignored nodes: comments, script, style
[36m<div>[31m
  [36m<div[31m
    [33mclass[31m=[32m"min-h-screen bg-[#0f172a] text-slate-200 font-sans selection:bg-orange-500 selection:text-white overflow-x-hidden relative"[31m
  [36m>[31m
    [36m<nav[31m
      [33mclass[31m=[32m"fixed w-full z-50 glass-panel border-b-0 border-b-white/5 backdrop-blur-xl bg-slate-900/80"[31m
    [36m>[31m
      [36m<div[31m
        [33mclass[31m=[32m"max-w-7xl mx-auto px-6 h-16 flex items-center justify-between"[31m
      [36m>[31m
        [36m<div[31m
          [33mclass[31m=[32m"flex items-center gap-2 font-bold text-xl tracking-tight cursor-pointer"[31m
        [36m>[31m
          [36m<div[31m
            [33mclass[31m=[32m"w-8 h-8 bg-gradient-to-br from-orange-400 to-red-500 rounded-lg flex items-center justify-center shadow-lg shadow-orange-500/20"[31m
          [36m>[31m
            [36m<svg[31m
              [33mclass[31m=[32m"lucide lucide-bot w-5 h-5 text-white"[31m
              [33mfill[31m=[32m"none"[31m
              [33mheight[31m=[32m"24"[31m
              [33mstroke[31m=[32m"currentColor"[31m
              [33mstroke-linecap[31m=[32m"round"[31m
              [33mstroke-linejoin[31m=[32m"round"[31m
              [33mstroke-width[31m=[32m"2"[31m
              [33mviewBox[31m=[32m"0 0 24 24"[31m
              [33mwidth[31m=[32m"24"[31m
              [33mxmlns[31m=[32m"http://www.w3.org/2000/svg"[31m
            [36m>[31m
              [36m<path[31m
                [33md[31m=[32m"M12 8V4H8"[31m
              [36m/>[31m
              [36m<rect[31m
                [33mheight[31m=[32m"12"[31m
                [33mrx[31m=[32m"2"[31m
                [33mwidth[31m=[32m"16"[31m
                [33mx[31m=[32m"4"[31m
                [33my[31m=[32m"8"[31m
              [36m/>[31m
              [36m<path[31m
                [33md[31m=[32m"M2 14h2"[31m
              [36m/>[31m
              [36m<path[31m
                [33md[31m=[32m"M20 14h2"[31m
              [36m/>[31m
              [36m<path[31m
                [33md[31m=[32m"M15 13v2"[31m
              [36m/>[31m
              [36m<path[31m
                [33md[31m=[32m"M9 13v2"[31m
              [36m/>[31m
            [36m</svg>[31m
          [36m</div>[31m
          [36m<span[31m
            [33mclass[31m=[32m"text-white"[31m
          [36m>[31m
            [0mMango[0m
            [36m<span[31m
              [33mclass[31m=[32m"text-orange-400"[31m
            [36m>[31m
              [0mHelpdesk[0m
            [36m</span>[31m
          [36m</span>[31m
        [36m</div>[31m
        [36m<div[31m
          [33mclass[31m=[32m"hidden md:flex gap-6 text-sm font-medium text-slate-400"[31m
        [36m>[31m
          [36m<button[31m
            [33mclass[31m=[32m"hover:text-orange-400 transition-colors "[31m
          [36m>[31m
            [0mProblem[0m
          [36m</button>[31m
          [36m<button[31m
            [33mclass[31m=[32m"hover:text-orange-400 transition-colors "[31m
          [36m>[31m
            [0mSolution[0m
          [36m</button>[31m
          [36m<button[31m
            [33mclass[31m=[32m"hover:text-orange-400 transition-colors "[31m
          [36m>[31m
            [0mDemo[0m
          [36m</button>[31m
          [36m<button[31m
            [33mclass[31m=[32m"hover:text-orange-400 transition-colors "[31m
          [36m>[31m
            [0mImpact[0m
          [36m</button>[31m
        [36m</div>[31m
        [36m<div[31m
          [33mclass[31m=[32m"text-xs font-mono text-slate-500 border border-slate-700 px-3 py-1 rounded-full flex items-center gap-2"[31m
        [36m>[31m
          [36m<span[31m
            [33mclass[31m=[32m"w-2 h-2 rounded-full bg-green-500 animate-pulse"[31m
          [36m/>[31m
          [0mSystem Online v1.0.0[0m
        [36m</div>[31m
      [36m</div>[31m
    [36m</nav>[31m
    [36m<section[31m
      [33mclass[31m=[32m"relative z-10 pt-32 pb-20 px-6 flex flex-col items-center justify-center text-center min-h-[90vh] bg-grid-pattern overflow-hidden"[31m
      [33mid[31m=[32m"hero"[31m
    [36m>[31m
      [36m<div[31m
        [33mclass[31m=[32m"absolute inset-0 bg-gradient-to-b from-transparent via-[#0f172a]/50 to-[#0f172a] pointer-events-none"[31m
      [36m/>[31m
      [36m<div[31m
        [33mclass[31m=[32m"absolute inset-0 opacity-20 pointer-events-none"[31m
      [36m>[31m
        [36m<svg[31m
          [33mclass[31m=[32m"lucide lucide-database absolute top-[20%] left-[10%] w-16 h-16 text-purple-500 animate-float delay-100"[31m
          [33mfill[31m=[32m"none"[31m
          [33mheight[31m=[32m"24"[31m
          [33mstroke[31m=[32m"currentColor"[31m
          [33mstroke-linecap[31m=[32m"round"[31m
          [33mstroke-linejoin[31m=[32m"round"[31m
          [33mstroke-width[31m=[32m"2"[31m
          [33mviewBox[31m=[32m"0 0 24 24"[31m
          [33mwidth[31m=[32m"24"[31m
          [33mxmlns[31m=[32m"http://www.w3.org/2000/svg"[31m
        [36m>[31m
          [36m<ellipse[31m
            [33mcx[31m=[32m"12"[31m
            [33mcy[31m=[32m"5"[31m
            [33mrx[31m=[32m"9"[31m
            [33mry[31m=[32m"3"[31m
          [36m/>[31m
          [36m<path[31m
            [33md[31m=[32m"M3 5V19A9 3 0 0 0 21 19V5"[31m
          [36m/>[31m
          [36m<path[31m
            [33md[31m=[32m"M3 12A9 3 0 0 0 21 12"[31m
          [36m/>[31m
        [36m</svg>[31m
        [36m<svg[31m
          [33mclass[31m=[32m"lucide lucide-zap absolute top-[15%] right-[15%] w-12 h-12 text-orange-500 animate-float delay-300"[31m
          [33mfill[31m=[32m"none"[31m
          [33mheight[31m=[32m"24"[31m
          [33mstroke[31m=[32m"currentColor"[31m
          [33mstroke-linecap[31m=[32m"round"[31m
          [33mstroke-linejoin[31m=[32m"round"[31m
          [33mstroke-width[31m=[32m"2"[31m
          [33mviewBox[31m=[32m"0 0 24 24"[31m
          [33mwidth[31m=[32m"24"[31m
          [33mxmlns[31m=[32m"http://www.w3.org/2000/svg"[31m
        [36m>[31m
          [36m<polygon[31m
            [33mpoints[31m=[32m"13 2 3 14 12 14 11 22 21 10 12 10 13 2"[31m
          [36m/>[31m
        [36m</svg>[31m
        [36m<svg[31m
          [33mclass[31m=[32m"lucide lucide-shield-alert absolute bottom-[30%] left-[20%] w-10 h-10 text-green-500 animate-float delay-500"[31m
          [33mfill[31m=[32m"none"[31m
          [33mheight[31m=[32m"24"[31m
          [33mstroke[31m=[32m"currentColor"[31m
          [33mstroke-linecap[31m=[32m"round"[31m
          [33mstroke-linejoin[31m=[32m"round"[31m
          [33mstroke-width[31m=[32m"2"[31m
          [33mviewBox[31m=[32m"0 0 24 24"[31m
          [33mwidth[31m=[32m"24"[31m
        ...

Ignored nodes: comments, script, style
[36m<div[31m
  [33mclass[31m=[32m"min-h-screen bg-[#0f172a] text-slate-200 font-sans selection:bg-orange-500 selection:text-white overflow-x-hidden relative"[31m
[36m>[31m
  [36m<nav[31m
    [33mclass[31m=[32m"fixed w-full z-50 glass-panel border-b-0 border-b-white/5 backdrop-blur-xl bg-slate-900/80"[31m
  [36m>[31m
    [36m<div[31m
      [33mclass[31m=[32m"max-w-7xl mx-auto px-6 h-16 flex items-center justify-between"[31m
    [36m>[31m
      [36m<div[31m
        [33mclass[31m=[32m"flex items-center gap-2 font-bold text-xl tracking-tight cursor-pointer"[31m
      [36m>[31m
        [36m<div[31m
          [33mclass[31m=[32m"w-8 h-8 bg-gradient-to-br from-orange-400 to-red-500 rounded-lg flex items-center justify-center shadow-lg shadow-orange-500/20"[31m
        [36m>[31m
          [36m<svg[31m
            [33mclass[31m=[32m"lucide lucide-bot w-5 h-5 text-white"[31m
            [33mfill[31m=[32m"none"[31m
            [33mheight[31m=[32m"24"[31m
            [33mstroke[31m=[32m"currentColor"[31m
            [33mstroke-linecap[31m=[32m"round"[31m
            [33mstroke-linejoin[31m=[32m"round"[31m
            [33mstroke-width[31m=[32m"2"[31m
            [33mviewBox[31m=[32m"0 0 24 24"[31m
            [33mwidth[31m=[32m"24"[31m
            [33mxmlns[31m=[32m"http://www.w3.org/2000/svg"[31m
          [36m>[31m
            [36m<path[31m
              [33md[31m=[32m"M12 8V4H8"[31m
            [36m/>[31m
            [36m<rect[31m
              [33mheight[31m=[32m"12"[31m
              [33mrx[31m=[32m"2"[31m
              [33mwidth[31m=[32m"16"[31m
              [33mx[31m=[32m"4"[31m
              [33my[31m=[32m"8"[31m
            [36m/>[31m
            [36m<path[31m
              [33md[31m=[32m"M2 14h2"[31m
            [36m/>[31m
            [36m<path[31m
              [33md[31m=[32m"M20 14h2"[31m
            [36m/>[31m
            [36m<path[31m
              [33md[31m=[32m"M15 13v2"[31m
            [36m/>[31m
            [36m<path[31m
              [33md[31m=[32m"M9 13v2"[31m
            [36m/>[31m
          [36m</svg>[31m
        [36m</div>[31m
        [36m<span[31m
          [33mclass[31m=[32m"text-white"[31m
        [36m>[31m
          [0mMango[0m
          [36m<span[31m
            [33mclass[31m=[32m"text-orange-400"[31m
          [36m>[31m
            [0mHelpdesk[0m
          [36m</span>[31m
        [36m</span>[31m
      [36m</div>[31m
      [36m<div[31m
        [33mclass[31m=[32m"hidden md:flex gap-6 text-sm font-medium text-slate-400"[31m
      [36m>[31m
        [36m<button[31m
          [33mclass[31m=[32m"hover:text-orange-400 transition-colors "[31m
        [36m>[31m
          [0mProblem[0m
        [36m</button>[31m
        [36m<button[31m
          [33mclass[31m=[32m"hover:text-orange-400 transition-colors "[31m
        [36m>[31m
          [0mSolution[0m
        [36m</button>[31m
        [36m<button[31m
          [33mclass[31m=[32m"hover:text-orange-400 transition-colors "[31m
        [36m>[31m
          [0mDemo[0m
        [36m</button>[31m
        [36m<button[31m
          [33mclass[31m=[32m"hover:text-orange-400 transition-colors "[31m
        [36m>[31m
          [0mImpact[0m
        [36m</button>[31m
      [36m</div>[31m
      [36m<div[31m
        [33mclass[31m=[32m"text-xs font-mono text-slate-500 border border-slate-700 px-3 py-1 rounded-full flex items-center gap-2"[31m
      [36m>[31m
        [36m<span[31m
          [33mclass[31m=[32m"w-2 h-2 rounded-full bg-green-500 animate-pulse"[31m
        [36m/>[31m
        [0mSystem Online v1.0.0[0m
      [36m</div>[31m
    [36m</div>[31m
  [36m</nav>[31m
  [36m<section[31m
    [33mclass[31m=[32m"relative z-10 pt-32 pb-20 px-6 flex flex-col items-center justify-center text-center min-h-[90vh] bg-grid-pattern overflow-hidden"[31m
    [33mid[31m=[32m"hero"[31m
  [36m>[31m
    [36m<div[31m
      [33mclass[31m=[32m"absolute inset-0 bg-gradient-to-b from-transparent via-[#0f172a]/50 to-[#0f172a] pointer-events-none"[31m
    [36m/>[31m
    [36m<div[31m
      [33mclass[31m=[32m"absolute inset-0 opacity-20 pointer-events-none"[31m
    [36m>[31m
      [36m<svg[31m
        [33mclass[31m=[32m"lucide lucide-database absolute top-[20%] left-[10%] w-16 h-16 text-purple-500 animate-float delay-100"[31m
        [33mfill[31m=[32m"none"[31m
        [33mheight[31m=[32m"24"[31m
        [33mstroke[31m=[32m"currentColor"[31m
        [33mstroke-linecap[31m=[32m"round"[31m
        [33mstroke-linejoin[31m=[32m"round"[31m
        [33mstroke-width[31m=[32m"2"[31m
        [33mviewBox[31m=[32m"0 0 24 24"[31m
        [33mwidth[31m=[32m"24"[31m
        [33mxmlns[31m=[32m"http://www.w3.org/2000/svg"[31m
      [36m>[31m
        [36m<ellipse[31m
          [33mcx[31m=[32m"12"[31m
          [33mcy[31m=[32m"5"[31m
          [33mrx[31m=[32m"9"[31m
          [33mry[31m=[32m"3"[31m
        [36m/>[31m
        [36m<path[31m
          [33md[31m=[32m"M3 5V19A9 3 0 0 0 21 19V5"[31m
        [36m/>[31m
        [36m<path[31m
          [33md[31m=[32m"M3 12A9 3 0 0 0 21 12"[31m
        [36m/>[31m
      [36m</svg>[31m
      [36m<svg[31m
        [33mclass[31m=[32m"lucide lucide-zap absolute top-[15%] right-[15%] w-12 h-12 text-orange-500 animate-float delay-300"[31m
        [33mfill[31m=[32m"none"[31m
        [33mheight[31m=[32m"24"[31m
        [33mstroke[31m=[32m"currentColor"[31m
        [33mstroke-linecap[31m=[32m"round"[31m
        [33mstroke-linejoin[31m=[32m"round"[31m
        [33mstroke-width[31m=[32m"2"[31m
        [33mviewBox[31m=[32m"0 0 24 24"[31m
        [33mwidth[31m=[32m"24"[31m
        [33mxmlns[31m=[32m"http://www.w3.org/2000/svg"[31m
      [36m>[31m
        [36m<polygon[31m
          [33mpoints[31m=[32m"13 2 3 14 12 14 11 22 21 10 12 10 13 2"[31m
        [36m/>[31m
      [36m</svg>[31m
      [36m<svg[31m
        [33mclass[31m=[32m"lucide lucide-shield-alert absolute bottom-[30%] left-[20%] w-10 h-10 text-green-500 animate-float delay-500"[31m
        [33mfill[31m=[32m"none"[31m
        [33mheight[31m=[32m"24"[31m
        [33mstroke[31m=[32m"currentColor"[31m
        [33mstroke-linecap[31m=[32m"round"[31m
        [33mstroke-linejoin[31m=[32m"round"[31m
        [33mstroke-width[31m=[32m"2"[31m
        [33mviewBox[31m=[32m"0 0 24 24"[31m
        [33mwidth[31m=[32m"24"[31m
        [33mxmlns[31m=[32m"http://www.w3.org/2000/svg"[31m
      [36m>[31m
        [36m<path[31m
          [33md[31m=[32m"M20 13c0 5-3.5 7.5-7.66 8.95a1 1 0 0 1-.67-.01C7.5 20.5 4 18 4 13V6a1 1 0 0 1 1-1c2 0 4.5-1.2 6.24-2.72a1.17 1.17 0 0 1 1.52 0C14.51 3.81 17 5 19 5a1 1 0 0 1 1 1z"[31m
        [36m/>[31m
        [36m<p...

Ignored nodes: comments, script, style
[36m<nav[31m
  [33mclass[31m=[32m"fixed w-full z-50 glass-panel border-b-0 border-b-white/5 backdrop-blur-xl bg-slate-900/80"[31m
[36m>[31m
  [36m<div[31m
    [33mclass[31m=[32m"max-w-7xl mx-auto px-6 h-16 flex items-center justify-between"[31m
  [36m>[31m
    [36m<div[31m
      [33mclass[31m=[32m"flex items-center gap-2 font-bold text-xl tracking-tight cursor-pointer"[31m
    [36m>[31m
      [36m<div[31m
        [33mclass[31m=[32m"w-8 h-8 bg-gradient-to-br from-orange-400 to-red-500 rounded-lg flex items-center justify-center shadow-lg shadow-orange-500/20"[31m
      [36m>[31m
        [36m<svg[31m
          [33mclass[31m=[32m"lucide lucide-bot w-5 h-5 text-white"[31m
          [33mfill[31m=[32m"none"[31m
          [33mheight[31m=[32m"24"[31m
          [33mstroke[31m=[32m"currentColor"[31m
          [33mstroke-linecap[31m=[32m"round"[31m
          [33mstroke-linejoin[31m=[32m"round"[31m
          [33mstroke-width[31m=[32m"2"[31m
          [33mviewBox[31m=[32m"0 0 24 24"[31m
          [33mwidth[31m=[32m"24"[31m
          [33mxmlns[31m=[32m"http://www.w3.org/2000/svg"[31m
        [36m>[31m
          [36m<path[31m
            [33md[31m=[32m"M12 8V4H8"[31m
          [36m/>[31m
          [36m<rect[31m
            [33mheight[31m=[32m"12"[31m
            [33mrx[31m=[32m"2"[31m
            [33mwidth[31m=[32m"16"[31m
            [33mx[31m=[32m"4"[31m
            [33my[31m=[32m"8"[31m
          [36m/>[31m
          [36m<path[31m
            [33md[31m=[32m"M2 14h2"[31m
          [36m/>[31m
          [36m<path[31m
            [33md[31m=[32m"M20 14h2"[31m
          [36m/>[31m
          [36m<path[31m
            [33md[31m=[32m"M15 13v2"[31m
          [36m/>[31m
          [36m<path[31m
            [33md[31m=[32m"M9 13v2"[31m
          [36m/>[31m
        [36m</svg>[31m
      [36m</div>[31m
      [36m<span[31m
        [33mclass[31m=[32m"text-white"[31m
      [36m>[31m
        [0mMango[0m
        [36m<span[31m
          [33mclass[31m=[32m"text-orange-400"[31m
        [36m>[31m
          [0mHelpdesk[0m
        [36m</span>[31m
      [36m</span>[31m
    [36m</div>[31m
    [36m<div[31m
      [33mclass[31m=[32m"hidden md:flex gap-6 text-sm font-medium text-slate-400"[31m
    [36m>[31m
      [36m<button[31m
        [33mclass[31m=[32m"hover:text-orange-400 transition-colors "[31m
      [36m>[31m
        [0mProblem[0m
      [36m</button>[31m
      [36m<button[31m
        [33mclass[31m=[32m"hover:text-orange-400 transition-colors "[31m
      [36m>[31m
        [0mSolution[0m
      [36m</button>[31m
      [36m<button[31m
        [33mclass[31m=[32m"hover:text-orange-400 transition-colors "[31m
      [36m>[31m
        [0mDemo[0m
      [36m</button>[31m
      [36m<button[31m
        [33mclass[31m=[32m"hover:text-orange-400 transition-colors "[31m
      [36m>[31m
        [0mImpact[0m
      [36m</button>[31m
    [36m</div>[31m
    [36m<div[31m
      [33mclass[31m=[32m"text-xs font-mono text-slate-500 border border-slate-700 px-3 py-1 rounded-full flex items-center gap-2"[31m
    [36m>[31m
      [36m<span[31m
        [33mclass[31m=[32m"w-2 h-2 rounded-full bg-green-500 animate-pulse"[31m
      [36m/>[31m
      [0mSystem Online v1.0.0[0m
    [36m</div>[31m
  [36m</div>[31m
[36m</nav>[31m

Ignored nodes: comments, script, style
[36m<div[31m
  [33mclass[31m=[32m"max-w-7xl mx-auto px-6 h-16 flex items-center justify-between"[31m
[36m>[31m
  [36m<div[31m
    [33mclass[31m=[32m"flex items-center gap-2 font-bold text-xl tracking-tight cursor-pointer"[31m
  [36m>[31m
    [36m<div[31m
      [33mclass[31m=[32m"w-8 h-8 bg-gradient-to-br from-orange-400 to-red-500 rounded-lg flex items-center justify-center shadow-lg shadow-orange-500/20"[31m
    [36m>[31m
      [36m<svg[31m
        [33mclass[31m=[32m"lucide lucide-bot w-5 h-5 text-white"[31m
        [33mfill[31m=[32m"none"[31m
        [33mheight[31m=[32m"24"[31m
        [33mstroke[31m=[32m"currentColor"[31m
        [33mstroke-linecap[31m=[32m"round"[31m
        [33mstroke-linejoin[31m=[32m"round"[31m
        [33mstroke-width[31m=[32m"2"[31m
        [33mviewBox[31m=[32m"0 0 24 24"[31m
        [33mwidth[31m=[32m"24"[31m
        [33mxmlns[31m=[32m"http://www.w3.org/2000/svg"[31m
      [36m>[31m
        [36m<path[31m
          [33md[31m=[32m"M12 8V4H8"[31m
        [36m/>[31m
        [36m<rect[31m
          [33mheight[31m=[32m"12"[31m
          [33mrx[31m=[32m"2"[31m
          [33mwidth[31m=[32m"16"[31m
          [33mx[31m=[32m"4"[31m
          [33my[31m=[32m"8"[31m
        [36m/>[31m
        [36m<path[31m
          [33md[31m=[32m"M2 14h2"[31m
        [36m/>[31m
        [36m<path[31m
          [33md[31m=[32m"M20 14h2"[31m
        [36m/>[31m
        [36m<path[31m
          [33md[31m=[32m"M15 13v2"[31m
        [36m/>[31m
        [36m<path[31m
          [33md[31m=[32m"M9 13v2"[31m
        [36m/>[31m
      [36m</svg>[31m
    [36m</div>[31m
    [36m<span[31m
      [33mclass[31m=[32m"text-white"[31m
    [36m>[31m
      [0mMango[0m
      [36m<span[31m
        [33mclass[31m=[32m"text-orange-400"[31m
      [36m>[31m
        [0mHelpdesk[0m
      [36m</span>[31m
    [36m</span>[31m
  [36m</div>[31m
  [36m<div[31m
    [33mclass[31m=[32m"hidden md:flex gap-6 text-sm font-medium text-slate-400"[31m
  [36m>[31m
    [36m<button[31m
      [33mclass[31m=[32m"hover:text-orange-400 transition-colors "[31m
    [36m>[31m
      [0mProblem[0m
    [36m</button>[31m
    [36m<button[31m
      [33mclass[31m=[32m"hover:text-orange-400 transition-colors "[31m
    [36m>[31m
      [0mSolution[0m
    [36m</button>[31m
    [36m<button[31m
      [33mclass[31m=[32m"hover:text-orange-400 transition-colors "[31m
    [36m>[31m
      [0mDemo[0m
    [36m</button>[31m
    [36m<button[31m
      [33mclass[31m=[32m"hover:text-orange-400 transition-colors "[31m
    [36m>[31m
      [0mImpact[0m
    [36m</button>[31m
  [36m</div>[31m
  [36m<div[31m
    [33mclass[31m=[32m"text-xs font-mono text-slate-500 border border-slate-700 px-3 py-1 rounded-full flex items-center gap-2"[31m
  [36m>[31m
    [36m<span[31m
      [33mclass[31m=[32m"w-2 h-2 rounded-full bg-green-500 animate-pulse"[31m
    [36m/>[31m
    [0mSystem Online v1.0.0[0m
  [36m</div>[31m
[36m</div>[31m

Ignored nodes: comments, script, style
[36m<div[31m
  [33mclass[31m=[32m"flex items-center gap-2 font-bold text-xl tracking-tight cursor-pointer"[31m
[36m>[31m
  [36m<div[31m
    [33mclass[31m=[32m"w-8 h-8 bg-gradient-to-br from-orange-400 to-red-500 rounded-lg flex items-center justify-center shadow-lg shadow-orange-500/20"[31m
  [36m>[31m
    [36m<svg[31m
      [33mclass[31m=[32m"lucide lucide-bot w-5 h-5 text-white"[31m
      [33mfill[31m=[32m"none"[31m
      [33mheight[31m=[32m"24"[31m
      [33mstroke[31m=[32m"currentColor"[31m
      [33mstroke-linecap[31m=[32m"round"[31m
      [33mstroke-linejoin[31m=[32m"round"[31m
      [33mstroke-width[31m=[32m"2"[31m
      [33mviewBox[31m=[32m"0 0 24 24"[31m
      [33mwidth[31m=[32m"24"[31m
      [33mxmlns[31m=[32m"http://www.w3.org/2000/svg"[31m
    [36m>[31m
      [36m<path[31m
        [33md[31m=[32m"M12 8V4H8"[31m
      [36m/>[31m
      [36m<rect[31m
        [33mheight[31m=[32m"12"[31m
        [33mrx[31m=[32m"2"[31m
        [33mwidth[31m=[32m"16"[31m
        [33mx[31m=[32m"4"[31m
        [33my[31m=[32m"8"[31m
      [36m/>[31m
      [36m<path[31m
        [33md[31m=[32m"M2 14h2"[31m
      [36m/>[31m
      [36m<path[31m
        [33md[31m=[32m"M20 14h2"[31m
      [36m/>[31m
      [36m<path[31m
        [33md[31m=[32m"M15 13v2"[31m
      [36m/>[31m
      [36m<path[31m
        [33md[31m=[32m"M9 13v2"[31m
      [36m/>[31m
    [36m</svg>[31m
  [36m</div>[31m
  [36m<span[31m
    [33mclass[31m=[32m"text-white"[31m
  [36m>[31m
    [0mMango[0m
    [36m<span[31m
      [33mclass[31m=[32m"text-orange-400"[31m
    [36m>[31m
      [0mHelpdesk[0m
    [36m</span>[31m
  [36m</span>[31m
[36m</div>[31m

Ignored nodes: comments, script, style
[36m<div[31m
  [33mclass[31m=[32m"w-8 h-8 bg-gradient-to-br from-orange-400 to-red-500 rounded-lg flex items-center justify-center shadow-lg shadow-orange-500/20"[31m
[36m>[31m
  [36m<svg[31m
    [33mclass[31m=[32m"lucide lucide-bot w-5 h-5 text-white"[31m
    [33mfill[31m=[32m"none"[31m
    [33mheight[31m=[32m"24"[31m
    [33mstroke[31m=[32m"currentColor"[31m
    [33mstroke-linecap[31m=[32m"round"[31m
    [33mstroke-linejoin[31m=[32m"round"[31m
    [33mstroke-width[31m=[32m"2"[31m
    [33mviewBox[31m=[32m"0 0 24 24"[31m
    [33mwidth[31m=[32m"24"[31m
    [33mxmlns[31m=[32m"http://www.w3.org/2000/svg"[31m
  [36m>[31m
    [36m<path[31m
      [33md[31m=[32m"M12 8V4H8"[31m
    [36m/>[31m
    [36m<rect[31m
      [33mheight[31m=[32m"12"[31m
      [33mrx[31m=[32m"2"[31m
      [33mwidth[31m=[32m"16"[31m
      [33mx[31m=[32m"4"[31m
      [33my[31m=[32m"8"[31m
    [36m/>[31m
    [36m<path[31m
      [33md[31m=[32m"M2 14h2"[31m
    [36m/>[31m
    [36m<path[31m
      [33md[31m=[32m"M20 14h2"[31m
    [36m/>[31m
    [36m<path[31m
      [33md[31m=[32m"M15 13v2"[31m
    [36m/>[31m
    [36m<path[31m
      [33md[31m=[32m"M9 13v2"[31m
    [36m/>[31m
  [36m</svg>[31m
[36m</div>[31m

Ignored nodes: comments, script, style
[36m<svg[31m
  [33mclass[31m=[32m"lucide lucide-bot w-5 h-5 text-white"[31m
  [33mfill[31m=[32m"none"[31m
  [33mheight[31m=[32m"24"[31m
  [33mstroke[31m=[32m"currentColor"[31m
  [33mstroke-linecap[31m=[32m"round"[31m
  [33mstroke-linejoin[31m=[32m"round"[31m
  [33mstroke-width[31m=[32m"2"[31m
  [33mviewBox[31m=[32m"0 0 24 24"[31m
  [33mwidth[31m=[32m"24"[31m
  [33mxmlns[31m=[32m"http://www.w3.org/2000/svg"[31m
[36m>[31m
  [36m<path[31m
    [33md[31m=[32m"M12 8V4H8"[31m
  [36m/>[31m
  [36m<rect[31m
    [33mheight[31m=[32m"12"[31m
    [33mrx[31m=[32m"2"[31m
    [33mwidth[31m=[32m"16"[31m
    [33mx[31m=[32m"4"[31m
    [33my[31m=[32m"8"[31m
  [36m/>[31m
  [36m<path[31m
    [33md[31m=[32m"M2 14h2"[31m
  [36m/>[31m
  [36m<path[31m
    [33md[31m=[32m"M20 14h2"[31m
  [36m/>[31m
  [36m<path[31m
    [33md[31m=[32m"M15 13v2"[31m
  [36m/>[31m
  [36m<path[31m
    [33md[31m=[32m"M9 13v2"[31m
  [36m/>[31m
[36m</svg>[31m

Ignored nodes: comments, script, style
[36m<path[31m
  [33md[31m=[32m"M12 8V4H8"[31m
[36m/>[31m

Ignored nodes: comments, script, style
[36m<rect[31m
  [33mheight[31m=[32m"12"[31m
  [33mrx[31m=[32m"2"[31m
  [33mwidth[31m=[32m"16"[31m
  [33mx[31m=[32m"4"[31m
  [33my[31m=[32m"8"[31m
[36m/>[31m

Ignored nodes: comments, script, style
[36m<path[31m
  [33md[31m=[32m"M2 14h2"[31m
[36m/>[31m

Ignored nodes: comments, script, style
[36m<path[31m
  [33md[31m=[32m"M20 14h2"[31m
[36m/>[31m

Ignored nodes: comments, script, style
[36m<path[31m
  [33md[31m=[32m"M15 13v2"[31m
[36m/>[31m

Ignored nodes: comments, script, style
[36m<path[31m
  [33md[31m=[32m"M9 13v2"[31m
[36m/>[31m

Ignored nodes: comments, script, style
[36m<div[31m
  [33mclass[31m=[32m"hidden md:flex gap-6 text-sm font-medium text-slate-400"[31m
[36m>[31m
  [36m<button[31m
    [33mclass[31m=[32m"hover:text-orange-400 transition-colors "[31m
  [36m>[31m
    [0mProblem[0m
  [36m</button>[31m
  [36m<button[31m
    [33mclass[31m=[32m"hover:text-orange-400 transition-colors "[31m
  [36m>[31m
    [0mSolution[0m
  [36m</button>[31m
  [36m<button[31m
    [33mclass[31m=[32m"hover:text-orange-400 transition-colors "[31m
  [36m>[31m
    [0mDemo[0m
  [36m</button>[31m
  [36m<button[31m
    [33mclass[31m=[32m"hover:text-orange-400 transition-colors "[31m
  [36m>[31m
    [0mImpact[0m
  [36m</button>[31m
[36m</div>[31m

Ignored nodes: comments, script, style
[36m<span[31m
  [33mclass[31m=[32m"w-2 h-2 rounded-full bg-green-500 animate-pulse"[31m
[36m/>[31m

Ignored nodes: comments, script, style
[36m<section[31m
  [33mclass[31m=[32m"relative z-10 pt-32 pb-20 px-6 flex flex-col items-center justify-center text-center min-h-[90vh] bg-grid-pattern overflow-hidden"[31m
  [33mid[31m=[32m"hero"[31m
[36m>[31m
  [36m<div[31m
    [33mclass[31m=[32m"absolute inset-0 bg-gradient-to-b from-transparent via-[#0f172a]/50 to-[#0f172a] pointer-events-none"[31m
  [36m/>[31m
  [36m<div[31m
    [33mclass[31m=[32m"absolute inset-0 opacity-20 pointer-events-none"[31m
  [36m>[31m
    [36m<svg[31m
      [33mclass[31m=[32m"lucide lucide-database absolute top-[20%] left-[10%] w-16 h-16 text-purple-500 animate-float delay-100"[31m
      [33mfill[31m=[32m"none"[31m
      [33mheight[31m=[32m"24"[31m
      [33mstroke[31m=[32m"currentColor"[31m
      [33mstroke-linecap[31m=[32m"round"[31m
      [33mstroke-linejoin[31m=[32m"round"[31m
      [33mstroke-width[31m=[32m"2"[31m
      [33mviewBox[31m=[32m"0 0 24 24"[31m
      [33mwidth[31m=[32m"24"[31m
      [33mxmlns[31m=[32m"http://www.w3.org/2000/svg"[31m
    [36m>[31m
      [36m<ellipse[31m
        [33mcx[31m=[32m"12"[31m
        [33mcy[31m=[32m"5"[31m
        [33mrx[31m=[32m"9"[31m
        [33mry[31m=[32m"3"[31m
      [36m/>[31m
      [36m<path[31m
        [33md[31m=[32m"M3 5V19A9 3 0 0 0 21 19V5"[31m
      [36m/>[31m
      [36m<path[31m
        [33md[31m=[32m"M3 12A9 3 0 0 0 21 12"[31m
      [36m/>[31m
    [36m</svg>[31m
    [36m<svg[31m
      [33mclass[31m=[32m"lucide lucide-zap absolute top-[15%] right-[15%] w-12 h-12 text-orange-500 animate-float delay-300"[31m
      [33mfill[31m=[32m"none"[31m
      [33mheight[31m=[32m"24"[31m
      [33mstroke[31m=[32m"currentColor"[31m
      [33mstroke-linecap[31m=[32m"round"[31m
      [33mstroke-linejoin[31m=[32m"round"[31m
      [33mstroke-width[31m=[32m"2"[31m
      [33mviewBox[31m=[32m"0 0 24 24"[31m
      [33mwidth[31m=[32m"24"[31m
      [33mxmlns[31m=[32m"http://www.w3.org/2000/svg"[31m
    [36m>[31m
      [36m<polygon[31m
        [33mpoints[31m=[32m"13 2 3 14 12 14 11 22 21 10 12 10 13 2"[31m
      [36m/>[31m
    [36m</svg>[31m
    [36m<svg[31m
      [33mclass[31m=[32m"lucide lucide-shield-alert absolute bottom-[30%] left-[20%] w-10 h-10 text-green-500 animate-float delay-500"[31m
      [33mfill[31m=[32m"none"[31m
      [33mheight[31m=[32m"24"[31m
      [33mstroke[31m=[32m"currentColor"[31m
      [33mstroke-linecap[31m=[32m"round"[31m
      [33mstroke-linejoin[31m=[32m"round"[31m
      [33mstroke-width[31m=[32m"2"[31m
      [33mviewBox[31m=[32m"0 0 24 24"[31m
      [33mwidth[31m=[32m"24"[31m
      [33mxmlns[31m=[32m"http://www.w3.org/2000/svg"[31m
    [36m>[31m
      [36m<path[31m
        [33md[31m=[32m"M20 13c0 5-3.5 7.5-7.66 8.95a1 1 0 0 1-.67-.01C7.5 20.5 4 18 4 13V6a1 1 0 0 1 1-1c2 0 4.5-1.2 6.24-2.72a1.17 1.17 0 0 1 1.52 0C14.51 3.81 17 5 19 5a1 1 0 0 1 1 1z"[31m
      [36m/>[31m
      [36m<path[31m
        [33md[31m=[32m"M12 8v4"[31m
      [36m/>[31m
      [36m<path[31m
        [33md[31m=[32m"M12 16h.01"[31m
      [36m/>[31m
    [36m</svg>[31m
    [36m<svg[31m
      [33mclass[31m=[32m"lucide lucide-code absolute bottom-[20%] right-[10%] w-14 h-14 text-blue-500 animate-float delay-200"[31m
      [33mfill[31m=[32m"none"[31m
      [33mheight[31m=[32m"24"[31m
      [33mstroke[31m=[32m"currentColor"[31m
      [33mstroke-linecap[31m=[32m"round"[31m
      [33mstroke-linejoin[31m=[32m"round"[31m
      [33mstroke-width[31m=[32m"2"[31m
      [33mviewBox[31m=[32m"0 0 24 24"[31m
      [33mwidth[31m=[32m"24"[31m
      [33mxmlns[31m=[32m"http://www.w3.org/2000/svg"[31m
    [36m>[31m
      [36m<polyline[31m
        [33mpoints[31m=[32m"16 18 22 12 16 6"[31m
      [36m/>[31m
      [36m<polyline[31m
        [33mpoints[31m=[32m"8 6 2 12 8 18"[31m
      [36m/>[31m
    [36m</svg>[31m
  [36m</div>[31m
  [36m<div[31m
    [33mclass[31m=[32m"hero-item inline-flex items-center gap-2 px-4 py-1.5 rounded-full bg-orange-500/10 border border-orange-500/20 text-orange-400 text-xs font-bold uppercase tracking-wider mb-8 animate-fade-in-up"[31m
  [36m>[31m
    [0mPresented by WUT & WAY Team[0m
  [36m</div>[31m
  [36m<h1[31m
    [33mclass[31m=[32m"hero-item text-5xl md:text-7xl font-black tracking-tight mb-6 leading-[1.1] text-white max-w-4xl mx-auto animate-fade-in-up delay-100"[31m
  [36m>[31m
    [0mRevolutionizing Support with [0m
    [36m<br />[31m
    [36m<span[31m
      [33mclass[31m=[32m"text-transparent bg-clip-text bg-gradient-to-r from-orange-400 to-red-500"[31m
    [36m>[31m
      [0mIntelligent RAG[0m
    [36m</span>[31m
  [36m</h1>[31m
  [36m<p[31m
    [33mclass[31m=[32m"hero-item max-w-2xl text-lg md:text-xl text-slate-400 mb-10 leading-relaxed mx-auto animate-fade-in-up delay-200"[31m
  [36m>[31m
    [0mเธฃเธฐเธเธ Helpdesk AI เธ—เธตเนเน€เธเนเธฒเนเธเธเธฃเธดเธเธ—เธ เธฒเธฉเธฒเนเธ—เธข เธฅเธ”เธ เธฒเธฃเธฐเธเธฒเธเธเนเธณเธเนเธญเธ เนเธฅเธฐเธเธฅเธญเธ”เธ เธฑเธขเธ”เนเธงเธข Business Rules เธชเธณเธซเธฃเธฑเธ Mango Consultant[0m
  [36m</p>[31m
  [36m<div[31m
    [33mclass[31m=[32m"hero-item flex flex-col sm:flex-row gap-4 relative z-20 animate-fade-in-up delay-300"[31m
  [36m>[31m
    [36m<button[31m
      [33mclass[31m=[32m"px-8 py-4 bg-orange-500 hover:bg-orange-600 text-white font-bold rounded-xl shadow-lg shadow-orange-500/25 transition-all flex items-center gap-2 justify-center group hover:scale-105 active:scale-95"[31m
    [36m>[31m
      [36m<svg[31m
        [33mclass[31m=[32m"lucide lucide-terminal w-5 h-5 group-hover:rotate-12 transition-transform"[31m
        [33mfill[31m=[32m"none"[31m
        [33mheight[31m=[32m"24"[31m
        [33mstroke[31m=[32m"currentColor"[31m
        [33mstroke-linecap[31m=[32m"round"[31m
        [33mstroke-linejoin[31m=[32m"round"[31m
        [33mstroke-width[31m=[32m"2"[31m
        [33mviewBox[31m=[32m"0 0 24 24"[31m
        [33mwidth[31m=[32m"24"[31m
        [33mxmlns[31m=[32m"http://www.w3.org/2000/svg"[31m
      [36m>[31m
        [36m<polyline[31m
          [33mpoints[31m=[32m"4 17 10 11 4 5"[31m
        [36m/>[31m
        [36m<line[31m
          [33mx1[31m=[32m"12"[31m
          [33mx2[31m=[32m"20"[31m
          [33my1[31m=[32m"19"[31m
          [33my2[31m=[32m"19"[31m
        [36m/>[31m
      [36m</svg>[31m
      [0mTry Live Demo[0m
    [36m</button>[31m
    [36m<button[31m
      [33mclass[31m=[32m"px-8 py-4 glass-panel border-slate-700 text-slate-300 font-bold rounded-xl hover:bg-slate-800 transition-colors flex items-center gap-2 justify-center hover:scale-105 active:scale-95"[31m
    [36m>[31m
      [0mView Architecture[0m
    [36m</button>[31m
  [36m</div>[31m
  [36m<div[31m
    [33mclass[31m=[32m"absolute bottom-10 animate-bounce text-slate-600"[31m
  [36m>[31m
    [36m<svg[31m
      [33mclass[31m=[32m"lucide lucide-chevron-down w-6 h-6"[31m
      [33mfill[31m=[32m"none"[31m
      [33mheight[31m=[32m"24"[31m
      [33mstroke[31m=[32m"currentColor"[31m
      [33mstroke-linecap[31m=[32m"round"[31m
      [33mstroke-linejoin[31m=[32m"round"[31m
      [33mstroke-width[31m=[32m"2"[31m
      [33mviewBox[31m=[32m"0 0 24 24"[31m
      [33mwidth[31m=[32m"24"[31m
      [33mxmlns[31m=[32m"http://www.w3.org/2000/svg"[31m
    [36m>[31m
      [36m<path[31m
        [33md[31m=[32m"m6 9 6 6 6-6"[31m
      [36m/>[31m
    [36m</svg>[31m
  [36m</div>[31m
[36m</section>[31m

Ignored nodes: comments, script, style
[36m<div[31m
  [33mclass[31m=[32m"absolute inset-0 bg-gradient-to-b from-transparent via-[#0f172a]/50 to-[#0f172a] pointer-events-none"[31m
[36m/>[31m

Ignored nodes: comments, script, style
[36m<div[31m
  [33mclass[31m=[32m"absolute inset-0 opacity-20 pointer-events-none"[31m
[36m>[31m
  [36m<svg[31m
    [33mclass[31m=[32m"lucide lucide-database absolute top-[20%] left-[10%] w-16 h-16 text-purple-500 animate-float delay-100"[31m
    [33mfill[31m=[32m"none"[31m
    [33mheight[31m=[32m"24"[31m
    [33mstroke[31m=[32m"currentColor"[31m
    [33mstroke-linecap[31m=[32m"round"[31m
    [33mstroke-linejoin[31m=[32m"round"[31m
    [33mstroke-width[31m=[32m"2"[31m
    [33mviewBox[31m=[32m"0 0 24 24"[31m
    [33mwidth[31m=[32m"24"[31m
    [33mxmlns[31m=[32m"http://www.w3.org/2000/svg"[31m
  [36m>[31m
    [36m<ellipse[31m
      [33mcx[31m=[32m"12"[31m
      [33mcy[31m=[32m"5"[31m
      [33mrx[31m=[32m"9"[31m
      [33mry[31m=[32m"3"[31m
    [36m/>[31m
    [36m<path[31m
      [33md[31m=[32m"M3 5V19A9 3 0 0 0 21 19V5"[31m
    [36m/>[31m
    [36m<path[31m
      [33md[31m=[32m"M3 12A9 3 0 0 0 21 12"[31m
    [36m/>[31m
  [36m</svg>[31m
  [36m<svg[31m
    [33mclass[31m=[32m"lucide lucide-zap absolute top-[15%] right-[15%] w-12 h-12 text-orange-500 animate-float delay-300"[31m
    [33mfill[31m=[32m"none"[31m
    [33mheight[31m=[32m"24"[31m
    [33mstroke[31m=[32m"currentColor"[31m
    [33mstroke-linecap[31m=[32m"round"[31m
    [33mstroke-linejoin[31m=[32m"round"[31m
    [33mstroke-width[31m=[32m"2"[31m
    [33mviewBox[31m=[32m"0 0 24 24"[31m
    [33mwidth[31m=[32m"24"[31m
    [33mxmlns[31m=[32m"http://www.w3.org/2000/svg"[31m
  [36m>[31m
    [36m<polygon[31m
      [33mpoints[31m=[32m"13 2 3 14 12 14 11 22 21 10 12 10 13 2"[31m
    [36m/>[31m
  [36m</svg>[31m
  [36m<svg[31m
    [33mclass[31m=[32m"lucide lucide-shield-alert absolute bottom-[30%] left-[20%] w-10 h-10 text-green-500 animate-float delay-500"[31m
    [33mfill[31m=[32m"none"[31m
    [33mheight[31m=[32m"24"[31m
    [33mstroke[31m=[32m"currentColor"[31m
    [33mstroke-linecap[31m=[32m"round"[31m
    [33mstroke-linejoin[31m=[32m"round"[31m
    [33mstroke-width[31m=[32m"2"[31m
    [33mviewBox[31m=[32m"0 0 24 24"[31m
    [33mwidth[31m=[32m"24"[31m
    [33mxmlns[31m=[32m"http://www.w3.org/2000/svg"[31m
  [36m>[31m
    [36m<path[31m
      [33md[31m=[32m"M20 13c0 5-3.5 7.5-7.66 8.95a1 1 0 0 1-.67-.01C7.5 20.5 4 18 4 13V6a1 1 0 0 1 1-1c2 0 4.5-1.2 6.24-2.72a1.17 1.17 0 0 1 1.52 0C14.51 3.81 17 5 19 5a1 1 0 0 1 1 1z"[31m
    [36m/>[31m
    [36m<path[31m
      [33md[31m=[32m"M12 8v4"[31m
    [36m/>[31m
    [36m<path[31m
      [33md[31m=[32m"M12 16h.01"[31m
    [36m/>[31m
  [36m</svg>[31m
  [36m<svg[31m
    [33mclass[31m=[32m"lucide lucide-code absolute bottom-[20%] right-[10%] w-14 h-14 text-blue-500 animate-float delay-200"[31m
    [33mfill[31m=[32m"none"[31m
    [33mheight[31m=[32m"24"[31m
    [33mstroke[31m=[32m"currentColor"[31m
    [33mstroke-linecap[31m=[32m"round"[31m
    [33mstroke-linejoin[31m=[32m"round"[31m
    [33mstroke-width[31m=[32m"2"[31m
    [33mviewBox[31m=[32m"0 0 24 24"[31m
    [33mwidth[31m=[32m"24"[31m
    [33mxmlns[31m=[32m"http://www.w3.org/2000/svg"[31m
  [36m>[31m
    [36m<polyline[31m
      [33mpoints[31m=[32m"16 18 22 12 16 6"[31m
    [36m/>[31m
    [36m<polyline[31m
      [33mpoints[31m=[32m"8 6 2 12 8 18"[31m
    [36m/>[31m
  [36m</svg>[31m
[36m</div>[31m

Ignored nodes: comments, script, style
[36m<svg[31m
  [33mclass[31m=[32m"lucide lucide-database absolute top-[20%] left-[10%] w-16 h-16 text-purple-500 animate-float delay-100"[31m
  [33mfill[31m=[32m"none"[31m
  [33mheight[31m=[32m"24"[31m
  [33mstroke[31m=[32m"currentColor"[31m
  [33mstroke-linecap[31m=[32m"round"[31m
  [33mstroke-linejoin[31m=[32m"round"[31m
  [33mstroke-width[31m=[32m"2"[31m
  [33mviewBox[31m=[32m"0 0 24 24"[31m
  [33mwidth[31m=[32m"24"[31m
  [33mxmlns[31m=[32m"http://www.w3.org/2000/svg"[31m
[36m>[31m
  [36m<ellipse[31m
    [33mcx[31m=[32m"12"[31m
    [33mcy[31m=[32m"5"[31m
    [33mrx[31m=[32m"9"[31m
    [33mry[31m=[32m"3"[31m
  [36m/>[31m
  [36m<path[31m
    [33md[31m=[32m"M3 5V19A9 3 0 0 0 21 19V5"[31m
  [36m/>[31m
  [36m<path[31m
    [33md[31m=[32m"M3 12A9 3 0 0 0 21 12"[31m
  [36m/>[31m
[36m</svg>[31m

Ignored nodes: comments, script, style
[36m<ellipse[31m
  [33mcx[31m=[32m"12"[31m
  [33mcy[31m=[32m"5"[31m
  [33mrx[31m=[32m"9"[31m
  [33mry[31m=[32m"3"[31m
[36m/>[31m

Ignored nodes: comments, script, style
[36m<path[31m
  [33md[31m=[32m"M3 5V19A9 3 0 0 0 21 19V5"[31m
[36m/>[31m

Ignored nodes: comments, script, style
[36m<path[31m
  [33md[31m=[32m"M3 12A9 3 0 0 0 21 12"[31m
[36m/>[31m

Ignored nodes: comments, script, style
[36m<svg[31m
  [33mclass[31m=[32m"lucide lucide-zap absolute top-[15%] right-[15%] w-12 h-12 text-orange-500 animate-float delay-300"[31m
  [33mfill[31m=[32m"none"[31m
  [33mheight[31m=[32m"24"[31m
  [33mstroke[31m=[32m"currentColor"[31m
  [33mstroke-linecap[31m=[32m"round"[31m
  [33mstroke-linejoin[31m=[32m"round"[31m
  [33mstroke-width[31m=[32m"2"[31m
  [33mviewBox[31m=[32m"0 0 24 24"[31m
  [33mwidth[31m=[32m"24"[31m
  [33mxmlns[31m=[32m"http://www.w3.org/2000/svg"[31m
[36m>[31m
  [36m<polygon[31m
    [33mpoints[31m=[32m"13 2 3 14 12 14 11 22 21 10 12 10 13 2"[31m
  [36m/>[31m
[36m</svg>[31m

Ignored nodes: comments, script, style
[36m<polygon[31m
  [33mpoints[31m=[32m"13 2 3 14 12 14 11 22 21 10 12 10 13 2"[31m
[36m/>[31m

Ignored nodes: comments, script, style
[36m<svg[31m
  [33mclass[31m=[32m"lucide lucide-shield-alert absolute bottom-[30%] left-[20%] w-10 h-10 text-green-500 animate-float delay-500"[31m
  [33mfill[31m=[32m"none"[31m
  [33mheight[31m=[32m"24"[31m
  [33mstroke[31m=[32m"currentColor"[31m
  [33mstroke-linecap[31m=[32m"round"[31m
  [33mstroke-linejoin[31m=[32m"round"[31m
  [33mstroke-width[31m=[32m"2"[31m
  [33mviewBox[31m=[32m"0 0 24 24"[31m
  [33mwidth[31m=[32m"24"[31m
  [33mxmlns[31m=[32m"http://www.w3.org/2000/svg"[31m
[36m>[31m
  [36m<path[31m
    [33md[31m=[32m"M20 13c0 5-3.5 7.5-7.66 8.95a1 1 0 0 1-.67-.01C7.5 20.5 4 18 4 13V6a1 1 0 0 1 1-1c2 0 4.5-1.2 6.24-2.72a1.17 1.17 0 0 1 1.52 0C14.51 3.81 17 5 19 5a1 1 0 0 1 1 1z"[31m
  [36m/>[31m
  [36m<path[31m
    [33md[31m=[32m"M12 8v4"[31m
  [36m/>[31m
  [36m<path[31m
    [33md[31m=[32m"M12 16h.01"[31m
  [36m/>[31m
[36m</svg>[31m

Ignored nodes: comments, script, style
[36m<path[31m
  [33md[31m=[32m"M20 13c0 5-3.5 7.5-7.66 8.95a1 1 0 0 1-.67-.01C7.5 20.5 4 18 4 13V6a1 1 0 0 1 1-1c2 0 4.5-1.2 6.24-2.72a1.17 1.17 0 0 1 1.52 0C14.51 3.81 17 5 19 5a1 1 0 0 1 1 1z"[31m
[36m/>[31m

Ignored nodes: comments, script, style
[36m<path[31m
  [33md[31m=[32m"M12 8v4"[31m
[36m/>[31m

Ignored nodes: comments, script, style
[36m<path[31m
  [33md[31m=[32m"M12 16h.01"[31m
[36m/>[31m

Ignored nodes: comments, script, style
[36m<svg[31m
  [33mclass[31m=[32m"lucide lucide-code absolute bottom-[20%] right-[10%] w-14 h-14 text-blue-500 animate-float delay-200"[31m
  [33mfill[31m=[32m"none"[31m
  [33mheight[31m=[32m"24"[31m
  [33mstroke[31m=[32m"currentColor"[31m
  [33mstroke-linecap[31m=[32m"round"[31m
  [33mstroke-linejoin[31m=[32m"round"[31m
  [33mstroke-width[31m=[32m"2"[31m
  [33mviewBox[31m=[32m"0 0 24 24"[31m
  [33mwidth[31m=[32m"24"[31m
  [33mxmlns[31m=[32m"http://www.w3.org/2000/svg"[31m
[36m>[31m
  [36m<polyline[31m
    [33mpoints[31m=[32m"16 18 22 12 16 6"[31m
  [36m/>[31m
  [36m<polyline[31m
    [33mpoints[31m=[32m"8 6 2 12 8 18"[31m
  [36m/>[31m
[36m</svg>[31m

Ignored nodes: comments, script, style
[36m<polyline[31m
  [33mpoints[31m=[32m"16 18 22 12 16 6"[31m
[36m/>[31m

Ignored nodes: comments, script, style
[36m<polyline[31m
  [33mpoints[31m=[32m"8 6 2 12 8 18"[31m
[36m/>[31m

Ignored nodes: comments, script, style
[36m<br />[31m

Ignored nodes: comments, script, style
[36m<div[31m
  [33mclass[31m=[32m"hero-item flex flex-col sm:flex-row gap-4 relative z-20 animate-fade-in-up delay-300"[31m
[36m>[31m
  [36m<button[31m
    [33mclass[31m=[32m"px-8 py-4 bg-orange-500 hover:bg-orange-600 text-white font-bold rounded-xl shadow-lg shadow-orange-500/25 transition-all flex items-center gap-2 justify-center group hover:scale-105 active:scale-95"[31m
  [36m>[31m
    [36m<svg[31m
      [33mclass[31m=[32m"lucide lucide-terminal w-5 h-5 group-hover:rotate-12 transition-transform"[31m
      [33mfill[31m=[32m"none"[31m
      [33mheight[31m=[32m"24"[31m
      [33mstroke[31m=[32m"currentColor"[31m
      [33mstroke-linecap[31m=[32m"round"[31m
      [33mstroke-linejoin[31m=[32m"round"[31m
      [33mstroke-width[31m=[32m"2"[31m
      [33mviewBox[31m=[32m"0 0 24 24"[31m
      [33mwidth[31m=[32m"24"[31m
      [33mxmlns[31m=[32m"http://www.w3.org/2000/svg"[31m
    [36m>[31m
      [36m<polyline[31m
        [33mpoints[31m=[32m"4 17 10 11 4 5"[31m
      [36m/>[31m
      [36m<line[31m
        [33mx1[31m=[32m"12"[31m
        [33mx2[31m=[32m"20"[31m
        [33my1[31m=[32m"19"[31m
        [33my2[31m=[32m"19"[31m
      [36m/>[31m
    [36m</svg>[31m
    [0mTry Live Demo[0m
  [36m</button>[31m
  [36m<button[31m
    [33mclass[31m=[32m"px-8 py-4 glass-panel border-slate-700 text-slate-300 font-bold rounded-xl hover:bg-slate-800 transition-colors flex items-center gap-2 justify-center hover:scale-105 active:scale-95"[31m
  [36m>[31m
    [0mView Architecture[0m
  [36m</button>[31m
[36m</div>[31m

Ignored nodes: comments, script, style
[36m<svg[31m
  [33mclass[31m=[32m"lucide lucide-terminal w-5 h-5 group-hover:rotate-12 transition-transform"[31m
  [33mfill[31m=[32m"none"[31m
  [33mheight[31m=[32m"24"[31m
  [33mstroke[31m=[32m"currentColor"[31m
  [33mstroke-linecap[31m=[32m"round"[31m
  [33mstroke-linejoin[31m=[32m"round"[31m
  [33mstroke-width[31m=[32m"2"[31m
  [33mviewBox[31m=[32m"0 0 24 24"[31m
  [33mwidth[31m=[32m"24"[31m
  [33mxmlns[31m=[32m"http://www.w3.org/2000/svg"[31m
[36m>[31m
  [36m<polyline[31m
    [33mpoints[31m=[32m"4 17 10 11 4 5"[31m
  [36m/>[31m
  [36m<line[31m
    [33mx1[31m=[32m"12"[31m
    [33mx2[31m=[32m"20"[31m
    [33my1[31m=[32m"19"[31m
    [33my2[31m=[32m"19"[31m
  [36m/>[31m
[36m</svg>[31m

Ignored nodes: comments, script, style
[36m<polyline[31m
  [33mpoints[31m=[32m"4 17 10 11 4 5"[31m
[36m/>[31m

Ignored nodes: comments, script, style
[36m<line[31m
  [33mx1[31m=[32m"12"[31m
  [33mx2[31m=[32m"20"[31m
  [33my1[31m=[32m"19"[31m
  [33my2[31m=[32m"19"[31m
[36m/>[31m

Ignored nodes: comments, script, style
[36m<div[31m
  [33mclass[31m=[32m"absolute bottom-10 animate-bounce text-slate-600"[31m
[36m>[31m
  [36m<svg[31m
    [33mclass[31m=[32m"lucide lucide-chevron-down w-6 h-6"[31m
    [33mfill[31m=[32m"none"[31m
    [33mheight[31m=[32m"24"[31m
    [33mstroke[31m=[32m"currentColor"[31m
    [33mstroke-linecap[31m=[32m"round"[31m
    [33mstroke-linejoin[31m=[32m"round"[31m
    [33mstroke-width[31m=[32m"2"[31m
    [33mviewBox[31m=[32m"0 0 24 24"[31m
    [33mwidth[31m=[32m"24"[31m
    [33mxmlns[31m=[32m"http://www.w3.org/2000/svg"[31m
  [36m>[31m
    [36m<path[31m
      [33md[31m=[32m"m6 9 6 6 6-6"[31m
    [36m/>[31m
  [36m</svg>[31m
[36m</div>[31m

Ignored nodes: comments, script, style
[36m<svg[31m
  [33mclass[31m=[32m"lucide lucide-chevron-down w-6 h-6"[31m
  [33mfill[31m=[32m"none"[31m
  [33mheight[31m=[32m"24"[31m
  [33mstroke[31m=[32m"currentColor"[31m
  [33mstroke-linecap[31m=[32m"round"[31m
  [33mstroke-linejoin[31m=[32m"round"[31m
  [33mstroke-width[31m=[32m"2"[31m
  [33mviewBox[31m=[32m"0 0 24 24"[31m
  [33mwidth[31m=[32m"24"[31m
  [33mxmlns[31m=[32m"http://www.w3.org/2000/svg"[31m
[36m>[31m
  [36m<path[31m
    [33md[31m=[32m"m6 9 6 6 6-6"[31m
  [36m/>[31m
[36m</svg>[31m

Ignored nodes: comments, script, style
[36m<path[31m
  [33md[31m=[32m"m6 9 6 6 6-6"[31m
[36m/>[31m

Ignored nodes: comments, script, style
[36m<section[31m
  [33mclass[31m=[32m"relative z-10 py-24 px-6 bg-slate-900/50"[31m
  [33mid[31m=[32m"problem"[31m
[36m>[31m
  [36m<div[31m
    [33mclass[31m=[32m"max-w-6xl mx-auto"[31m
  [36m>[31m
    [36m<div[31m
      [33mclass[31m=[32m"text-center mb-16"[31m
    [36m>[31m
      [36m<h2[31m
        [33mclass[31m=[32m"text-3xl md:text-4xl font-bold text-white mb-4"[31m
      [36m>[31m
        [0mThe Challenge at Mango Consultant[0m
      [36m</h2>[31m
      [36m<p[31m
        [33mclass[31m=[32m"text-slate-400"[31m
      [36m>[31m
        [0mเธฅเธนเธเธเนเธฒ 600-800 เธเธฃเธดเธฉเธฑเธ—เธชเธฃเนเธฒเธเธเธฃเธดเธกเธฒเธ“ Ticket เธกเธซเธฒเธจเธฒเธฅ[0m
      [36m</p>[31m
    [36m</div>[31m
    [36m<div[31m
      [33mclass[31m=[32m"grid grid-cols-1 md:grid-cols-3 gap-8"[31m
    [36m>[31m
      [36m<div[31m
        [33mclass[31m=[32m"p-8 rounded-2xl bg-slate-800/50 border border-slate-700/50 hover:border-orange-500/30 transition-all group hover:-translate-y-2 duration-300"[31m
      [36m>[31m
        [36m<div[31m
          [33mclass[31m=[32m"w-14 h-14 bg-red-500/10 rounded-xl flex items-center justify-center mb-6 group-hover:scale-110 transition-transform duration-500"[31m
        [36m>[31m
          [36m<svg[31m
            [33mclass[31m=[32m"lucide lucide-clock w-7 h-7 text-red-500"[31m
            [33mfill[31m=[32m"none"[31m
            [33mheight[31m=[32m"24"[31m
            [33mstroke[31m=[32m"currentColor"[31m
            [33mstroke-linecap[31m=[32m"round"[31m
            [33mstroke-linejoin[31m=[32m"round"[31m
            [33mstroke-width[31m=[32m"2"[31m
            [33mviewBox[31m=[32m"0 0 24 24"[31m
            [33mwidth[31m=[32m"24"[31m
            [33mxmlns[31m=[32m"http://www.w3.org/2000/svg"[31m
          [36m>[31m
            [36m<circle[31m
              [33mcx[31m=[32m"12"[31m
              [33mcy[31m=[32m"12"[31m
              [33mr[31m=[32m"10"[31m
            [36m/>[31m
            [36m<polyline[31m
              [33mpoints[31m=[32m"12 6 12 12 16 14"[31m
            [36m/>[31m
          [36m</svg>[31m
        [36m</div>[31m
        [36m<h3[31m
          [33mclass[31m=[32m"text-xl font-bold text-white mb-2"[31m
        [36m>[31m
          [0m4 Hours[0m
        [36m</h3>[31m
        [36m<p[31m
          [33mclass[31m=[32m"text-slate-400"[31m
        [36m>[31m
          [0mAverage Response Time[0m
          [36m<br />[31m
          [0mเธ—เธณเนเธซเนเธฅเธนเธเธเนเธฒเนเธกเนเธเธญเนเธ[0m
        [36m</p>[31m
      [36m</div>[31m
      [36m<div[31m
        [33mclass[31m=[32m"p-8 rounded-2xl bg-slate-800/50 border border-slate-700/50 hover:border-orange-500/30 transition-all group hover:-translate-y-2 duration-300"[31m
      [36m>[31m
        [36m<div[31m
          [33mclass[31m=[32m"w-14 h-14 bg-orange-500/10 rounded-xl flex items-center justify-center mb-6 group-hover:scale-110 transition-transform duration-500"[31m
        [36m>[31m
          [36m<svg[31m
            [33mclass[31m=[32m"lucide lucide-alert-triangle w-7 h-7 text-orange-500"[31m
            [33mfill[31m=[32m"none"[31m
            [33mheight[31m=[32m"24"[31m
            [33mstroke[31m=[32m"currentColor"[31m
            [33mstroke-linecap[31m=[32m"round"[31m
            [33mstroke-linejoin[31m=[32m"round"[31m
            [33mstroke-width[31m=[32m"2"[31m
            [33mviewBox[31m=[32m"0 0 24 24"[31m
            [33mwidth[31m=[32m"24"[31m
            [33mxmlns[31m=[32m"http://www.w3.org/2000/svg"[31m
          [36m>[31m
            [36m<path[31m
              [33md[31m=[32m"m21.73 18-8-14a2 2 0 0 0-3.48 0l-8 14A2 2 0 0 0 4 21h16a2 2 0 0 0 1.73-3Z"[31m
            [36m/>[31m
            [36m<path[31m
              [33md[31m=[32m"M12 9v4"[31m
            [36m/>[31m
            [36m<path[31m
              [33md[31m=[32m"M12 17h.01"[31m
            [36m/>[31m
          [36m</svg>[31m
        [36m</div>[31m
        [36m<h3[31m
          [33mclass[31m=[32m"text-xl font-bold text-white mb-2"[31m
        [36m>[31m
          [0m60% Repetitive[0m
        [36m</h3>[31m
        [36m<p[31m
          [33mclass[31m=[32m"text-slate-400"[31m
        [36m>[31m
          [0mเธเธณเธ–เธฒเธกเน€เธ”เธดเธกเน เธเนเธณเธเธฒเธ[0m
          [36m<br />[31m
          [0m(Password, VPN, Leave)[0m
        [36m</p>[31m
      [36m</div>[31m
      [36m<div[31m
        [33mclass[31m=[32m"p-8 rounded-2xl bg-slate-800/50 border border-slate-700/50 hover:border-orange-500/30 transition-all group hover:-translate-y-2 duration-300"[31m
      [36m>[31m
        [36m<div[31m
          [33mclass[31m=[32m"w-14 h-14 bg-blue-500/10 rounded-xl flex items-center justify-center mb-6 group-hover:scale-110 transition-transform duration-500"[31m
        [36m>[31m
          [36m<svg[31m
            [33mclass[31m=[32m"lucide lucide-dollar-sign w-7 h-7 text-blue-500"[31m
            [33mfill[31m=[32m"none"[31m
            [33mheight[31m=[32m"24"[31m
            [33mstroke[31m=[32m"currentColor"[31m
            [33mstroke-linecap[31m=[32m"round"[31m
            [33mstroke-linejoin[31m=[32m"round"[31m
            [33mstroke-width[31m=[32m"2"[31m
            [33mviewBox[31m=[32m"0 0 24 24"[31m
            [33mwidth[31m=[32m"24"[31m
            [33mxmlns[31m=[32m"http://www.w3.org/2000/svg"[31m
          [36m>[31m
            [36m<line[31m
              [33mx1[31m=[32m"12"[31m
              [33mx2[31m=[32m"12"[31m
              [33my1[31m=[32m"2"[31m
              [33my2[31m=[32m"22"[31m
            [36m/>[31m
            [36m<path[31m
              [33md[31m=[32m"M17 5H9.5a3.5 3.5 0 0 0 0 7h5a3.5 3.5 0 0 1 0 7H6"[31m
            [36m/>[31m
          [36m</svg>[31m
        [36m</div>[31m
        [36m<h3[31m
          [33mclass[31m=[32m"text-xl font-bold text-white mb-2"[31m
        [36m>[31m
          [0m200K THB/mo[0m
        [36m</h3>[31m
        [36m<p[31m
          [33mclass[31m=[32m"text-slate-400"[31m
        [36m>[31m
          [0mSupport Operation Cost[0m
          [36m<br />[31m
          [0mเธ•เนเธเธ—เธธเธเธชเธนเธเนเธ•เนเธเธฃเธฐเธชเธดเธ—เธเธดเธ เธฒเธเธ•เนเธณ[0m
        [36m</p>[31m
      [36m</div>[31m
    [36m</div>[31m
  [36m</div>[31m
[36m</section>[31m

Ignored nodes: comments, script, style
[36m<div[31m
  [33mclass[31m=[32m"max-w-6xl mx-auto"[31m
[36m>[31m
  [36m<div[31m
    [33mclass[31m=[32m"text-center mb-16"[31m
  [36m>[31m
    [36m<h2[31m
      [33mclass[31m=[32m"text-3xl md:text-4xl font-bold text-white mb-4"[31m
    [36m>[31m
      [0mThe Challenge at Mango Consultant[0m
    [36m</h2>[31m
    [36m<p[31m
      [33mclass[31m=[32m"text-slate-400"[31m
    [36m>[31m
      [0mเธฅเธนเธเธเนเธฒ 600-800 เธเธฃเธดเธฉเธฑเธ—เธชเธฃเนเธฒเธเธเธฃเธดเธกเธฒเธ“ Ticket เธกเธซเธฒเธจเธฒเธฅ[0m
    [36m</p>[31m
  [36m</div>[31m
  [36m<div[31m
    [33mclass[31m=[32m"grid grid-cols-1 md:grid-cols-3 gap-8"[31m
  [36m>[31m
    [36m<div[31m
      [33mclass[31m=[32m"p-8 rounded-2xl bg-slate-800/50 border border-slate-700/50 hover:border-orange-500/30 transition-all group hover:-translate-y-2 duration-300"[31m
    [36m>[31m
      [36m<div[31m
        [33mclass[31m=[32m"w-14 h-14 bg-red-500/10 rounded-xl flex items-center justify-center mb-6 group-hover:scale-110 transition-transform duration-500"[31m
      [36m>[31m
        [36m<svg[31m
          [33mclass[31m=[32m"lucide lucide-clock w-7 h-7 text-red-500"[31m
          [33mfill[31m=[32m"none"[31m
          [33mheight[31m=[32m"24"[31m
          [33mstroke[31m=[32m"currentColor"[31m
          [33mstroke-linecap[31m=[32m"round"[31m
          [33mstroke-linejoin[31m=[32m"round"[31m
          [33mstroke-width[31m=[32m"2"[31m
          [33mviewBox[31m=[32m"0 0 24 24"[31m
          [33mwidth[31m=[32m"24"[31m
          [33mxmlns[31m=[32m"http://www.w3.org/2000/svg"[31m
        [36m>[31m
          [36m<circle[31m
            [33mcx[31m=[32m"12"[31m
            [33mcy[31m=[32m"12"[31m
            [33mr[31m=[32m"10"[31m
          [36m/>[31m
          [36m<polyline[31m
            [33mpoints[31m=[32m"12 6 12 12 16 14"[31m
          [36m/>[31m
        [36m</svg>[31m
      [36m</div>[31m
      [36m<h3[31m
        [33mclass[31m=[32m"text-xl font-bold text-white mb-2"[31m
      [36m>[31m
        [0m4 Hours[0m
      [36m</h3>[31m
      [36m<p[31m
        [33mclass[31m=[32m"text-slate-400"[31m
      [36m>[31m
        [0mAverage Response Time[0m
        [36m<br />[31m
        [0mเธ—เธณเนเธซเนเธฅเธนเธเธเนเธฒเนเธกเนเธเธญเนเธ[0m
      [36m</p>[31m
    [36m</div>[31m
    [36m<div[31m
      [33mclass[31m=[32m"p-8 rounded-2xl bg-slate-800/50 border border-slate-700/50 hover:border-orange-500/30 transition-all group hover:-translate-y-2 duration-300"[31m
    [36m>[31m
      [36m<div[31m
        [33mclass[31m=[32m"w-14 h-14 bg-orange-500/10 rounded-xl flex items-center justify-center mb-6 group-hover:scale-110 transition-transform duration-500"[31m
      [36m>[31m
        [36m<svg[31m
          [33mclass[31m=[32m"lucide lucide-alert-triangle w-7 h-7 text-orange-500"[31m
          [33mfill[31m=[32m"none"[31m
          [33mheight[31m=[32m"24"[31m
          [33mstroke[31m=[32m"currentColor"[31m
          [33mstroke-linecap[31m=[32m"round"[31m
          [33mstroke-linejoin[31m=[32m"round"[31m
          [33mstroke-width[31m=[32m"2"[31m
          [33mviewBox[31m=[32m"0 0 24 24"[31m
          [33mwidth[31m=[32m"24"[31m
          [33mxmlns[31m=[32m"http://www.w3.org/2000/svg"[31m
        [36m>[31m
          [36m<path[31m
            [33md[31m=[32m"m21.73 18-8-14a2 2 0 0 0-3.48 0l-8 14A2 2 0 0 0 4 21h16a2 2 0 0 0 1.73-3Z"[31m
          [36m/>[31m
          [36m<path[31m
            [33md[31m=[32m"M12 9v4"[31m
          [36m/>[31m
          [36m<path[31m
            [33md[31m=[32m"M12 17h.01"[31m
          [36m/>[31m
        [36m</svg>[31m
      [36m</div>[31m
      [36m<h3[31m
        [33mclass[31m=[32m"text-xl font-bold text-white mb-2"[31m
      [36m>[31m
        [0m60% Repetitive[0m
      [36m</h3>[31m
      [36m<p[31m
        [33mclass[31m=[32m"text-slate-400"[31m
      [36m>[31m
        [0mเธเธณเธ–เธฒเธกเน€เธ”เธดเธกเน เธเนเธณเธเธฒเธ[0m
        [36m<br />[31m
        [0m(Password, VPN, Leave)[0m
      [36m</p>[31m
    [36m</div>[31m
    [36m<div[31m
      [33mclass[31m=[32m"p-8 rounded-2xl bg-slate-800/50 border border-slate-700/50 hover:border-orange-500/30 transition-all group hover:-translate-y-2 duration-300"[31m
    [36m>[31m
      [36m<div[31m
        [33mclass[31m=[32m"w-14 h-14 bg-blue-500/10 rounded-xl flex items-center justify-center mb-6 group-hover:scale-110 transition-transform duration-500"[31m
      [36m>[31m
        [36m<svg[31m
          [33mclass[31m=[32m"lucide lucide-dollar-sign w-7 h-7 text-blue-500"[31m
          [33mfill[31m=[32m"none"[31m
          [33mheight[31m=[32m"24"[31m
          [33mstroke[31m=[32m"currentColor"[31m
          [33mstroke-linecap[31m=[32m"round"[31m
          [33mstroke-linejoin[31m=[32m"round"[31m
          [33mstroke-width[31m=[32m"2"[31m
          [33mviewBox[31m=[32m"0 0 24 24"[31m
          [33mwidth[31m=[32m"24"[31m
          [33mxmlns[31m=[32m"http://www.w3.org/2000/svg"[31m
        [36m>[31m
          [36m<line[31m
            [33mx1[31m=[32m"12"[31m
            [33mx2[31m=[32m"12"[31m
            [33my1[31m=[32m"2"[31m
            [33my2[31m=[32m"22"[31m
          [36m/>[31m
          [36m<path[31m
            [33md[31m=[32m"M17 5H9.5a3.5 3.5 0 0 0 0 7h5a3.5 3.5 0 0 1 0 7H6"[31m
          [36m/>[31m
        [36m</svg>[31m
      [36m</div>[31m
      [36m<h3[31m
        [33mclass[31m=[32m"text-xl font-bold text-white mb-2"[31m
      [36m>[31m
        [0m200K THB/mo[0m
      [36m</h3>[31m
      [36m<p[31m
        [33mclass[31m=[32m"text-slate-400"[31m
      [36m>[31m
        [0mSupport Operation Cost[0m
        [36m<br />[31m
        [0mเธ•เนเธเธ—เธธเธเธชเธนเธเนเธ•เนเธเธฃเธฐเธชเธดเธ—เธเธดเธ เธฒเธเธ•เนเธณ[0m
      [36m</p>[31m
    [36m</div>[31m
  [36m</div>[31m
[36m</div>[31m

Ignored nodes: comments, script, style
[36m<div[31m
  [33mclass[31m=[32m"text-center mb-16"[31m
[36m>[31m
  [36m<h2[31m
    [33mclass[31m=[32m"text-3xl md:text-4xl font-bold text-white mb-4"[31m
  [36m>[31m
    [0mThe Challenge at Mango Consultant[0m
  [36m</h2>[31m
  [36m<p[31m
    [33mclass[31m=[32m"text-slate-400"[31m
  [36m>[31m
    [0mเธฅเธนเธเธเนเธฒ 600-800 เธเธฃเธดเธฉเธฑเธ—เธชเธฃเนเธฒเธเธเธฃเธดเธกเธฒเธ“ Ticket เธกเธซเธฒเธจเธฒเธฅ[0m
  [36m</p>[31m
[36m</div>[31m

Ignored nodes: comments, script, style
[36m<div[31m
  [33mclass[31m=[32m"grid grid-cols-1 md:grid-cols-3 gap-8"[31m
[36m>[31m
  [36m<div[31m
    [33mclass[31m=[32m"p-8 rounded-2xl bg-slate-800/50 border border-slate-700/50 hover:border-orange-500/30 transition-all group hover:-translate-y-2 duration-300"[31m
  [36m>[31m
    [36m<div[31m
      [33mclass[31m=[32m"w-14 h-14 bg-red-500/10 rounded-xl flex items-center justify-center mb-6 group-hover:scale-110 transition-transform duration-500"[31m
    [36m>[31m
      [36m<svg[31m
        [33mclass[31m=[32m"lucide lucide-clock w-7 h-7 text-red-500"[31m
        [33mfill[31m=[32m"none"[31m
        [33mheight[31m=[32m"24"[31m
        [33mstroke[31m=[32m"currentColor"[31m
        [33mstroke-linecap[31m=[32m"round"[31m
        [33mstroke-linejoin[31m=[32m"round"[31m
        [33mstroke-width[31m=[32m"2"[31m
        [33mviewBox[31m=[32m"0 0 24 24"[31m
        [33mwidth[31m=[32m"24"[31m
        [33mxmlns[31m=[32m"http://www.w3.org/2000/svg"[31m
      [36m>[31m
        [36m<circle[31m
          [33mcx[31m=[32m"12"[31m
          [33mcy[31m=[32m"12"[31m
          [33mr[31m=[32m"10"[31m
        [36m/>[31m
        [36m<polyline[31m
          [33mpoints[31m=[32m"12 6 12 12 16 14"[31m
        [36m/>[31m
      [36m</svg>[31m
    [36m</div>[31m
    [36m<h3[31m
      [33mclass[31m=[32m"text-xl font-bold text-white mb-2"[31m
    [36m>[31m
      [0m4 Hours[0m
    [36m</h3>[31m
    [36m<p[31m
      [33mclass[31m=[32m"text-slate-400"[31m
    [36m>[31m
      [0mAverage Response Time[0m
      [36m<br />[31m
      [0mเธ—เธณเนเธซเนเธฅเธนเธเธเนเธฒเนเธกเนเธเธญเนเธ[0m
    [36m</p>[31m
  [36m</div>[31m
  [36m<div[31m
    [33mclass[31m=[32m"p-8 rounded-2xl bg-slate-800/50 border border-slate-700/50 hover:border-orange-500/30 transition-all group hover:-translate-y-2 duration-300"[31m
  [36m>[31m
    [36m<div[31m
      [33mclass[31m=[32m"w-14 h-14 bg-orange-500/10 rounded-xl flex items-center justify-center mb-6 group-hover:scale-110 transition-transform duration-500"[31m
    [36m>[31m
      [36m<svg[31m
        [33mclass[31m=[32m"lucide lucide-alert-triangle w-7 h-7 text-orange-500"[31m
        [33mfill[31m=[32m"none"[31m
        [33mheight[31m=[32m"24"[31m
        [33mstroke[31m=[32m"currentColor"[31m
        [33mstroke-linecap[31m=[32m"round"[31m
        [33mstroke-linejoin[31m=[32m"round"[31m
        [33mstroke-width[31m=[32m"2"[31m
        [33mviewBox[31m=[32m"0 0 24 24"[31m
        [33mwidth[31m=[32m"24"[31m
        [33mxmlns[31m=[32m"http://www.w3.org/2000/svg"[31m
      [36m>[31m
        [36m<path[31m
          [33md[31m=[32m"m21.73 18-8-14a2 2 0 0 0-3.48 0l-8 14A2 2 0 0 0 4 21h16a2 2 0 0 0 1.73-3Z"[31m
        [36m/>[31m
        [36m<path[31m
          [33md[31m=[32m"M12 9v4"[31m
        [36m/>[31m
        [36m<path[31m
          [33md[31m=[32m"M12 17h.01"[31m
        [36m/>[31m
      [36m</svg>[31m
    [36m</div>[31m
    [36m<h3[31m
      [33mclass[31m=[32m"text-xl font-bold text-white mb-2"[31m
    [36m>[31m
      [0m60% Repetitive[0m
    [36m</h3>[31m
    [36m<p[31m
      [33mclass[31m=[32m"text-slate-400"[31m
    [36m>[31m
      [0mเธเธณเธ–เธฒเธกเน€เธ”เธดเธกเน เธเนเธณเธเธฒเธ[0m
      [36m<br />[31m
      [0m(Password, VPN, Leave)[0m
    [36m</p>[31m
  [36m</div>[31m
  [36m<div[31m
    [33mclass[31m=[32m"p-8 rounded-2xl bg-slate-800/50 border border-slate-700/50 hover:border-orange-500/30 transition-all group hover:-translate-y-2 duration-300"[31m
  [36m>[31m
    [36m<div[31m
      [33mclass[31m=[32m"w-14 h-14 bg-blue-500/10 rounded-xl flex items-center justify-center mb-6 group-hover:scale-110 transition-transform duration-500"[31m
    [36m>[31m
      [36m<svg[31m
        [33mclass[31m=[32m"lucide lucide-dollar-sign w-7 h-7 text-blue-500"[31m
        [33mfill[31m=[32m"none"[31m
        [33mheight[31m=[32m"24"[31m
        [33mstroke[31m=[32m"currentColor"[31m
        [33mstroke-linecap[31m=[32m"round"[31m
        [33mstroke-linejoin[31m=[32m"round"[31m
        [33mstroke-width[31m=[32m"2"[31m
        [33mviewBox[31m=[32m"0 0 24 24"[31m
        [33mwidth[31m=[32m"24"[31m
        [33mxmlns[31m=[32m"http://www.w3.org/2000/svg"[31m
      [36m>[31m
        [36m<line[31m
          [33mx1[31m=[32m"12"[31m
          [33mx2[31m=[32m"12"[31m
          [33my1[31m=[32m"2"[31m
          [33my2[31m=[32m"22"[31m
        [36m/>[31m
        [36m<path[31m
          [33md[31m=[32m"M17 5H9.5a3.5 3.5 0 0 0 0 7h5a3.5 3.5 0 0 1 0 7H6"[31m
        [36m/>[31m
      [36m</svg>[31m
    [36m</div>[31m
    [36m<h3[31m
      [33mclass[31m=[32m"text-xl font-bold text-white mb-2"[31m
    [36m>[31m
      [0m200K THB/mo[0m
    [36m</h3>[31m
    [36m<p[31m
      [33mclass[31m=[32m"text-slate-400"[31m
    [36m>[31m
      [0mSupport Operation Cost[0m
      [36m<br />[31m
      [0mเธ•เนเธเธ—เธธเธเธชเธนเธเนเธ•เนเธเธฃเธฐเธชเธดเธ—เธเธดเธ เธฒเธเธ•เนเธณ[0m
    [36m</p>[31m
  [36m</div>[31m
[36m</div>[31m

Ignored nodes: comments, script, style
[36m<div[31m
  [33mclass[31m=[32m"p-8 rounded-2xl bg-slate-800/50 border border-slate-700/50 hover:border-orange-500/30 transition-all group hover:-translate-y-2 duration-300"[31m
[36m>[31m
  [36m<div[31m
    [33mclass[31m=[32m"w-14 h-14 bg-red-500/10 rounded-xl flex items-center justify-center mb-6 group-hover:scale-110 transition-transform duration-500"[31m
  [36m>[31m
    [36m<svg[31m
      [33mclass[31m=[32m"lucide lucide-clock w-7 h-7 text-red-500"[31m
      [33mfill[31m=[32m"none"[31m
      [33mheight[31m=[32m"24"[31m
      [33mstroke[31m=[32m"currentColor"[31m
      [33mstroke-linecap[31m=[32m"round"[31m
      [33mstroke-linejoin[31m=[32m"round"[31m
      [33mstroke-width[31m=[32m"2"[31m
      [33mviewBox[31m=[32m"0 0 24 24"[31m
      [33mwidth[31m=[32m"24"[31m
      [33mxmlns[31m=[32m"http://www.w3.org/2000/svg"[31m
    [36m>[31m
      [36m<circle[31m
        [33mcx[31m=[32m"12"[31m
        [33mcy[31m=[32m"12"[31m
        [33mr[31m=[32m"10"[31m
      [36m/>[31m
      [36m<polyline[31m
        [33mpoints[31m=[32m"12 6 12 12 16 14"[31m
      [36m/>[31m
    [36m</svg>[31m
  [36m</div>[31m
  [36m<h3[31m
    [33mclass[31m=[32m"text-xl font-bold text-white mb-2"[31m
  [36m>[31m
    [0m4 Hours[0m
  [36m</h3>[31m
  [36m<p[31m
    [33mclass[31m=[32m"text-slate-400"[31m
  [36m>[31m
    [0mAverage Response Time[0m
    [36m<br />[31m
    [0mเธ—เธณเนเธซเนเธฅเธนเธเธเนเธฒเนเธกเนเธเธญเนเธ[0m
  [36m</p>[31m
[36m</div>[31m

Ignored nodes: comments, script, style
[36m<div[31m
  [33mclass[31m=[32m"w-14 h-14 bg-red-500/10 rounded-xl flex items-center justify-center mb-6 group-hover:scale-110 transition-transform duration-500"[31m
[36m>[31m
  [36m<svg[31m
    [33mclass[31m=[32m"lucide lucide-clock w-7 h-7 text-red-500"[31m
    [33mfill[31m=[32m"none"[31m
    [33mheight[31m=[32m"24"[31m
    [33mstroke[31m=[32m"currentColor"[31m
    [33mstroke-linecap[31m=[32m"round"[31m
    [33mstroke-linejoin[31m=[32m"round"[31m
    [33mstroke-width[31m=[32m"2"[31m
    [33mviewBox[31m=[32m"0 0 24 24"[31m
    [33mwidth[31m=[32m"24"[31m
    [33mxmlns[31m=[32m"http://www.w3.org/2000/svg"[31m
  [36m>[31m
    [36m<circle[31m
      [33mcx[31m=[32m"12"[31m
      [33mcy[31m=[32m"12"[31m
      [33mr[31m=[32m"10"[31m
    [36m/>[31m
    [36m<polyline[31m
      [33mpoints[31m=[32m"12 6 12 12 16 14"[31m
    [36m/>[31m
  [36m</svg>[31m
[36m</div>[31m

Ignored nodes: comments, script, style
[36m<svg[31m
  [33mclass[31m=[32m"lucide lucide-clock w-7 h-7 text-red-500"[31m
  [33mfill[31m=[32m"none"[31m
  [33mheight[31m=[32m"24"[31m
  [33mstroke[31m=[32m"currentColor"[31m
  [33mstroke-linecap[31m=[32m"round"[31m
  [33mstroke-linejoin[31m=[32m"round"[31m
  [33mstroke-width[31m=[32m"2"[31m
  [33mviewBox[31m=[32m"0 0 24 24"[31m
  [33mwidth[31m=[32m"24"[31m
  [33mxmlns[31m=[32m"http://www.w3.org/2000/svg"[31m
[36m>[31m
  [36m<circle[31m
    [33mcx[31m=[32m"12"[31m
    [33mcy[31m=[32m"12"[31m
    [33mr[31m=[32m"10"[31m
  [36m/>[31m
  [36m<polyline[31m
    [33mpoints[31m=[32m"12 6 12 12 16 14"[31m
  [36m/>[31m
[36m</svg>[31m

Ignored nodes: comments, script, style
[36m<circle[31m
  [33mcx[31m=[32m"12"[31m
  [33mcy[31m=[32m"12"[31m
  [33mr[31m=[32m"10"[31m
[36m/>[31m

Ignored nodes: comments, script, style
[36m<polyline[31m
  [33mpoints[31m=[32m"12 6 12 12 16 14"[31m
[36m/>[31m

Ignored nodes: comments, script, style
[36m<br />[31m

Ignored nodes: comments, script, style
[36m<div[31m
  [33mclass[31m=[32m"p-8 rounded-2xl bg-slate-800/50 border border-slate-700/50 hover:border-orange-500/30 transition-all group hover:-translate-y-2 duration-300"[31m
[36m>[31m
  [36m<div[31m
    [33mclass[31m=[32m"w-14 h-14 bg-orange-500/10 rounded-xl flex items-center justify-center mb-6 group-hover:scale-110 transition-transform duration-500"[31m
  [36m>[31m
    [36m<svg[31m
      [33mclass[31m=[32m"lucide lucide-alert-triangle w-7 h-7 text-orange-500"[31m
      [33mfill[31m=[32m"none"[31m
      [33mheight[31m=[32m"24"[31m
      [33mstroke[31m=[32m"currentColor"[31m
      [33mstroke-linecap[31m=[32m"round"[31m
      [33mstroke-linejoin[31m=[32m"round"[31m
      [33mstroke-width[31m=[32m"2"[31m
      [33mviewBox[31m=[32m"0 0 24 24"[31m
      [33mwidth[31m=[32m"24"[31m
      [33mxmlns[31m=[32m"http://www.w3.org/2000/svg"[31m
    [36m>[31m
      [36m<path[31m
        [33md[31m=[32m"m21.73 18-8-14a2 2 0 0 0-3.48 0l-8 14A2 2 0 0 0 4 21h16a2 2 0 0 0 1.73-3Z"[31m
      [36m/>[31m
      [36m<path[31m
        [33md[31m=[32m"M12 9v4"[31m
      [36m/>[31m
      [36m<path[31m
        [33md[31m=[32m"M12 17h.01"[31m
      [36m/>[31m
    [36m</svg>[31m
  [36m</div>[31m
  [36m<h3[31m
    [33mclass[31m=[32m"text-xl font-bold text-white mb-2"[31m
  [36m>[31m
    [0m60% Repetitive[0m
  [36m</h3>[31m
  [36m<p[31m
    [33mclass[31m=[32m"text-slate-400"[31m
  [36m>[31m
    [0mเธเธณเธ–เธฒเธกเน€เธ”เธดเธกเน เธเนเธณเธเธฒเธ[0m
    [36m<br />[31m
    [0m(Password, VPN, Leave)[0m
  [36m</p>[31m
[36m</div>[31m

Ignored nodes: comments, script, style
[36m<div[31m
  [33mclass[31m=[32m"w-14 h-14 bg-orange-500/10 rounded-xl flex items-center justify-center mb-6 group-hover:scale-110 transition-transform duration-500"[31m
[36m>[31m
  [36m<svg[31m
    [33mclass[31m=[32m"lucide lucide-alert-triangle w-7 h-7 text-orange-500"[31m
    [33mfill[31m=[32m"none"[31m
    [33mheight[31m=[32m"24"[31m
    [33mstroke[31m=[32m"currentColor"[31m
    [33mstroke-linecap[31m=[32m"round"[31m
    [33mstroke-linejoin[31m=[32m"round"[31m
    [33mstroke-width[31m=[32m"2"[31m
    [33mviewBox[31m=[32m"0 0 24 24"[31m
    [33mwidth[31m=[32m"24"[31m
    [33mxmlns[31m=[32m"http://www.w3.org/2000/svg"[31m
  [36m>[31m
    [36m<path[31m
      [33md[31m=[32m"m21.73 18-8-14a2 2 0 0 0-3.48 0l-8 14A2 2 0 0 0 4 21h16a2 2 0 0 0 1.73-3Z"[31m
    [36m/>[31m
    [36m<path[31m
      [33md[31m=[32m"M12 9v4"[31m
    [36m/>[31m
    [36m<path[31m
      [33md[31m=[32m"M12 17h.01"[31m
    [36m/>[31m
  [36m</svg>[31m
[36m</div>[31m

Ignored nodes: comments, script, style
[36m<svg[31m
  [33mclass[31m=[32m"lucide lucide-alert-triangle w-7 h-7 text-orange-500"[31m
  [33mfill[31m=[32m"none"[31m
  [33mheight[31m=[32m"24"[31m
  [33mstroke[31m=[32m"currentColor"[31m
  [33mstroke-linecap[31m=[32m"round"[31m
  [33mstroke-linejoin[31m=[32m"round"[31m
  [33mstroke-width[31m=[32m"2"[31m
  [33mviewBox[31m=[32m"0 0 24 24"[31m
  [33mwidth[31m=[32m"24"[31m
  [33mxmlns[31m=[32m"http://www.w3.org/2000/svg"[31m
[36m>[31m
  [36m<path[31m
    [33md[31m=[32m"m21.73 18-8-14a2 2 0 0 0-3.48 0l-8 14A2 2 0 0 0 4 21h16a2 2 0 0 0 1.73-3Z"[31m
  [36m/>[31m
  [36m<path[31m
    [33md[31m=[32m"M12 9v4"[31m
  [36m/>[31m
  [36m<path[31m
    [33md[31m=[32m"M12 17h.01"[31m
  [36m/>[31m
[36m</svg>[31m

Ignored nodes: comments, script, style
[36m<path[31m
  [33md[31m=[32m"m21.73 18-8-14a2 2 0 0 0-3.48 0l-8 14A2 2 0 0 0 4 21h16a2 2 0 0 0 1.73-3Z"[31m
[36m/>[31m

Ignored nodes: comments, script, style
[36m<path[31m
  [33md[31m=[32m"M12 9v4"[31m
[36m/>[31m

Ignored nodes: comments, script, style
[36m<path[31m
  [33md[31m=[32m"M12 17h.01"[31m
[36m/>[31m

Ignored nodes: comments, script, style
[36m<br />[31m

Ignored nodes: comments, script, style
[36m<div[31m
  [33mclass[31m=[32m"p-8 rounded-2xl bg-slate-800/50 border border-slate-700/50 hover:border-orange-500/30 transition-all group hover:-translate-y-2 duration-300"[31m
[36m>[31m
  [36m<div[31m
    [33mclass[31m=[32m"w-14 h-14 bg-blue-500/10 rounded-xl flex items-center justify-center mb-6 group-hover:scale-110 transition-transform duration-500"[31m
  [36m>[31m
    [36m<svg[31m
      [33mclass[31m=[32m"lucide lucide-dollar-sign w-7 h-7 text-blue-500"[31m
      [33mfill[31m=[32m"none"[31m
      [33mheight[31m=[32m"24"[31m
      [33mstroke[31m=[32m"currentColor"[31m
      [33mstroke-linecap[31m=[32m"round"[31m
      [33mstroke-linejoin[31m=[32m"round"[31m
      [33mstroke-width[31m=[32m"2"[31m
      [33mviewBox[31m=[32m"0 0 24 24"[31m
      [33mwidth[31m=[32m"24"[31m
      [33mxmlns[31m=[32m"http://www.w3.org/2000/svg"[31m
    [36m>[31m
      [36m<line[31m
        [33mx1[31m=[32m"12"[31m
        [33mx2[31m=[32m"12"[31m
        [33my1[31m=[32m"2"[31m
        [33my2[31m=[32m"22"[31m
      [36m/>[31m
      [36m<path[31m
        [33md[31m=[32m"M17 5H9.5a3.5 3.5 0 0 0 0 7h5a3.5 3.5 0 0 1 0 7H6"[31m
      [36m/>[31m
    [36m</svg>[31m
  [36m</div>[31m
  [36m<h3[31m
    [33mclass[31m=[32m"text-xl font-bold text-white mb-2"[31m
  [36m>[31m
    [0m200K THB/mo[0m
  [36m</h3>[31m
  [36m<p[31m
    [33mclass[31m=[32m"text-slate-400"[31m
  [36m>[31m
    [0mSupport Operation Cost[0m
    [36m<br />[31m
    [0mเธ•เนเธเธ—เธธเธเธชเธนเธเนเธ•เนเธเธฃเธฐเธชเธดเธ—เธเธดเธ เธฒเธเธ•เนเธณ[0m
  [36m</p>[31m
[36m</div>[31m

Ignored nodes: comments, script, style
[36m<div[31m
  [33mclass[31m=[32m"w-14 h-14 bg-blue-500/10 rounded-xl flex items-center justify-center mb-6 group-hover:scale-110 transition-transform duration-500"[31m
[36m>[31m
  [36m<svg[31m
    [33mclass[31m=[32m"lucide lucide-dollar-sign w-7 h-7 text-blue-500"[31m
    [33mfill[31m=[32m"none"[31m
    [33mheight[31m=[32m"24"[31m
    [33mstroke[31m=[32m"currentColor"[31m
    [33mstroke-linecap[31m=[32m"round"[31m
    [33mstroke-linejoin[31m=[32m"round"[31m
    [33mstroke-width[31m=[32m"2"[31m
    [33mviewBox[31m=[32m"0 0 24 24"[31m
    [33mwidth[31m=[32m"24"[31m
    [33mxmlns[31m=[32m"http://www.w3.org/2000/svg"[31m
  [36m>[31m
    [36m<line[31m
      [33mx1[31m=[32m"12"[31m
      [33mx2[31m=[32m"12"[31m
      [33my1[31m=[32m"2"[31m
      [33my2[31m=[32m"22"[31m
    [36m/>[31m
    [36m<path[31m
      [33md[31m=[32m"M17 5H9.5a3.5 3.5 0 0 0 0 7h5a3.5 3.5 0 0 1 0 7H6"[31m
    [36m/>[31m
  [36m</svg>[31m
[36m</div>[31m

Ignored nodes: comments, script, style
[36m<svg[31m
  [33mclass[31m=[32m"lucide lucide-dollar-sign w-7 h-7 text-blue-500"[31m
  [33mfill[31m=[32m"none"[31m
  [33mheight[31m=[32m"24"[31m
  [33mstroke[31m=[32m"currentColor"[31m
  [33mstroke-linecap[31m=[32m"round"[31m
  [33mstroke-linejoin[31m=[32m"round"[31m
  [33mstroke-width[31m=[32m"2"[31m
  [33mviewBox[31m=[32m"0 0 24 24"[31m
  [33mwidth[31m=[32m"24"[31m
  [33mxmlns[31m=[32m"http://www.w3.org/2000/svg"[31m
[36m>[31m
  [36m<line[31m
    [33mx1[31m=[32m"12"[31m
    [33mx2[31m=[32m"12"[31m
    [33my1[31m=[32m"2"[31m
    [33my2[31m=[32m"22"[31m
  [36m/>[31m
  [36m<path[31m
    [33md[31m=[32m"M17 5H9.5a3.5 3.5 0 0 0 0 7h5a3.5 3.5 0 0 1 0 7H6"[31m
  [36m/>[31m
[36m</svg>[31m

Ignored nodes: comments, script, style
[36m<line[31m
  [33mx1[31m=[32m"12"[31m
  [33mx2[31m=[32m"12"[31m
  [33my1[31m=[32m"2"[31m
  [33my2[31m=[32m"22"[31m
[36m/>[31m

Ignored nodes: comments, script, style
[36m<path[31m
  [33md[31m=[32m"M17 5H9.5a3.5 3.5 0 0 0 0 7h5a3.5 3.5 0 0 1 0 7H6"[31m
[36m/>[31m

Ignored nodes: comments, script, style
[36m<br />[31m

Ignored nodes: comments, script, style
[36m<section[31m
  [33mclass[31m=[32m"relative z-10 py-24 px-6 bg-[#0f172a]"[31m
  [33mid[31m=[32m"solution"[31m
[36m>[31m
  [36m<div[31m
    [33mclass[31m=[32m"max-w-7xl mx-auto"[31m
  [36m>[31m
    [36m<div[31m
      [33mclass[31m=[32m"flex flex-col md:flex-row gap-12 items-center"[31m
    [36m>[31m
      [36m<div[31m
        [33mclass[31m=[32m"md:w-1/2"[31m
      [36m>[31m
        [36m<span[31m
          [33mclass[31m=[32m"text-orange-400 font-bold tracking-widest text-sm uppercase mb-2 block"[31m
        [36m>[31m
          [0mOur Solution[0m
        [36m</span>[31m
        [36m<h2[31m
          [33mclass[31m=[32m"text-3xl md:text-5xl font-bold text-white mb-6"[31m
        [36m>[31m
          [0mWUT + WAY Architecture[0m
        [36m</h2>[31m
        [36m<div[31m
          [33mclass[31m=[32m"space-y-6"[31m
        [36m>[31m
          [36m<div[31m
            [33mclass[31m=[32m"flex gap-4 group cursor-default"[31m
          [36m>[31m
            [36m<div[31m
              [33mclass[31m=[32m"w-12 h-12 rounded-full bg-blue-900/50 flex items-center justify-center shrink-0 border border-blue-500/30 group-hover:scale-110 transition-transform duration-300"[31m
            [36m>[31m
              [36m<svg[31m
                [33mclass[31m=[32m"lucide lucide-cpu w-6 h-6 text-blue-400"[31m
                [33mfill[31m=[32m"none"[31m
                [33mheight[31m=[32m"24"[31m
                [33mstroke[31m=[32m"currentColor"[31m
                [33mstroke-linecap[31m=[32m"round"[31m
                [33mstroke-linejoin[31m=[32m"round"[31m
                [33mstroke-width[31m=[32m"2"[31m
                [33mviewBox[31m=[32m"0 0 24 24"[31m
                [33mwidth[31m=[32m"24"[31m
                [33mxmlns[31m=[32m"http://www.w3.org/2000/svg"[31m
              [36m>[31m
                [36m<rect[31m
                  [33mheight[31m=[32m"16"[31m
                  [33mrx[31m=[32m"2"[31m
                  [33mwidth[31m=[32m"16"[31m
                  [33mx[31m=[32m"4"[31m
                  [33my[31m=[32m"4"[31m
                [36m/>[31m
                [36m<rect[31m
                  [33mheight[31m=[32m"6"[31m
                  [33mwidth[31m=[32m"6"[31m
                  [33mx[31m=[32m"9"[31m
                  [33my[31m=[32m"9"[31m
                [36m/>[31m
                [36m<path[31m
                  [33md[31m=[32m"M15 2v2"[31m
                [36m/>[31m
                [36m<path[31m
                  [33md[31m=[32m"M15 20v2"[31m
                [36m/>[31m
                [36m<path[31m
                  [33md[31m=[32m"M2 15h2"[31m
                [36m/>[31m
                [36m<path[31m
                  [33md[31m=[32m"M2 9h2"[31m
                [36m/>[31m
                [36m<path[31m
                  [33md[31m=[32m"M20 15h2"[31m
                [36m/>[31m
                [36m<path[31m
                  [33md[31m=[32m"M20 9h2"[31m
                [36m/>[31m
                [36m<path[31m
                  [33md[31m=[32m"M9 2v2"[31m
                [36m/>[31m
                [36m<path[31m
                  [33md[31m=[32m"M9 20v2"[31m
                [36m/>[31m
              [36m</svg>[31m
            [36m</div>[31m
            [36m<div>[31m
              [36m<h3[31m
                [33mclass[31m=[32m"text-xl font-bold text-white group-hover:text-blue-400 transition-colors"[31m
              [36m>[31m
                [0mWUT (Orchestrator)[0m
              [36m</h3>[31m
              [36m<p[31m
                [33mclass[31m=[32m"text-slate-400 text-sm mt-1"[31m
              [36m>[31m
                [0mเธชเธกเธญเธเธชเนเธงเธเธซเธเนเธฒ (Frontend logic) เธ—เธณเธซเธเนเธฒเธ—เธตเนเนเธขเธเนเธขเธฐเนเธเธเธ (Classifier) เนเธฅเธฐเธ•เธฑเธ”เธชเธดเธเนเธ (Decision Engine) เธงเนเธฒเธเธฐเธ•เธญเธเน€เธญเธเธซเธฃเธทเธญเธชเนเธเธ•เนเธญเนเธซเนเธเธ[0m
              [36m</p>[31m
            [36m</div>[31m
          [36m</div>[31m
          [36m<div[31m
            [33mclass[31m=[32m"flex gap-4 group cursor-default"[31m
          [36m>[31m
            [36m<div[31m
              [33mclass[31m=[32m"w-12 h-12 rounded-full bg-purple-900/50 flex items-center justify-center shrink-0 border border-purple-500/30 group-hover:scale-110 transition-transform duration-300"[31m
            [36m>[31m
              [36m<svg[31m
                [33mclass[31m=[32m"lucide lucide-database w-6 h-6 text-purple-400"[31m
                [33mfill[31m=[32m"none"[31m
                [33mheight[31m=[32m"24"[31m
                [33mstroke[31m=[32m"currentColor"[31m
                [33mstroke-linecap[31m=[32m"round"[31m
                [33mstroke-linejoin[31m=[32m"round"[31m
                [33mstroke-width[31m=[32m"2"[31m
                [33mviewBox[31m=[32m"0 0 24 24"[31m
                [33mwidth[31m=[32m"24"[31m
                [33mxmlns[31m=[32m"http://www.w3.org/2000/svg"[31m
              [36m>[31m
                [36m<ellipse[31m
                  [33mcx[31m=[32m"12"[31m
                  [33mcy[31m=[32m"5"[31m
                  [33mrx[31m=[32m"9"[31m
                  [33mry[31m=[32m"3"[31m
                [36m/>[31m
                [36m<path[31m
                  [33md[31m=[32m"M3 5V19A9 3 0 0 0 21 19V5"[31m
                [36m/>[31m
                [36m<path[31m
                  [33md[31m=[32m"M3 12A9 3 0 0 0 21 12"[31m
                [36m/>[31m
              [36m</svg>[31m
            [36m</div>[31m
            [36m<div>[31m
              [36m<h3[31m
                [33mclass[31m=[32m"text-xl font-bold text-white group-hover:text-purple-400 transition-colors"[31m
              [36m>[31m
                [0mWAY (RAG Engine)[0m
              [36m</h3>[31m
              [36m<p[31m
                [33mclass[31m=[32m"text-slate-400 text-sm mt-1"[31m
              [36m>[31m
                [0mเธชเธกเธญเธเธชเนเธงเธเธซเธฅเธฑเธ เธเนเธเธซเธฒเธเนเธญเธกเธนเธฅเธเธฒเธ Knowledge Base (Qdrant Vector DB) เนเธฅเธฐเธชเธฃเนเธฒเธเธเธณเธ•เธญเธเธ—เธตเนเนเธกเนเธเธขเธณเธ”เนเธงเธข Groq LLM (Llama 3.3 70B)[0m
              [36m</p>[31m
            [36m</div>[31m
          [36m</div>[31m
          [36m<div[31m
            [33mclass[31m=[32m"flex gap-4 group cursor-default"[31m
          [36m>[31m
            [36m<div[31m
              [33mclass[31m=[32m"w-12 h-12 rounded-full bg-green-900/50 flex items-center justify-center shrink-0 border border-green-500/30 group-hover:scale-110 transition-transform duration-300"[31m
            [36m>[31m
              [36m<svg[31m
                [33mclass[31m=[32m"lucide lucide-shield-alert w-6 h-6 text-green-400"[31m
                [33mfill[31m=[32m"none"[31m
                [33mheight[31m=[32m"24"[31m
                [33mstroke[31m=[32m"currentColor"[31m
                [33mstroke-linecap[31m=[32m"round"[31m
                [33mstroke-linejoin[31m=[32m"round"[31m
                [33mstroke-width[31m=[32m"2"[31m
                [33mviewBox[31m=[32m"0 0 24 24"[31m
                [33mwidth[31m=[32m"24"[31m
                [33mxmlns[31m=[32m"http://www.w3.org/2000/svg"[31m
              [36m>[31m
                [36m<path[31m
                  [33md[31m=[32m"M20 13c0 5-3.5 7.5-7.66 8.95a1 1 0 0 1-.67-.01C7.5 20.5 4 18 4 13V6a1 1 0 0 1 1-1c2 0 4.5-1.2 6.24-2.72a1.17 1.17 0 0 1 1.52 0C14.51 3.81 17 5 19 5a1 1 0 0 1 1 1z"[31m
                [36m/>[31m
                [36m<path[31m
                  [33md[31m=[32m"M12 8v4"[31m
                [36m/>[31m
                [36m<path[31m
                  [33md[31m=[32m"M12 16h.01"[31m
                [36m/>[31m
              [36m</svg>[31m
            [36m</div>[31m
            [36m<div>[31m
              [36m<h3[31m
                [33mclass[31m=[32m"text-xl font-bold text-white group-hover:text-green-400 transition-colors"[31m
              [36m>[31m
                [0mSafety First[0m
              [36m</h3>[31m
              [36m<p[31m
                [33mclass[31m=[32m"text-slate-400 text-sm mt-1"[31m
              [36m>[31m
                [0mเธเธเน€เธซเธฅเนเธ: เธซเนเธฒเธก AI เธญเธเธธเธกเธฑเธ•เธดเน€เธฃเธทเนเธญเธเน€เธเธดเธเนเธฅเธฐ HR Action เนเธ”เธขเน€เธ”เนเธ”เธเธฒเธ” เธ•เนเธญเธเธเนเธฒเธเธเธเน€เธชเธกเธญ (Human-in-the-loop)[0m
              [36m</p>[31m
            [36m</div>[31m
          [36m</div>[31m
        [36m</div>[31m
      [36m</div>[31m
      [36m<div[31m
        [33mclass[31m=[32m"md:w-1/2 bg-slate-800 rounded-3xl p-6 border border-slate-700 shadow-2xl relative overflow-hidden group"[31m
      [36m>[31m
        [36m<div[31m
          [33mclass[31m=[32m"absolute top-0 right-0 w-64 h-64 bg-orange-500/10 blur-3xl rounded-full group-hover:bg-orange-500/20 transition-colors duration-700"[31m
        [36m/>[31m
        [36m<div[31m
          [33mclass[31m=[32m"relative z-10 flex flex-col items-center gap-4 text-sm font-mono"[31m
        [36m>[31m
          [36m<div[31m
            [33mclass[31m=[32m"p-3 bg-slate-700 rounded-lg border border-slate-600 w-48 text-center text-white shadow-lg"[31m
          [36m>[31m
            [0mUser (Frontend)[0m
          [36m</div>[31m
          [36m<svg[31m
            [33mclass[31m=[32m"lucide lucide-arrow-right rotate-90 text-slate-500"[31m
            [33mfill[31m=[32m"none"[31m
            [33mheight[31m=[32m"24"[31m
            [33mstroke[31m=[32m"currentColor"[31m
            [33mstroke-linecap[31m=[32m"round"[31m
            [33mstroke-linejoin[31m=[32m"round"[31m
            [33mstroke-width[31m=[32m"2"[31m
            [33mviewBox[31m=[32m"0 0 24 24"[31m
            [33mwidth[31m=[32m"24"[31m
            [33mxmlns[31m=[32m"http://www.w3.org/2000/svg"[31m
          [36m>[31m
            [36m<path[31m
              [33md[31m=[32m"M5 12h14"[31m
            [36m/>[31m
            [36m<path[31m
              [33md[31m=[32m"m12 5 7 7-7 7"[31m
            [36m/>[31m
          [36m</svg>[31m
          [36m<div[31m
            [33mclass[31m=[32m"p-4 bg-blue-900/30 rounded-xl border border-blue-500/50 w-full text-center shadow-lg hover:border-blue-400 transition-colors"[31m
          [36m>[31m
            [36m<div[31m
              [33mclass[31m=[32m"text-blue-400 font-bold mb-2"[31m
            [36m>[31m
              [0mWUT Orchestrator[0m
            [36m</div>[31m
            [36m<div[31m
              [33mclass[31m=[32m"flex gap-2 justify-center"[31m
            [36m>[31m
              [36m<span[31m
                [33mclass[31m=[32m"bg-blue-900/50 px-2 py-1 rounded text-xs"[31m
              [36m>[31m
                [0mClassifier[0m
              [36m</span>[31m
              [36m<span[31m
                [33mclass[31m=[32m"bg-blue-900/50 px-2 py-1 rounded text-xs"[31m
              [36m>[31m
                [0mDecision Engine[0m
              [36m</span>[31m
            [36m</div>[31m
          [36m</div>[31m
          [36m<svg[31m
            [33mclass[31m=[32m"lucide lucide-arrow-right rotate-90 text-slate-500"[31m
            [33mfill[31m=[32m"none"[31m
            [33mheight[31m=[32m"24"[31m
            [33mstroke[31m=[32m"currentColor"[31m
            [33mstroke-linecap[31m=[32m"round"[31m
            [33mstroke-linejoin[31m=[32m"round"[31m
            [33mstroke-width[31m=[32m"2"[31m
            [33mviewBox[31m=[32m"0 0 24 24"[31m
            [33mwidth[31m=[32m"24"[31m
            [33mxmlns[31m=[32m"http://www.w3.org/2000/svg"[31m
          [36m>[31m
            [36m<path[31m
              [33md[31m=[32m"M5 12h14"[31m
            [36m/>[31m
            [36m<path[31m
              [33md[31m=[32m"m12 5 7 7-7 7"[31m
            [36m/>[31m
          [36m</svg>[31m
          [36m<div[31m
            [33mclass[31m=[32m"p-4 bg-purple-900/30 rounded-xl border border-purple-500/50 w-full text-center shadow-lg hover:border-purple-400 transition-colors"[31m
          [36m>[31m
            [36m<div[31m
              [33mclass[31m=[32m"text-purple-400 font-bold mb-2"[31m
            [36m>[31m
              [0mWAY RAG Engine[0m
            [36m</div>[31m
            [36m<div[31m
              [33mclass[31m=[32m"flex gap-2 justify-center"[31m
            [36m>[31m
              [36m<span[31m
                [33mclass[31m=[32m"bg-purple-900/50 px-2 py-1 rounded text-xs"[31m
              [36m>[31m
                [0mVector Search[0m
              [36m</span>[31m
              [36m<span[31m
                [33mclass[31m=[32m"bg-purple-900/50 px-2 py-1 rounded text-xs"[31m
              [36m>[31m
                [0mGroq LLM[0m
              [36m</span>[31m
            [36m</div>[31m
          [36m</div>[31m
        [36m</div>[31m
      [36m</div>[31m
    [36m</div>[31m
  [36m</div>[31m
[36m</section>[31m

Ignored nodes: comments, script, style
[36m<div[31m
  [33mclass[31m=[32m"max-w-7xl mx-auto"[31m
[36m>[31m
  [36m<div[31m
    [33mclass[31m=[32m"flex flex-col md:flex-row gap-12 items-center"[31m
  [36m>[31m
    [36m<div[31m
      [33mclass[31m=[32m"md:w-1/2"[31m
    [36m>[31m
      [36m<span[31m
        [33mclass[31m=[32m"text-orange-400 font-bold tracking-widest text-sm uppercase mb-2 block"[31m
      [36m>[31m
        [0mOur Solution[0m
      [36m</span>[31m
      [36m<h2[31m
        [33mclass[31m=[32m"text-3xl md:text-5xl font-bold text-white mb-6"[31m
      [36m>[31m
        [0mWUT + WAY Architecture[0m
      [36m</h2>[31m
      [36m<div[31m
        [33mclass[31m=[32m"space-y-6"[31m
      [36m>[31m
        [36m<div[31m
          [33mclass[31m=[32m"flex gap-4 group cursor-default"[31m
        [36m>[31m
          [36m<div[31m
            [33mclass[31m=[32m"w-12 h-12 rounded-full bg-blue-900/50 flex items-center justify-center shrink-0 border border-blue-500/30 group-hover:scale-110 transition-transform duration-300"[31m
          [36m>[31m
            [36m<svg[31m
              [33mclass[31m=[32m"lucide lucide-cpu w-6 h-6 text-blue-400"[31m
              [33mfill[31m=[32m"none"[31m
              [33mheight[31m=[32m"24"[31m
              [33mstroke[31m=[32m"currentColor"[31m
              [33mstroke-linecap[31m=[32m"round"[31m
              [33mstroke-linejoin[31m=[32m"round"[31m
              [33mstroke-width[31m=[32m"2"[31m
              [33mviewBox[31m=[32m"0 0 24 24"[31m
              [33mwidth[31m=[32m"24"[31m
              [33mxmlns[31m=[32m"http://www.w3.org/2000/svg"[31m
            [36m>[31m
              [36m<rect[31m
                [33mheight[31m=[32m"16"[31m
                [33mrx[31m=[32m"2"[31m
                [33mwidth[31m=[32m"16"[31m
                [33mx[31m=[32m"4"[31m
                [33my[31m=[32m"4"[31m
              [36m/>[31m
              [36m<rect[31m
                [33mheight[31m=[32m"6"[31m
                [33mwidth[31m=[32m"6"[31m
                [33mx[31m=[32m"9"[31m
                [33my[31m=[32m"9"[31m
              [36m/>[31m
              [36m<path[31m
                [33md[31m=[32m"M15 2v2"[31m
              [36m/>[31m
              [36m<path[31m
                [33md[31m=[32m"M15 20v2"[31m
              [36m/>[31m
              [36m<path[31m
                [33md[31m=[32m"M2 15h2"[31m
              [36m/>[31m
              [36m<path[31m
                [33md[31m=[32m"M2 9h2"[31m
              [36m/>[31m
              [36m<path[31m
                [33md[31m=[32m"M20 15h2"[31m
              [36m/>[31m
              [36m<path[31m
                [33md[31m=[32m"M20 9h2"[31m
              [36m/>[31m
              [36m<path[31m
                [33md[31m=[32m"M9 2v2"[31m
              [36m/>[31m
              [36m<path[31m
                [33md[31m=[32m"M9 20v2"[31m
              [36m/>[31m
            [36m</svg>[31m
          [36m</div>[31m
          [36m<div>[31m
            [36m<h3[31m
              [33mclass[31m=[32m"text-xl font-bold text-white group-hover:text-blue-400 transition-colors"[31m
            [36m>[31m
              [0mWUT (Orchestrator)[0m
            [36m</h3>[31m
            [36m<p[31m
              [33mclass[31m=[32m"text-slate-400 text-sm mt-1"[31m
            [36m>[31m
              [0mเธชเธกเธญเธเธชเนเธงเธเธซเธเนเธฒ (Frontend logic) เธ—เธณเธซเธเนเธฒเธ—เธตเนเนเธขเธเนเธขเธฐเนเธเธเธ (Classifier) เนเธฅเธฐเธ•เธฑเธ”เธชเธดเธเนเธ (Decision Engine) เธงเนเธฒเธเธฐเธ•เธญเธเน€เธญเธเธซเธฃเธทเธญเธชเนเธเธ•เนเธญเนเธซเนเธเธ[0m
            [36m</p>[31m
          [36m</div>[31m
        [36m</div>[31m
        [36m<div[31m
          [33mclass[31m=[32m"flex gap-4 group cursor-default"[31m
        [36m>[31m
          [36m<div[31m
            [33mclass[31m=[32m"w-12 h-12 rounded-full bg-purple-900/50 flex items-center justify-center shrink-0 border border-purple-500/30 group-hover:scale-110 transition-transform duration-300"[31m
          [36m>[31m
            [36m<svg[31m
              [33mclass[31m=[32m"lucide lucide-database w-6 h-6 text-purple-400"[31m
              [33mfill[31m=[32m"none"[31m
              [33mheight[31m=[32m"24"[31m
              [33mstroke[31m=[32m"currentColor"[31m
              [33mstroke-linecap[31m=[32m"round"[31m
              [33mstroke-linejoin[31m=[32m"round"[31m
              [33mstroke-width[31m=[32m"2"[31m
              [33mviewBox[31m=[32m"0 0 24 24"[31m
              [33mwidth[31m=[32m"24"[31m
              [33mxmlns[31m=[32m"http://www.w3.org/2000/svg"[31m
            [36m>[31m
              [36m<ellipse[31m
                [33mcx[31m=[32m"12"[31m
                [33mcy[31m=[32m"5"[31m
                [33mrx[31m=[32m"9"[31m
                [33mry[31m=[32m"3"[31m
              [36m/>[31m
              [36m<path[31m
                [33md[31m=[32m"M3 5V19A9 3 0 0 0 21 19V5"[31m
              [36m/>[31m
              [36m<path[31m
                [33md[31m=[32m"M3 12A9 3 0 0 0 21 12"[31m
              [36m/>[31m
            [36m</svg>[31m
          [36m</div>[31m
          [36m<div>[31m
            [36m<h3[31m
              [33mclass[31m=[32m"text-xl font-bold text-white group-hover:text-purple-400 transition-colors"[31m
            [36m>[31m
              [0mWAY (RAG Engine)[0m
            [36m</h3>[31m
            [36m<p[31m
              [33mclass[31m=[32m"text-slate-400 text-sm mt-1"[31m
            [36m>[31m
              [0mเธชเธกเธญเธเธชเนเธงเธเธซเธฅเธฑเธ เธเนเธเธซเธฒเธเนเธญเธกเธนเธฅเธเธฒเธ Knowledge Base (Qdrant Vector DB) เนเธฅเธฐเธชเธฃเนเธฒเธเธเธณเธ•เธญเธเธ—เธตเนเนเธกเนเธเธขเธณเธ”เนเธงเธข Groq LLM (Llama 3.3 70B)[0m
            [36m</p>[31m
          [36m</div>[31m
        [36m</div>[31m
        [36m<div[31m
          [33mclass[31m=[32m"flex gap-4 group cursor-default"[31m
        [36m>[31m
          [36m<div[31m
            [33mclass[31m=[32m"w-12 h-12 rounded-full bg-green-900/50 flex items-center justify-center shrink-0 border border-green-500/30 group-hover:scale-110 transition-transform duration-300"[31m
          [36m>[31m
            [36m<svg[31m
              [33mclass[31m=[32m"lucide lucide-shield-alert w-6 h-6 text-green-400"[31m
              [33mfill[31m=[32m"none"[31m
              [33mheight[31m=[32m"24"[31m
              [33mstroke[31m=[32m"currentColor"[31m
              [33mstroke-linecap[31m=[32m"round"[31m
              [33mstroke-linejoin[31m=[32m"round"[31m
              [33mstroke-width[31m=[32m"2"[31m
              [33mviewBox[31m=[32m"0 0 24 24"[31m
              [33mwidth[31m=[32m"24"[31m
              [33mxmlns[31m=[32m"http://www.w3.org/2000/svg"[31m
            [36m>[31m
              [36m<path[31m
                [33md[31m=[32m"M20 13c0 5-3.5 7.5-7.66 8.95a1 1 0 0 1-.67-.01C7.5 20.5 4 18 4 13V6a1 1 0 0 1 1-1c2 0 4.5-1.2 6.24-2.72a1.17 1.17 0 0 1 1.52 0C14.51 3.81 17 5 19 5a1 1 0 0 1 1 1z"[31m
              [36m/>[31m
              [36m<path[31m
                [33md[31m=[32m"M12 8v4"[31m
              [36m/>[31m
              [36m<path[31m
                [33md[31m=[32m"M12 16h.01"[31m
              [36m/>[31m
            [36m</svg>[31m
          [36m</div>[31m
          [36m<div>[31m
            [36m<h3[31m
              [33mclass[31m=[32m"text-xl font-bold text-white group-hover:text-green-400 transition-colors"[31m
            [36m>[31m
              [0mSafety First[0m
            [36m</h3>[31m
            [36m<p[31m
              [33mclass[31m=[32m"text-slate-400 text-sm mt-1"[31m
            [36m>[31m
              [0mเธเธเน€เธซเธฅเนเธ: เธซเนเธฒเธก AI เธญเธเธธเธกเธฑเธ•เธดเน€เธฃเธทเนเธญเธเน€เธเธดเธเนเธฅเธฐ HR Action เนเธ”เธขเน€เธ”เนเธ”เธเธฒเธ” เธ•เนเธญเธเธเนเธฒเธเธเธเน€เธชเธกเธญ (Human-in-the-loop)[0m
            [36m</p>[31m
          [36m</div>[31m
        [36m</div>[31m
      [36m</div>[31m
    [36m</div>[31m
    [36m<div[31m
      [33mclass[31m=[32m"md:w-1/2 bg-slate-800 rounded-3xl p-6 border border-slate-700 shadow-2xl relative overflow-hidden group"[31m
    [36m>[31m
      [36m<div[31m
        [33mclass[31m=[32m"absolute top-0 right-0 w-64 h-64 bg-orange-500/10 blur-3xl rounded-full group-hover:bg-orange-500/20 transition-colors duration-700"[31m
      [36m/>[31m
      [36m<div[31m
        [33mclass[31m=[32m"relative z-10 flex flex-col items-center gap-4 text-sm font-mono"[31m
      [36m>[31m
        [36m<div[31m
          [33mclass[31m=[32m"p-3 bg-slate-700 rounded-lg border border-slate-600 w-48 text-center text-white shadow-lg"[31m
        [36m>[31m
          [0mUser (Frontend)[0m
        [36m</div>[31m
        [36m<svg[31m
          [33mclass[31m=[32m"lucide lucide-arrow-right rotate-90 text-slate-500"[31m
          [33mfill[31m=[32m"none"[31m
          [33mheight[31m=[32m"24"[31m
          [33mstroke[31m=[32m"currentColor"[31m
          [33mstroke-linecap[31m=[32m"round"[31m
          [33mstroke-linejoin[31m=[32m"round"[31m
          [33mstroke-width[31m=[32m"2"[31m
          [33mviewBox[31m=[32m"0 0 24 24"[31m
          [33mwidth[31m=[32m"24"[31m
          [33mxmlns[31m=[32m"http://www.w3.org/2000/svg"[31m
        [36m>[31m
          [36m<path[31m
            [33md[31m=[32m"M5 12h14"[31m
          [36m/>[31m
          [36m<path[31m
            [33md[31m=[32m"m12 5 7 7-7 7"[31m
          [36m/>[31m
        [36m</svg>[31m
        [36m<div[31m
          [33mclass[31m=[32m"p-4 bg-blue-900/30 rounded-xl border border-blue-500/50 w-full text-center shadow-lg hover:border-blue-400 transition-colors"[31m
        [36m>[31m
          [36m<div[31m
            [33mclass[31m=[32m"text-blue-400 font-bold mb-2"[31m
          [36m>[31m
            [0mWUT Orchestrator[0m
          [36m</div>[31m
          [36m<div[31m
            [33mclass[31m=[32m"flex gap-2 justify-center"[31m
          [36m>[31m
            [36m<span[31m
              [33mclass[31m=[32m"bg-blue-900/50 px-2 py-1 rounded text-xs"[31m
            [36m>[31m
              [0mClassifier[0m
            [36m</span>[31m
            [36m<span[31m
              [33mclass[31m=[32m"bg-blue-900/50 px-2 py-1 rounded text-xs"[31m
            [36m>[31m
              [0mDecision Engine[0m
            [36m</span>[31m
          [36m</div>[31m
        [36m</div>[31m
        [36m<svg[31m
          [33mclass[31m=[32m"lucide lucide-arrow-right rotate-90 text-slate-500"[31m
          [33mfill[31m=[32m"none"[31m
          [33mheight[31m=[32m"24"[31m
          [33mstroke[31m=[32m"currentColor"[31m
          [33mstroke-linecap[31m=[32m"round"[31m
          [33mstroke-linejoin[31m=[32m"round"[31m
          [33mstroke-width[31m=[32m"2"[31m
          [33mviewBox[31m=[32m"0 0 24 24"[31m
          [33mwidth[31m=[32m"24"[31m
          [33mxmlns[31m=[32m"http://www.w3.org/2000/svg"[31m
        [36m>[31m
          [36m<path[31m
            [33md[31m=[32m"M5 12h14"[31m
          [36m/>[31m
          [36m<path[31m
            [33md[31m=[32m"m12 5 7 7-7 7"[31m
          [36m/>[31m
        [36m</svg>[31m
        [36m<div[31m
          [33mclass[31m=[32m"p-4 bg-purple-900/30 rounded-xl border border-purple-500/50 w-full text-center shadow-lg hover:border-purple-400 transition-colors"[31m
        [36m>[31m
          [36m<div[31m
            [33mclass[31m=[32m"text-purple-400 font-bold mb-2"[31m
          [36m>[31m
            [0mWAY RAG Engine[0m
          [36m</div>[31m
          [36m<div[31m
            [33mclass[31m=[32m"flex gap-2 justify-center"[31m
          [36m>[31m
            [36m<span[31m
              [33mclass[31m=[32m"bg-purple-900/50 px-2 py-1 rounded text-xs"[31m
            [36m>[31m
              [0mVector Search[0m
            [36m</span>[31m
            [36m<span[31m
              [33mclass[31m=[32m"bg-purple-900/50 px-2 py-1 rounded text-xs"[31m
            [36m>[31m
              [0mGroq LLM[0m
            [36m</span>[31m
          [36m</div>[31m
        [36m</div>[31m
      [36m</div>[31m
    [36m</div>[31m
  [36m</div>[31m
[36m</div>[31m

Ignored nodes: comments, script, style
[36m<div[31m
  [33mclass[31m=[32m"flex flex-col md:flex-row gap-12 items-center"[31m
[36m>[31m
  [36m<div[31m
    [33mclass[31m=[32m"md:w-1/2"[31m
  [36m>[31m
    [36m<span[31m
      [33mclass[31m=[32m"text-orange-400 font-bold tracking-widest text-sm uppercase mb-2 block"[31m
    [36m>[31m
      [0mOur Solution[0m
    [36m</span>[31m
    [36m<h2[31m
      [33mclass[31m=[32m"text-3xl md:text-5xl font-bold text-white mb-6"[31m
    [36m>[31m
      [0mWUT + WAY Architecture[0m
    [36m</h2>[31m
    [36m<div[31m
      [33mclass[31m=[32m"space-y-6"[31m
    [36m>[31m
      [36m<div[31m
        [33mclass[31m=[32m"flex gap-4 group cursor-default"[31m
      [36m>[31m
        [36m<div[31m
          [33mclass[31m=[32m"w-12 h-12 rounded-full bg-blue-900/50 flex items-center justify-center shrink-0 border border-blue-500/30 group-hover:scale-110 transition-transform duration-300"[31m
        [36m>[31m
          [36m<svg[31m
            [33mclass[31m=[32m"lucide lucide-cpu w-6 h-6 text-blue-400"[31m
            [33mfill[31m=[32m"none"[31m
            [33mheight[31m=[32m"24"[31m
            [33mstroke[31m=[32m"currentColor"[31m
            [33mstroke-linecap[31m=[32m"round"[31m
            [33mstroke-linejoin[31m=[32m"round"[31m
            [33mstroke-width[31m=[32m"2"[31m
            [33mviewBox[31m=[32m"0 0 24 24"[31m
            [33mwidth[31m=[32m"24"[31m
            [33mxmlns[31m=[32m"http://www.w3.org/2000/svg"[31m
          [36m>[31m
            [36m<rect[31m
              [33mheight[31m=[32m"16"[31m
              [33mrx[31m=[32m"2"[31m
              [33mwidth[31m=[32m"16"[31m
              [33mx[31m=[32m"4"[31m
              [33my[31m=[32m"4"[31m
            [36m/>[31m
            [36m<rect[31m
              [33mheight[31m=[32m"6"[31m
              [33mwidth[31m=[32m"6"[31m
              [33mx[31m=[32m"9"[31m
              [33my[31m=[32m"9"[31m
            [36m/>[31m
            [36m<path[31m
              [33md[31m=[32m"M15 2v2"[31m
            [36m/>[31m
            [36m<path[31m
              [33md[31m=[32m"M15 20v2"[31m
            [36m/>[31m
            [36m<path[31m
              [33md[31m=[32m"M2 15h2"[31m
            [36m/>[31m
            [36m<path[31m
              [33md[31m=[32m"M2 9h2"[31m
            [36m/>[31m
            [36m<path[31m
              [33md[31m=[32m"M20 15h2"[31m
            [36m/>[31m
            [36m<path[31m
              [33md[31m=[32m"M20 9h2"[31m
            [36m/>[31m
            [36m<path[31m
              [33md[31m=[32m"M9 2v2"[31m
            [36m/>[31m
            [36m<path[31m
              [33md[31m=[32m"M9 20v2"[31m
            [36m/>[31m
          [36m</svg>[31m
        [36m</div>[31m
        [36m<div>[31m
          [36m<h3[31m
            [33mclass[31m=[32m"text-xl font-bold text-white group-hover:text-blue-400 transition-colors"[31m
          [36m>[31m
            [0mWUT (Orchestrator)[0m
          [36m</h3>[31m
          [36m<p[31m
            [33mclass[31m=[32m"text-slate-400 text-sm mt-1"[31m
          [36m>[31m
            [0mเธชเธกเธญเธเธชเนเธงเธเธซเธเนเธฒ (Frontend logic) เธ—เธณเธซเธเนเธฒเธ—เธตเนเนเธขเธเนเธขเธฐเนเธเธเธ (Classifier) เนเธฅเธฐเธ•เธฑเธ”เธชเธดเธเนเธ (Decision Engine) เธงเนเธฒเธเธฐเธ•เธญเธเน€เธญเธเธซเธฃเธทเธญเธชเนเธเธ•เนเธญเนเธซเนเธเธ[0m
          [36m</p>[31m
        [36m</div>[31m
      [36m</div>[31m
      [36m<div[31m
        [33mclass[31m=[32m"flex gap-4 group cursor-default"[31m
      [36m>[31m
        [36m<div[31m
          [33mclass[31m=[32m"w-12 h-12 rounded-full bg-purple-900/50 flex items-center justify-center shrink-0 border border-purple-500/30 group-hover:scale-110 transition-transform duration-300"[31m
        [36m>[31m
          [36m<svg[31m
            [33mclass[31m=[32m"lucide lucide-database w-6 h-6 text-purple-400"[31m
            [33mfill[31m=[32m"none"[31m
            [33mheight[31m=[32m"24"[31m
            [33mstroke[31m=[32m"currentColor"[31m
            [33mstroke-linecap[31m=[32m"round"[31m
            [33mstroke-linejoin[31m=[32m"round"[31m
            [33mstroke-width[31m=[32m"2"[31m
            [33mviewBox[31m=[32m"0 0 24 24"[31m
            [33mwidth[31m=[32m"24"[31m
            [33mxmlns[31m=[32m"http://www.w3.org/2000/svg"[31m
          [36m>[31m
            [36m<ellipse[31m
              [33mcx[31m=[32m"12"[31m
              [33mcy[31m=[32m"5"[31m
              [33mrx[31m=[32m"9"[31m
              [33mry[31m=[32m"3"[31m
            [36m/>[31m
            [36m<path[31m
              [33md[31m=[32m"M3 5V19A9 3 0 0 0 21 19V5"[31m
            [36m/>[31m
            [36m<path[31m
              [33md[31m=[32m"M3 12A9 3 0 0 0 21 12"[31m
            [36m/>[31m
          [36m</svg>[31m
        [36m</div>[31m
        [36m<div>[31m
          [36m<h3[31m
            [33mclass[31m=[32m"text-xl font-bold text-white group-hover:text-purple-400 transition-colors"[31m
          [36m>[31m
            [0mWAY (RAG Engine)[0m
          [36m</h3>[31m
          [36m<p[31m
            [33mclass[31m=[32m"text-slate-400 text-sm mt-1"[31m
          [36m>[31m
            [0mเธชเธกเธญเธเธชเนเธงเธเธซเธฅเธฑเธ เธเนเธเธซเธฒเธเนเธญเธกเธนเธฅเธเธฒเธ Knowledge Base (Qdrant Vector DB) เนเธฅเธฐเธชเธฃเนเธฒเธเธเธณเธ•เธญเธเธ—เธตเนเนเธกเนเธเธขเธณเธ”เนเธงเธข Groq LLM (Llama 3.3 70B)[0m
          [36m</p>[31m
        [36m</div>[31m
      [36m</div>[31m
      [36m<div[31m
        [33mclass[31m=[32m"flex gap-4 group cursor-default"[31m
      [36m>[31m
        [36m<div[31m
          [33mclass[31m=[32m"w-12 h-12 rounded-full bg-green-900/50 flex items-center justify-center shrink-0 border border-green-500/30 group-hover:scale-110 transition-transform duration-300"[31m
        [36m>[31m
          [36m<svg[31m
            [33mclass[31m=[32m"lucide lucide-shield-alert w-6 h-6 text-green-400"[31m
            [33mfill[31m=[32m"none"[31m
            [33mheight[31m=[32m"24"[31m
            [33mstroke[31m=[32m"currentColor"[31m
            [33mstroke-linecap[31m=[32m"round"[31m
            [33mstroke-linejoin[31m=[32m"round"[31m
            [33mstroke-width[31m=[32m"2"[31m
            [33mviewBox[31m=[32m"0 0 24 24"[31m
            [33mwidth[31m=[32m"24"[31m
            [33mxmlns[31m=[32m"http://www.w3.org/2000/svg"[31m
          [36m>[31m
            [36m<path[31m
              [33md[31m=[32m"M20 13c0 5-3.5 7.5-7.66 8.95a1 1 0 0 1-.67-.01C7.5 20.5 4 18 4 13V6a1 1 0 0 1 1-1c2 0 4.5-1.2 6.24-2.72a1.17 1.17 0 0 1 1.52 0C14.51 3.81 17 5 19 5a1 1 0 0 1 1 1z"[31m
            [36m/>[31m
            [36m<path[31m
              [33md[31m=[32m"M12 8v4"[31m
            [36m/>[31m
            [36m<path[31m
              [33md[31m=[32m"M12 16h.01"[31m
            [36m/>[31m
          [36m</svg>[31m
        [36m</div>[31m
        [36m<div>[31m
          [36m<h3[31m
            [33mclass[31m=[32m"text-xl font-bold text-white group-hover:text-green-400 transition-colors"[31m
          [36m>[31m
            [0mSafety First[0m
          [36m</h3>[31m
          [36m<p[31m
            [33mclass[31m=[32m"text-slate-400 text-sm mt-1"[31m
          [36m>[31m
            [0mเธเธเน€เธซเธฅเนเธ: เธซเนเธฒเธก AI เธญเธเธธเธกเธฑเธ•เธดเน€เธฃเธทเนเธญเธเน€เธเธดเธเนเธฅเธฐ HR Action เนเธ”เธขเน€เธ”เนเธ”เธเธฒเธ” เธ•เนเธญเธเธเนเธฒเธเธเธเน€เธชเธกเธญ (Human-in-the-loop)[0m
          [36m</p>[31m
        [36m</div>[31m
      [36m</div>[31m
    [36m</div>[31m
  [36m</div>[31m
  [36m<div[31m
    [33mclass[31m=[32m"md:w-1/2 bg-slate-800 rounded-3xl p-6 border border-slate-700 shadow-2xl relative overflow-hidden group"[31m
  [36m>[31m
    [36m<div[31m
      [33mclass[31m=[32m"absolute top-0 right-0 w-64 h-64 bg-orange-500/10 blur-3xl rounded-full group-hover:bg-orange-500/20 transition-colors duration-700"[31m
    [36m/>[31m
    [36m<div[31m
      [33mclass[31m=[32m"relative z-10 flex flex-col items-center gap-4 text-sm font-mono"[31m
    [36m>[31m
      [36m<div[31m
        [33mclass[31m=[32m"p-3 bg-slate-700 rounded-lg border border-slate-600 w-48 text-center text-white shadow-lg"[31m
      [36m>[31m
        [0mUser (Frontend)[0m
      [36m</div>[31m
      [36m<svg[31m
        [33mclass[31m=[32m"lucide lucide-arrow-right rotate-90 text-slate-500"[31m
        [33mfill[31m=[32m"none"[31m
        [33mheight[31m=[32m"24"[31m
        [33mstroke[31m=[32m"currentColor"[31m
        [33mstroke-linecap[31m=[32m"round"[31m
        [33mstroke-linejoin[31m=[32m"round"[31m
        [33mstroke-width[31m=[32m"2"[31m
        [33mviewBox[31m=[32m"0 0 24 24"[31m
        [33mwidth[31m=[32m"24"[31m
        [33mxmlns[31m=[32m"http://www.w3.org/2000/svg"[31m
      [36m>[31m
        [36m<path[31m
          [33md[31m=[32m"M5 12h14"[31m
        [36m/>[31m
        [36m<path[31m
          [33md[31m=[32m"m12 5 7 7-7 7"[31m
        [36m/>[31m
      [36m</svg>[31m
      [36m<div[31m
        [33mclass[31m=[32m"p-4 bg-blue-900/30 rounded-xl border border-blue-500/50 w-full text-center shadow-lg hover:border-blue-400 transition-colors"[31m
      [36m>[31m
        [36m<div[31m
          [33mclass[31m=[32m"text-blue-400 font-bold mb-2"[31m
        [36m>[31m
          [0mWUT Orchestrator[0m
        [36m</div>[31m
        [36m<div[31m
          [33mclass[31m=[32m"flex gap-2 justify-center"[31m
        [36m>[31m
          [36m<span[31m
            [33mclass[31m=[32m"bg-blue-900/50 px-2 py-1 rounded text-xs"[31m
          [36m>[31m
            [0mClassifier[0m
          [36m</span>[31m
          [36m<span[31m
            [33mclass[31m=[32m"bg-blue-900/50 px-2 py-1 rounded text-xs"[31m
          [36m>[31m
            [0mDecision Engine[0m
          [36m</span>[31m
        [36m</div>[31m
      [36m</div>[31m
      [36m<svg[31m
        [33mclass[31m=[32m"lucide lucide-arrow-right rotate-90 text-slate-500"[31m
        [33mfill[31m=[32m"none"[31m
        [33mheight[31m=[32m"24"[31m
        [33mstroke[31m=[32m"currentColor"[31m
        [33mstroke-linecap[31m=[32m"round"[31m
        [33mstroke-linejoin[31m=[32m"round"[31m
        [33mstroke-width[31m=[32m"2"[31m
        [33mviewBox[31m=[32m"0 0 24 24"[31m
        [33mwidth[31m=[32m"24"[31m
        [33mxmlns[31m=[32m"http://www.w3.org/2000/svg"[31m
      [36m>[31m
        [36m<path[31m
          [33md[31m=[32m"M5 12h14"[31m
        [36m/>[31m
        [36m<path[31m
          [33md[31m=[32m"m12 5 7 7-7 7"[31m
        [36m/>[31m
      [36m</svg>[31m
      [36m<div[31m
        [33mclass[31m=[32m"p-4 bg-purple-900/30 rounded-xl border border-purple-500/50 w-full text-center shadow-lg hover:border-purple-400 transition-colors"[31m
      [36m>[31m
        [36m<div[31m
          [33mclass[31m=[32m"text-purple-400 font-bold mb-2"[31m
        [36m>[31m
          [0mWAY RAG Engine[0m
        [36m</div>[31m
        [36m<div[31m
          [33mclass[31m=[32m"flex gap-2 justify-center"[31m
        [36m>[31m
          [36m<span[31m
            [33mclass[31m=[32m"bg-purple-900/50 px-2 py-1 rounded text-xs"[31m
          [36m>[31m
            [0mVector Search[0m
          [36m</span>[31m
          [36m<span[31m
            [33mclass[31m=[32m"bg-purple-900/50 px-2 py-1 rounded text-xs"[31m
          [36m>[31m
            [0mGroq LLM[0m
          [36m</span>[31m
        [36m</div>[31m
      [36m</div>[31m
    [36m</div>[31m
  [36m</div>[31m
[36m</div>[31m

Ignored nodes: comments, script, style
[36m<div[31m
  [33mclass[31m=[32m"md:w-1/2"[31m
[36m>[31m
  [36m<span[31m
    [33mclass[31m=[32m"text-orange-400 font-bold tracking-widest text-sm uppercase mb-2 block"[31m
  [36m>[31m
    [0mOur Solution[0m
  [36m</span>[31m
  [36m<h2[31m
    [33mclass[31m=[32m"text-3xl md:text-5xl font-bold text-white mb-6"[31m
  [36m>[31m
    [0mWUT + WAY Architecture[0m
  [36m</h2>[31m
  [36m<div[31m
    [33mclass[31m=[32m"space-y-6"[31m
  [36m>[31m
    [36m<div[31m
      [33mclass[31m=[32m"flex gap-4 group cursor-default"[31m
    [36m>[31m
      [36m<div[31m
        [33mclass[31m=[32m"w-12 h-12 rounded-full bg-blue-900/50 flex items-center justify-center shrink-0 border border-blue-500/30 group-hover:scale-110 transition-transform duration-300"[31m
      [36m>[31m
        [36m<svg[31m
          [33mclass[31m=[32m"lucide lucide-cpu w-6 h-6 text-blue-400"[31m
          [33mfill[31m=[32m"none"[31m
          [33mheight[31m=[32m"24"[31m
          [33mstroke[31m=[32m"currentColor"[31m
          [33mstroke-linecap[31m=[32m"round"[31m
          [33mstroke-linejoin[31m=[32m"round"[31m
          [33mstroke-width[31m=[32m"2"[31m
          [33mviewBox[31m=[32m"0 0 24 24"[31m
          [33mwidth[31m=[32m"24"[31m
          [33mxmlns[31m=[32m"http://www.w3.org/2000/svg"[31m
        [36m>[31m
          [36m<rect[31m
            [33mheight[31m=[32m"16"[31m
            [33mrx[31m=[32m"2"[31m
            [33mwidth[31m=[32m"16"[31m
            [33mx[31m=[32m"4"[31m
            [33my[31m=[32m"4"[31m
          [36m/>[31m
          [36m<rect[31m
            [33mheight[31m=[32m"6"[31m
            [33mwidth[31m=[32m"6"[31m
            [33mx[31m=[32m"9"[31m
            [33my[31m=[32m"9"[31m
          [36m/>[31m
          [36m<path[31m
            [33md[31m=[32m"M15 2v2"[31m
          [36m/>[31m
          [36m<path[31m
            [33md[31m=[32m"M15 20v2"[31m
          [36m/>[31m
          [36m<path[31m
            [33md[31m=[32m"M2 15h2"[31m
          [36m/>[31m
          [36m<path[31m
            [33md[31m=[32m"M2 9h2"[31m
          [36m/>[31m
          [36m<path[31m
            [33md[31m=[32m"M20 15h2"[31m
          [36m/>[31m
          [36m<path[31m
            [33md[31m=[32m"M20 9h2"[31m
          [36m/>[31m
          [36m<path[31m
            [33md[31m=[32m"M9 2v2"[31m
          [36m/>[31m
          [36m<path[31m
            [33md[31m=[32m"M9 20v2"[31m
          [36m/>[31m
        [36m</svg>[31m
      [36m</div>[31m
      [36m<div>[31m
        [36m<h3[31m
          [33mclass[31m=[32m"text-xl font-bold text-white group-hover:text-blue-400 transition-colors"[31m
        [36m>[31m
          [0mWUT (Orchestrator)[0m
        [36m</h3>[31m
        [36m<p[31m
          [33mclass[31m=[32m"text-slate-400 text-sm mt-1"[31m
        [36m>[31m
          [0mเธชเธกเธญเธเธชเนเธงเธเธซเธเนเธฒ (Frontend logic) เธ—เธณเธซเธเนเธฒเธ—เธตเนเนเธขเธเนเธขเธฐเนเธเธเธ (Classifier) เนเธฅเธฐเธ•เธฑเธ”เธชเธดเธเนเธ (Decision Engine) เธงเนเธฒเธเธฐเธ•เธญเธเน€เธญเธเธซเธฃเธทเธญเธชเนเธเธ•เนเธญเนเธซเนเธเธ[0m
        [36m</p>[31m
      [36m</div>[31m
    [36m</div>[31m
    [36m<div[31m
      [33mclass[31m=[32m"flex gap-4 group cursor-default"[31m
    [36m>[31m
      [36m<div[31m
        [33mclass[31m=[32m"w-12 h-12 rounded-full bg-purple-900/50 flex items-center justify-center shrink-0 border border-purple-500/30 group-hover:scale-110 transition-transform duration-300"[31m
      [36m>[31m
        [36m<svg[31m
          [33mclass[31m=[32m"lucide lucide-database w-6 h-6 text-purple-400"[31m
          [33mfill[31m=[32m"none"[31m
          [33mheight[31m=[32m"24"[31m
          [33mstroke[31m=[32m"currentColor"[31m
          [33mstroke-linecap[31m=[32m"round"[31m
          [33mstroke-linejoin[31m=[32m"round"[31m
          [33mstroke-width[31m=[32m"2"[31m
          [33mviewBox[31m=[32m"0 0 24 24"[31m
          [33mwidth[31m=[32m"24"[31m
          [33mxmlns[31m=[32m"http://www.w3.org/2000/svg"[31m
        [36m>[31m
          [36m<ellipse[31m
            [33mcx[31m=[32m"12"[31m
            [33mcy[31m=[32m"5"[31m
            [33mrx[31m=[32m"9"[31m
            [33mry[31m=[32m"3"[31m
          [36m/>[31m
          [36m<path[31m
            [33md[31m=[32m"M3 5V19A9 3 0 0 0 21 19V5"[31m
          [36m/>[31m
          [36m<path[31m
            [33md[31m=[32m"M3 12A9 3 0 0 0 21 12"[31m
          [36m/>[31m
        [36m</svg>[31m
      [36m</div>[31m
      [36m<div>[31m
        [36m<h3[31m
          [33mclass[31m=[32m"text-xl font-bold text-white group-hover:text-purple-400 transition-colors"[31m
        [36m>[31m
          [0mWAY (RAG Engine)[0m
        [36m</h3>[31m
        [36m<p[31m
          [33mclass[31m=[32m"text-slate-400 text-sm mt-1"[31m
        [36m>[31m
          [0mเธชเธกเธญเธเธชเนเธงเธเธซเธฅเธฑเธ เธเนเธเธซเธฒเธเนเธญเธกเธนเธฅเธเธฒเธ Knowledge Base (Qdrant Vector DB) เนเธฅเธฐเธชเธฃเนเธฒเธเธเธณเธ•เธญเธเธ—เธตเนเนเธกเนเธเธขเธณเธ”เนเธงเธข Groq LLM (Llama 3.3 70B)[0m
        [36m</p>[31m
      [36m</div>[31m
    [36m</div>[31m
    [36m<div[31m
      [33mclass[31m=[32m"flex gap-4 group cursor-default"[31m
    [36m>[31m
      [36m<div[31m
        [33mclass[31m=[32m"w-12 h-12 rounded-full bg-green-900/50 flex items-center justify-center shrink-0 border border-green-500/30 group-hover:scale-110 transition-transform duration-300"[31m
      [36m>[31m
        [36m<svg[31m
          [33mclass[31m=[32m"lucide lucide-shield-alert w-6 h-6 text-green-400"[31m
          [33mfill[31m=[32m"none"[31m
          [33mheight[31m=[32m"24"[31m
          [33mstroke[31m=[32m"currentColor"[31m
          [33mstroke-linecap[31m=[32m"round"[31m
          [33mstroke-linejoin[31m=[32m"round"[31m
          [33mstroke-width[31m=[32m"2"[31m
          [33mviewBox[31m=[32m"0 0 24 24"[31m
          [33mwidth[31m=[32m"24"[31m
          [33mxmlns[31m=[32m"http://www.w3.org/2000/svg"[31m
        [36m>[31m
          [36m<path[31m
            [33md[31m=[32m"M20 13c0 5-3.5 7.5-7.66 8.95a1 1 0 0 1-.67-.01C7.5 20.5 4 18 4 13V6a1 1 0 0 1 1-1c2 0 4.5-1.2 6.24-2.72a1.17 1.17 0 0 1 1.52 0C14.51 3.81 17 5 19 5a1 1 0 0 1 1 1z"[31m
          [36m/>[31m
          [36m<path[31m
            [33md[31m=[32m"M12 8v4"[31m
          [36m/>[31m
          [36m<path[31m
            [33md[31m=[32m"M12 16h.01"[31m
          [36m/>[31m
        [36m</svg>[31m
      [36m</div>[31m
      [36m<div>[31m
        [36m<h3[31m
          [33mclass[31m=[32m"text-xl font-bold text-white group-hover:text-green-400 transition-colors"[31m
        [36m>[31m
          [0mSafety First[0m
        [36m</h3>[31m
        [36m<p[31m
          [33mclass[31m=[32m"text-slate-400 text-sm mt-1"[31m
        [36m>[31m
          [0mเธเธเน€เธซเธฅเนเธ: เธซเนเธฒเธก AI เธญเธเธธเธกเธฑเธ•เธดเน€เธฃเธทเนเธญเธเน€เธเธดเธเนเธฅเธฐ HR Action เนเธ”เธขเน€เธ”เนเธ”เธเธฒเธ” เธ•เนเธญเธเธเนเธฒเธเธเธเน€เธชเธกเธญ (Human-in-the-loop)[0m
        [36m</p>[31m
      [36m</div>[31m
    [36m</div>[31m
  [36m</div>[31m
[36m</div>[31m

Ignored nodes: comments, script, style
[36m<div[31m
  [33mclass[31m=[32m"space-y-6"[31m
[36m>[31m
  [36m<div[31m
    [33mclass[31m=[32m"flex gap-4 group cursor-default"[31m
  [36m>[31m
    [36m<div[31m
      [33mclass[31m=[32m"w-12 h-12 rounded-full bg-blue-900/50 flex items-center justify-center shrink-0 border border-blue-500/30 group-hover:scale-110 transition-transform duration-300"[31m
    [36m>[31m
      [36m<svg[31m
        [33mclass[31m=[32m"lucide lucide-cpu w-6 h-6 text-blue-400"[31m
        [33mfill[31m=[32m"none"[31m
        [33mheight[31m=[32m"24"[31m
        [33mstroke[31m=[32m"currentColor"[31m
        [33mstroke-linecap[31m=[32m"round"[31m
        [33mstroke-linejoin[31m=[32m"round"[31m
        [33mstroke-width[31m=[32m"2"[31m
        [33mviewBox[31m=[32m"0 0 24 24"[31m
        [33mwidth[31m=[32m"24"[31m
        [33mxmlns[31m=[32m"http://www.w3.org/2000/svg"[31m
      [36m>[31m
        [36m<rect[31m
          [33mheight[31m=[32m"16"[31m
          [33mrx[31m=[32m"2"[31m
          [33mwidth[31m=[32m"16"[31m
          [33mx[31m=[32m"4"[31m
          [33my[31m=[32m"4"[31m
        [36m/>[31m
        [36m<rect[31m
          [33mheight[31m=[32m"6"[31m
          [33mwidth[31m=[32m"6"[31m
          [33mx[31m=[32m"9"[31m
          [33my[31m=[32m"9"[31m
        [36m/>[31m
        [36m<path[31m
          [33md[31m=[32m"M15 2v2"[31m
        [36m/>[31m
        [36m<path[31m
          [33md[31m=[32m"M15 20v2"[31m
        [36m/>[31m
        [36m<path[31m
          [33md[31m=[32m"M2 15h2"[31m
        [36m/>[31m
        [36m<path[31m
          [33md[31m=[32m"M2 9h2"[31m
        [36m/>[31m
        [36m<path[31m
          [33md[31m=[32m"M20 15h2"[31m
        [36m/>[31m
        [36m<path[31m
          [33md[31m=[32m"M20 9h2"[31m
        [36m/>[31m
        [36m<path[31m
          [33md[31m=[32m"M9 2v2"[31m
        [36m/>[31m
        [36m<path[31m
          [33md[31m=[32m"M9 20v2"[31m
        [36m/>[31m
      [36m</svg>[31m
    [36m</div>[31m
    [36m<div>[31m
      [36m<h3[31m
        [33mclass[31m=[32m"text-xl font-bold text-white group-hover:text-blue-400 transition-colors"[31m
      [36m>[31m
        [0mWUT (Orchestrator)[0m
      [36m</h3>[31m
      [36m<p[31m
        [33mclass[31m=[32m"text-slate-400 text-sm mt-1"[31m
      [36m>[31m
        [0mเธชเธกเธญเธเธชเนเธงเธเธซเธเนเธฒ (Frontend logic) เธ—เธณเธซเธเนเธฒเธ—เธตเนเนเธขเธเนเธขเธฐเนเธเธเธ (Classifier) เนเธฅเธฐเธ•เธฑเธ”เธชเธดเธเนเธ (Decision Engine) เธงเนเธฒเธเธฐเธ•เธญเธเน€เธญเธเธซเธฃเธทเธญเธชเนเธเธ•เนเธญเนเธซเนเธเธ[0m
      [36m</p>[31m
    [36m</div>[31m
  [36m</div>[31m
  [36m<div[31m
    [33mclass[31m=[32m"flex gap-4 group cursor-default"[31m
  [36m>[31m
    [36m<div[31m
      [33mclass[31m=[32m"w-12 h-12 rounded-full bg-purple-900/50 flex items-center justify-center shrink-0 border border-purple-500/30 group-hover:scale-110 transition-transform duration-300"[31m
    [36m>[31m
      [36m<svg[31m
        [33mclass[31m=[32m"lucide lucide-database w-6 h-6 text-purple-400"[31m
        [33mfill[31m=[32m"none"[31m
        [33mheight[31m=[32m"24"[31m
        [33mstroke[31m=[32m"currentColor"[31m
        [33mstroke-linecap[31m=[32m"round"[31m
        [33mstroke-linejoin[31m=[32m"round"[31m
        [33mstroke-width[31m=[32m"2"[31m
        [33mviewBox[31m=[32m"0 0 24 24"[31m
        [33mwidth[31m=[32m"24"[31m
        [33mxmlns[31m=[32m"http://www.w3.org/2000/svg"[31m
      [36m>[31m
        [36m<ellipse[31m
          [33mcx[31m=[32m"12"[31m
          [33mcy[31m=[32m"5"[31m
          [33mrx[31m=[32m"9"[31m
          [33mry[31m=[32m"3"[31m
        [36m/>[31m
        [36m<path[31m
          [33md[31m=[32m"M3 5V19A9 3 0 0 0 21 19V5"[31m
        [36m/>[31m
        [36m<path[31m
          [33md[31m=[32m"M3 12A9 3 0 0 0 21 12"[31m
        [36m/>[31m
      [36m</svg>[31m
    [36m</div>[31m
    [36m<div>[31m
      [36m<h3[31m
        [33mclass[31m=[32m"text-xl font-bold text-white group-hover:text-purple-400 transition-colors"[31m
      [36m>[31m
        [0mWAY (RAG Engine)[0m
      [36m</h3>[31m
      [36m<p[31m
        [33mclass[31m=[32m"text-slate-400 text-sm mt-1"[31m
      [36m>[31m
        [0mเธชเธกเธญเธเธชเนเธงเธเธซเธฅเธฑเธ เธเนเธเธซเธฒเธเนเธญเธกเธนเธฅเธเธฒเธ Knowledge Base (Qdrant Vector DB) เนเธฅเธฐเธชเธฃเนเธฒเธเธเธณเธ•เธญเธเธ—เธตเนเนเธกเนเธเธขเธณเธ”เนเธงเธข Groq LLM (Llama 3.3 70B)[0m
      [36m</p>[31m
    [36m</div>[31m
  [36m</div>[31m
  [36m<div[31m
    [33mclass[31m=[32m"flex gap-4 group cursor-default"[31m
  [36m>[31m
    [36m<div[31m
      [33mclass[31m=[32m"w-12 h-12 rounded-full bg-green-900/50 flex items-center justify-center shrink-0 border border-green-500/30 group-hover:scale-110 transition-transform duration-300"[31m
    [36m>[31m
      [36m<svg[31m
        [33mclass[31m=[32m"lucide lucide-shield-alert w-6 h-6 text-green-400"[31m
        [33mfill[31m=[32m"none"[31m
        [33mheight[31m=[32m"24"[31m
        [33mstroke[31m=[32m"currentColor"[31m
        [33mstroke-linecap[31m=[32m"round"[31m
        [33mstroke-linejoin[31m=[32m"round"[31m
        [33mstroke-width[31m=[32m"2"[31m
        [33mviewBox[31m=[32m"0 0 24 24"[31m
        [33mwidth[31m=[32m"24"[31m
        [33mxmlns[31m=[32m"http://www.w3.org/2000/svg"[31m
      [36m>[31m
        [36m<path[31m
          [33md[31m=[32m"M20 13c0 5-3.5 7.5-7.66 8.95a1 1 0 0 1-.67-.01C7.5 20.5 4 18 4 13V6a1 1 0 0 1 1-1c2 0 4.5-1.2 6.24-2.72a1.17 1.17 0 0 1 1.52 0C14.51 3.81 17 5 19 5a1 1 0 0 1 1 1z"[31m
        [36m/>[31m
        [36m<path[31m
          [33md[31m=[32m"M12 8v4"[31m
        [36m/>[31m
        [36m<path[31m
          [33md[31m=[32m"M12 16h.01"[31m
        [36m/>[31m
      [36m</svg>[31m
    [36m</div>[31m
    [36m<div>[31m
      [36m<h3[31m
        [33mclass[31m=[32m"text-xl font-bold text-white group-hover:text-green-400 transition-colors"[31m
      [36m>[31m
        [0mSafety First[0m
      [36m</h3>[31m
      [36m<p[31m
        [33mclass[31m=[32m"text-slate-400 text-sm mt-1"[31m
      [36m>[31m
        [0mเธเธเน€เธซเธฅเนเธ: เธซเนเธฒเธก AI เธญเธเธธเธกเธฑเธ•เธดเน€เธฃเธทเนเธญเธเน€เธเธดเธเนเธฅเธฐ HR Action เนเธ”เธขเน€เธ”เนเธ”เธเธฒเธ” เธ•เนเธญเธเธเนเธฒเธเธเธเน€เธชเธกเธญ (Human-in-the-loop)[0m
      [36m</p>[31m
    [36m</div>[31m
  [36m</div>[31m
[36m</div>[31m

Ignored nodes: comments, script, style
[36m<div[31m
  [33mclass[31m=[32m"flex gap-4 group cursor-default"[31m
[36m>[31m
  [36m<div[31m
    [33mclass[31m=[32m"w-12 h-12 rounded-full bg-blue-900/50 flex items-center justify-center shrink-0 border border-blue-500/30 group-hover:scale-110 transition-transform duration-300"[31m
  [36m>[31m
    [36m<svg[31m
      [33mclass[31m=[32m"lucide lucide-cpu w-6 h-6 text-blue-400"[31m
      [33mfill[31m=[32m"none"[31m
      [33mheight[31m=[32m"24"[31m
      [33mstroke[31m=[32m"currentColor"[31m
      [33mstroke-linecap[31m=[32m"round"[31m
      [33mstroke-linejoin[31m=[32m"round"[31m
      [33mstroke-width[31m=[32m"2"[31m
      [33mviewBox[31m=[32m"0 0 24 24"[31m
      [33mwidth[31m=[32m"24"[31m
      [33mxmlns[31m=[32m"http://www.w3.org/2000/svg"[31m
    [36m>[31m
      [36m<rect[31m
        [33mheight[31m=[32m"16"[31m
        [33mrx[31m=[32m"2"[31m
        [33mwidth[31m=[32m"16"[31m
        [33mx[31m=[32m"4"[31m
        [33my[31m=[32m"4"[31m
      [36m/>[31m
      [36m<rect[31m
        [33mheight[31m=[32m"6"[31m
        [33mwidth[31m=[32m"6"[31m
        [33mx[31m=[32m"9"[31m
        [33my[31m=[32m"9"[31m
      [36m/>[31m
      [36m<path[31m
        [33md[31m=[32m"M15 2v2"[31m
      [36m/>[31m
      [36m<path[31m
        [33md[31m=[32m"M15 20v2"[31m
      [36m/>[31m
      [36m<path[31m
        [33md[31m=[32m"M2 15h2"[31m
      [36m/>[31m
      [36m<path[31m
        [33md[31m=[32m"M2 9h2"[31m
      [36m/>[31m
      [36m<path[31m
        [33md[31m=[32m"M20 15h2"[31m
      [36m/>[31m
      [36m<path[31m
        [33md[31m=[32m"M20 9h2"[31m
      [36m/>[31m
      [36m<path[31m
        [33md[31m=[32m"M9 2v2"[31m
      [36m/>[31m
      [36m<path[31m
        [33md[31m=[32m"M9 20v2"[31m
      [36m/>[31m
    [36m</svg>[31m
  [36m</div>[31m
  [36m<div>[31m
    [36m<h3[31m
      [33mclass[31m=[32m"text-xl font-bold text-white group-hover:text-blue-400 transition-colors"[31m
    [36m>[31m
      [0mWUT (Orchestrator)[0m
    [36m</h3>[31m
    [36m<p[31m
      [33mclass[31m=[32m"text-slate-400 text-sm mt-1"[31m
    [36m>[31m
      [0mเธชเธกเธญเธเธชเนเธงเธเธซเธเนเธฒ (Frontend logic) เธ—เธณเธซเธเนเธฒเธ—เธตเนเนเธขเธเนเธขเธฐเนเธเธเธ (Classifier) เนเธฅเธฐเธ•เธฑเธ”เธชเธดเธเนเธ (Decision Engine) เธงเนเธฒเธเธฐเธ•เธญเธเน€เธญเธเธซเธฃเธทเธญเธชเนเธเธ•เนเธญเนเธซเนเธเธ[0m
    [36m</p>[31m
  [36m</div>[31m
[36m</div>[31m

Ignored nodes: comments, script, style
[36m<div[31m
  [33mclass[31m=[32m"w-12 h-12 rounded-full bg-blue-900/50 flex items-center justify-center shrink-0 border border-blue-500/30 group-hover:scale-110 transition-transform duration-300"[31m
[36m>[31m
  [36m<svg[31m
    [33mclass[31m=[32m"lucide lucide-cpu w-6 h-6 text-blue-400"[31m
    [33mfill[31m=[32m"none"[31m
    [33mheight[31m=[32m"24"[31m
    [33mstroke[31m=[32m"currentColor"[31m
    [33mstroke-linecap[31m=[32m"round"[31m
    [33mstroke-linejoin[31m=[32m"round"[31m
    [33mstroke-width[31m=[32m"2"[31m
    [33mviewBox[31m=[32m"0 0 24 24"[31m
    [33mwidth[31m=[32m"24"[31m
    [33mxmlns[31m=[32m"http://www.w3.org/2000/svg"[31m
  [36m>[31m
    [36m<rect[31m
      [33mheight[31m=[32m"16"[31m
      [33mrx[31m=[32m"2"[31m
      [33mwidth[31m=[32m"16"[31m
      [33mx[31m=[32m"4"[31m
      [33my[31m=[32m"4"[31m
    [36m/>[31m
    [36m<rect[31m
      [33mheight[31m=[32m"6"[31m
      [33mwidth[31m=[32m"6"[31m
      [33mx[31m=[32m"9"[31m
      [33my[31m=[32m"9"[31m
    [36m/>[31m
    [36m<path[31m
      [33md[31m=[32m"M15 2v2"[31m
    [36m/>[31m
    [36m<path[31m
      [33md[31m=[32m"M15 20v2"[31m
    [36m/>[31m
    [36m<path[31m
      [33md[31m=[32m"M2 15h2"[31m
    [36m/>[31m
    [36m<path[31m
      [33md[31m=[32m"M2 9h2"[31m
    [36m/>[31m
    [36m<path[31m
      [33md[31m=[32m"M20 15h2"[31m
    [36m/>[31m
    [36m<path[31m
      [33md[31m=[32m"M20 9h2"[31m
    [36m/>[31m
    [36m<path[31m
      [33md[31m=[32m"M9 2v2"[31m
    [36m/>[31m
    [36m<path[31m
      [33md[31m=[32m"M9 20v2"[31m
    [36m/>[31m
  [36m</svg>[31m
[36m</div>[31m

Ignored nodes: comments, script, style
[36m<svg[31m
  [33mclass[31m=[32m"lucide lucide-cpu w-6 h-6 text-blue-400"[31m
  [33mfill[31m=[32m"none"[31m
  [33mheight[31m=[32m"24"[31m
  [33mstroke[31m=[32m"currentColor"[31m
  [33mstroke-linecap[31m=[32m"round"[31m
  [33mstroke-linejoin[31m=[32m"round"[31m
  [33mstroke-width[31m=[32m"2"[31m
  [33mviewBox[31m=[32m"0 0 24 24"[31m
  [33mwidth[31m=[32m"24"[31m
  [33mxmlns[31m=[32m"http://www.w3.org/2000/svg"[31m
[36m>[31m
  [36m<rect[31m
    [33mheight[31m=[32m"16"[31m
    [33mrx[31m=[32m"2"[31m
    [33mwidth[31m=[32m"16"[31m
    [33mx[31m=[32m"4"[31m
    [33my[31m=[32m"4"[31m
  [36m/>[31m
  [36m<rect[31m
    [33mheight[31m=[32m"6"[31m
    [33mwidth[31m=[32m"6"[31m
    [33mx[31m=[32m"9"[31m
    [33my[31m=[32m"9"[31m
  [36m/>[31m
  [36m<path[31m
    [33md[31m=[32m"M15 2v2"[31m
  [36m/>[31m
  [36m<path[31m
    [33md[31m=[32m"M15 20v2"[31m
  [36m/>[31m
  [36m<path[31m
    [33md[31m=[32m"M2 15h2"[31m
  [36m/>[31m
  [36m<path[31m
    [33md[31m=[32m"M2 9h2"[31m
  [36m/>[31m
  [36m<path[31m
    [33md[31m=[32m"M20 15h2"[31m
  [36m/>[31m
  [36m<path[31m
    [33md[31m=[32m"M20 9h2"[31m
  [36m/>[31m
  [36m<path[31m
    [33md[31m=[32m"M9 2v2"[31m
  [36m/>[31m
  [36m<path[31m
    [33md[31m=[32m"M9 20v2"[31m
  [36m/>[31m
[36m</svg>[31m

Ignored nodes: comments, script, style
[36m<rect[31m
  [33mheight[31m=[32m"16"[31m
  [33mrx[31m=[32m"2"[31m
  [33mwidth[31m=[32m"16"[31m
  [33mx[31m=[32m"4"[31m
  [33my[31m=[32m"4"[31m
[36m/>[31m

Ignored nodes: comments, script, style
[36m<rect[31m
  [33mheight[31m=[32m"6"[31m
  [33mwidth[31m=[32m"6"[31m
  [33mx[31m=[32m"9"[31m
  [33my[31m=[32m"9"[31m
[36m/>[31m

Ignored nodes: comments, script, style
[36m<path[31m
  [33md[31m=[32m"M15 2v2"[31m
[36m/>[31m

Ignored nodes: comments, script, style
[36m<path[31m
  [33md[31m=[32m"M15 20v2"[31m
[36m/>[31m

Ignored nodes: comments, script, style
[36m<path[31m
  [33md[31m=[32m"M2 15h2"[31m
[36m/>[31m

Ignored nodes: comments, script, style
[36m<path[31m
  [33md[31m=[32m"M2 9h2"[31m
[36m/>[31m

Ignored nodes: comments, script, style
[36m<path[31m
  [33md[31m=[32m"M20 15h2"[31m
[36m/>[31m

Ignored nodes: comments, script, style
[36m<path[31m
  [33md[31m=[32m"M20 9h2"[31m
[36m/>[31m

Ignored nodes: comments, script, style
[36m<path[31m
  [33md[31m=[32m"M9 2v2"[31m
[36m/>[31m

Ignored nodes: comments, script, style
[36m<path[31m
  [33md[31m=[32m"M9 20v2"[31m
[36m/>[31m

Ignored nodes: comments, script, style
[36m<div>[31m
  [36m<h3[31m
    [33mclass[31m=[32m"text-xl font-bold text-white group-hover:text-blue-400 transition-colors"[31m
  [36m>[31m
    [0mWUT (Orchestrator)[0m
  [36m</h3>[31m
  [36m<p[31m
    [33mclass[31m=[32m"text-slate-400 text-sm mt-1"[31m
  [36m>[31m
    [0mเธชเธกเธญเธเธชเนเธงเธเธซเธเนเธฒ (Frontend logic) เธ—เธณเธซเธเนเธฒเธ—เธตเนเนเธขเธเนเธขเธฐเนเธเธเธ (Classifier) เนเธฅเธฐเธ•เธฑเธ”เธชเธดเธเนเธ (Decision Engine) เธงเนเธฒเธเธฐเธ•เธญเธเน€เธญเธเธซเธฃเธทเธญเธชเนเธเธ•เนเธญเนเธซเนเธเธ[0m
  [36m</p>[31m
[36m</div>[31m

Ignored nodes: comments, script, style
[36m<div[31m
  [33mclass[31m=[32m"flex gap-4 group cursor-default"[31m
[36m>[31m
  [36m<div[31m
    [33mclass[31m=[32m"w-12 h-12 rounded-full bg-purple-900/50 flex items-center justify-center shrink-0 border border-purple-500/30 group-hover:scale-110 transition-transform duration-300"[31m
  [36m>[31m
    [36m<svg[31m
      [33mclass[31m=[32m"lucide lucide-database w-6 h-6 text-purple-400"[31m
      [33mfill[31m=[32m"none"[31m
      [33mheight[31m=[32m"24"[31m
      [33mstroke[31m=[32m"currentColor"[31m
      [33mstroke-linecap[31m=[32m"round"[31m
      [33mstroke-linejoin[31m=[32m"round"[31m
      [33mstroke-width[31m=[32m"2"[31m
      [33mviewBox[31m=[32m"0 0 24 24"[31m
      [33mwidth[31m=[32m"24"[31m
      [33mxmlns[31m=[32m"http://www.w3.org/2000/svg"[31m
    [36m>[31m
      [36m<ellipse[31m
        [33mcx[31m=[32m"12"[31m
        [33mcy[31m=[32m"5"[31m
        [33mrx[31m=[32m"9"[31m
        [33mry[31m=[32m"3"[31m
      [36m/>[31m
      [36m<path[31m
        [33md[31m=[32m"M3 5V19A9 3 0 0 0 21 19V5"[31m
      [36m/>[31m
      [36m<path[31m
        [33md[31m=[32m"M3 12A9 3 0 0 0 21 12"[31m
      [36m/>[31m
    [36m</svg>[31m
  [36m</div>[31m
  [36m<div>[31m
    [36m<h3[31m
      [33mclass[31m=[32m"text-xl font-bold text-white group-hover:text-purple-400 transition-colors"[31m
    [36m>[31m
      [0mWAY (RAG Engine)[0m
    [36m</h3>[31m
    [36m<p[31m
      [33mclass[31m=[32m"text-slate-400 text-sm mt-1"[31m
    [36m>[31m
      [0mเธชเธกเธญเธเธชเนเธงเธเธซเธฅเธฑเธ เธเนเธเธซเธฒเธเนเธญเธกเธนเธฅเธเธฒเธ Knowledge Base (Qdrant Vector DB) เนเธฅเธฐเธชเธฃเนเธฒเธเธเธณเธ•เธญเธเธ—เธตเนเนเธกเนเธเธขเธณเธ”เนเธงเธข Groq LLM (Llama 3.3 70B)[0m
    [36m</p>[31m
  [36m</div>[31m
[36m</div>[31m

Ignored nodes: comments, script, style
[36m<div[31m
  [33mclass[31m=[32m"w-12 h-12 rounded-full bg-purple-900/50 flex items-center justify-center shrink-0 border border-purple-500/30 group-hover:scale-110 transition-transform duration-300"[31m
[36m>[31m
  [36m<svg[31m
    [33mclass[31m=[32m"lucide lucide-database w-6 h-6 text-purple-400"[31m
    [33mfill[31m=[32m"none"[31m
    [33mheight[31m=[32m"24"[31m
    [33mstroke[31m=[32m"currentColor"[31m
    [33mstroke-linecap[31m=[32m"round"[31m
    [33mstroke-linejoin[31m=[32m"round"[31m
    [33mstroke-width[31m=[32m"2"[31m
    [33mviewBox[31m=[32m"0 0 24 24"[31m
    [33mwidth[31m=[32m"24"[31m
    [33mxmlns[31m=[32m"http://www.w3.org/2000/svg"[31m
  [36m>[31m
    [36m<ellipse[31m
      [33mcx[31m=[32m"12"[31m
      [33mcy[31m=[32m"5"[31m
      [33mrx[31m=[32m"9"[31m
      [33mry[31m=[32m"3"[31m
    [36m/>[31m
    [36m<path[31m
      [33md[31m=[32m"M3 5V19A9 3 0 0 0 21 19V5"[31m
    [36m/>[31m
    [36m<path[31m
      [33md[31m=[32m"M3 12A9 3 0 0 0 21 12"[31m
    [36m/>[31m
  [36m</svg>[31m
[36m</div>[31m

Ignored nodes: comments, script, style
[36m<svg[31m
  [33mclass[31m=[32m"lucide lucide-database w-6 h-6 text-purple-400"[31m
  [33mfill[31m=[32m"none"[31m
  [33mheight[31m=[32m"24"[31m
  [33mstroke[31m=[32m"currentColor"[31m
  [33mstroke-linecap[31m=[32m"round"[31m
  [33mstroke-linejoin[31m=[32m"round"[31m
  [33mstroke-width[31m=[32m"2"[31m
  [33mviewBox[31m=[32m"0 0 24 24"[31m
  [33mwidth[31m=[32m"24"[31m
  [33mxmlns[31m=[32m"http://www.w3.org/2000/svg"[31m
[36m>[31m
  [36m<ellipse[31m
    [33mcx[31m=[32m"12"[31m
    [33mcy[31m=[32m"5"[31m
    [33mrx[31m=[32m"9"[31m
    [33mry[31m=[32m"3"[31m
  [36m/>[31m
  [36m<path[31m
    [33md[31m=[32m"M3 5V19A9 3 0 0 0 21 19V5"[31m
  [36m/>[31m
  [36m<path[31m
    [33md[31m=[32m"M3 12A9 3 0 0 0 21 12"[31m
  [36m/>[31m
[36m</svg>[31m

Ignored nodes: comments, script, style
[36m<ellipse[31m
  [33mcx[31m=[32m"12"[31m
  [33mcy[31m=[32m"5"[31m
  [33mrx[31m=[32m"9"[31m
  [33mry[31m=[32m"3"[31m
[36m/>[31m

Ignored nodes: comments, script, style
[36m<path[31m
  [33md[31m=[32m"M3 5V19A9 3 0 0 0 21 19V5"[31m
[36m/>[31m

Ignored nodes: comments, script, style
[36m<path[31m
  [33md[31m=[32m"M3 12A9 3 0 0 0 21 12"[31m
[36m/>[31m

Ignored nodes: comments, script, style
[36m<div>[31m
  [36m<h3[31m
    [33mclass[31m=[32m"text-xl font-bold text-white group-hover:text-purple-400 transition-colors"[31m
  [36m>[31m
    [0mWAY (RAG Engine)[0m
  [36m</h3>[31m
  [36m<p[31m
    [33mclass[31m=[32m"text-slate-400 text-sm mt-1"[31m
  [36m>[31m
    [0mเธชเธกเธญเธเธชเนเธงเธเธซเธฅเธฑเธ เธเนเธเธซเธฒเธเนเธญเธกเธนเธฅเธเธฒเธ Knowledge Base (Qdrant Vector DB) เนเธฅเธฐเธชเธฃเนเธฒเธเธเธณเธ•เธญเธเธ—เธตเนเนเธกเนเธเธขเธณเธ”เนเธงเธข Groq LLM (Llama 3.3 70B)[0m
  [36m</p>[31m
[36m</div>[31m

Ignored nodes: comments, script, style
[36m<div[31m
  [33mclass[31m=[32m"flex gap-4 group cursor-default"[31m
[36m>[31m
  [36m<div[31m
    [33mclass[31m=[32m"w-12 h-12 rounded-full bg-green-900/50 flex items-center justify-center shrink-0 border border-green-500/30 group-hover:scale-110 transition-transform duration-300"[31m
  [36m>[31m
    [36m<svg[31m
      [33mclass[31m=[32m"lucide lucide-shield-alert w-6 h-6 text-green-400"[31m
      [33mfill[31m=[32m"none"[31m
      [33mheight[31m=[32m"24"[31m
      [33mstroke[31m=[32m"currentColor"[31m
      [33mstroke-linecap[31m=[32m"round"[31m
      [33mstroke-linejoin[31m=[32m"round"[31m
      [33mstroke-width[31m=[32m"2"[31m
      [33mviewBox[31m=[32m"0 0 24 24"[31m
      [33mwidth[31m=[32m"24"[31m
      [33mxmlns[31m=[32m"http://www.w3.org/2000/svg"[31m
    [36m>[31m
      [36m<path[31m
        [33md[31m=[32m"M20 13c0 5-3.5 7.5-7.66 8.95a1 1 0 0 1-.67-.01C7.5 20.5 4 18 4 13V6a1 1 0 0 1 1-1c2 0 4.5-1.2 6.24-2.72a1.17 1.17 0 0 1 1.52 0C14.51 3.81 17 5 19 5a1 1 0 0 1 1 1z"[31m
      [36m/>[31m
      [36m<path[31m
        [33md[31m=[32m"M12 8v4"[31m
      [36m/>[31m
      [36m<path[31m
        [33md[31m=[32m"M12 16h.01"[31m
      [36m/>[31m
    [36m</svg>[31m
  [36m</div>[31m
  [36m<div>[31m
    [36m<h3[31m
      [33mclass[31m=[32m"text-xl font-bold text-white group-hover:text-green-400 transition-colors"[31m
    [36m>[31m
      [0mSafety First[0m
    [36m</h3>[31m
    [36m<p[31m
      [33mclass[31m=[32m"text-slate-400 text-sm mt-1"[31m
    [36m>[31m
      [0mเธเธเน€เธซเธฅเนเธ: เธซเนเธฒเธก AI เธญเธเธธเธกเธฑเธ•เธดเน€เธฃเธทเนเธญเธเน€เธเธดเธเนเธฅเธฐ HR Action เนเธ”เธขเน€เธ”เนเธ”เธเธฒเธ” เธ•เนเธญเธเธเนเธฒเธเธเธเน€เธชเธกเธญ (Human-in-the-loop)[0m
    [36m</p>[31m
  [36m</div>[31m
[36m</div>[31m

Ignored nodes: comments, script, style
[36m<div[31m
  [33mclass[31m=[32m"w-12 h-12 rounded-full bg-green-900/50 flex items-center justify-center shrink-0 border border-green-500/30 group-hover:scale-110 transition-transform duration-300"[31m
[36m>[31m
  [36m<svg[31m
    [33mclass[31m=[32m"lucide lucide-shield-alert w-6 h-6 text-green-400"[31m
    [33mfill[31m=[32m"none"[31m
    [33mheight[31m=[32m"24"[31m
    [33mstroke[31m=[32m"currentColor"[31m
    [33mstroke-linecap[31m=[32m"round"[31m
    [33mstroke-linejoin[31m=[32m"round"[31m
    [33mstroke-width[31m=[32m"2"[31m
    [33mviewBox[31m=[32m"0 0 24 24"[31m
    [33mwidth[31m=[32m"24"[31m
    [33mxmlns[31m=[32m"http://www.w3.org/2000/svg"[31m
  [36m>[31m
    [36m<path[31m
      [33md[31m=[32m"M20 13c0 5-3.5 7.5-7.66 8.95a1 1 0 0 1-.67-.01C7.5 20.5 4 18 4 13V6a1 1 0 0 1 1-1c2 0 4.5-1.2 6.24-2.72a1.17 1.17 0 0 1 1.52 0C14.51 3.81 17 5 19 5a1 1 0 0 1 1 1z"[31m
    [36m/>[31m
    [36m<path[31m
      [33md[31m=[32m"M12 8v4"[31m
    [36m/>[31m
    [36m<path[31m
      [33md[31m=[32m"M12 16h.01"[31m
    [36m/>[31m
  [36m</svg>[31m
[36m</div>[31m

Ignored nodes: comments, script, style
[36m<svg[31m
  [33mclass[31m=[32m"lucide lucide-shield-alert w-6 h-6 text-green-400"[31m
  [33mfill[31m=[32m"none"[31m
  [33mheight[31m=[32m"24"[31m
  [33mstroke[31m=[32m"currentColor"[31m
  [33mstroke-linecap[31m=[32m"round"[31m
  [33mstroke-linejoin[31m=[32m"round"[31m
  [33mstroke-width[31m=[32m"2"[31m
  [33mviewBox[31m=[32m"0 0 24 24"[31m
  [33mwidth[31m=[32m"24"[31m
  [33mxmlns[31m=[32m"http://www.w3.org/2000/svg"[31m
[36m>[31m
  [36m<path[31m
    [33md[31m=[32m"M20 13c0 5-3.5 7.5-7.66 8.95a1 1 0 0 1-.67-.01C7.5 20.5 4 18 4 13V6a1 1 0 0 1 1-1c2 0 4.5-1.2 6.24-2.72a1.17 1.17 0 0 1 1.52 0C14.51 3.81 17 5 19 5a1 1 0 0 1 1 1z"[31m
  [36m/>[31m
  [36m<path[31m
    [33md[31m=[32m"M12 8v4"[31m
  [36m/>[31m
  [36m<path[31m
    [33md[31m=[32m"M12 16h.01"[31m
  [36m/>[31m
[36m</svg>[31m

Ignored nodes: comments, script, style
[36m<path[31m
  [33md[31m=[32m"M20 13c0 5-3.5 7.5-7.66 8.95a1 1 0 0 1-.67-.01C7.5 20.5 4 18 4 13V6a1 1 0 0 1 1-1c2 0 4.5-1.2 6.24-2.72a1.17 1.17 0 0 1 1.52 0C14.51 3.81 17 5 19 5a1 1 0 0 1 1 1z"[31m
[36m/>[31m

Ignored nodes: comments, script, style
[36m<path[31m
  [33md[31m=[32m"M12 8v4"[31m
[36m/>[31m

Ignored nodes: comments, script, style
[36m<path[31m
  [33md[31m=[32m"M12 16h.01"[31m
[36m/>[31m

Ignored nodes: comments, script, style
[36m<div>[31m
  [36m<h3[31m
    [33mclass[31m=[32m"text-xl font-bold text-white group-hover:text-green-400 transition-colors"[31m
  [36m>[31m
    [0mSafety First[0m
  [36m</h3>[31m
  [36m<p[31m
    [33mclass[31m=[32m"text-slate-400 text-sm mt-1"[31m
  [36m>[31m
    [0mเธเธเน€เธซเธฅเนเธ: เธซเนเธฒเธก AI เธญเธเธธเธกเธฑเธ•เธดเน€เธฃเธทเนเธญเธเน€เธเธดเธเนเธฅเธฐ HR Action เนเธ”เธขเน€เธ”เนเธ”เธเธฒเธ” เธ•เนเธญเธเธเนเธฒเธเธเธเน€เธชเธกเธญ (Human-in-the-loop)[0m
  [36m</p>[31m
[36m</div>[31m

Ignored nodes: comments, script, style
[36m<div[31m
  [33mclass[31m=[32m"md:w-1/2 bg-slate-800 rounded-3xl p-6 border border-slate-700 shadow-2xl relative overflow-hidden group"[31m
[36m>[31m
  [36m<div[31m
    [33mclass[31m=[32m"absolute top-0 right-0 w-64 h-64 bg-orange-500/10 blur-3xl rounded-full group-hover:bg-orange-500/20 transition-colors duration-700"[31m
  [36m/>[31m
  [36m<div[31m
    [33mclass[31m=[32m"relative z-10 flex flex-col items-center gap-4 text-sm font-mono"[31m
  [36m>[31m
    [36m<div[31m
      [33mclass[31m=[32m"p-3 bg-slate-700 rounded-lg border border-slate-600 w-48 text-center text-white shadow-lg"[31m
    [36m>[31m
      [0mUser (Frontend)[0m
    [36m</div>[31m
    [36m<svg[31m
      [33mclass[31m=[32m"lucide lucide-arrow-right rotate-90 text-slate-500"[31m
      [33mfill[31m=[32m"none"[31m
      [33mheight[31m=[32m"24"[31m
      [33mstroke[31m=[32m"currentColor"[31m
      [33mstroke-linecap[31m=[32m"round"[31m
      [33mstroke-linejoin[31m=[32m"round"[31m
      [33mstroke-width[31m=[32m"2"[31m
      [33mviewBox[31m=[32m"0 0 24 24"[31m
      [33mwidth[31m=[32m"24"[31m
      [33mxmlns[31m=[32m"http://www.w3.org/2000/svg"[31m
    [36m>[31m
      [36m<path[31m
        [33md[31m=[32m"M5 12h14"[31m
      [36m/>[31m
      [36m<path[31m
        [33md[31m=[32m"m12 5 7 7-7 7"[31m
      [36m/>[31m
    [36m</svg>[31m
    [36m<div[31m
      [33mclass[31m=[32m"p-4 bg-blue-900/30 rounded-xl border border-blue-500/50 w-full text-center shadow-lg hover:border-blue-400 transition-colors"[31m
    [36m>[31m
      [36m<div[31m
        [33mclass[31m=[32m"text-blue-400 font-bold mb-2"[31m
      [36m>[31m
        [0mWUT Orchestrator[0m
      [36m</div>[31m
      [36m<div[31m
        [33mclass[31m=[32m"flex gap-2 justify-center"[31m
      [36m>[31m
        [36m<span[31m
          [33mclass[31m=[32m"bg-blue-900/50 px-2 py-1 rounded text-xs"[31m
        [36m>[31m
          [0mClassifier[0m
        [36m</span>[31m
        [36m<span[31m
          [33mclass[31m=[32m"bg-blue-900/50 px-2 py-1 rounded text-xs"[31m
        [36m>[31m
          [0mDecision Engine[0m
        [36m</span>[31m
      [36m</div>[31m
    [36m</div>[31m
    [36m<svg[31m
      [33mclass[31m=[32m"lucide lucide-arrow-right rotate-90 text-slate-500"[31m
      [33mfill[31m=[32m"none"[31m
      [33mheight[31m=[32m"24"[31m
      [33mstroke[31m=[32m"currentColor"[31m
      [33mstroke-linecap[31m=[32m"round"[31m
      [33mstroke-linejoin[31m=[32m"round"[31m
      [33mstroke-width[31m=[32m"2"[31m
      [33mviewBox[31m=[32m"0 0 24 24"[31m
      [33mwidth[31m=[32m"24"[31m
      [33mxmlns[31m=[32m"http://www.w3.org/2000/svg"[31m
    [36m>[31m
      [36m<path[31m
        [33md[31m=[32m"M5 12h14"[31m
      [36m/>[31m
      [36m<path[31m
        [33md[31m=[32m"m12 5 7 7-7 7"[31m
      [36m/>[31m
    [36m</svg>[31m
    [36m<div[31m
      [33mclass[31m=[32m"p-4 bg-purple-900/30 rounded-xl border border-purple-500/50 w-full text-center shadow-lg hover:border-purple-400 transition-colors"[31m
    [36m>[31m
      [36m<div[31m
        [33mclass[31m=[32m"text-purple-400 font-bold mb-2"[31m
      [36m>[31m
        [0mWAY RAG Engine[0m
      [36m</div>[31m
      [36m<div[31m
        [33mclass[31m=[32m"flex gap-2 justify-center"[31m
      [36m>[31m
        [36m<span[31m
          [33mclass[31m=[32m"bg-purple-900/50 px-2 py-1 rounded text-xs"[31m
        [36m>[31m
          [0mVector Search[0m
        [36m</span>[31m
        [36m<span[31m
          [33mclass[31m=[32m"bg-purple-900/50 px-2 py-1 rounded text-xs"[31m
        [36m>[31m
          [0mGroq LLM[0m
        [36m</span>[31m
      [36m</div>[31m
    [36m</div>[31m
  [36m</div>[31m
[36m</div>[31m

Ignored nodes: comments, script, style
[36m<div[31m
  [33mclass[31m=[32m"absolute top-0 right-0 w-64 h-64 bg-orange-500/10 blur-3xl rounded-full group-hover:bg-orange-500/20 transition-colors duration-700"[31m
[36m/>[31m

Ignored nodes: comments, script, style
[36m<div[31m
  [33mclass[31m=[32m"relative z-10 flex flex-col items-center gap-4 text-sm font-mono"[31m
[36m>[31m
  [36m<div[31m
    [33mclass[31m=[32m"p-3 bg-slate-700 rounded-lg border border-slate-600 w-48 text-center text-white shadow-lg"[31m
  [36m>[31m
    [0mUser (Frontend)[0m
  [36m</div>[31m
  [36m<svg[31m
    [33mclass[31m=[32m"lucide lucide-arrow-right rotate-90 text-slate-500"[31m
    [33mfill[31m=[32m"none"[31m
    [33mheight[31m=[32m"24"[31m
    [33mstroke[31m=[32m"currentColor"[31m
    [33mstroke-linecap[31m=[32m"round"[31m
    [33mstroke-linejoin[31m=[32m"round"[31m
    [33mstroke-width[31m=[32m"2"[31m
    [33mviewBox[31m=[32m"0 0 24 24"[31m
    [33mwidth[31m=[32m"24"[31m
    [33mxmlns[31m=[32m"http://www.w3.org/2000/svg"[31m
  [36m>[31m
    [36m<path[31m
      [33md[31m=[32m"M5 12h14"[31m
    [36m/>[31m
    [36m<path[31m
      [33md[31m=[32m"m12 5 7 7-7 7"[31m
    [36m/>[31m
  [36m</svg>[31m
  [36m<div[31m
    [33mclass[31m=[32m"p-4 bg-blue-900/30 rounded-xl border border-blue-500/50 w-full text-center shadow-lg hover:border-blue-400 transition-colors"[31m
  [36m>[31m
    [36m<div[31m
      [33mclass[31m=[32m"text-blue-400 font-bold mb-2"[31m
    [36m>[31m
      [0mWUT Orchestrator[0m
    [36m</div>[31m
    [36m<div[31m
      [33mclass[31m=[32m"flex gap-2 justify-center"[31m
    [36m>[31m
      [36m<span[31m
        [33mclass[31m=[32m"bg-blue-900/50 px-2 py-1 rounded text-xs"[31m
      [36m>[31m
        [0mClassifier[0m
      [36m</span>[31m
      [36m<span[31m
        [33mclass[31m=[32m"bg-blue-900/50 px-2 py-1 rounded text-xs"[31m
      [36m>[31m
        [0mDecision Engine[0m
      [36m</span>[31m
    [36m</div>[31m
  [36m</div>[31m
  [36m<svg[31m
    [33mclass[31m=[32m"lucide lucide-arrow-right rotate-90 text-slate-500"[31m
    [33mfill[31m=[32m"none"[31m
    [33mheight[31m=[32m"24"[31m
    [33mstroke[31m=[32m"currentColor"[31m
    [33mstroke-linecap[31m=[32m"round"[31m
    [33mstroke-linejoin[31m=[32m"round"[31m
    [33mstroke-width[31m=[32m"2"[31m
    [33mviewBox[31m=[32m"0 0 24 24"[31m
    [33mwidth[31m=[32m"24"[31m
    [33mxmlns[31m=[32m"http://www.w3.org/2000/svg"[31m
  [36m>[31m
    [36m<path[31m
      [33md[31m=[32m"M5 12h14"[31m
    [36m/>[31m
    [36m<path[31m
      [33md[31m=[32m"m12 5 7 7-7 7"[31m
    [36m/>[31m
  [36m</svg>[31m
  [36m<div[31m
    [33mclass[31m=[32m"p-4 bg-purple-900/30 rounded-xl border border-purple-500/50 w-full text-center shadow-lg hover:border-purple-400 transition-colors"[31m
  [36m>[31m
    [36m<div[31m
      [33mclass[31m=[32m"text-purple-400 font-bold mb-2"[31m
    [36m>[31m
      [0mWAY RAG Engine[0m
    [36m</div>[31m
    [36m<div[31m
      [33mclass[31m=[32m"flex gap-2 justify-center"[31m
    [36m>[31m
      [36m<span[31m
        [33mclass[31m=[32m"bg-purple-900/50 px-2 py-1 rounded text-xs"[31m
      [36m>[31m
        [0mVector Search[0m
      [36m</span>[31m
      [36m<span[31m
        [33mclass[31m=[32m"bg-purple-900/50 px-2 py-1 rounded text-xs"[31m
      [36m>[31m
        [0mGroq LLM[0m
      [36m</span>[31m
    [36m</div>[31m
  [36m</div>[31m
[36m</div>[31m

Ignored nodes: comments, script, style
[36m<svg[31m
  [33mclass[31m=[32m"lucide lucide-arrow-right rotate-90 text-slate-500"[31m
  [33mfill[31m=[32m"none"[31m
  [33mheight[31m=[32m"24"[31m
  [33mstroke[31m=[32m"currentColor"[31m
  [33mstroke-linecap[31m=[32m"round"[31m
  [33mstroke-linejoin[31m=[32m"round"[31m
  [33mstroke-width[31m=[32m"2"[31m
  [33mviewBox[31m=[32m"0 0 24 24"[31m
  [33mwidth[31m=[32m"24"[31m
  [33mxmlns[31m=[32m"http://www.w3.org/2000/svg"[31m
[36m>[31m
  [36m<path[31m
    [33md[31m=[32m"M5 12h14"[31m
  [36m/>[31m
  [36m<path[31m
    [33md[31m=[32m"m12 5 7 7-7 7"[31m
  [36m/>[31m
[36m</svg>[31m

Ignored nodes: comments, script, style
[36m<path[31m
  [33md[31m=[32m"M5 12h14"[31m
[36m/>[31m

Ignored nodes: comments, script, style
[36m<path[31m
  [33md[31m=[32m"m12 5 7 7-7 7"[31m
[36m/>[31m

Ignored nodes: comments, script, style
[36m<div[31m
  [33mclass[31m=[32m"p-4 bg-blue-900/30 rounded-xl border border-blue-500/50 w-full text-center shadow-lg hover:border-blue-400 transition-colors"[31m
[36m>[31m
  [36m<div[31m
    [33mclass[31m=[32m"text-blue-400 font-bold mb-2"[31m
  [36m>[31m
    [0mWUT Orchestrator[0m
  [36m</div>[31m
  [36m<div[31m
    [33mclass[31m=[32m"flex gap-2 justify-center"[31m
  [36m>[31m
    [36m<span[31m
      [33mclass[31m=[32m"bg-blue-900/50 px-2 py-1 rounded text-xs"[31m
    [36m>[31m
      [0mClassifier[0m
    [36m</span>[31m
    [36m<span[31m
      [33mclass[31m=[32m"bg-blue-900/50 px-2 py-1 rounded text-xs"[31m
    [36m>[31m
      [0mDecision Engine[0m
    [36m</span>[31m
  [36m</div>[31m
[36m</div>[31m

Ignored nodes: comments, script, style
[36m<div[31m
  [33mclass[31m=[32m"flex gap-2 justify-center"[31m
[36m>[31m
  [36m<span[31m
    [33mclass[31m=[32m"bg-blue-900/50 px-2 py-1 rounded text-xs"[31m
  [36m>[31m
    [0mClassifier[0m
  [36m</span>[31m
  [36m<span[31m
    [33mclass[31m=[32m"bg-blue-900/50 px-2 py-1 rounded text-xs"[31m
  [36m>[31m
    [0mDecision Engine[0m
  [36m</span>[31m
[36m</div>[31m

Ignored nodes: comments, script, style
[36m<svg[31m
  [33mclass[31m=[32m"lucide lucide-arrow-right rotate-90 text-slate-500"[31m
  [33mfill[31m=[32m"none"[31m
  [33mheight[31m=[32m"24"[31m
  [33mstroke[31m=[32m"currentColor"[31m
  [33mstroke-linecap[31m=[32m"round"[31m
  [33mstroke-linejoin[31m=[32m"round"[31m
  [33mstroke-width[31m=[32m"2"[31m
  [33mviewBox[31m=[32m"0 0 24 24"[31m
  [33mwidth[31m=[32m"24"[31m
  [33mxmlns[31m=[32m"http://www.w3.org/2000/svg"[31m
[36m>[31m
  [36m<path[31m
    [33md[31m=[32m"M5 12h14"[31m
  [36m/>[31m
  [36m<path[31m
    [33md[31m=[32m"m12 5 7 7-7 7"[31m
  [36m/>[31m
[36m</svg>[31m

Ignored nodes: comments, script, style
[36m<path[31m
  [33md[31m=[32m"M5 12h14"[31m
[36m/>[31m

Ignored nodes: comments, script, style
[36m<path[31m
  [33md[31m=[32m"m12 5 7 7-7 7"[31m
[36m/>[31m

Ignored nodes: comments, script, style
[36m<div[31m
  [33mclass[31m=[32m"p-4 bg-purple-900/30 rounded-xl border border-purple-500/50 w-full text-center shadow-lg hover:border-purple-400 transition-colors"[31m
[36m>[31m
  [36m<div[31m
    [33mclass[31m=[32m"text-purple-400 font-bold mb-2"[31m
  [36m>[31m
    [0mWAY RAG Engine[0m
  [36m</div>[31m
  [36m<div[31m
    [33mclass[31m=[32m"flex gap-2 justify-center"[31m
  [36m>[31m
    [36m<span[31m
      [33mclass[31m=[32m"bg-purple-900/50 px-2 py-1 rounded text-xs"[31m
    [36m>[31m
      [0mVector Search[0m
    [36m</span>[31m
    [36m<span[31m
      [33mclass[31m=[32m"bg-purple-900/50 px-2 py-1 rounded text-xs"[31m
    [36m>[31m
      [0mGroq LLM[0m
    [36m</span>[31m
  [36m</div>[31m
[36m</div>[31m

Ignored nodes: comments, script, style
[36m<div[31m
  [33mclass[31m=[32m"flex gap-2 justify-center"[31m
[36m>[31m
  [36m<span[31m
    [33mclass[31m=[32m"bg-purple-900/50 px-2 py-1 rounded text-xs"[31m
  [36m>[31m
    [0mVector Search[0m
  [36m</span>[31m
  [36m<span[31m
    [33mclass[31m=[32m"bg-purple-900/50 px-2 py-1 rounded text-xs"[31m
  [36m>[31m
    [0mGroq LLM[0m
  [36m</span>[31m
[36m</div>[31m

Ignored nodes: comments, script, style
[36m<section[31m
  [33mclass[31m=[32m"relative z-10 py-24 px-6 bg-[#0a0f1c] border-y border-slate-800"[31m
  [33mid[31m=[32m"demo"[31m
[36m>[31m
  [36m<div[31m
    [33mclass[31m=[32m"max-w-7xl mx-auto"[31m
  [36m>[31m
    [36m<div[31m
      [33mclass[31m=[32m"flex flex-col md:flex-row items-end justify-between mb-8 gap-6"[31m
    [36m>[31m
      [36m<div[31m
        [33mclass[31m=[32m"flex items-center gap-4"[31m
      [36m>[31m
        [36m<button[31m
          [33mclass[31m=[32m"flex items-center gap-2 px-4 py-2 bg-slate-800 hover:bg-slate-700 text-white rounded-xl border border-slate-700 transition-all hover:scale-105 active:scale-95"[31m
        [36m>[31m
          [36m<svg[31m
            [33mclass[31m=[32m"lucide lucide-message-square w-4 h-4 text-orange-400"[31m
            [33mfill[31m=[32m"none"[31m
            [33mheight[31m=[32m"24"[31m
            [33mstroke[31m=[32m"currentColor"[31m
            [33mstroke-linecap[31m=[32m"round"[31m
            [33mstroke-linejoin[31m=[32m"round"[31m
            [33mstroke-width[31m=[32m"2"[31m
            [33mviewBox[31m=[32m"0 0 24 24"[31m
            [33mwidth[31m=[32m"24"[31m
            [33mxmlns[31m=[32m"http://www.w3.org/2000/svg"[31m
          [36m>[31m
            [36m<path[31m
              [33md[31m=[32m"M21 15a2 2 0 0 1-2 2H7l-4 4V5a2 2 0 0 1 2-2h14a2 2 0 0 1 2 2z"[31m
            [36m/>[31m
          [36m</svg>[31m
          [36m<span[31m
            [33mclass[31m=[32m"text-sm font-medium"[31m
          [36m>[31m
            [0mChat History[0m
          [36m</span>[31m
          [36m<span[31m
            [33mclass[31m=[32m"px-1.5 py-0.5 text-[10px] bg-orange-500 text-white rounded-full"[31m
          [36m>[31m
            [0m1[0m
          [36m</span>[31m
        [36m</button>[31m
        [36m<div>[31m
          [36m<h2[31m
            [33mclass[31m=[32m"text-3xl font-bold text-white flex items-center gap-2"[31m
          [36m>[31m
            [36m<svg[31m
              [33mclass[31m=[32m"lucide lucide-terminal text-orange-500"[31m
              [33mfill[31m=[32m"none"[31m
              [33mheight[31m=[32m"24"[31m
              [33mstroke[31m=[32m"currentColor"[31m
              [33mstroke-linecap[31m=[32m"round"[31m
              [33mstroke-linejoin[31m=[32m"round"[31m
              [33mstroke-width[31m=[32m"2"[31m
              [33mviewBox[31m=[32m"0 0 24 24"[31m
              [33mwidth[31m=[32m"24"[31m
              [33mxmlns[31m=[32m"http://www.w3.org/2000/svg"[31m
            [36m>[31m
              [36m<polyline[31m
                [33mpoints[31m=[32m"4 17 10 11 4 5"[31m
              [36m/>[31m
              [36m<line[31m
                [33mx1[31m=[32m"12"[31m
                [33mx2[31m=[32m"20"[31m
                [33my1[31m=[32m"19"[31m
                [33my2[31m=[32m"19"[31m
              [36m/>[31m
            [36m</svg>[31m
            [0m Interactive Demo[0m
          [36m</h2>[31m
          [36m<p[31m
            [33mclass[31m=[32m"text-slate-400 mt-2"[31m
          [36m>[31m
            [0mLive Situation Simulation: เธฅเธญเธเธเธ”เธเธธเนเธก Scenario เธ”เนเธฒเธเธฅเนเธฒเธเน€เธเธทเนเธญเธ”เธนเธเธฒเธฃเธ—เธณเธเธฒเธ[0m
          [36m</p>[31m
        [36m</div>[31m
      [36m</div>[31m
    [36m</div>[31m
    [36m<div[31m
      [33mclass[31m=[32m"grid grid-cols-1 lg:grid-cols-3 gap-6 min-h-[600px] lg:h-[700px]"[31m
    [36m>[31m
      [36m<div[31m
        [33mclass[31m=[32m"lg:col-span-1 bg-[#050911] rounded-2xl border border-slate-800 p-4 flex flex-col font-mono text-xs overflow-hidden shadow-inner"[31m
      [36m>[31m
        [36m<div[31m
          [33mclass[31m=[32m"flex items-center justify-between mb-3 border-b border-slate-800 pb-2"[31m
        [36m>[31m
          [36m<span[31m
            [33mclass[31m=[32m"text-slate-400 font-bold flex items-center gap-2"[31m
          [36m>[31m
            [36m<svg[31m
              [33mclass[31m=[32m"lucide lucide-activity w-3 h-3"[31m
              [33mfill[31m=[32m"none"[31m
              [33mheight[31m=[32m"24"[31m
              [33mstroke[31m=[32m"currentColor"[31m
              [33mstroke-linecap[31m=[32m"round"[31m
              [33mstroke-linejoin[31m=[32m"round"[31m
              [33mstroke-width[31m=[32m"2"[31m
              [33mviewBox[31m=[32m"0 0 24 24"[31m
              [33mwidth[31m=[32m"24"[31m
              [33mxmlns[31m=[32m"http://www.w3.org/2000/svg"[31m
            [36m>[31m
              [36m<path[31m
                [33md[31m=[32m"M22 12h-4l-3 9L9 3l-3 9H2"[31m
              [36m/>[31m
            [36m</svg>[31m
            [0m SYSTEM_LOGS[0m
          [36m</span>[31m
        [36m</div>[31m
        [36m<div[31m
          [33mclass[31m=[32m"flex-1 overflow-y-auto space-y-2 custom-scrollbar text-slate-300"[31m
        [36m>[31m
          [36m<div[31m
            [33mclass[31m=[32m"text-slate-600 italic text-center mt-10"[31m
          [36m>[31m
            [0mWaiting for requests...[0m
          [36m</div>[31m
          [36m<div />[31m
        [36m</div>[31m
      [36m</div>[31m
      [36m<div[31m
        [33mclass[31m=[32m"lg:col-span-2 bg-slate-900 rounded-2xl border border-slate-700 flex flex-col overflow-hidden relative shadow-2xl"[31m
      [36m>[31m
        [36m<div[31m
          [33mclass[31m=[32m"absolute top-4 right-4 z-30"[31m
        [36m>[31m
          [36m<button[31m
            [33mclass[31m=[32m"flex items-center gap-2 px-3 py-1.5 rounded-full text-xs font-bold border transition-all bg-slate-800 border-slate-600 text-slate-400 hover:text-white"[31m
          [36m>[31m
            [36m<svg[31m
              [33mclass[31m=[32m"lucide lucide-eye-off w-3 h-3"[31m
              [33mfill[31m=[32m"none"[31m
              [33mheight[31m=[32m"24"[31m
              [33mstroke[31m=[32m"currentColor"[31m
              [33mstroke-linecap[31m=[32m"round"[31m
              [33mstroke-linejoin[31m=[32m"round"[31m
              [33mstroke-width[31m=[32m"2"[31m
              [33mviewBox[31m=[32m"0 0 24 24"[31m
              [33mwidth[31m=[32m"24"[31m
              [33mxmlns[31m=[32m"http://www.w3.org/2000/svg"[31m
            [36m>[31m
              [36m<path[31m
                [33md[31m=[32m"M9.88 9.88a3 3 0 1 0 4.24 4.24"[31m
              [36m/>[31m
              [36m<path[31m
                [33md[31m=[32m"M10.73 5.08A10.43 10.43 0 0 1 12 5c7 0 10 7 10 7a13.16 13.16 0 0 1-1.67 2.68"[31m
              [36m/>[31m
              [36m<path[31m
                [33md[31m=[32m"M6.61 6.61A13.526 13.526 0 0 0 2 12s3 7 10 7a9.74 9.74 0 0 0 5.39-1.61"[31m
              [36m/>[31m
              [36m<line[31m
                [33mx1[31m=[32m"2"[31m
                ...

Ignored nodes: comments, script, style
[36m<div[31m
  [33mclass[31m=[32m"max-w-7xl mx-auto"[31m
[36m>[31m
  [36m<div[31m
    [33mclass[31m=[32m"flex flex-col md:flex-row items-end justify-between mb-8 gap-6"[31m
  [36m>[31m
    [36m<div[31m
      [33mclass[31m=[32m"flex items-center gap-4"[31m
    [36m>[31m
      [36m<button[31m
        [33mclass[31m=[32m"flex items-center gap-2 px-4 py-2 bg-slate-800 hover:bg-slate-700 text-white rounded-xl border border-slate-700 transition-all hover:scale-105 active:scale-95"[31m
      [36m>[31m
        [36m<svg[31m
          [33mclass[31m=[32m"lucide lucide-message-square w-4 h-4 text-orange-400"[31m
          [33mfill[31m=[32m"none"[31m
          [33mheight[31m=[32m"24"[31m
          [33mstroke[31m=[32m"currentColor"[31m
          [33mstroke-linecap[31m=[32m"round"[31m
          [33mstroke-linejoin[31m=[32m"round"[31m
          [33mstroke-width[31m=[32m"2"[31m
          [33mviewBox[31m=[32m"0 0 24 24"[31m
          [33mwidth[31m=[32m"24"[31m
          [33mxmlns[31m=[32m"http://www.w3.org/2000/svg"[31m
        [36m>[31m
          [36m<path[31m
            [33md[31m=[32m"M21 15a2 2 0 0 1-2 2H7l-4 4V5a2 2 0 0 1 2-2h14a2 2 0 0 1 2 2z"[31m
          [36m/>[31m
        [36m</svg>[31m
        [36m<span[31m
          [33mclass[31m=[32m"text-sm font-medium"[31m
        [36m>[31m
          [0mChat History[0m
        [36m</span>[31m
        [36m<span[31m
          [33mclass[31m=[32m"px-1.5 py-0.5 text-[10px] bg-orange-500 text-white rounded-full"[31m
        [36m>[31m
          [0m1[0m
        [36m</span>[31m
      [36m</button>[31m
      [36m<div>[31m
        [36m<h2[31m
          [33mclass[31m=[32m"text-3xl font-bold text-white flex items-center gap-2"[31m
        [36m>[31m
          [36m<svg[31m
            [33mclass[31m=[32m"lucide lucide-terminal text-orange-500"[31m
            [33mfill[31m=[32m"none"[31m
            [33mheight[31m=[32m"24"[31m
            [33mstroke[31m=[32m"currentColor"[31m
            [33mstroke-linecap[31m=[32m"round"[31m
            [33mstroke-linejoin[31m=[32m"round"[31m
            [33mstroke-width[31m=[32m"2"[31m
            [33mviewBox[31m=[32m"0 0 24 24"[31m
            [33mwidth[31m=[32m"24"[31m
            [33mxmlns[31m=[32m"http://www.w3.org/2000/svg"[31m
          [36m>[31m
            [36m<polyline[31m
              [33mpoints[31m=[32m"4 17 10 11 4 5"[31m
            [36m/>[31m
            [36m<line[31m
              [33mx1[31m=[32m"12"[31m
              [33mx2[31m=[32m"20"[31m
              [33my1[31m=[32m"19"[31m
              [33my2[31m=[32m"19"[31m
            [36m/>[31m
          [36m</svg>[31m
          [0m Interactive Demo[0m
        [36m</h2>[31m
        [36m<p[31m
          [33mclass[31m=[32m"text-slate-400 mt-2"[31m
        [36m>[31m
          [0mLive Situation Simulation: เธฅเธญเธเธเธ”เธเธธเนเธก Scenario เธ”เนเธฒเธเธฅเนเธฒเธเน€เธเธทเนเธญเธ”เธนเธเธฒเธฃเธ—เธณเธเธฒเธ[0m
        [36m</p>[31m
      [36m</div>[31m
    [36m</div>[31m
  [36m</div>[31m
  [36m<div[31m
    [33mclass[31m=[32m"grid grid-cols-1 lg:grid-cols-3 gap-6 min-h-[600px] lg:h-[700px]"[31m
  [36m>[31m
    [36m<div[31m
      [33mclass[31m=[32m"lg:col-span-1 bg-[#050911] rounded-2xl border border-slate-800 p-4 flex flex-col font-mono text-xs overflow-hidden shadow-inner"[31m
    [36m>[31m
      [36m<div[31m
        [33mclass[31m=[32m"flex items-center justify-between mb-3 border-b border-slate-800 pb-2"[31m
      [36m>[31m
        [36m<span[31m
          [33mclass[31m=[32m"text-slate-400 font-bold flex items-center gap-2"[31m
        [36m>[31m
          [36m<svg[31m
            [33mclass[31m=[32m"lucide lucide-activity w-3 h-3"[31m
            [33mfill[31m=[32m"none"[31m
            [33mheight[31m=[32m"24"[31m
            [33mstroke[31m=[32m"currentColor"[31m
            [33mstroke-linecap[31m=[32m"round"[31m
            [33mstroke-linejoin[31m=[32m"round"[31m
            [33mstroke-width[31m=[32m"2"[31m
            [33mviewBox[31m=[32m"0 0 24 24"[31m
            [33mwidth[31m=[32m"24"[31m
            [33mxmlns[31m=[32m"http://www.w3.org/2000/svg"[31m
          [36m>[31m
            [36m<path[31m
              [33md[31m=[32m"M22 12h-4l-3 9L9 3l-3 9H2"[31m
            [36m/>[31m
          [36m</svg>[31m
          [0m SYSTEM_LOGS[0m
        [36m</span>[31m
      [36m</div>[31m
      [36m<div[31m
        [33mclass[31m=[32m"flex-1 overflow-y-auto space-y-2 custom-scrollbar text-slate-300"[31m
      [36m>[31m
        [36m<div[31m
          [33mclass[31m=[32m"text-slate-600 italic text-center mt-10"[31m
        [36m>[31m
          [0mWaiting for requests...[0m
        [36m</div>[31m
        [36m<div />[31m
      [36m</div>[31m
    [36m</div>[31m
    [36m<div[31m
      [33mclass[31m=[32m"lg:col-span-2 bg-slate-900 rounded-2xl border border-slate-700 flex flex-col overflow-hidden relative shadow-2xl"[31m
    [36m>[31m
      [36m<div[31m
        [33mclass[31m=[32m"absolute top-4 right-4 z-30"[31m
      [36m>[31m
        [36m<button[31m
          [33mclass[31m=[32m"flex items-center gap-2 px-3 py-1.5 rounded-full text-xs font-bold border transition-all bg-slate-800 border-slate-600 text-slate-400 hover:text-white"[31m
        [36m>[31m
          [36m<svg[31m
            [33mclass[31m=[32m"lucide lucide-eye-off w-3 h-3"[31m
            [33mfill[31m=[32m"none"[31m
            [33mheight[31m=[32m"24"[31m
            [33mstroke[31m=[32m"currentColor"[31m
            [33mstroke-linecap[31m=[32m"round"[31m
            [33mstroke-linejoin[31m=[32m"round"[31m
            [33mstroke-width[31m=[32m"2"[31m
            [33mviewBox[31m=[32m"0 0 24 24"[31m
            [33mwidth[31m=[32m"24"[31m
            [33mxmlns[31m=[32m"http://www.w3.org/2000/svg"[31m
          [36m>[31m
            [36m<path[31m
              [33md[31m=[32m"M9.88 9.88a3 3 0 1 0 4.24 4.24"[31m
            [36m/>[31m
            [36m<path[31m
              [33md[31m=[32m"M10.73 5.08A10.43 10.43 0 0 1 12 5c7 0 10 7 10 7a13.16 13.16 0 0 1-1.67 2.68"[31m
            [36m/>[31m
            [36m<path[31m
              [33md[31m=[32m"M6.61 6.61A13.526 13.526 0 0 0 2 12s3 7 10 7a9.74 9.74 0 0 0 5.39-1.61"[31m
            [36m/>[31m
            [36m<line[31m
              [33mx1[31m=[32m"2"[31m
              [33mx2[31m=[32m"22"[31m
              [33my1[31m=[32m"2"[31m
              [33my2[31m=[32m"22"[31m
            [36m/>[31m
          [36m</svg>[31m
          [0mDev Mode: OFF[0m
        [36m</button>[31m
      [36m</div>[31m
      [36m<div[31m
        [33mclass[31m=[32m"flex-1 overflow-y-auto p-6 space-y-6 custom-scrollbar bg-slate-900/50"[31m
      [36m>[31m
        [36m<div[31m
          [33mclass[31m=[32m"space-y-6"...

Ignored nodes: comments, script, style
[36m<div[31m
  [33mclass[31m=[32m"flex flex-col md:flex-row items-end justify-between mb-8 gap-6"[31m
[36m>[31m
  [36m<div[31m
    [33mclass[31m=[32m"flex items-center gap-4"[31m
  [36m>[31m
    [36m<button[31m
      [33mclass[31m=[32m"flex items-center gap-2 px-4 py-2 bg-slate-800 hover:bg-slate-700 text-white rounded-xl border border-slate-700 transition-all hover:scale-105 active:scale-95"[31m
    [36m>[31m
      [36m<svg[31m
        [33mclass[31m=[32m"lucide lucide-message-square w-4 h-4 text-orange-400"[31m
        [33mfill[31m=[32m"none"[31m
        [33mheight[31m=[32m"24"[31m
        [33mstroke[31m=[32m"currentColor"[31m
        [33mstroke-linecap[31m=[32m"round"[31m
        [33mstroke-linejoin[31m=[32m"round"[31m
        [33mstroke-width[31m=[32m"2"[31m
        [33mviewBox[31m=[32m"0 0 24 24"[31m
        [33mwidth[31m=[32m"24"[31m
        [33mxmlns[31m=[32m"http://www.w3.org/2000/svg"[31m
      [36m>[31m
        [36m<path[31m
          [33md[31m=[32m"M21 15a2 2 0 0 1-2 2H7l-4 4V5a2 2 0 0 1 2-2h14a2 2 0 0 1 2 2z"[31m
        [36m/>[31m
      [36m</svg>[31m
      [36m<span[31m
        [33mclass[31m=[32m"text-sm font-medium"[31m
      [36m>[31m
        [0mChat History[0m
      [36m</span>[31m
      [36m<span[31m
        [33mclass[31m=[32m"px-1.5 py-0.5 text-[10px] bg-orange-500 text-white rounded-full"[31m
      [36m>[31m
        [0m1[0m
      [36m</span>[31m
    [36m</button>[31m
    [36m<div>[31m
      [36m<h2[31m
        [33mclass[31m=[32m"text-3xl font-bold text-white flex items-center gap-2"[31m
      [36m>[31m
        [36m<svg[31m
          [33mclass[31m=[32m"lucide lucide-terminal text-orange-500"[31m
          [33mfill[31m=[32m"none"[31m
          [33mheight[31m=[32m"24"[31m
          [33mstroke[31m=[32m"currentColor"[31m
          [33mstroke-linecap[31m=[32m"round"[31m
          [33mstroke-linejoin[31m=[32m"round"[31m
          [33mstroke-width[31m=[32m"2"[31m
          [33mviewBox[31m=[32m"0 0 24 24"[31m
          [33mwidth[31m=[32m"24"[31m
          [33mxmlns[31m=[32m"http://www.w3.org/2000/svg"[31m
        [36m>[31m
          [36m<polyline[31m
            [33mpoints[31m=[32m"4 17 10 11 4 5"[31m
          [36m/>[31m
          [36m<line[31m
            [33mx1[31m=[32m"12"[31m
            [33mx2[31m=[32m"20"[31m
            [33my1[31m=[32m"19"[31m
            [33my2[31m=[32m"19"[31m
          [36m/>[31m
        [36m</svg>[31m
        [0m Interactive Demo[0m
      [36m</h2>[31m
      [36m<p[31m
        [33mclass[31m=[32m"text-slate-400 mt-2"[31m
      [36m>[31m
        [0mLive Situation Simulation: เธฅเธญเธเธเธ”เธเธธเนเธก Scenario เธ”เนเธฒเธเธฅเนเธฒเธเน€เธเธทเนเธญเธ”เธนเธเธฒเธฃเธ—เธณเธเธฒเธ[0m
      [36m</p>[31m
    [36m</div>[31m
  [36m</div>[31m
[36m</div>[31m

Ignored nodes: comments, script, style
[36m<div[31m
  [33mclass[31m=[32m"flex items-center gap-4"[31m
[36m>[31m
  [36m<button[31m
    [33mclass[31m=[32m"flex items-center gap-2 px-4 py-2 bg-slate-800 hover:bg-slate-700 text-white rounded-xl border border-slate-700 transition-all hover:scale-105 active:scale-95"[31m
  [36m>[31m
    [36m<svg[31m
      [33mclass[31m=[32m"lucide lucide-message-square w-4 h-4 text-orange-400"[31m
      [33mfill[31m=[32m"none"[31m
      [33mheight[31m=[32m"24"[31m
      [33mstroke[31m=[32m"currentColor"[31m
      [33mstroke-linecap[31m=[32m"round"[31m
      [33mstroke-linejoin[31m=[32m"round"[31m
      [33mstroke-width[31m=[32m"2"[31m
      [33mviewBox[31m=[32m"0 0 24 24"[31m
      [33mwidth[31m=[32m"24"[31m
      [33mxmlns[31m=[32m"http://www.w3.org/2000/svg"[31m
    [36m>[31m
      [36m<path[31m
        [33md[31m=[32m"M21 15a2 2 0 0 1-2 2H7l-4 4V5a2 2 0 0 1 2-2h14a2 2 0 0 1 2 2z"[31m
      [36m/>[31m
    [36m</svg>[31m
    [36m<span[31m
      [33mclass[31m=[32m"text-sm font-medium"[31m
    [36m>[31m
      [0mChat History[0m
    [36m</span>[31m
    [36m<span[31m
      [33mclass[31m=[32m"px-1.5 py-0.5 text-[10px] bg-orange-500 text-white rounded-full"[31m
    [36m>[31m
      [0m1[0m
    [36m</span>[31m
  [36m</button>[31m
  [36m<div>[31m
    [36m<h2[31m
      [33mclass[31m=[32m"text-3xl font-bold text-white flex items-center gap-2"[31m
    [36m>[31m
      [36m<svg[31m
        [33mclass[31m=[32m"lucide lucide-terminal text-orange-500"[31m
        [33mfill[31m=[32m"none"[31m
        [33mheight[31m=[32m"24"[31m
        [33mstroke[31m=[32m"currentColor"[31m
        [33mstroke-linecap[31m=[32m"round"[31m
        [33mstroke-linejoin[31m=[32m"round"[31m
        [33mstroke-width[31m=[32m"2"[31m
        [33mviewBox[31m=[32m"0 0 24 24"[31m
        [33mwidth[31m=[32m"24"[31m
        [33mxmlns[31m=[32m"http://www.w3.org/2000/svg"[31m
      [36m>[31m
        [36m<polyline[31m
          [33mpoints[31m=[32m"4 17 10 11 4 5"[31m
        [36m/>[31m
        [36m<line[31m
          [33mx1[31m=[32m"12"[31m
          [33mx2[31m=[32m"20"[31m
          [33my1[31m=[32m"19"[31m
          [33my2[31m=[32m"19"[31m
        [36m/>[31m
      [36m</svg>[31m
      [0m Interactive Demo[0m
    [36m</h2>[31m
    [36m<p[31m
      [33mclass[31m=[32m"text-slate-400 mt-2"[31m
    [36m>[31m
      [0mLive Situation Simulation: เธฅเธญเธเธเธ”เธเธธเนเธก Scenario เธ”เนเธฒเธเธฅเนเธฒเธเน€เธเธทเนเธญเธ”เธนเธเธฒเธฃเธ—เธณเธเธฒเธ[0m
    [36m</p>[31m
  [36m</div>[31m
[36m</div>[31m

Ignored nodes: comments, script, style
[36m<button[31m
  [33mclass[31m=[32m"flex items-center gap-2 px-4 py-2 bg-slate-800 hover:bg-slate-700 text-white rounded-xl border border-slate-700 transition-all hover:scale-105 active:scale-95"[31m
[36m>[31m
  [36m<svg[31m
    [33mclass[31m=[32m"lucide lucide-message-square w-4 h-4 text-orange-400"[31m
    [33mfill[31m=[32m"none"[31m
    [33mheight[31m=[32m"24"[31m
    [33mstroke[31m=[32m"currentColor"[31m
    [33mstroke-linecap[31m=[32m"round"[31m
    [33mstroke-linejoin[31m=[32m"round"[31m
    [33mstroke-width[31m=[32m"2"[31m
    [33mviewBox[31m=[32m"0 0 24 24"[31m
    [33mwidth[31m=[32m"24"[31m
    [33mxmlns[31m=[32m"http://www.w3.org/2000/svg"[31m
  [36m>[31m
    [36m<path[31m
      [33md[31m=[32m"M21 15a2 2 0 0 1-2 2H7l-4 4V5a2 2 0 0 1 2-2h14a2 2 0 0 1 2 2z"[31m
    [36m/>[31m
  [36m</svg>[31m
  [36m<span[31m
    [33mclass[31m=[32m"text-sm font-medium"[31m
  [36m>[31m
    [0mChat History[0m
  [36m</span>[31m
  [36m<span[31m
    [33mclass[31m=[32m"px-1.5 py-0.5 text-[10px] bg-orange-500 text-white rounded-full"[31m
  [36m>[31m
    [0m1[0m
  [36m</span>[31m
[36m</button>[31m

Ignored nodes: comments, script, style
[36m<svg[31m
  [33mclass[31m=[32m"lucide lucide-message-square w-4 h-4 text-orange-400"[31m
  [33mfill[31m=[32m"none"[31m
  [33mheight[31m=[32m"24"[31m
  [33mstroke[31m=[32m"currentColor"[31m
  [33mstroke-linecap[31m=[32m"round"[31m
  [33mstroke-linejoin[31m=[32m"round"[31m
  [33mstroke-width[31m=[32m"2"[31m
  [33mviewBox[31m=[32m"0 0 24 24"[31m
  [33mwidth[31m=[32m"24"[31m
  [33mxmlns[31m=[32m"http://www.w3.org/2000/svg"[31m
[36m>[31m
  [36m<path[31m
    [33md[31m=[32m"M21 15a2 2 0 0 1-2 2H7l-4 4V5a2 2 0 0 1 2-2h14a2 2 0 0 1 2 2z"[31m
  [36m/>[31m
[36m</svg>[31m

Ignored nodes: comments, script, style
[36m<path[31m
  [33md[31m=[32m"M21 15a2 2 0 0 1-2 2H7l-4 4V5a2 2 0 0 1 2-2h14a2 2 0 0 1 2 2z"[31m
[36m/>[31m

Ignored nodes: comments, script, style
[36m<div>[31m
  [36m<h2[31m
    [33mclass[31m=[32m"text-3xl font-bold text-white flex items-center gap-2"[31m
  [36m>[31m
    [36m<svg[31m
      [33mclass[31m=[32m"lucide lucide-terminal text-orange-500"[31m
      [33mfill[31m=[32m"none"[31m
      [33mheight[31m=[32m"24"[31m
      [33mstroke[31m=[32m"currentColor"[31m
      [33mstroke-linecap[31m=[32m"round"[31m
      [33mstroke-linejoin[31m=[32m"round"[31m
      [33mstroke-width[31m=[32m"2"[31m
      [33mviewBox[31m=[32m"0 0 24 24"[31m
      [33mwidth[31m=[32m"24"[31m
      [33mxmlns[31m=[32m"http://www.w3.org/2000/svg"[31m
    [36m>[31m
      [36m<polyline[31m
        [33mpoints[31m=[32m"4 17 10 11 4 5"[31m
      [36m/>[31m
      [36m<line[31m
        [33mx1[31m=[32m"12"[31m
        [33mx2[31m=[32m"20"[31m
        [33my1[31m=[32m"19"[31m
        [33my2[31m=[32m"19"[31m
      [36m/>[31m
    [36m</svg>[31m
    [0m Interactive Demo[0m
  [36m</h2>[31m
  [36m<p[31m
    [33mclass[31m=[32m"text-slate-400 mt-2"[31m
  [36m>[31m
    [0mLive Situation Simulation: เธฅเธญเธเธเธ”เธเธธเนเธก Scenario เธ”เนเธฒเธเธฅเนเธฒเธเน€เธเธทเนเธญเธ”เธนเธเธฒเธฃเธ—เธณเธเธฒเธ[0m
  [36m</p>[31m
[36m</div>[31m

Ignored nodes: comments, script, style
[36m<svg[31m
  [33mclass[31m=[32m"lucide lucide-terminal text-orange-500"[31m
  [33mfill[31m=[32m"none"[31m
  [33mheight[31m=[32m"24"[31m
  [33mstroke[31m=[32m"currentColor"[31m
  [33mstroke-linecap[31m=[32m"round"[31m
  [33mstroke-linejoin[31m=[32m"round"[31m
  [33mstroke-width[31m=[32m"2"[31m
  [33mviewBox[31m=[32m"0 0 24 24"[31m
  [33mwidth[31m=[32m"24"[31m
  [33mxmlns[31m=[32m"http://www.w3.org/2000/svg"[31m
[36m>[31m
  [36m<polyline[31m
    [33mpoints[31m=[32m"4 17 10 11 4 5"[31m
  [36m/>[31m
  [36m<line[31m
    [33mx1[31m=[32m"12"[31m
    [33mx2[31m=[32m"20"[31m
    [33my1[31m=[32m"19"[31m
    [33my2[31m=[32m"19"[31m
  [36m/>[31m
[36m</svg>[31m

Ignored nodes: comments, script, style
[36m<polyline[31m
  [33mpoints[31m=[32m"4 17 10 11 4 5"[31m
[36m/>[31m

Ignored nodes: comments, script, style
[36m<line[31m
  [33mx1[31m=[32m"12"[31m
  [33mx2[31m=[32m"20"[31m
  [33my1[31m=[32m"19"[31m
  [33my2[31m=[32m"19"[31m
[36m/>[31m

Ignored nodes: comments, script, style
[36m<div[31m
  [33mclass[31m=[32m"grid grid-cols-1 lg:grid-cols-3 gap-6 min-h-[600px] lg:h-[700px]"[31m
[36m>[31m
  [36m<div[31m
    [33mclass[31m=[32m"lg:col-span-1 bg-[#050911] rounded-2xl border border-slate-800 p-4 flex flex-col font-mono text-xs overflow-hidden shadow-inner"[31m
  [36m>[31m
    [36m<div[31m
      [33mclass[31m=[32m"flex items-center justify-between mb-3 border-b border-slate-800 pb-2"[31m
    [36m>[31m
      [36m<span[31m
        [33mclass[31m=[32m"text-slate-400 font-bold flex items-center gap-2"[31m
      [36m>[31m
        [36m<svg[31m
          [33mclass[31m=[32m"lucide lucide-activity w-3 h-3"[31m
          [33mfill[31m=[32m"none"[31m
          [33mheight[31m=[32m"24"[31m
          [33mstroke[31m=[32m"currentColor"[31m
          [33mstroke-linecap[31m=[32m"round"[31m
          [33mstroke-linejoin[31m=[32m"round"[31m
          [33mstroke-width[31m=[32m"2"[31m
          [33mviewBox[31m=[32m"0 0 24 24"[31m
          [33mwidth[31m=[32m"24"[31m
          [33mxmlns[31m=[32m"http://www.w3.org/2000/svg"[31m
        [36m>[31m
          [36m<path[31m
            [33md[31m=[32m"M22 12h-4l-3 9L9 3l-3 9H2"[31m
          [36m/>[31m
        [36m</svg>[31m
        [0m SYSTEM_LOGS[0m
      [36m</span>[31m
    [36m</div>[31m
    [36m<div[31m
      [33mclass[31m=[32m"flex-1 overflow-y-auto space-y-2 custom-scrollbar text-slate-300"[31m
    [36m>[31m
      [36m<div[31m
        [33mclass[31m=[32m"text-slate-600 italic text-center mt-10"[31m
      [36m>[31m
        [0mWaiting for requests...[0m
      [36m</div>[31m
      [36m<div />[31m
    [36m</div>[31m
  [36m</div>[31m
  [36m<div[31m
    [33mclass[31m=[32m"lg:col-span-2 bg-slate-900 rounded-2xl border border-slate-700 flex flex-col overflow-hidden relative shadow-2xl"[31m
  [36m>[31m
    [36m<div[31m
      [33mclass[31m=[32m"absolute top-4 right-4 z-30"[31m
    [36m>[31m
      [36m<button[31m
        [33mclass[31m=[32m"flex items-center gap-2 px-3 py-1.5 rounded-full text-xs font-bold border transition-all bg-slate-800 border-slate-600 text-slate-400 hover:text-white"[31m
      [36m>[31m
        [36m<svg[31m
          [33mclass[31m=[32m"lucide lucide-eye-off w-3 h-3"[31m
          [33mfill[31m=[32m"none"[31m
          [33mheight[31m=[32m"24"[31m
          [33mstroke[31m=[32m"currentColor"[31m
          [33mstroke-linecap[31m=[32m"round"[31m
          [33mstroke-linejoin[31m=[32m"round"[31m
          [33mstroke-width[31m=[32m"2"[31m
          [33mviewBox[31m=[32m"0 0 24 24"[31m
          [33mwidth[31m=[32m"24"[31m
          [33mxmlns[31m=[32m"http://www.w3.org/2000/svg"[31m
        [36m>[31m
          [36m<path[31m
            [33md[31m=[32m"M9.88 9.88a3 3 0 1 0 4.24 4.24"[31m
          [36m/>[31m
          [36m<path[31m
            [33md[31m=[32m"M10.73 5.08A10.43 10.43 0 0 1 12 5c7 0 10 7 10 7a13.16 13.16 0 0 1-1.67 2.68"[31m
          [36m/>[31m
          [36m<path[31m
            [33md[31m=[32m"M6.61 6.61A13.526 13.526 0 0 0 2 12s3 7 10 7a9.74 9.74 0 0 0 5.39-1.61"[31m
          [36m/>[31m
          [36m<line[31m
            [33mx1[31m=[32m"2"[31m
            [33mx2[31m=[32m"22"[31m
            [33my1[31m=[32m"2"[31m
            [33my2[31m=[32m"22"[31m
          [36m/>[31m
        [36m</svg>[31m
        [0mDev Mode: OFF[0m
      [36m</button>[31m
    [36m</div>[31m
    [36m<div[31m
      [33mclass[31m=[32m"flex-1 overflow-y-auto p-6 space-y-6 custom-scrollbar bg-slate-900/50"[31m
    [36m>[31m
      [36m<div[31m
        [33mclass[31m=[32m"space-y-6"[31m
      [36m>[31m
        [36m<div[31m
          [33mclass[31m=[32m"message-bubble flex gap-4 animate-pop-in justify-start "[31m
        [36m>[31m
          [36m<div[31m
            [33mclass[31m=[32m"w-10 h-10 rounded-xl flex items-center justify-center shrink-0 shadow-lg bg-gradient-to-br from-blue-600 to-purple-600"[31m
          [36m>[31m
            [36m<svg[31m
              [33mclass[31m=[32m"lucide lucide-bot w-6 h-6 text-white"[31m
              [33mfill[31m=[32m"none"[31m
              [33mheight[31m=[32m"24"[31m
              [33mstroke[31m=[32m"currentColor"[31m
              [33mstroke-linecap[31m=[32m"round"[31m
              [33mstroke-linejoin[31m=[32m"round"[31m
              [33mstroke-width[31m=[32m"2"[31m
              [33mviewBox[31m=[32m"0 0 24 24"[31m
              [33mwidth[31m=[32m"24"[31m
              [33mxmlns[31m=[32m"http://www.w3.org/2000/svg"[31m
            [36m>[31m
              [36m<path[31m
                [33md[31m=[32m"M12 8V4H8"[31m
              [36m/>[31m
              [36m<rect[31m
                [33mheight[31m=[32m"12"[31m
                [33mrx[31m=[32m"2"[31m
                [33mwidth[31m=[32m"16"[31m
                [33mx[31m=[32m"4"[31m
                [33my[31m=[32m"8"[31m
              [36m/>[31m
              [36m<path[31m
                [33md[31m=[32m"M2 14h2"[31m
              [36m/>[31m
              [36m<path[31m
                [33md[31m=[32m"M20 14h2"[31m
              [36m/>[31m
              [36m<path[31m
                [33md[31m=[32m"M15 13v2"[31m
              [36m/>[31m
              [36m<path[31m
                [33md[31m=[32m"M9 13v2"[31m
              [36m/>[31m
            [36m</svg>[31m
          [36m</div>[31m
          [36m<div[31m
            [33mclass[31m=[32m"max-w-[85%]"[31m
          [36m>[31m
            [36m<div[31m
              [33mclass[31m=[32m"p-4 rounded-2xl text-sm leading-relaxed shadow-sm overflow-hidden bg-slate-800 border border-slate-700 text-slate-200 rounded-tl-none"[31m
            [36m>[31m
              [36m<div[31m
                [33mclass[31m=[32m"whitespace-pre-line"[31m
              [36m>[31m
                [0mเธชเธงเธฑเธชเธ”เธตเธเธฃเธฑเธ เธเธกเธเธทเธญ AI Helpdesk เธชเธณเธซเธฃเธฑเธ Mango Consultant เธเธฃเนเธญเธกเธเนเธงเธขเน€เธซเธฅเธทเธญเธเธฃเธฑเธ (เธฃเธฐเธเธเธเธณเธฅเธญเธ)[0m
              [36m</div>[31m
            [36m</div>[31m
          [36m</div>[31m
        [36m</div>[31m
      [36m</div>[31m
      [36m<div />[31m
    [36m</div>[31m
    [36m<div[31m
      [33mclass[31m=[32m"p-4 bg-slate-800 border-t border-slate-700 z-20"[31m
    [36m>[31m
      [36m<div[31m
        [33mclass[31m=[32m"flex gap-2 mb-3 overflow-x-auto pb-1"[31m
      [36m>[31m
        [36m<button[31m
          [33mclass[31m=[32m"whitespace-nowrap px-3 py-1 text-xs bg-slate-700 hover:bg-slate-600 text-white rounded-full border border-slate-600 transition-colors flex items-center gap-1 hover:scale-105 active:scale-95"[31m
        [36m>[31m
          [36m<svg[31m
            [33mclass[31m=[32m"lucide lucide-zap w-3 h-3 text-orange-400"[31m
            [33mfill[31m=[32m"none"[31m
            [33mheight[31m=[32m"24"[31m
   ...

Ignored nodes: comments, script, style
[36m<div[31m
  [33mclass[31m=[32m"lg:col-span-1 bg-[#050911] rounded-2xl border border-slate-800 p-4 flex flex-col font-mono text-xs overflow-hidden shadow-inner"[31m
[36m>[31m
  [36m<div[31m
    [33mclass[31m=[32m"flex items-center justify-between mb-3 border-b border-slate-800 pb-2"[31m
  [36m>[31m
    [36m<span[31m
      [33mclass[31m=[32m"text-slate-400 font-bold flex items-center gap-2"[31m
    [36m>[31m
      [36m<svg[31m
        [33mclass[31m=[32m"lucide lucide-activity w-3 h-3"[31m
        [33mfill[31m=[32m"none"[31m
        [33mheight[31m=[32m"24"[31m
        [33mstroke[31m=[32m"currentColor"[31m
        [33mstroke-linecap[31m=[32m"round"[31m
        [33mstroke-linejoin[31m=[32m"round"[31m
        [33mstroke-width[31m=[32m"2"[31m
        [33mviewBox[31m=[32m"0 0 24 24"[31m
        [33mwidth[31m=[32m"24"[31m
        [33mxmlns[31m=[32m"http://www.w3.org/2000/svg"[31m
      [36m>[31m
        [36m<path[31m
          [33md[31m=[32m"M22 12h-4l-3 9L9 3l-3 9H2"[31m
        [36m/>[31m
      [36m</svg>[31m
      [0m SYSTEM_LOGS[0m
    [36m</span>[31m
  [36m</div>[31m
  [36m<div[31m
    [33mclass[31m=[32m"flex-1 overflow-y-auto space-y-2 custom-scrollbar text-slate-300"[31m
  [36m>[31m
    [36m<div[31m
      [33mclass[31m=[32m"text-slate-600 italic text-center mt-10"[31m
    [36m>[31m
      [0mWaiting for requests...[0m
    [36m</div>[31m
    [36m<div />[31m
  [36m</div>[31m
[36m</div>[31m

Ignored nodes: comments, script, style
[36m<div[31m
  [33mclass[31m=[32m"flex items-center justify-between mb-3 border-b border-slate-800 pb-2"[31m
[36m>[31m
  [36m<span[31m
    [33mclass[31m=[32m"text-slate-400 font-bold flex items-center gap-2"[31m
  [36m>[31m
    [36m<svg[31m
      [33mclass[31m=[32m"lucide lucide-activity w-3 h-3"[31m
      [33mfill[31m=[32m"none"[31m
      [33mheight[31m=[32m"24"[31m
      [33mstroke[31m=[32m"currentColor"[31m
      [33mstroke-linecap[31m=[32m"round"[31m
      [33mstroke-linejoin[31m=[32m"round"[31m
      [33mstroke-width[31m=[32m"2"[31m
      [33mviewBox[31m=[32m"0 0 24 24"[31m
      [33mwidth[31m=[32m"24"[31m
      [33mxmlns[31m=[32m"http://www.w3.org/2000/svg"[31m
    [36m>[31m
      [36m<path[31m
        [33md[31m=[32m"M22 12h-4l-3 9L9 3l-3 9H2"[31m
      [36m/>[31m
    [36m</svg>[31m
    [0m SYSTEM_LOGS[0m
  [36m</span>[31m
[36m</div>[31m

Ignored nodes: comments, script, style
[36m<svg[31m
  [33mclass[31m=[32m"lucide lucide-activity w-3 h-3"[31m
  [33mfill[31m=[32m"none"[31m
  [33mheight[31m=[32m"24"[31m
  [33mstroke[31m=[32m"currentColor"[31m
  [33mstroke-linecap[31m=[32m"round"[31m
  [33mstroke-linejoin[31m=[32m"round"[31m
  [33mstroke-width[31m=[32m"2"[31m
  [33mviewBox[31m=[32m"0 0 24 24"[31m
  [33mwidth[31m=[32m"24"[31m
  [33mxmlns[31m=[32m"http://www.w3.org/2000/svg"[31m
[36m>[31m
  [36m<path[31m
    [33md[31m=[32m"M22 12h-4l-3 9L9 3l-3 9H2"[31m
  [36m/>[31m
[36m</svg>[31m

Ignored nodes: comments, script, style
[36m<path[31m
  [33md[31m=[32m"M22 12h-4l-3 9L9 3l-3 9H2"[31m
[36m/>[31m

Ignored nodes: comments, script, style
[36m<div[31m
  [33mclass[31m=[32m"flex-1 overflow-y-auto space-y-2 custom-scrollbar text-slate-300"[31m
[36m>[31m
  [36m<div[31m
    [33mclass[31m=[32m"text-slate-600 italic text-center mt-10"[31m
  [36m>[31m
    [0mWaiting for requests...[0m
  [36m</div>[31m
  [36m<div />[31m
[36m</div>[31m

Ignored nodes: comments, script, style
[36m<div />[31m

Ignored nodes: comments, script, style
[36m<div[31m
  [33mclass[31m=[32m"lg:col-span-2 bg-slate-900 rounded-2xl border border-slate-700 flex flex-col overflow-hidden relative shadow-2xl"[31m
[36m>[31m
  [36m<div[31m
    [33mclass[31m=[32m"absolute top-4 right-4 z-30"[31m
  [36m>[31m
    [36m<button[31m
      [33mclass[31m=[32m"flex items-center gap-2 px-3 py-1.5 rounded-full text-xs font-bold border transition-all bg-slate-800 border-slate-600 text-slate-400 hover:text-white"[31m
    [36m>[31m
      [36m<svg[31m
        [33mclass[31m=[32m"lucide lucide-eye-off w-3 h-3"[31m
        [33mfill[31m=[32m"none"[31m
        [33mheight[31m=[32m"24"[31m
        [33mstroke[31m=[32m"currentColor"[31m
        [33mstroke-linecap[31m=[32m"round"[31m
        [33mstroke-linejoin[31m=[32m"round"[31m
        [33mstroke-width[31m=[32m"2"[31m
        [33mviewBox[31m=[32m"0 0 24 24"[31m
        [33mwidth[31m=[32m"24"[31m
        [33mxmlns[31m=[32m"http://www.w3.org/2000/svg"[31m
      [36m>[31m
        [36m<path[31m
          [33md[31m=[32m"M9.88 9.88a3 3 0 1 0 4.24 4.24"[31m
        [36m/>[31m
        [36m<path[31m
          [33md[31m=[32m"M10.73 5.08A10.43 10.43 0 0 1 12 5c7 0 10 7 10 7a13.16 13.16 0 0 1-1.67 2.68"[31m
        [36m/>[31m
        [36m<path[31m
          [33md[31m=[32m"M6.61 6.61A13.526 13.526 0 0 0 2 12s3 7 10 7a9.74 9.74 0 0 0 5.39-1.61"[31m
        [36m/>[31m
        [36m<line[31m
          [33mx1[31m=[32m"2"[31m
          [33mx2[31m=[32m"22"[31m
          [33my1[31m=[32m"2"[31m
          [33my2[31m=[32m"22"[31m
        [36m/>[31m
      [36m</svg>[31m
      [0mDev Mode: OFF[0m
    [36m</button>[31m
  [36m</div>[31m
  [36m<div[31m
    [33mclass[31m=[32m"flex-1 overflow-y-auto p-6 space-y-6 custom-scrollbar bg-slate-900/50"[31m
  [36m>[31m
    [36m<div[31m
      [33mclass[31m=[32m"space-y-6"[31m
    [36m>[31m
      [36m<div[31m
        [33mclass[31m=[32m"message-bubble flex gap-4 animate-pop-in justify-start "[31m
      [36m>[31m
        [36m<div[31m
          [33mclass[31m=[32m"w-10 h-10 rounded-xl flex items-center justify-center shrink-0 shadow-lg bg-gradient-to-br from-blue-600 to-purple-600"[31m
        [36m>[31m
          [36m<svg[31m
            [33mclass[31m=[32m"lucide lucide-bot w-6 h-6 text-white"[31m
            [33mfill[31m=[32m"none"[31m
            [33mheight[31m=[32m"24"[31m
            [33mstroke[31m=[32m"currentColor"[31m
            [33mstroke-linecap[31m=[32m"round"[31m
            [33mstroke-linejoin[31m=[32m"round"[31m
            [33mstroke-width[31m=[32m"2"[31m
            [33mviewBox[31m=[32m"0 0 24 24"[31m
            [33mwidth[31m=[32m"24"[31m
            [33mxmlns[31m=[32m"http://www.w3.org/2000/svg"[31m
          [36m>[31m
            [36m<path[31m
              [33md[31m=[32m"M12 8V4H8"[31m
            [36m/>[31m
            [36m<rect[31m
              [33mheight[31m=[32m"12"[31m
              [33mrx[31m=[32m"2"[31m
              [33mwidth[31m=[32m"16"[31m
              [33mx[31m=[32m"4"[31m
              [33my[31m=[32m"8"[31m
            [36m/>[31m
            [36m<path[31m
              [33md[31m=[32m"M2 14h2"[31m
            [36m/>[31m
            [36m<path[31m
              [33md[31m=[32m"M20 14h2"[31m
            [36m/>[31m
            [36m<path[31m
              [33md[31m=[32m"M15 13v2"[31m
            [36m/>[31m
            [36m<path[31m
              [33md[31m=[32m"M9 13v2"[31m
            [36m/>[31m
          [36m</svg>[31m
        [36m</div>[31m
        [36m<div[31m
          [33mclass[31m=[32m"max-w-[85%]"[31m
        [36m>[31m
          [36m<div[31m
            [33mclass[31m=[32m"p-4 rounded-2xl text-sm leading-relaxed shadow-sm overflow-hidden bg-slate-800 border border-slate-700 text-slate-200 rounded-tl-none"[31m
          [36m>[31m
            [36m<div[31m
              [33mclass[31m=[32m"whitespace-pre-line"[31m
            [36m>[31m
              [0mเธชเธงเธฑเธชเธ”เธตเธเธฃเธฑเธ เธเธกเธเธทเธญ AI Helpdesk เธชเธณเธซเธฃเธฑเธ Mango Consultant เธเธฃเนเธญเธกเธเนเธงเธขเน€เธซเธฅเธทเธญเธเธฃเธฑเธ (เธฃเธฐเธเธเธเธณเธฅเธญเธ)[0m
            [36m</div>[31m
          [36m</div>[31m
        [36m</div>[31m
      [36m</div>[31m
    [36m</div>[31m
    [36m<div />[31m
  [36m</div>[31m
  [36m<div[31m
    [33mclass[31m=[32m"p-4 bg-slate-800 border-t border-slate-700 z-20"[31m
  [36m>[31m
    [36m<div[31m
      [33mclass[31m=[32m"flex gap-2 mb-3 overflow-x-auto pb-1"[31m
    [36m>[31m
      [36m<button[31m
        [33mclass[31m=[32m"whitespace-nowrap px-3 py-1 text-xs bg-slate-700 hover:bg-slate-600 text-white rounded-full border border-slate-600 transition-colors flex items-center gap-1 hover:scale-105 active:scale-95"[31m
      [36m>[31m
        [36m<svg[31m
          [33mclass[31m=[32m"lucide lucide-zap w-3 h-3 text-orange-400"[31m
          [33mfill[31m=[32m"none"[31m
          [33mheight[31m=[32m"24"[31m
          [33mstroke[31m=[32m"currentColor"[31m
          [33mstroke-linecap[31m=[32m"round"[31m
          [33mstroke-linejoin[31m=[32m"round"[31m
          [33mstroke-width[31m=[32m"2"[31m
          [33mviewBox[31m=[32m"0 0 24 24"[31m
          [33mwidth[31m=[32m"24"[31m
          [33mxmlns[31m=[32m"http://www.w3.org/2000/svg"[31m
        [36m>[31m
          [36m<polygon[31m
            [33mpoints[31m=[32m"13 2 3 14 12 14 11 22 21 10 12 10 13 2"[31m
          [36m/>[31m
        [36m</svg>[31m
        [0m [0m
        [0m1. Auto-Resolve (IT)[0m
      [36m</button>[31m
      [36m<button[31m
        [33mclass[31m=[32m"whitespace-nowrap px-3 py-1 text-xs bg-slate-700 hover:bg-slate-600 text-white rounded-full border border-slate-600 transition-colors flex items-center gap-1 hover:scale-105 active:scale-95"[31m
      [36m>[31m
        [36m<svg[31m
          [33mclass[31m=[32m"lucide lucide-zap w-3 h-3 text-orange-400"[31m
          [33mfill[31m=[32m"none"[31m
          [33mheight[31m=[32m"24"[31m
          [33mstroke[31m=[32m"currentColor"[31m
          [33mstroke-linecap[31m=[32m"round"[31m
          [33mstroke-linejoin[31m=[32m"round"[31m
          [33mstroke-width[31m=[32m"2"[31m
          [33mviewBox[31m=[32m"0 0 24 24"[31m
          [33mwidth[31m=[32m"24"[31m
          [33mxmlns[31m=[32m"http://www.w3.org/2000/svg"[31m
        [36m>[31m
          [36m<polygon[31m
            [33mpoints[31m=[32m"13 2 3 14 12 14 11 22 21 10 12 10 13 2"[31m
          [36m/>[31m
        [36m</svg>[31m
        [0m [0m
        [0m2. Ticket (HR)[0m
      [36m</button>[31m
      [36m<button[31m
        [33mclass[31m=[32m"whitespace-nowrap px-3 py-1 text-xs bg-slate-700 hover:bg-slate-600 text-white rounded-full border border-slate-600 transition-colors flex items-center gap-1 hover:scale-105 active:scale-95"[31m
      [36m>[31m
        [36m<svg[31m
          [33mclass[31m=[32m"lucide lucide-zap w-3 h-3 text-orange-400"[31m
          [33mfill[31m=[32m"none"[31m
          [33mheight[31m=[32m"24"[31m
          [33mstroke[31m=[32m"currentColor"[31m
          [33mstroke-linecap[31m=[32m"round"[31m
          [33mstroke-linejoin[31m=[32m"round"[31m
          [33mstroke-width[31m=[32m"2"[31m
          [33mviewBox[31m=[32m"0 0 24 24"[31m
          [33mwidth[31m=[32m"24"[31m
          [33mxmlns[31m=[32m"http://www.w3.org/2000/svg"[31m
        [36m>[31m
          [36m<polygon[31m
            [33mpoints[31m=[32m"13 2 3 14 12 14 11 22 21 10 12 10 13 2"[31m
          [36m/>[31m
        [36m</svg>[31m
        [0m [0m
        [0m3. Safety Stop (Acc)[0m
      [36m</button>[31m
      [36m<button[31m
        [33mclass[31m=[32m"whitespace-nowrap px-3 py-1 text-xs bg-slate-700 hover:bg-slate-600 text-white rounded-full border border-slate-600 transition-colors flex items-center gap-1 hover:scale-105 active:scale-95"[31m
      [36m>[31m
        [36m<svg[31m
          [33mclass[31m=[32m"lucide lucide-zap w-3 h-3 text-orange-400"[31m
          [33mfill[31m=[32m"none"[31m
          [33mheight[31m=[32m"24"[31m
          [33mstroke[31m=[32m"currentColor"[31m
          [33mstroke-linecap[31m=[32m"round"[31m
          [33mstroke-linejoin[31m=[32m"round"[31m
          [33mstroke-width[31m=[32m"2"[31m
          [33mviewBox[31m=[32m"0 0 24 24"[31m
          [33mwidth[31m=[32m"24"[31m
          [33mxmlns[31m=[32m"http://www.w3.org/2000/svg"[31m
        [36m>[31m
          [36m<polygon[31m
            [33mpoints[31m=[32m"13 2 3 14 12 14 11 22 21 10 12 10 13 2"[31m
          [36m/>[31m
        [36m</svg>[31m
        [0m [0m
        [0m4. VPN Issue[0m
      [36m</button>[31m
      [36m<button[31m
        [33mclass[31m=[32m"whitespace-nowrap px-3 py-1 text-xs bg-slate-700 hover:bg-slate-600 text-white rounded-full border border-slate-600 transition-colors flex items-center gap-1 hover:scale-105 active:scale-95"[31m
      [36m>[31m
        [36m<svg[31m
          [33mclass[31m=[32m"lucide lucide-zap w-3 h-3 text-orange-400"[31m
          [33mfill[31m=[32m"none"[31m
          [33mheight[31m=[32m"24"[31m
          [33mstroke[31m=[32m"currentColor"[31m
          [33mstroke-linecap[31m=[32m"round"[31m
          [33mstroke-linejoin[31m=[32m"round"[31m
          [33mstroke-width[31m=[32m"2"[31m
          [33mviewBox[31m=[32m"0 0 24 24"[31m
          [33mwidth[31m=[32m"24"[31m
          [33mxmlns[31m=[32m"http://www.w3.org/2000/svg"[31m
        [36m>[31m
          [36m<polygon[31m
            [33mpoints[31m=[32m"13 2 3 14 12 14 11 22 21 10 12 10 13 2"[31m
          [36m/>[31m
        [36m</svg>[31m
        [0m [0m
        [0m5. Payslip[0m
      [36m</button>[31m
      [36m<button[31m
        [33mclass[31m=[32m"whitespace-nowrap px-3 py-1 text-xs bg-slate-700 hover:bg-slate-600 text-white rounded-full border border-slate-600 transition-colors flex items-center gap-1 hover:scale-105 active:scale-95"[31m
      [36m>[31m
        [36m<svg[31m
          [33mclass[31m=[32m"lucide lucide-zap w-3 h-3 text-orange-400"[31m
          [33mfill[31m=[32m"none"[31m
          [33mheight[31m=[32m"24"[31m
          [33mstroke[31m=[32m"currentColor"[31m
          [33mstroke-linecap[31m=[32m"round"[31m
          [33mstroke-linejoin[31m=[32m"round"[31m
          [33mstroke-width[31m=[32m"2"[31m
          [33mviewBox[31m=[32m"0 0 24 24"[31m
          [33mwidth[31m=[32m"24"[31m
          [33mxmlns[31m=[32m"http://www.w3.org/2000/svg"[31m
        [36m>[31m
          [36m<polygon[31m
            [33mpoints[31m=[32m"13 2 3 14 12 14 11 22 21 10 12 10 13 2"[31m
          [36m/>[31m
        [36m</svg>[31m
        [0m [0m
        [0m6. Expense[0m
      [36m</button>[31m
    [36m</div>[31m
    [36m<form[31m
      [33mclass[31m=[32m"relative"[31m
    [36m>[31m
      [36m<input[31m
        [33mclass[31m=[32m"w-full bg-slate-900 border border-slate-700 rounded-xl py-4 pl-6 pr-14 text-white placeholder-slate-500 focus:outline-none focus:border-orange-500 transition-colors"[31m
        [33mplaceholder[31m=[32m"เธเธดเธกเธเนเธเธณเธ–เธฒเธก... (เน€เธเนเธ เธฃเธซเธฑเธชเธเนเธฒเธเธซเธฒเธข, เธเธญเธฅเธฒเธเธฑเธเธฃเนเธญเธ)"[31m
        [33mtype[31m=[32m"text"[31m
        [33mvalue[31m=[32m""[31m
      [36m/>[31m
      [36m<button[31m
        [33maria-label[31m=[32m"Send message"[31m
        [33mclass[31m=[32m"absolute right-2 top-2 p-2 bg-orange-500 hover:bg-orange-600 rounded-lg text-white disabled:opacity-50 disabled:cursor-not-allowed transition-colors hover:scale-105 active:scale-95"[31m
        [33mdisabled[31m=[32m""[31m
        [33mtype[31m=[32m"submit"[31m
      [36m>[31m
        [36m<svg[31m
          [33mclass[31m=[32m"lucide lucide-send w-5 h-5"[31m
          [33mfill[31m=[32m"none"[31m
          [33mheight[31m=[32m"24"[31m
          [33mstroke[31m=[32m"currentColor"[31m
          [33mstroke-linecap[31m=[32m"round"[31m
          [33mstroke-linejoin[31m=[32m"round"[31m
          [33mstroke-width[31m=[32m"2"[31m
          [33mviewBox[31m=[32m"0 0 24 24"[31m
          [33mwidth[31m=[32m"24"[31m
          [33mxmlns[31m=[32m"http://www.w3.org/2000/svg"[31m
        [36m>[31m
          [36m<path[31m
            [33md[31m=[32m"m22 2-7 20-4-9-9-4Z"[31m
          [36m/>[31m
          [36m<path[31m
            [33md[31m=[32m"M22 2 11 13"[31m
          [36m/>[31m
        [36m</svg>[31m
      [36m</button>[31m
    [36m</form>[31m
    [36m<div[31m
      [33mclass[31m=[32m"flex justify-between mt-2 px-2"[31m
    [36m>[31m
      [36m<span[31m
        [33mclass[31m=[32m"text-[10px] text-slate-600"[31m
      [36m>[31m
        [0mSimulated Environment for Interview Demo[0m
      [36m</span>[31m
      [36m<button[31m
        [33mclass[31m=[32m"text-[10px] text-slate-500 hover:text-white flex items-center gap-1 disabled:opacity-50 disabled:cursor-not-allowed"[31m
      [36m>[31m
        [36m<svg[31m
          [33mclass[31m=[32m"lucide lucide-refresh-ccw w-3 h-3"[31m
          [33mfill[31m=[32m"none"[31m
          [33mheight[31m=[32m"24"[31m
          [33mstroke[31m=[32m"currentColor"[31m
          [33mstroke-linecap[31m=[32m"round"[31m
          [33mstroke-linejoin[31m=[32m"round"[31m
          [33mstroke-width[31m=[32m"2"[31m
          [33mviewBox[31m=[32m"0 0 24 24"[31m
          [33mwidth[31m=[32m"24"[31m
          [33mxmlns[31m=[32m"http://www.w3.org/2000/svg"[31m
        [36m>[31m
          [36m<path[31m
            [33md[31m=[32m"M21 12a9 9 0 0 0-9-9 9.75 9.75 0 0 0-6.74 2.74L3 8"[31m
          [36m/>[31m
          [36m<path[31m
            [33md[31m=[32m"M3 3v5h5"[31m
          [36m/>[31m
          [36m<path[31m
            [33md[31m=[32m"M3 12a9 9 0 0 0 9 9 9.75 9.75 0 0 0 6.74-2.74L21 16"[31m
          [36m/>[31m
          [36m<path[31m
            [33md[31m=[32m"M16 16h5v5"[31m
          [36m/>[31m
        [36m</svg>[31m
        [0m Reset Chat & Stats[0m
      [36m</button>[31m
    [36m</div>[31m
  [36m</div>[31m
[36m</div>[31m

Ignored nodes: comments, script, style
[36m<div[31m
  [33mclass[31m=[32m"absolute top-4 right-4 z-30"[31m
[36m>[31m
  [36m<button[31m
    [33mclass[31m=[32m"flex items-center gap-2 px-3 py-1.5 rounded-full text-xs font-bold border transition-all bg-slate-800 border-slate-600 text-slate-400 hover:text-white"[31m
  [36m>[31m
    [36m<svg[31m
      [33mclass[31m=[32m"lucide lucide-eye-off w-3 h-3"[31m
      [33mfill[31m=[32m"none"[31m
      [33mheight[31m=[32m"24"[31m
      [33mstroke[31m=[32m"currentColor"[31m
      [33mstroke-linecap[31m=[32m"round"[31m
      [33mstroke-linejoin[31m=[32m"round"[31m
      [33mstroke-width[31m=[32m"2"[31m
      [33mviewBox[31m=[32m"0 0 24 24"[31m
      [33mwidth[31m=[32m"24"[31m
      [33mxmlns[31m=[32m"http://www.w3.org/2000/svg"[31m
    [36m>[31m
      [36m<path[31m
        [33md[31m=[32m"M9.88 9.88a3 3 0 1 0 4.24 4.24"[31m
      [36m/>[31m
      [36m<path[31m
        [33md[31m=[32m"M10.73 5.08A10.43 10.43 0 0 1 12 5c7 0 10 7 10 7a13.16 13.16 0 0 1-1.67 2.68"[31m
      [36m/>[31m
      [36m<path[31m
        [33md[31m=[32m"M6.61 6.61A13.526 13.526 0 0 0 2 12s3 7 10 7a9.74 9.74 0 0 0 5.39-1.61"[31m
      [36m/>[31m
      [36m<line[31m
        [33mx1[31m=[32m"2"[31m
        [33mx2[31m=[32m"22"[31m
        [33my1[31m=[32m"2"[31m
        [33my2[31m=[32m"22"[31m
      [36m/>[31m
    [36m</svg>[31m
    [0mDev Mode: OFF[0m
  [36m</button>[31m
[36m</div>[31m

Ignored nodes: comments, script, style
[36m<svg[31m
  [33mclass[31m=[32m"lucide lucide-eye-off w-3 h-3"[31m
  [33mfill[31m=[32m"none"[31m
  [33mheight[31m=[32m"24"[31m
  [33mstroke[31m=[32m"currentColor"[31m
  [33mstroke-linecap[31m=[32m"round"[31m
  [33mstroke-linejoin[31m=[32m"round"[31m
  [33mstroke-width[31m=[32m"2"[31m
  [33mviewBox[31m=[32m"0 0 24 24"[31m
  [33mwidth[31m=[32m"24"[31m
  [33mxmlns[31m=[32m"http://www.w3.org/2000/svg"[31m
[36m>[31m
  [36m<path[31m
    [33md[31m=[32m"M9.88 9.88a3 3 0 1 0 4.24 4.24"[31m
  [36m/>[31m
  [36m<path[31m
    [33md[31m=[32m"M10.73 5.08A10.43 10.43 0 0 1 12 5c7 0 10 7 10 7a13.16 13.16 0 0 1-1.67 2.68"[31m
  [36m/>[31m
  [36m<path[31m
    [33md[31m=[32m"M6.61 6.61A13.526 13.526 0 0 0 2 12s3 7 10 7a9.74 9.74 0 0 0 5.39-1.61"[31m
  [36m/>[31m
  [36m<line[31m
    [33mx1[31m=[32m"2"[31m
    [33mx2[31m=[32m"22"[31m
    [33my1[31m=[32m"2"[31m
    [33my2[31m=[32m"22"[31m
  [36m/>[31m
[36m</svg>[31m

Ignored nodes: comments, script, style
[36m<path[31m
  [33md[31m=[32m"M9.88 9.88a3 3 0 1 0 4.24 4.24"[31m
[36m/>[31m

Ignored nodes: comments, script, style
[36m<path[31m
  [33md[31m=[32m"M10.73 5.08A10.43 10.43 0 0 1 12 5c7 0 10 7 10 7a13.16 13.16 0 0 1-1.67 2.68"[31m
[36m/>[31m

Ignored nodes: comments, script, style
[36m<path[31m
  [33md[31m=[32m"M6.61 6.61A13.526 13.526 0 0 0 2 12s3 7 10 7a9.74 9.74 0 0 0 5.39-1.61"[31m
[36m/>[31m

Ignored nodes: comments, script, style
[36m<line[31m
  [33mx1[31m=[32m"2"[31m
  [33mx2[31m=[32m"22"[31m
  [33my1[31m=[32m"2"[31m
  [33my2[31m=[32m"22"[31m
[36m/>[31m

Ignored nodes: comments, script, style
[36m<div[31m
  [33mclass[31m=[32m"flex-1 overflow-y-auto p-6 space-y-6 custom-scrollbar bg-slate-900/50"[31m
[36m>[31m
  [36m<div[31m
    [33mclass[31m=[32m"space-y-6"[31m
  [36m>[31m
    [36m<div[31m
      [33mclass[31m=[32m"message-bubble flex gap-4 animate-pop-in justify-start "[31m
    [36m>[31m
      [36m<div[31m
        [33mclass[31m=[32m"w-10 h-10 rounded-xl flex items-center justify-center shrink-0 shadow-lg bg-gradient-to-br from-blue-600 to-purple-600"[31m
      [36m>[31m
        [36m<svg[31m
          [33mclass[31m=[32m"lucide lucide-bot w-6 h-6 text-white"[31m
          [33mfill[31m=[32m"none"[31m
          [33mheight[31m=[32m"24"[31m
          [33mstroke[31m=[32m"currentColor"[31m
          [33mstroke-linecap[31m=[32m"round"[31m
          [33mstroke-linejoin[31m=[32m"round"[31m
          [33mstroke-width[31m=[32m"2"[31m
          [33mviewBox[31m=[32m"0 0 24 24"[31m
          [33mwidth[31m=[32m"24"[31m
          [33mxmlns[31m=[32m"http://www.w3.org/2000/svg"[31m
        [36m>[31m
          [36m<path[31m
            [33md[31m=[32m"M12 8V4H8"[31m
          [36m/>[31m
          [36m<rect[31m
            [33mheight[31m=[32m"12"[31m
            [33mrx[31m=[32m"2"[31m
            [33mwidth[31m=[32m"16"[31m
            [33mx[31m=[32m"4"[31m
            [33my[31m=[32m"8"[31m
          [36m/>[31m
          [36m<path[31m
            [33md[31m=[32m"M2 14h2"[31m
          [36m/>[31m
          [36m<path[31m
            [33md[31m=[32m"M20 14h2"[31m
          [36m/>[31m
          [36m<path[31m
            [33md[31m=[32m"M15 13v2"[31m
          [36m/>[31m
          [36m<path[31m
            [33md[31m=[32m"M9 13v2"[31m
          [36m/>[31m
        [36m</svg>[31m
      [36m</div>[31m
      [36m<div[31m
        [33mclass[31m=[32m"max-w-[85%]"[31m
      [36m>[31m
        [36m<div[31m
          [33mclass[31m=[32m"p-4 rounded-2xl text-sm leading-relaxed shadow-sm overflow-hidden bg-slate-800 border border-slate-700 text-slate-200 rounded-tl-none"[31m
        [36m>[31m
          [36m<div[31m
            [33mclass[31m=[32m"whitespace-pre-line"[31m
          [36m>[31m
            [0mเธชเธงเธฑเธชเธ”เธตเธเธฃเธฑเธ เธเธกเธเธทเธญ AI Helpdesk เธชเธณเธซเธฃเธฑเธ Mango Consultant เธเธฃเนเธญเธกเธเนเธงเธขเน€เธซเธฅเธทเธญเธเธฃเธฑเธ (เธฃเธฐเธเธเธเธณเธฅเธญเธ)[0m
          [36m</div>[31m
        [36m</div>[31m
      [36m</div>[31m
    [36m</div>[31m
  [36m</div>[31m
  [36m<div />[31m
[36m</div>[31m

Ignored nodes: comments, script, style
[36m<div[31m
  [33mclass[31m=[32m"space-y-6"[31m
[36m>[31m
  [36m<div[31m
    [33mclass[31m=[32m"message-bubble flex gap-4 animate-pop-in justify-start "[31m
  [36m>[31m
    [36m<div[31m
      [33mclass[31m=[32m"w-10 h-10 rounded-xl flex items-center justify-center shrink-0 shadow-lg bg-gradient-to-br from-blue-600 to-purple-600"[31m
    [36m>[31m
      [36m<svg[31m
        [33mclass[31m=[32m"lucide lucide-bot w-6 h-6 text-white"[31m
        [33mfill[31m=[32m"none"[31m
        [33mheight[31m=[32m"24"[31m
        [33mstroke[31m=[32m"currentColor"[31m
        [33mstroke-linecap[31m=[32m"round"[31m
        [33mstroke-linejoin[31m=[32m"round"[31m
        [33mstroke-width[31m=[32m"2"[31m
        [33mviewBox[31m=[32m"0 0 24 24"[31m
        [33mwidth[31m=[32m"24"[31m
        [33mxmlns[31m=[32m"http://www.w3.org/2000/svg"[31m
      [36m>[31m
        [36m<path[31m
          [33md[31m=[32m"M12 8V4H8"[31m
        [36m/>[31m
        [36m<rect[31m
          [33mheight[31m=[32m"12"[31m
          [33mrx[31m=[32m"2"[31m
          [33mwidth[31m=[32m"16"[31m
          [33mx[31m=[32m"4"[31m
          [33my[31m=[32m"8"[31m
        [36m/>[31m
        [36m<path[31m
          [33md[31m=[32m"M2 14h2"[31m
        [36m/>[31m
        [36m<path[31m
          [33md[31m=[32m"M20 14h2"[31m
        [36m/>[31m
        [36m<path[31m
          [33md[31m=[32m"M15 13v2"[31m
        [36m/>[31m
        [36m<path[31m
          [33md[31m=[32m"M9 13v2"[31m
        [36m/>[31m
      [36m</svg>[31m
    [36m</div>[31m
    [36m<div[31m
      [33mclass[31m=[32m"max-w-[85%]"[31m
    [36m>[31m
      [36m<div[31m
        [33mclass[31m=[32m"p-4 rounded-2xl text-sm leading-relaxed shadow-sm overflow-hidden bg-slate-800 border border-slate-700 text-slate-200 rounded-tl-none"[31m
      [36m>[31m
        [36m<div[31m
          [33mclass[31m=[32m"whitespace-pre-line"[31m
        [36m>[31m
          [0mเธชเธงเธฑเธชเธ”เธตเธเธฃเธฑเธ เธเธกเธเธทเธญ AI Helpdesk เธชเธณเธซเธฃเธฑเธ Mango Consultant เธเธฃเนเธญเธกเธเนเธงเธขเน€เธซเธฅเธทเธญเธเธฃเธฑเธ (เธฃเธฐเธเธเธเธณเธฅเธญเธ)[0m
        [36m</div>[31m
      [36m</div>[31m
    [36m</div>[31m
  [36m</div>[31m
[36m</div>[31m

Ignored nodes: comments, script, style
[36m<div[31m
  [33mclass[31m=[32m"message-bubble flex gap-4 animate-pop-in justify-start "[31m
[36m>[31m
  [36m<div[31m
    [33mclass[31m=[32m"w-10 h-10 rounded-xl flex items-center justify-center shrink-0 shadow-lg bg-gradient-to-br from-blue-600 to-purple-600"[31m
  [36m>[31m
    [36m<svg[31m
      [33mclass[31m=[32m"lucide lucide-bot w-6 h-6 text-white"[31m
      [33mfill[31m=[32m"none"[31m
      [33mheight[31m=[32m"24"[31m
      [33mstroke[31m=[32m"currentColor"[31m
      [33mstroke-linecap[31m=[32m"round"[31m
      [33mstroke-linejoin[31m=[32m"round"[31m
      [33mstroke-width[31m=[32m"2"[31m
      [33mviewBox[31m=[32m"0 0 24 24"[31m
      [33mwidth[31m=[32m"24"[31m
      [33mxmlns[31m=[32m"http://www.w3.org/2000/svg"[31m
    [36m>[31m
      [36m<path[31m
        [33md[31m=[32m"M12 8V4H8"[31m
      [36m/>[31m
      [36m<rect[31m
        [33mheight[31m=[32m"12"[31m
        [33mrx[31m=[32m"2"[31m
        [33mwidth[31m=[32m"16"[31m
        [33mx[31m=[32m"4"[31m
        [33my[31m=[32m"8"[31m
      [36m/>[31m
      [36m<path[31m
        [33md[31m=[32m"M2 14h2"[31m
      [36m/>[31m
      [36m<path[31m
        [33md[31m=[32m"M20 14h2"[31m
      [36m/>[31m
      [36m<path[31m
        [33md[31m=[32m"M15 13v2"[31m
      [36m/>[31m
      [36m<path[31m
        [33md[31m=[32m"M9 13v2"[31m
      [36m/>[31m
    [36m</svg>[31m
  [36m</div>[31m
  [36m<div[31m
    [33mclass[31m=[32m"max-w-[85%]"[31m
  [36m>[31m
    [36m<div[31m
      [33mclass[31m=[32m"p-4 rounded-2xl text-sm leading-relaxed shadow-sm overflow-hidden bg-slate-800 border border-slate-700 text-slate-200 rounded-tl-none"[31m
    [36m>[31m
      [36m<div[31m
        [33mclass[31m=[32m"whitespace-pre-line"[31m
      [36m>[31m
        [0mเธชเธงเธฑเธชเธ”เธตเธเธฃเธฑเธ เธเธกเธเธทเธญ AI Helpdesk เธชเธณเธซเธฃเธฑเธ Mango Consultant เธเธฃเนเธญเธกเธเนเธงเธขเน€เธซเธฅเธทเธญเธเธฃเธฑเธ (เธฃเธฐเธเธเธเธณเธฅเธญเธ)[0m
      [36m</div>[31m
    [36m</div>[31m
  [36m</div>[31m
[36m</div>[31m

Ignored nodes: comments, script, style
[36m<div[31m
  [33mclass[31m=[32m"w-10 h-10 rounded-xl flex items-center justify-center shrink-0 shadow-lg bg-gradient-to-br from-blue-600 to-purple-600"[31m
[36m>[31m
  [36m<svg[31m
    [33mclass[31m=[32m"lucide lucide-bot w-6 h-6 text-white"[31m
    [33mfill[31m=[32m"none"[31m
    [33mheight[31m=[32m"24"[31m
    [33mstroke[31m=[32m"currentColor"[31m
    [33mstroke-linecap[31m=[32m"round"[31m
    [33mstroke-linejoin[31m=[32m"round"[31m
    [33mstroke-width[31m=[32m"2"[31m
    [33mviewBox[31m=[32m"0 0 24 24"[31m
    [33mwidth[31m=[32m"24"[31m
    [33mxmlns[31m=[32m"http://www.w3.org/2000/svg"[31m
  [36m>[31m
    [36m<path[31m
      [33md[31m=[32m"M12 8V4H8"[31m
    [36m/>[31m
    [36m<rect[31m
      [33mheight[31m=[32m"12"[31m
      [33mrx[31m=[32m"2"[31m
      [33mwidth[31m=[32m"16"[31m
      [33mx[31m=[32m"4"[31m
      [33my[31m=[32m"8"[31m
    [36m/>[31m
    [36m<path[31m
      [33md[31m=[32m"M2 14h2"[31m
    [36m/>[31m
    [36m<path[31m
      [33md[31m=[32m"M20 14h2"[31m
    [36m/>[31m
    [36m<path[31m
      [33md[31m=[32m"M15 13v2"[31m
    [36m/>[31m
    [36m<path[31m
      [33md[31m=[32m"M9 13v2"[31m
    [36m/>[31m
  [36m</svg>[31m
[36m</div>[31m

Ignored nodes: comments, script, style
[36m<svg[31m
  [33mclass[31m=[32m"lucide lucide-bot w-6 h-6 text-white"[31m
  [33mfill[31m=[32m"none"[31m
  [33mheight[31m=[32m"24"[31m
  [33mstroke[31m=[32m"currentColor"[31m
  [33mstroke-linecap[31m=[32m"round"[31m
  [33mstroke-linejoin[31m=[32m"round"[31m
  [33mstroke-width[31m=[32m"2"[31m
  [33mviewBox[31m=[32m"0 0 24 24"[31m
  [33mwidth[31m=[32m"24"[31m
  [33mxmlns[31m=[32m"http://www.w3.org/2000/svg"[31m
[36m>[31m
  [36m<path[31m
    [33md[31m=[32m"M12 8V4H8"[31m
  [36m/>[31m
  [36m<rect[31m
    [33mheight[31m=[32m"12"[31m
    [33mrx[31m=[32m"2"[31m
    [33mwidth[31m=[32m"16"[31m
    [33mx[31m=[32m"4"[31m
    [33my[31m=[32m"8"[31m
  [36m/>[31m
  [36m<path[31m
    [33md[31m=[32m"M2 14h2"[31m
  [36m/>[31m
  [36m<path[31m
    [33md[31m=[32m"M20 14h2"[31m
  [36m/>[31m
  [36m<path[31m
    [33md[31m=[32m"M15 13v2"[31m
  [36m/>[31m
  [36m<path[31m
    [33md[31m=[32m"M9 13v2"[31m
  [36m/>[31m
[36m</svg>[31m

Ignored nodes: comments, script, style
[36m<path[31m
  [33md[31m=[32m"M12 8V4H8"[31m
[36m/>[31m

Ignored nodes: comments, script, style
[36m<rect[31m
  [33mheight[31m=[32m"12"[31m
  [33mrx[31m=[32m"2"[31m
  [33mwidth[31m=[32m"16"[31m
  [33mx[31m=[32m"4"[31m
  [33my[31m=[32m"8"[31m
[36m/>[31m

Ignored nodes: comments, script, style
[36m<path[31m
  [33md[31m=[32m"M2 14h2"[31m
[36m/>[31m

Ignored nodes: comments, script, style
[36m<path[31m
  [33md[31m=[32m"M20 14h2"[31m
[36m/>[31m

Ignored nodes: comments, script, style
[36m<path[31m
  [33md[31m=[32m"M15 13v2"[31m
[36m/>[31m

Ignored nodes: comments, script, style
[36m<path[31m
  [33md[31m=[32m"M9 13v2"[31m
[36m/>[31m

Ignored nodes: comments, script, style
[36m<div[31m
  [33mclass[31m=[32m"max-w-[85%]"[31m
[36m>[31m
  [36m<div[31m
    [33mclass[31m=[32m"p-4 rounded-2xl text-sm leading-relaxed shadow-sm overflow-hidden bg-slate-800 border border-slate-700 text-slate-200 rounded-tl-none"[31m
  [36m>[31m
    [36m<div[31m
      [33mclass[31m=[32m"whitespace-pre-line"[31m
    [36m>[31m
      [0mเธชเธงเธฑเธชเธ”เธตเธเธฃเธฑเธ เธเธกเธเธทเธญ AI Helpdesk เธชเธณเธซเธฃเธฑเธ Mango Consultant เธเธฃเนเธญเธกเธเนเธงเธขเน€เธซเธฅเธทเธญเธเธฃเธฑเธ (เธฃเธฐเธเธเธเธณเธฅเธญเธ)[0m
    [36m</div>[31m
  [36m</div>[31m
[36m</div>[31m

Ignored nodes: comments, script, style
[36m<div[31m
  [33mclass[31m=[32m"p-4 rounded-2xl text-sm leading-relaxed shadow-sm overflow-hidden bg-slate-800 border border-slate-700 text-slate-200 rounded-tl-none"[31m
[36m>[31m
  [36m<div[31m
    [33mclass[31m=[32m"whitespace-pre-line"[31m
  [36m>[31m
    [0mเธชเธงเธฑเธชเธ”เธตเธเธฃเธฑเธ เธเธกเธเธทเธญ AI Helpdesk เธชเธณเธซเธฃเธฑเธ Mango Consultant เธเธฃเนเธญเธกเธเนเธงเธขเน€เธซเธฅเธทเธญเธเธฃเธฑเธ (เธฃเธฐเธเธเธเธณเธฅเธญเธ)[0m
  [36m</div>[31m
[36m</div>[31m

Ignored nodes: comments, script, style
[36m<div />[31m

Ignored nodes: comments, script, style
[36m<div[31m
  [33mclass[31m=[32m"p-4 bg-slate-800 border-t border-slate-700 z-20"[31m
[36m>[31m
  [36m<div[31m
    [33mclass[31m=[32m"flex gap-2 mb-3 overflow-x-auto pb-1"[31m
  [36m>[31m
    [36m<button[31m
      [33mclass[31m=[32m"whitespace-nowrap px-3 py-1 text-xs bg-slate-700 hover:bg-slate-600 text-white rounded-full border border-slate-600 transition-colors flex items-center gap-1 hover:scale-105 active:scale-95"[31m
    [36m>[31m
      [36m<svg[31m
        [33mclass[31m=[32m"lucide lucide-zap w-3 h-3 text-orange-400"[31m
        [33mfill[31m=[32m"none"[31m
        [33mheight[31m=[32m"24"[31m
        [33mstroke[31m=[32m"currentColor"[31m
        [33mstroke-linecap[31m=[32m"round"[31m
        [33mstroke-linejoin[31m=[32m"round"[31m
        [33mstroke-width[31m=[32m"2"[31m
        [33mviewBox[31m=[32m"0 0 24 24"[31m
        [33mwidth[31m=[32m"24"[31m
        [33mxmlns[31m=[32m"http://www.w3.org/2000/svg"[31m
      [36m>[31m
        [36m<polygon[31m
          [33mpoints[31m=[32m"13 2 3 14 12 14 11 22 21 10 12 10 13 2"[31m
        [36m/>[31m
      [36m</svg>[31m
      [0m [0m
      [0m1. Auto-Resolve (IT)[0m
    [36m</button>[31m
    [36m<button[31m
      [33mclass[31m=[32m"whitespace-nowrap px-3 py-1 text-xs bg-slate-700 hover:bg-slate-600 text-white rounded-full border border-slate-600 transition-colors flex items-center gap-1 hover:scale-105 active:scale-95"[31m
    [36m>[31m
      [36m<svg[31m
        [33mclass[31m=[32m"lucide lucide-zap w-3 h-3 text-orange-400"[31m
        [33mfill[31m=[32m"none"[31m
        [33mheight[31m=[32m"24"[31m
        [33mstroke[31m=[32m"currentColor"[31m
        [33mstroke-linecap[31m=[32m"round"[31m
        [33mstroke-linejoin[31m=[32m"round"[31m
        [33mstroke-width[31m=[32m"2"[31m
        [33mviewBox[31m=[32m"0 0 24 24"[31m
        [33mwidth[31m=[32m"24"[31m
        [33mxmlns[31m=[32m"http://www.w3.org/2000/svg"[31m
      [36m>[31m
        [36m<polygon[31m
          [33mpoints[31m=[32m"13 2 3 14 12 14 11 22 21 10 12 10 13 2"[31m
        [36m/>[31m
      [36m</svg>[31m
      [0m [0m
      [0m2. Ticket (HR)[0m
    [36m</button>[31m
    [36m<button[31m
      [33mclass[31m=[32m"whitespace-nowrap px-3 py-1 text-xs bg-slate-700 hover:bg-slate-600 text-white rounded-full border border-slate-600 transition-colors flex items-center gap-1 hover:scale-105 active:scale-95"[31m
    [36m>[31m
      [36m<svg[31m
        [33mclass[31m=[32m"lucide lucide-zap w-3 h-3 text-orange-400"[31m
        [33mfill[31m=[32m"none"[31m
        [33mheight[31m=[32m"24"[31m
        [33mstroke[31m=[32m"currentColor"[31m
        [33mstroke-linecap[31m=[32m"round"[31m
        [33mstroke-linejoin[31m=[32m"round"[31m
        [33mstroke-width[31m=[32m"2"[31m
        [33mviewBox[31m=[32m"0 0 24 24"[31m
        [33mwidth[31m=[32m"24"[31m
        [33mxmlns[31m=[32m"http://www.w3.org/2000/svg"[31m
      [36m>[31m
        [36m<polygon[31m
          [33mpoints[31m=[32m"13 2 3 14 12 14 11 22 21 10 12 10 13 2"[31m
        [36m/>[31m
      [36m</svg>[31m
      [0m [0m
      [0m3. Safety Stop (Acc)[0m
    [36m</button>[31m
    [36m<button[31m
      [33mclass[31m=[32m"whitespace-nowrap px-3 py-1 text-xs bg-slate-700 hover:bg-slate-600 text-white rounded-full border border-slate-600 transition-colors flex items-center gap-1 hover:scale-105 active:scale-95"[31m
    [36m>[31m
      [36m<svg[31m
        [33mclass[31m=[32m"lucide lucide-zap w-3 h-3 text-orange-400"[31m
        [33mfill[31m=[32m"none"[31m
        [33mheight[31m=[32m"24"[31m
        [33mstroke[31m=[32m"currentColor"[31m
        [33mstroke-linecap[31m=[32m"round"[31m
        [33mstroke-linejoin[31m=[32m"round"[31m
        [33mstroke-width[31m=[32m"2"[31m
        [33mviewBox[31m=[32m"0 0 24 24"[31m
        [33mwidth[31m=[32m"24"[31m
        [33mxmlns[31m=[32m"http://www.w3.org/2000/svg"[31m
      [36m>[31m
        [36m<polygon[31m
          [33mpoints[31m=[32m"13 2 3 14 12 14 11 22 21 10 12 10 13 2"[31m
        [36m/>[31m
      [36m</svg>[31m
      [0m [0m
      [0m4. VPN Issue[0m
    [36m</button>[31m
    [36m<button[31m
      [33mclass[31m=[32m"whitespace-nowrap px-3 py-1 text-xs bg-slate-700 hover:bg-slate-600 text-white rounded-full border border-slate-600 transition-colors flex items-center gap-1 hover:scale-105 active:scale-95"[31m
    [36m>[31m
      [36m<svg[31m
        [33mclass[31m=[32m"lucide lucide-zap w-3 h-3 text-orange-400"[31m
        [33mfill[31m=[32m"none"[31m
        [33mheight[31m=[32m"24"[31m
        [33mstroke[31m=[32m"currentColor"[31m
        [33mstroke-linecap[31m=[32m"round"[31m
        [33mstroke-linejoin[31m=[32m"round"[31m
        [33mstroke-width[31m=[32m"2"[31m
        [33mviewBox[31m=[32m"0 0 24 24"[31m
        [33mwidth[31m=[32m"24"[31m
        [33mxmlns[31m=[32m"http://www.w3.org/2000/svg"[31m
      [36m>[31m
        [36m<polygon[31m
          [33mpoints[31m=[32m"13 2 3 14 12 14 11 22 21 10 12 10 13 2"[31m
        [36m/>[31m
      [36m</svg>[31m
      [0m [0m
      [0m5. Payslip[0m
    [36m</button>[31m
    [36m<button[31m
      [33mclass[31m=[32m"whitespace-nowrap px-3 py-1 text-xs bg-slate-700 hover:bg-slate-600 text-white rounded-full border border-slate-600 transition-colors flex items-center gap-1 hover:scale-105 active:scale-95"[31m
    [36m>[31m
      [36m<svg[31m
        [33mclass[31m=[32m"lucide lucide-zap w-3 h-3 text-orange-400"[31m
        [33mfill[31m=[32m"none"[31m
        [33mheight[31m=[32m"24"[31m
        [33mstroke[31m=[32m"currentColor"[31m
        [33mstroke-linecap[31m=[32m"round"[31m
        [33mstroke-linejoin[31m=[32m"round"[31m
        [33mstroke-width[31m=[32m"2"[31m
        [33mviewBox[31m=[32m"0 0 24 24"[31m
        [33mwidth[31m=[32m"24"[31m
        [33mxmlns[31m=[32m"http://www.w3.org/2000/svg"[31m
      [36m>[31m
        [36m<polygon[31m
          [33mpoints[31m=[32m"13 2 3 14 12 14 11 22 21 10 12 10 13 2"[31m
        [36m/>[31m
      [36m</svg>[31m
      [0m [0m
      [0m6. Expense[0m
    [36m</button>[31m
  [36m</div>[31m
  [36m<form[31m
    [33mclass[31m=[32m"relative"[31m
  [36m>[31m
    [36m<input[31m
      [33mclass[31m=[32m"w-full bg-slate-900 border border-slate-700 rounded-xl py-4 pl-6 pr-14 text-white placeholder-slate-500 focus:outline-none focus:border-orange-500 transition-colors"[31m
      [33mplaceholder[31m=[32m"เธเธดเธกเธเนเธเธณเธ–เธฒเธก... (เน€เธเนเธ เธฃเธซเธฑเธชเธเนเธฒเธเธซเธฒเธข, เธเธญเธฅเธฒเธเธฑเธเธฃเนเธญเธ)"[31m
      [33mtype[31m=[32m"text"[31m
      [33mvalue[31m=[32m""[31m
    [36m/>[31m
    [36m<button[31m
      [33maria-label[31m=[32m"Send message"[31m
      [33mclass[31m=[32m"absolute right-2 top-2 p-2 bg-orange-500 hover:bg-orange-600 rounded-lg text-white disabled:opacity-50 disabled:cursor-not-allowed transition-colors hover:scale-105 active:scale-95"[31m
      [33mdisabled[31m=[32m""[31m
      [33mtype[31m=[32m"submit"[31m
    [36m>[31m
      [36m<svg[31m
        [33mclass[31m=[32m"lucide lucide-send w-5 h-5"[31m
        [33mfill[31m=[32m"none"[31m
        [33mheight[31m=[32m"24"[31m
        [33mstroke[31m=[32m"currentColor"[31m
        [33mstroke-linecap[31m=[32m"round"[31m
        [33mstroke-linejoin[31m=[32m"round"[31m
        [33mstroke-width[31m=[32m"2"[31m
        [33mviewBox[31m=[32m"0 0 24 24"[31m
        [33mwidth[31m=[32m"24"[31m
        [33mxmlns[31m=[32m"http://www.w3.org/2000/svg"[31m
      [36m>[31m
        [36m<path[31m
          [33md[31m=[32m"m22 2-7 20-4-9-9-4Z"[31m
        [36m/>[31m
        [36m<path[31m
          [33md[31m=[32m"M22 2 11 13"[31m
        [36m/>[31m
      [36m</svg>[31m
    [36m</button>[31m
  [36m</form>[31m
  [36m<div[31m
    [33mclass[31m=[32m"flex justify-between mt-2 px-2"[31m
  [36m>[31m
    [36m<span[31m
      [33mclass[31m=[32m"text-[10px] text-slate-600"[31m
    [36m>[31m
      [0mSimulated Environment for Interview Demo[0m
    [36m</span>[31m
    [36m<button[31m
      [33mclass[31m=[32m"text-[10px] text-slate-500 hover:text-white flex items-center gap-1 disabled:opacity-50 disabled:cursor-not-allowed"[31m
    [36m>[31m
      [36m<svg[31m
        [33mclass[31m=[32m"lucide lucide-refresh-ccw w-3 h-3"[31m
        [33mfill[31m=[32m"none"[31m
        [33mheight[31m=[32m"24"[31m
        [33mstroke[31m=[32m"currentColor"[31m
        [33mstroke-linecap[31m=[32m"round"[31m
        [33mstroke-linejoin[31m=[32m"round"[31m
        [33mstroke-width[31m=[32m"2"[31m
        [33mviewBox[31m=[32m"0 0 24 24"[31m
        [33mwidth[31m=[32m"24"[31m
        [33mxmlns[31m=[32m"http://www.w3.org/2000/svg"[31m
      [36m>[31m
        [36m<path[31m
          [33md[31m=[32m"M21 12a9 9 0 0 0-9-9 9.75 9.75 0 0 0-6.74 2.74L3 8"[31m
        [36m/>[31m
        [36m<path[31m
          [33md[31m=[32m"M3 3v5h5"[31m
        [36m/>[31m
        [36m<path[31m
          [33md[31m=[32m"M3 12a9 9 0 0 0 9 9 9.75 9.75 0 0 0 6.74-2.74L21 16"[31m
        [36m/>[31m
        [36m<path[31m
          [33md[31m=[32m"M16 16h5v5"[31m
        [36m/>[31m
      [36m</svg>[31m
      [0m Reset Chat & Stats[0m
    [36m</button>[31m
  [36m</div>[31m
[36m</div>[31m

Ignored nodes: comments, script, style
[36m<div[31m
  [33mclass[31m=[32m"flex gap-2 mb-3 overflow-x-auto pb-1"[31m
[36m>[31m
  [36m<button[31m
    [33mclass[31m=[32m"whitespace-nowrap px-3 py-1 text-xs bg-slate-700 hover:bg-slate-600 text-white rounded-full border border-slate-600 transition-colors flex items-center gap-1 hover:scale-105 active:scale-95"[31m
  [36m>[31m
    [36m<svg[31m
      [33mclass[31m=[32m"lucide lucide-zap w-3 h-3 text-orange-400"[31m
      [33mfill[31m=[32m"none"[31m
      [33mheight[31m=[32m"24"[31m
      [33mstroke[31m=[32m"currentColor"[31m
      [33mstroke-linecap[31m=[32m"round"[31m
      [33mstroke-linejoin[31m=[32m"round"[31m
      [33mstroke-width[31m=[32m"2"[31m
      [33mviewBox[31m=[32m"0 0 24 24"[31m
      [33mwidth[31m=[32m"24"[31m
      [33mxmlns[31m=[32m"http://www.w3.org/2000/svg"[31m
    [36m>[31m
      [36m<polygon[31m
        [33mpoints[31m=[32m"13 2 3 14 12 14 11 22 21 10 12 10 13 2"[31m
      [36m/>[31m
    [36m</svg>[31m
    [0m [0m
    [0m1. Auto-Resolve (IT)[0m
  [36m</button>[31m
  [36m<button[31m
    [33mclass[31m=[32m"whitespace-nowrap px-3 py-1 text-xs bg-slate-700 hover:bg-slate-600 text-white rounded-full border border-slate-600 transition-colors flex items-center gap-1 hover:scale-105 active:scale-95"[31m
  [36m>[31m
    [36m<svg[31m
      [33mclass[31m=[32m"lucide lucide-zap w-3 h-3 text-orange-400"[31m
      [33mfill[31m=[32m"none"[31m
      [33mheight[31m=[32m"24"[31m
      [33mstroke[31m=[32m"currentColor"[31m
      [33mstroke-linecap[31m=[32m"round"[31m
      [33mstroke-linejoin[31m=[32m"round"[31m
      [33mstroke-width[31m=[32m"2"[31m
      [33mviewBox[31m=[32m"0 0 24 24"[31m
      [33mwidth[31m=[32m"24"[31m
      [33mxmlns[31m=[32m"http://www.w3.org/2000/svg"[31m
    [36m>[31m
      [36m<polygon[31m
        [33mpoints[31m=[32m"13 2 3 14 12 14 11 22 21 10 12 10 13 2"[31m
      [36m/>[31m
    [36m</svg>[31m
    [0m [0m
    [0m2. Ticket (HR)[0m
  [36m</button>[31m
  [36m<button[31m
    [33mclass[31m=[32m"whitespace-nowrap px-3 py-1 text-xs bg-slate-700 hover:bg-slate-600 text-white rounded-full border border-slate-600 transition-colors flex items-center gap-1 hover:scale-105 active:scale-95"[31m
  [36m>[31m
    [36m<svg[31m
      [33mclass[31m=[32m"lucide lucide-zap w-3 h-3 text-orange-400"[31m
      [33mfill[31m=[32m"none"[31m
      [33mheight[31m=[32m"24"[31m
      [33mstroke[31m=[32m"currentColor"[31m
      [33mstroke-linecap[31m=[32m"round"[31m
      [33mstroke-linejoin[31m=[32m"round"[31m
      [33mstroke-width[31m=[32m"2"[31m
      [33mviewBox[31m=[32m"0 0 24 24"[31m
      [33mwidth[31m=[32m"24"[31m
      [33mxmlns[31m=[32m"http://www.w3.org/2000/svg"[31m
    [36m>[31m
      [36m<polygon[31m
        [33mpoints[31m=[32m"13 2 3 14 12 14 11 22 21 10 12 10 13 2"[31m
      [36m/>[31m
    [36m</svg>[31m
    [0m [0m
    [0m3. Safety Stop (Acc)[0m
  [36m</button>[31m
  [36m<button[31m
    [33mclass[31m=[32m"whitespace-nowrap px-3 py-1 text-xs bg-slate-700 hover:bg-slate-600 text-white rounded-full border border-slate-600 transition-colors flex items-center gap-1 hover:scale-105 active:scale-95"[31m
  [36m>[31m
    [36m<svg[31m
      [33mclass[31m=[32m"lucide lucide-zap w-3 h-3 text-orange-400"[31m
      [33mfill[31m=[32m"none"[31m
      [33mheight[31m=[32m"24"[31m
      [33mstroke[31m=[32m"currentColor"[31m
      [33mstroke-linecap[31m=[32m"round"[31m
      [33mstroke-linejoin[31m=[32m"round"[31m
      [33mstroke-width[31m=[32m"2"[31m
      [33mviewBox[31m=[32m"0 0 24 24"[31m
      [33mwidth[31m=[32m"24"[31m
      [33mxmlns[31m=[32m"http://www.w3.org/2000/svg"[31m
    [36m>[31m
      [36m<polygon[31m
        [33mpoints[31m=[32m"13 2 3 14 12 14 11 22 21 10 12 10 13 2"[31m
      [36m/>[31m
    [36m</svg>[31m
    [0m [0m
    [0m4. VPN Issue[0m
  [36m</button>[31m
  [36m<button[31m
    [33mclass[31m=[32m"whitespace-nowrap px-3 py-1 text-xs bg-slate-700 hover:bg-slate-600 text-white rounded-full border border-slate-600 transition-colors flex items-center gap-1 hover:scale-105 active:scale-95"[31m
  [36m>[31m
    [36m<svg[31m
      [33mclass[31m=[32m"lucide lucide-zap w-3 h-3 text-orange-400"[31m
      [33mfill[31m=[32m"none"[31m
      [33mheight[31m=[32m"24"[31m
      [33mstroke[31m=[32m"currentColor"[31m
      [33mstroke-linecap[31m=[32m"round"[31m
      [33mstroke-linejoin[31m=[32m"round"[31m
      [33mstroke-width[31m=[32m"2"[31m
      [33mviewBox[31m=[32m"0 0 24 24"[31m
      [33mwidth[31m=[32m"24"[31m
      [33mxmlns[31m=[32m"http://www.w3.org/2000/svg"[31m
    [36m>[31m
      [36m<polygon[31m
        [33mpoints[31m=[32m"13 2 3 14 12 14 11 22 21 10 12 10 13 2"[31m
      [36m/>[31m
    [36m</svg>[31m
    [0m [0m
    [0m5. Payslip[0m
  [36m</button>[31m
  [36m<button[31m
    [33mclass[31m=[32m"whitespace-nowrap px-3 py-1 text-xs bg-slate-700 hover:bg-slate-600 text-white rounded-full border border-slate-600 transition-colors flex items-center gap-1 hover:scale-105 active:scale-95"[31m
  [36m>[31m
    [36m<svg[31m
      [33mclass[31m=[32m"lucide lucide-zap w-3 h-3 text-orange-400"[31m
      [33mfill[31m=[32m"none"[31m
      [33mheight[31m=[32m"24"[31m
      [33mstroke[31m=[32m"currentColor"[31m
      [33mstroke-linecap[31m=[32m"round"[31m
      [33mstroke-linejoin[31m=[32m"round"[31m
      [33mstroke-width[31m=[32m"2"[31m
      [33mviewBox[31m=[32m"0 0 24 24"[31m
      [33mwidth[31m=[32m"24"[31m
      [33mxmlns[31m=[32m"http://www.w3.org/2000/svg"[31m
    [36m>[31m
      [36m<polygon[31m
        [33mpoints[31m=[32m"13 2 3 14 12 14 11 22 21 10 12 10 13 2"[31m
      [36m/>[31m
    [36m</svg>[31m
    [0m [0m
    [0m6. Expense[0m
  [36m</button>[31m
[36m</div>[31m

Ignored nodes: comments, script, style
[36m<svg[31m
  [33mclass[31m=[32m"lucide lucide-zap w-3 h-3 text-orange-400"[31m
  [33mfill[31m=[32m"none"[31m
  [33mheight[31m=[32m"24"[31m
  [33mstroke[31m=[32m"currentColor"[31m
  [33mstroke-linecap[31m=[32m"round"[31m
  [33mstroke-linejoin[31m=[32m"round"[31m
  [33mstroke-width[31m=[32m"2"[31m
  [33mviewBox[31m=[32m"0 0 24 24"[31m
  [33mwidth[31m=[32m"24"[31m
  [33mxmlns[31m=[32m"http://www.w3.org/2000/svg"[31m
[36m>[31m
  [36m<polygon[31m
    [33mpoints[31m=[32m"13 2 3 14 12 14 11 22 21 10 12 10 13 2"[31m
  [36m/>[31m
[36m</svg>[31m

Ignored nodes: comments, script, style
[36m<polygon[31m
  [33mpoints[31m=[32m"13 2 3 14 12 14 11 22 21 10 12 10 13 2"[31m
[36m/>[31m

Ignored nodes: comments, script, style
[36m<svg[31m
  [33mclass[31m=[32m"lucide lucide-zap w-3 h-3 text-orange-400"[31m
  [33mfill[31m=[32m"none"[31m
  [33mheight[31m=[32m"24"[31m
  [33mstroke[31m=[32m"currentColor"[31m
  [33mstroke-linecap[31m=[32m"round"[31m
  [33mstroke-linejoin[31m=[32m"round"[31m
  [33mstroke-width[31m=[32m"2"[31m
  [33mviewBox[31m=[32m"0 0 24 24"[31m
  [33mwidth[31m=[32m"24"[31m
  [33mxmlns[31m=[32m"http://www.w3.org/2000/svg"[31m
[36m>[31m
  [36m<polygon[31m
    [33mpoints[31m=[32m"13 2 3 14 12 14 11 22 21 10 12 10 13 2"[31m
  [36m/>[31m
[36m</svg>[31m

Ignored nodes: comments, script, style
[36m<polygon[31m
  [33mpoints[31m=[32m"13 2 3 14 12 14 11 22 21 10 12 10 13 2"[31m
[36m/>[31m

Ignored nodes: comments, script, style
[36m<svg[31m
  [33mclass[31m=[32m"lucide lucide-zap w-3 h-3 text-orange-400"[31m
  [33mfill[31m=[32m"none"[31m
  [33mheight[31m=[32m"24"[31m
  [33mstroke[31m=[32m"currentColor"[31m
  [33mstroke-linecap[31m=[32m"round"[31m
  [33mstroke-linejoin[31m=[32m"round"[31m
  [33mstroke-width[31m=[32m"2"[31m
  [33mviewBox[31m=[32m"0 0 24 24"[31m
  [33mwidth[31m=[32m"24"[31m
  [33mxmlns[31m=[32m"http://www.w3.org/2000/svg"[31m
[36m>[31m
  [36m<polygon[31m
    [33mpoints[31m=[32m"13 2 3 14 12 14 11 22 21 10 12 10 13 2"[31m
  [36m/>[31m
[36m</svg>[31m

Ignored nodes: comments, script, style
[36m<polygon[31m
  [33mpoints[31m=[32m"13 2 3 14 12 14 11 22 21 10 12 10 13 2"[31m
[36m/>[31m

Ignored nodes: comments, script, style
[36m<svg[31m
  [33mclass[31m=[32m"lucide lucide-zap w-3 h-3 text-orange-400"[31m
  [33mfill[31m=[32m"none"[31m
  [33mheight[31m=[32m"24"[31m
  [33mstroke[31m=[32m"currentColor"[31m
  [33mstroke-linecap[31m=[32m"round"[31m
  [33mstroke-linejoin[31m=[32m"round"[31m
  [33mstroke-width[31m=[32m"2"[31m
  [33mviewBox[31m=[32m"0 0 24 24"[31m
  [33mwidth[31m=[32m"24"[31m
  [33mxmlns[31m=[32m"http://www.w3.org/2000/svg"[31m
[36m>[31m
  [36m<polygon[31m
    [33mpoints[31m=[32m"13 2 3 14 12 14 11 22 21 10 12 10 13 2"[31m
  [36m/>[31m
[36m</svg>[31m

Ignored nodes: comments, script, style
[36m<polygon[31m
  [33mpoints[31m=[32m"13 2 3 14 12 14 11 22 21 10 12 10 13 2"[31m
[36m/>[31m

Ignored nodes: comments, script, style
[36m<svg[31m
  [33mclass[31m=[32m"lucide lucide-zap w-3 h-3 text-orange-400"[31m
  [33mfill[31m=[32m"none"[31m
  [33mheight[31m=[32m"24"[31m
  [33mstroke[31m=[32m"currentColor"[31m
  [33mstroke-linecap[31m=[32m"round"[31m
  [33mstroke-linejoin[31m=[32m"round"[31m
  [33mstroke-width[31m=[32m"2"[31m
  [33mviewBox[31m=[32m"0 0 24 24"[31m
  [33mwidth[31m=[32m"24"[31m
  [33mxmlns[31m=[32m"http://www.w3.org/2000/svg"[31m
[36m>[31m
  [36m<polygon[31m
    [33mpoints[31m=[32m"13 2 3 14 12 14 11 22 21 10 12 10 13 2"[31m
  [36m/>[31m
[36m</svg>[31m

Ignored nodes: comments, script, style
[36m<polygon[31m
  [33mpoints[31m=[32m"13 2 3 14 12 14 11 22 21 10 12 10 13 2"[31m
[36m/>[31m

Ignored nodes: comments, script, style
[36m<svg[31m
  [33mclass[31m=[32m"lucide lucide-zap w-3 h-3 text-orange-400"[31m
  [33mfill[31m=[32m"none"[31m
  [33mheight[31m=[32m"24"[31m
  [33mstroke[31m=[32m"currentColor"[31m
  [33mstroke-linecap[31m=[32m"round"[31m
  [33mstroke-linejoin[31m=[32m"round"[31m
  [33mstroke-width[31m=[32m"2"[31m
  [33mviewBox[31m=[32m"0 0 24 24"[31m
  [33mwidth[31m=[32m"24"[31m
  [33mxmlns[31m=[32m"http://www.w3.org/2000/svg"[31m
[36m>[31m
  [36m<polygon[31m
    [33mpoints[31m=[32m"13 2 3 14 12 14 11 22 21 10 12 10 13 2"[31m
  [36m/>[31m
[36m</svg>[31m

Ignored nodes: comments, script, style
[36m<polygon[31m
  [33mpoints[31m=[32m"13 2 3 14 12 14 11 22 21 10 12 10 13 2"[31m
[36m/>[31m

Ignored nodes: comments, script, style
[36m<form[31m
  [33mclass[31m=[32m"relative"[31m
[36m>[31m
  [36m<input[31m
    [33mclass[31m=[32m"w-full bg-slate-900 border border-slate-700 rounded-xl py-4 pl-6 pr-14 text-white placeholder-slate-500 focus:outline-none focus:border-orange-500 transition-colors"[31m
    [33mplaceholder[31m=[32m"เธเธดเธกเธเนเธเธณเธ–เธฒเธก... (เน€เธเนเธ เธฃเธซเธฑเธชเธเนเธฒเธเธซเธฒเธข, เธเธญเธฅเธฒเธเธฑเธเธฃเนเธญเธ)"[31m
    [33mtype[31m=[32m"text"[31m
    [33mvalue[31m=[32m""[31m
  [36m/>[31m
  [36m<button[31m
    [33maria-label[31m=[32m"Send message"[31m
    [33mclass[31m=[32m"absolute right-2 top-2 p-2 bg-orange-500 hover:bg-orange-600 rounded-lg text-white disabled:opacity-50 disabled:cursor-not-allowed transition-colors hover:scale-105 active:scale-95"[31m
    [33mdisabled[31m=[32m""[31m
    [33mtype[31m=[32m"submit"[31m
  [36m>[31m
    [36m<svg[31m
      [33mclass[31m=[32m"lucide lucide-send w-5 h-5"[31m
      [33mfill[31m=[32m"none"[31m
      [33mheight[31m=[32m"24"[31m
      [33mstroke[31m=[32m"currentColor"[31m
      [33mstroke-linecap[31m=[32m"round"[31m
      [33mstroke-linejoin[31m=[32m"round"[31m
      [33mstroke-width[31m=[32m"2"[31m
      [33mviewBox[31m=[32m"0 0 24 24"[31m
      [33mwidth[31m=[32m"24"[31m
      [33mxmlns[31m=[32m"http://www.w3.org/2000/svg"[31m
    [36m>[31m
      [36m<path[31m
        [33md[31m=[32m"m22 2-7 20-4-9-9-4Z"[31m
      [36m/>[31m
      [36m<path[31m
        [33md[31m=[32m"M22 2 11 13"[31m
      [36m/>[31m
    [36m</svg>[31m
  [36m</button>[31m
[36m</form>[31m

Ignored nodes: comments, script, style
[36m<input[31m
  [33mclass[31m=[32m"w-full bg-slate-900 border border-slate-700 rounded-xl py-4 pl-6 pr-14 text-white placeholder-slate-500 focus:outline-none focus:border-orange-500 transition-colors"[31m
  [33mplaceholder[31m=[32m"เธเธดเธกเธเนเธเธณเธ–เธฒเธก... (เน€เธเนเธ เธฃเธซเธฑเธชเธเนเธฒเธเธซเธฒเธข, เธเธญเธฅเธฒเธเธฑเธเธฃเนเธญเธ)"[31m
  [33mtype[31m=[32m"text"[31m
  [33mvalue[31m=[32m""[31m
[36m/>[31m

Ignored nodes: comments, script, style
[36m<button[31m
  [33maria-label[31m=[32m"Send message"[31m
  [33mclass[31m=[32m"absolute right-2 top-2 p-2 bg-orange-500 hover:bg-orange-600 rounded-lg text-white disabled:opacity-50 disabled:cursor-not-allowed transition-colors hover:scale-105 active:scale-95"[31m
  [33mdisabled[31m=[32m""[31m
  [33mtype[31m=[32m"submit"[31m
[36m>[31m
  [36m<svg[31m
    [33mclass[31m=[32m"lucide lucide-send w-5 h-5"[31m
    [33mfill[31m=[32m"none"[31m
    [33mheight[31m=[32m"24"[31m
    [33mstroke[31m=[32m"currentColor"[31m
    [33mstroke-linecap[31m=[32m"round"[31m
    [33mstroke-linejoin[31m=[32m"round"[31m
    [33mstroke-width[31m=[32m"2"[31m
    [33mviewBox[31m=[32m"0 0 24 24"[31m
    [33mwidth[31m=[32m"24"[31m
    [33mxmlns[31m=[32m"http://www.w3.org/2000/svg"[31m
  [36m>[31m
    [36m<path[31m
      [33md[31m=[32m"m22 2-7 20-4-9-9-4Z"[31m
    [36m/>[31m
    [36m<path[31m
      [33md[31m=[32m"M22 2 11 13"[31m
    [36m/>[31m
  [36m</svg>[31m
[36m</button>[31m

Ignored nodes: comments, script, style
[36m<svg[31m
  [33mclass[31m=[32m"lucide lucide-send w-5 h-5"[31m
  [33mfill[31m=[32m"none"[31m
  [33mheight[31m=[32m"24"[31m
  [33mstroke[31m=[32m"currentColor"[31m
  [33mstroke-linecap[31m=[32m"round"[31m
  [33mstroke-linejoin[31m=[32m"round"[31m
  [33mstroke-width[31m=[32m"2"[31m
  [33mviewBox[31m=[32m"0 0 24 24"[31m
  [33mwidth[31m=[32m"24"[31m
  [33mxmlns[31m=[32m"http://www.w3.org/2000/svg"[31m
[36m>[31m
  [36m<path[31m
    [33md[31m=[32m"m22 2-7 20-4-9-9-4Z"[31m
  [36m/>[31m
  [36m<path[31m
    [33md[31m=[32m"M22 2 11 13"[31m
  [36m/>[31m
[36m</svg>[31m

Ignored nodes: comments, script, style
[36m<path[31m
  [33md[31m=[32m"m22 2-7 20-4-9-9-4Z"[31m
[36m/>[31m

Ignored nodes: comments, script, style
[36m<path[31m
  [33md[31m=[32m"M22 2 11 13"[31m
[36m/>[31m

Ignored nodes: comments, script, style
[36m<div[31m
  [33mclass[31m=[32m"flex justify-between mt-2 px-2"[31m
[36m>[31m
  [36m<span[31m
    [33mclass[31m=[32m"text-[10px] text-slate-600"[31m
  [36m>[31m
    [0mSimulated Environment for Interview Demo[0m
  [36m</span>[31m
  [36m<button[31m
    [33mclass[31m=[32m"text-[10px] text-slate-500 hover:text-white flex items-center gap-1 disabled:opacity-50 disabled:cursor-not-allowed"[31m
  [36m>[31m
    [36m<svg[31m
      [33mclass[31m=[32m"lucide lucide-refresh-ccw w-3 h-3"[31m
      [33mfill[31m=[32m"none"[31m
      [33mheight[31m=[32m"24"[31m
      [33mstroke[31m=[32m"currentColor"[31m
      [33mstroke-linecap[31m=[32m"round"[31m
      [33mstroke-linejoin[31m=[32m"round"[31m
      [33mstroke-width[31m=[32m"2"[31m
      [33mviewBox[31m=[32m"0 0 24 24"[31m
      [33mwidth[31m=[32m"24"[31m
      [33mxmlns[31m=[32m"http://www.w3.org/2000/svg"[31m
    [36m>[31m
      [36m<path[31m
        [33md[31m=[32m"M21 12a9 9 0 0 0-9-9 9.75 9.75 0 0 0-6.74 2.74L3 8"[31m
      [36m/>[31m
      [36m<path[31m
        [33md[31m=[32m"M3 3v5h5"[31m
      [36m/>[31m
      [36m<path[31m
        [33md[31m=[32m"M3 12a9 9 0 0 0 9 9 9.75 9.75 0 0 0 6.74-2.74L21 16"[31m
      [36m/>[31m
      [36m<path[31m
        [33md[31m=[32m"M16 16h5v5"[31m
      [36m/>[31m
    [36m</svg>[31m
    [0m Reset Chat & Stats[0m
  [36m</button>[31m
[36m</div>[31m

Ignored nodes: comments, script, style
[36m<svg[31m
  [33mclass[31m=[32m"lucide lucide-refresh-ccw w-3 h-3"[31m
  [33mfill[31m=[32m"none"[31m
  [33mheight[31m=[32m"24"[31m
  [33mstroke[31m=[32m"currentColor"[31m
  [33mstroke-linecap[31m=[32m"round"[31m
  [33mstroke-linejoin[31m=[32m"round"[31m
  [33mstroke-width[31m=[32m"2"[31m
  [33mviewBox[31m=[32m"0 0 24 24"[31m
  [33mwidth[31m=[32m"24"[31m
  [33mxmlns[31m=[32m"http://www.w3.org/2000/svg"[31m
[36m>[31m
  [36m<path[31m
    [33md[31m=[32m"M21 12a9 9 0 0 0-9-9 9.75 9.75 0 0 0-6.74 2.74L3 8"[31m
  [36m/>[31m
  [36m<path[31m
    [33md[31m=[32m"M3 3v5h5"[31m
  [36m/>[31m
  [36m<path[31m
    [33md[31m=[32m"M3 12a9 9 0 0 0 9 9 9.75 9.75 0 0 0 6.74-2.74L21 16"[31m
  [36m/>[31m
  [36m<path[31m
    [33md[31m=[32m"M16 16h5v5"[31m
  [36m/>[31m
[36m</svg>[31m

Ignored nodes: comments, script, style
[36m<path[31m
  [33md[31m=[32m"M21 12a9 9 0 0 0-9-9 9.75 9.75 0 0 0-6.74 2.74L3 8"[31m
[36m/>[31m

Ignored nodes: comments, script, style
[36m<path[31m
  [33md[31m=[32m"M3 3v5h5"[31m
[36m/>[31m

Ignored nodes: comments, script, style
[36m<path[31m
  [33md[31m=[32m"M3 12a9 9 0 0 0 9 9 9.75 9.75 0 0 0 6.74-2.74L21 16"[31m
[36m/>[31m

Ignored nodes: comments, script, style
[36m<path[31m
  [33md[31m=[32m"M16 16h5v5"[31m
[36m/>[31m

Ignored nodes: comments, script, style
[36m<section[31m
  [33mclass[31m=[32m"relative z-10 py-24 px-6 bg-slate-900 text-center"[31m
  [33mid[31m=[32m"impact"[31m
[36m>[31m
  [36m<div[31m
    [33mclass[31m=[32m"max-w-5xl mx-auto"[31m
  [36m>[31m
    [36m<h2[31m
      [33mclass[31m=[32m"text-4xl font-bold text-white mb-12 animate-fade-in-up"[31m
    [36m>[31m
      [0mProjected Business Impact[0m
    [36m</h2>[31m
    [36m<div[31m
      [33mclass[31m=[32m"bg-slate-800 rounded-3xl p-8 border border-slate-700 shadow-xl overflow-hidden relative animate-fade-in-up delay-200"[31m
    [36m>[31m
      [36m<div[31m
        [33mclass[31m=[32m"grid grid-cols-1 md:grid-cols-2 lg:grid-cols-4 gap-8 relative z-10"[31m
      [36m>[31m
        [36m<div[31m
          [33mclass[31m=[32m"impact-card"[31m
        [36m>[31m
          [36m<div[31m
            [33mclass[31m=[32m"text-slate-400 text-sm uppercase tracking-wider mb-2"[31m
          [36m>[31m
            [0mAuto-Resolution[0m
          [36m</div>[31m
          [36m<div[31m
            [33mclass[31m=[32m"text-5xl font-black text-green-400 mb-2 flex justify-center"[31m
          [36m>[31m
            [0m0[0m
            [0m%[0m
          [36m</div>[31m
          [36m<div[31m
            [33mclass[31m=[32m"text-sm text-slate-500"[31m
          [36m>[31m
            [0mOf total tickets[0m
          [36m</div>[31m
        [36m</div>[31m
        [36m<div[31m
          [33mclass[31m=[32m"impact-card"[31m
        [36m>[31m
          [36m<div[31m
            [33mclass[31m=[32m"text-slate-400 text-sm uppercase tracking-wider mb-2"[31m
          [36m>[31m
            [0mResponse Time[0m
          [36m</div>[31m
          [36m<div[31m
            [33mclass[31m=[32m"text-5xl font-black text-blue-400 mb-2"[31m
          [36m>[31m
            [0m&lt;1 min[0m
          [36m</div>[31m
          [36m<div[31m
            [33mclass[31m=[32m"text-sm text-slate-500"[31m
          [36m>[31m
            [0mFrom 4 hours[0m
          [36m</div>[31m
        [36m</div>[31m
        [36m<div[31m
          [33mclass[31m=[32m"impact-card"[31m
        [36m>[31m
          [36m<div[31m
            [33mclass[31m=[32m"text-slate-400 text-sm uppercase tracking-wider mb-2"[31m
          [36m>[31m
            [0mCost Saving[0m
          [36m</div>[31m
          [36m<div[31m
            [33mclass[31m=[32m"text-5xl font-black text-orange-400 mb-2 flex justify-center"[31m
          [36m>[31m
            [0m0[0m
            [0mK[0m
          [36m</div>[31m
          [36m<div[31m
            [33mclass[31m=[32m"text-sm text-slate-500"[31m
          [36m>[31m
            [0mTHB / Month[0m
          [36m</div>[31m
        [36m</div>[31m
        [36m<div[31m
          [33mclass[31m=[32m"impact-card"[31m
        [36m>[31m
          [36m<div[31m
            [33mclass[31m=[32m"text-slate-400 text-sm uppercase tracking-wider mb-2"[31m
          [36m>[31m
            [0mPayback Period[0m
          [36m</div>[31m
          [36m<div[31m
            [33mclass[31m=[32m"text-5xl font-black text-purple-400 mb-2 flex justify-center"[31m
          [36m>[31m
            [0m0.0[0m
          [36m</div>[31m
          [36m<div[31m
            [33mclass[31m=[32m"text-sm text-slate-500"[31m
          [36m>[31m
            [0mMonths ROI[0m
          [36m</div>[31m
        [36m</div>[31m
      [36m</div>[31m
      [36m<div[31m
        [33mclass[31m=[32m"absolute top-0 left-0 w-full h-1 bg-gradient-to-r from-green-500 via-blue-500 to-orange-500"[31m
      [36m/>[31m
    [36m</div>[31m
    [36m<div[31m
      [33mclass[31m=[32m"mt-16 flex justify-center animate-fade-in-up delay-300"[31m
    [36m>[31m
      [36m<div[31m
        [33mclass[31m=[32m"text-left max-w-2xl bg-slate-800/50 p-6 rounded-xl border border-slate-700"[31m
      [36m>[31m
        [36m<h3[31m
          [33mclass[31m=[32m"text-xl font-bold text-white mb-4 flex items-center gap-2"[31m
        [36m>[31m
          [36m<svg[31m
            [33mclass[31m=[32m"lucide lucide-check-circle2 text-green-500"[31m
            [33mfill[31m=[32m"none"[31m
            [33mheight[31m=[32m"24"[31m
            [33mstroke[31m=[32m"currentColor"[31m
            [33mstroke-linecap[31m=[32m"round"[31m
            [33mstroke-linejoin[31m=[32m"round"[31m
            [33mstroke-width[31m=[32m"2"[31m
            [33mviewBox[31m=[32m"0 0 24 24"[31m
            [33mwidth[31m=[32m"24"[31m
            [33mxmlns[31m=[32m"http://www.w3.org/2000/svg"[31m
          [36m>[31m
            [36m<circle[31m
              [33mcx[31m=[32m"12"[31m
              [33mcy[31m=[32m"12"[31m
              [33mr[31m=[32m"10"[31m
            [36m/>[31m
            [36m<path[31m
              [33md[31m=[32m"m9 12 2 2 4-4"[31m
            [36m/>[31m
          [36m</svg>[31m
          [0mWhy This Project Stands Out?[0m
        [36m</h3>[31m
        [36m<ul[31m
          [33mclass[31m=[32m"space-y-3 text-slate-300"[31m
        [36m>[31m
          [36m<li[31m
            [33mclass[31m=[32m"flex gap-2"[31m
          [36m>[31m
            [36m<span[31m
              [33mclass[31m=[32m"text-orange-500"[31m
            [36m>[31m
              [0mโ€ข[0m
            [36m</span>[31m
            [36m<span>[31m
              [36m<b>[31m
                [0mReal Business Impact:[0m
              [36m</b>[31m
              [0m เนเธเนเธเธฑเธเธซเธฒเธเธญเธเธงเธ” 60% เธเธญเธเธญเธเธเนเธเธฃเนเธ”เนเธเธฃเธดเธ[0m
            [36m</span>[31m
          [36m</li>[31m
          [36m<li[31m
            [33mclass[31m=[32m"flex gap-2"[31m
          [36m>[31m
            [36m<span[31m
              [33mclass[31m=[32m"text-orange-500"[31m
            [36m>[31m
              [0mโ€ข[0m
            [36m</span>[31m
            [36m<span>[31m
              [36m<b>[31m
                [0mSafety-First:[0m
              [36m</b>[31m
              [0m เธกเธตเธฃเธฐเธเธเธเนเธญเธเธเธฑเธเธเธงเธฒเธกเน€เธชเธตเนเธขเธเน€เธฃเธทเนเธญเธเน€เธเธดเธเนเธฅเธฐ HR Action[0m
            [36m</span>[31m
          [36m</li>[31m
          [36m<li[31m
            [33mclass[31m=[32m"flex gap-2"[31m
          [36m>[31m
            [36m<span[31m
              [33mclass[31m=[32m"text-orange-500"[31m
            [36m>[31m
              [0mโ€ข[0m
            [36m</span>[31m
            [36m<span>[31m
              [36m<b>[31m
                [0mScalable:[0m
              [36m</b>[31m
              [0m เธญเธญเธเนเธเธ Architecture เนเธขเธเธชเนเธงเธ (WUT/WAY) เธฃเธญเธเธฃเธฑเธเธเธฒเธฃเธเธขเธฒเธขเธ•เธฑเธง[0m
            [36m</span>[31m
          [36m</li>[31m
        [36m</ul>[31m
      [36m</div>[31m
    [36m</div>[31m
  [36m</div>[31m
[36m</section>[31m

Ignored nodes: comments, script, style
[36m<div[31m
  [33mclass[31m=[32m"max-w-5xl mx-auto"[31m
[36m>[31m
  [36m<h2[31m
    [33mclass[31m=[32m"text-4xl font-bold text-white mb-12 animate-fade-in-up"[31m
  [36m>[31m
    [0mProjected Business Impact[0m
  [36m</h2>[31m
  [36m<div[31m
    [33mclass[31m=[32m"bg-slate-800 rounded-3xl p-8 border border-slate-700 shadow-xl overflow-hidden relative animate-fade-in-up delay-200"[31m
  [36m>[31m
    [36m<div[31m
      [33mclass[31m=[32m"grid grid-cols-1 md:grid-cols-2 lg:grid-cols-4 gap-8 relative z-10"[31m
    [36m>[31m
      [36m<div[31m
        [33mclass[31m=[32m"impact-card"[31m
      [36m>[31m
        [36m<div[31m
          [33mclass[31m=[32m"text-slate-400 text-sm uppercase tracking-wider mb-2"[31m
        [36m>[31m
          [0mAuto-Resolution[0m
        [36m</div>[31m
        [36m<div[31m
          [33mclass[31m=[32m"text-5xl font-black text-green-400 mb-2 flex justify-center"[31m
        [36m>[31m
          [0m0[0m
          [0m%[0m
        [36m</div>[31m
        [36m<div[31m
          [33mclass[31m=[32m"text-sm text-slate-500"[31m
        [36m>[31m
          [0mOf total tickets[0m
        [36m</div>[31m
      [36m</div>[31m
      [36m<div[31m
        [33mclass[31m=[32m"impact-card"[31m
      [36m>[31m
        [36m<div[31m
          [33mclass[31m=[32m"text-slate-400 text-sm uppercase tracking-wider mb-2"[31m
        [36m>[31m
          [0mResponse Time[0m
        [36m</div>[31m
        [36m<div[31m
          [33mclass[31m=[32m"text-5xl font-black text-blue-400 mb-2"[31m
        [36m>[31m
          [0m&lt;1 min[0m
        [36m</div>[31m
        [36m<div[31m
          [33mclass[31m=[32m"text-sm text-slate-500"[31m
        [36m>[31m
          [0mFrom 4 hours[0m
        [36m</div>[31m
      [36m</div>[31m
      [36m<div[31m
        [33mclass[31m=[32m"impact-card"[31m
      [36m>[31m
        [36m<div[31m
          [33mclass[31m=[32m"text-slate-400 text-sm uppercase tracking-wider mb-2"[31m
        [36m>[31m
          [0mCost Saving[0m
        [36m</div>[31m
        [36m<div[31m
          [33mclass[31m=[32m"text-5xl font-black text-orange-400 mb-2 flex justify-center"[31m
        [36m>[31m
          [0m0[0m
          [0mK[0m
        [36m</div>[31m
        [36m<div[31m
          [33mclass[31m=[32m"text-sm text-slate-500"[31m
        [36m>[31m
          [0mTHB / Month[0m
        [36m</div>[31m
      [36m</div>[31m
      [36m<div[31m
        [33mclass[31m=[32m"impact-card"[31m
      [36m>[31m
        [36m<div[31m
          [33mclass[31m=[32m"text-slate-400 text-sm uppercase tracking-wider mb-2"[31m
        [36m>[31m
          [0mPayback Period[0m
        [36m</div>[31m
        [36m<div[31m
          [33mclass[31m=[32m"text-5xl font-black text-purple-400 mb-2 flex justify-center"[31m
        [36m>[31m
          [0m0.0[0m
        [36m</div>[31m
        [36m<div[31m
          [33mclass[31m=[32m"text-sm text-slate-500"[31m
        [36m>[31m
          [0mMonths ROI[0m
        [36m</div>[31m
      [36m</div>[31m
    [36m</div>[31m
    [36m<div[31m
      [33mclass[31m=[32m"absolute top-0 left-0 w-full h-1 bg-gradient-to-r from-green-500 via-blue-500 to-orange-500"[31m
    [36m/>[31m
  [36m</div>[31m
  [36m<div[31m
    [33mclass[31m=[32m"mt-16 flex justify-center animate-fade-in-up delay-300"[31m
  [36m>[31m
    [36m<div[31m
      [33mclass[31m=[32m"text-left max-w-2xl bg-slate-800/50 p-6 rounded-xl border border-slate-700"[31m
    [36m>[31m
      [36m<h3[31m
        [33mclass[31m=[32m"text-xl font-bold text-white mb-4 flex items-center gap-2"[31m
      [36m>[31m
        [36m<svg[31m
          [33mclass[31m=[32m"lucide lucide-check-circle2 text-green-500"[31m
          [33mfill[31m=[32m"none"[31m
          [33mheight[31m=[32m"24"[31m
          [33mstroke[31m=[32m"currentColor"[31m
          [33mstroke-linecap[31m=[32m"round"[31m
          [33mstroke-linejoin[31m=[32m"round"[31m
          [33mstroke-width[31m=[32m"2"[31m
          [33mviewBox[31m=[32m"0 0 24 24"[31m
          [33mwidth[31m=[32m"24"[31m
          [33mxmlns[31m=[32m"http://www.w3.org/2000/svg"[31m
        [36m>[31m
          [36m<circle[31m
            [33mcx[31m=[32m"12"[31m
            [33mcy[31m=[32m"12"[31m
            [33mr[31m=[32m"10"[31m
          [36m/>[31m
          [36m<path[31m
            [33md[31m=[32m"m9 12 2 2 4-4"[31m
          [36m/>[31m
        [36m</svg>[31m
        [0mWhy This Project Stands Out?[0m
      [36m</h3>[31m
      [36m<ul[31m
        [33mclass[31m=[32m"space-y-3 text-slate-300"[31m
      [36m>[31m
        [36m<li[31m
          [33mclass[31m=[32m"flex gap-2"[31m
        [36m>[31m
          [36m<span[31m
            [33mclass[31m=[32m"text-orange-500"[31m
          [36m>[31m
            [0mโ€ข[0m
          [36m</span>[31m
          [36m<span>[31m
            [36m<b>[31m
              [0mReal Business Impact:[0m
            [36m</b>[31m
            [0m เนเธเนเธเธฑเธเธซเธฒเธเธญเธเธงเธ” 60% เธเธญเธเธญเธเธเนเธเธฃเนเธ”เนเธเธฃเธดเธ[0m
          [36m</span>[31m
        [36m</li>[31m
        [36m<li[31m
          [33mclass[31m=[32m"flex gap-2"[31m
        [36m>[31m
          [36m<span[31m
            [33mclass[31m=[32m"text-orange-500"[31m
          [36m>[31m
            [0mโ€ข[0m
          [36m</span>[31m
          [36m<span>[31m
            [36m<b>[31m
              [0mSafety-First:[0m
            [36m</b>[31m
            [0m เธกเธตเธฃเธฐเธเธเธเนเธญเธเธเธฑเธเธเธงเธฒเธกเน€เธชเธตเนเธขเธเน€เธฃเธทเนเธญเธเน€เธเธดเธเนเธฅเธฐ HR Action[0m
          [36m</span>[31m
        [36m</li>[31m
        [36m<li[31m
          [33mclass[31m=[32m"flex gap-2"[31m
        [36m>[31m
          [36m<span[31m
            [33mclass[31m=[32m"text-orange-500"[31m
          [36m>[31m
            [0mโ€ข[0m
          [36m</span>[31m
          [36m<span>[31m
            [36m<b>[31m
              [0mScalable:[0m
            [36m</b>[31m
            [0m เธญเธญเธเนเธเธ Architecture เนเธขเธเธชเนเธงเธ (WUT/WAY) เธฃเธญเธเธฃเธฑเธเธเธฒเธฃเธเธขเธฒเธขเธ•เธฑเธง[0m
          [36m</span>[31m
        [36m</li>[31m
      [36m</ul>[31m
    [36m</div>[31m
  [36m</div>[31m
[36m</div>[31m

Ignored nodes: comments, script, style
[36m<div[31m
  [33mclass[31m=[32m"bg-slate-800 rounded-3xl p-8 border border-slate-700 shadow-xl overflow-hidden relative animate-fade-in-up delay-200"[31m
[36m>[31m
  [36m<div[31m
    [33mclass[31m=[32m"grid grid-cols-1 md:grid-cols-2 lg:grid-cols-4 gap-8 relative z-10"[31m
  [36m>[31m
    [36m<div[31m
      [33mclass[31m=[32m"impact-card"[31m
    [36m>[31m
      [36m<div[31m
        [33mclass[31m=[32m"text-slate-400 text-sm uppercase tracking-wider mb-2"[31m
      [36m>[31m
        [0mAuto-Resolution[0m
      [36m</div>[31m
      [36m<div[31m
        [33mclass[31m=[32m"text-5xl font-black text-green-400 mb-2 flex justify-center"[31m
      [36m>[31m
        [0m0[0m
        [0m%[0m
      [36m</div>[31m
      [36m<div[31m
        [33mclass[31m=[32m"text-sm text-slate-500"[31m
      [36m>[31m
        [0mOf total tickets[0m
      [36m</div>[31m
    [36m</div>[31m
    [36m<div[31m
      [33mclass[31m=[32m"impact-card"[31m
    [36m>[31m
      [36m<div[31m
        [33mclass[31m=[32m"text-slate-400 text-sm uppercase tracking-wider mb-2"[31m
      [36m>[31m
        [0mResponse Time[0m
      [36m</div>[31m
      [36m<div[31m
        [33mclass[31m=[32m"text-5xl font-black text-blue-400 mb-2"[31m
      [36m>[31m
        [0m&lt;1 min[0m
      [36m</div>[31m
      [36m<div[31m
        [33mclass[31m=[32m"text-sm text-slate-500"[31m
      [36m>[31m
        [0mFrom 4 hours[0m
      [36m</div>[31m
    [36m</div>[31m
    [36m<div[31m
      [33mclass[31m=[32m"impact-card"[31m
    [36m>[31m
      [36m<div[31m
        [33mclass[31m=[32m"text-slate-400 text-sm uppercase tracking-wider mb-2"[31m
      [36m>[31m
        [0mCost Saving[0m
      [36m</div>[31m
      [36m<div[31m
        [33mclass[31m=[32m"text-5xl font-black text-orange-400 mb-2 flex justify-center"[31m
      [36m>[31m
        [0m0[0m
        [0mK[0m
      [36m</div>[31m
      [36m<div[31m
        [33mclass[31m=[32m"text-sm text-slate-500"[31m
      [36m>[31m
        [0mTHB / Month[0m
      [36m</div>[31m
    [36m</div>[31m
    [36m<div[31m
      [33mclass[31m=[32m"impact-card"[31m
    [36m>[31m
      [36m<div[31m
        [33mclass[31m=[32m"text-slate-400 text-sm uppercase tracking-wider mb-2"[31m
      [36m>[31m
        [0mPayback Period[0m
      [36m</div>[31m
      [36m<div[31m
        [33mclass[31m=[32m"text-5xl font-black text-purple-400 mb-2 flex justify-center"[31m
      [36m>[31m
        [0m0.0[0m
      [36m</div>[31m
      [36m<div[31m
        [33mclass[31m=[32m"text-sm text-slate-500"[31m
      [36m>[31m
        [0mMonths ROI[0m
      [36m</div>[31m
    [36m</div>[31m
  [36m</div>[31m
  [36m<div[31m
    [33mclass[31m=[32m"absolute top-0 left-0 w-full h-1 bg-gradient-to-r from-green-500 via-blue-500 to-orange-500"[31m
  [36m/>[31m
[36m</div>[31m

Ignored nodes: comments, script, style
[36m<div[31m
  [33mclass[31m=[32m"grid grid-cols-1 md:grid-cols-2 lg:grid-cols-4 gap-8 relative z-10"[31m
[36m>[31m
  [36m<div[31m
    [33mclass[31m=[32m"impact-card"[31m
  [36m>[31m
    [36m<div[31m
      [33mclass[31m=[32m"text-slate-400 text-sm uppercase tracking-wider mb-2"[31m
    [36m>[31m
      [0mAuto-Resolution[0m
    [36m</div>[31m
    [36m<div[31m
      [33mclass[31m=[32m"text-5xl font-black text-green-400 mb-2 flex justify-center"[31m
    [36m>[31m
      [0m0[0m
      [0m%[0m
    [36m</div>[31m
    [36m<div[31m
      [33mclass[31m=[32m"text-sm text-slate-500"[31m
    [36m>[31m
      [0mOf total tickets[0m
    [36m</div>[31m
  [36m</div>[31m
  [36m<div[31m
    [33mclass[31m=[32m"impact-card"[31m
  [36m>[31m
    [36m<div[31m
      [33mclass[31m=[32m"text-slate-400 text-sm uppercase tracking-wider mb-2"[31m
    [36m>[31m
      [0mResponse Time[0m
    [36m</div>[31m
    [36m<div[31m
      [33mclass[31m=[32m"text-5xl font-black text-blue-400 mb-2"[31m
    [36m>[31m
      [0m&lt;1 min[0m
    [36m</div>[31m
    [36m<div[31m
      [33mclass[31m=[32m"text-sm text-slate-500"[31m
    [36m>[31m
      [0mFrom 4 hours[0m
    [36m</div>[31m
  [36m</div>[31m
  [36m<div[31m
    [33mclass[31m=[32m"impact-card"[31m
  [36m>[31m
    [36m<div[31m
      [33mclass[31m=[32m"text-slate-400 text-sm uppercase tracking-wider mb-2"[31m
    [36m>[31m
      [0mCost Saving[0m
    [36m</div>[31m
    [36m<div[31m
      [33mclass[31m=[32m"text-5xl font-black text-orange-400 mb-2 flex justify-center"[31m
    [36m>[31m
      [0m0[0m
      [0mK[0m
    [36m</div>[31m
    [36m<div[31m
      [33mclass[31m=[32m"text-sm text-slate-500"[31m
    [36m>[31m
      [0mTHB / Month[0m
    [36m</div>[31m
  [36m</div>[31m
  [36m<div[31m
    [33mclass[31m=[32m"impact-card"[31m
  [36m>[31m
    [36m<div[31m
      [33mclass[31m=[32m"text-slate-400 text-sm uppercase tracking-wider mb-2"[31m
    [36m>[31m
      [0mPayback Period[0m
    [36m</div>[31m
    [36m<div[31m
      [33mclass[31m=[32m"text-5xl font-black text-purple-400 mb-2 flex justify-center"[31m
    [36m>[31m
      [0m0.0[0m
    [36m</div>[31m
    [36m<div[31m
      [33mclass[31m=[32m"text-sm text-slate-500"[31m
    [36m>[31m
      [0mMonths ROI[0m
    [36m</div>[31m
  [36m</div>[31m
[36m</div>[31m

Ignored nodes: comments, script, style
[36m<div[31m
  [33mclass[31m=[32m"impact-card"[31m
[36m>[31m
  [36m<div[31m
    [33mclass[31m=[32m"text-slate-400 text-sm uppercase tracking-wider mb-2"[31m
  [36m>[31m
    [0mAuto-Resolution[0m
  [36m</div>[31m
  [36m<div[31m
    [33mclass[31m=[32m"text-5xl font-black text-green-400 mb-2 flex justify-center"[31m
  [36m>[31m
    [0m0[0m
    [0m%[0m
  [36m</div>[31m
  [36m<div[31m
    [33mclass[31m=[32m"text-sm text-slate-500"[31m
  [36m>[31m
    [0mOf total tickets[0m
  [36m</div>[31m
[36m</div>[31m

Ignored nodes: comments, script, style
[36m<div[31m
  [33mclass[31m=[32m"impact-card"[31m
[36m>[31m
  [36m<div[31m
    [33mclass[31m=[32m"text-slate-400 text-sm uppercase tracking-wider mb-2"[31m
  [36m>[31m
    [0mResponse Time[0m
  [36m</div>[31m
  [36m<div[31m
    [33mclass[31m=[32m"text-5xl font-black text-blue-400 mb-2"[31m
  [36m>[31m
    [0m&lt;1 min[0m
  [36m</div>[31m
  [36m<div[31m
    [33mclass[31m=[32m"text-sm text-slate-500"[31m
  [36m>[31m
    [0mFrom 4 hours[0m
  [36m</div>[31m
[36m</div>[31m

Ignored nodes: comments, script, style
[36m<div[31m
  [33mclass[31m=[32m"impact-card"[31m
[36m>[31m
  [36m<div[31m
    [33mclass[31m=[32m"text-slate-400 text-sm uppercase tracking-wider mb-2"[31m
  [36m>[31m
    [0mCost Saving[0m
  [36m</div>[31m
  [36m<div[31m
    [33mclass[31m=[32m"text-5xl font-black text-orange-400 mb-2 flex justify-center"[31m
  [36m>[31m
    [0m0[0m
    [0mK[0m
  [36m</div>[31m
  [36m<div[31m
    [33mclass[31m=[32m"text-sm text-slate-500"[31m
  [36m>[31m
    [0mTHB / Month[0m
  [36m</div>[31m
[36m</div>[31m

Ignored nodes: comments, script, style
[36m<div[31m
  [33mclass[31m=[32m"impact-card"[31m
[36m>[31m
  [36m<div[31m
    [33mclass[31m=[32m"text-slate-400 text-sm uppercase tracking-wider mb-2"[31m
  [36m>[31m
    [0mPayback Period[0m
  [36m</div>[31m
  [36m<div[31m
    [33mclass[31m=[32m"text-5xl font-black text-purple-400 mb-2 flex justify-center"[31m
  [36m>[31m
    [0m0.0[0m
  [36m</div>[31m
  [36m<div[31m
    [33mclass[31m=[32m"text-sm text-slate-500"[31m
  [36m>[31m
    [0mMonths ROI[0m
  [36m</div>[31m
[36m</div>[31m

Ignored nodes: comments, script, style
[36m<div[31m
  [33mclass[31m=[32m"absolute top-0 left-0 w-full h-1 bg-gradient-to-r from-green-500 via-blue-500 to-orange-500"[31m
[36m/>[31m

Ignored nodes: comments, script, style
[36m<div[31m
  [33mclass[31m=[32m"mt-16 flex justify-center animate-fade-in-up delay-300"[31m
[36m>[31m
  [36m<div[31m
    [33mclass[31m=[32m"text-left max-w-2xl bg-slate-800/50 p-6 rounded-xl border border-slate-700"[31m
  [36m>[31m
    [36m<h3[31m
      [33mclass[31m=[32m"text-xl font-bold text-white mb-4 flex items-center gap-2"[31m
    [36m>[31m
      [36m<svg[31m
        [33mclass[31m=[32m"lucide lucide-check-circle2 text-green-500"[31m
        [33mfill[31m=[32m"none"[31m
        [33mheight[31m=[32m"24"[31m
        [33mstroke[31m=[32m"currentColor"[31m
        [33mstroke-linecap[31m=[32m"round"[31m
        [33mstroke-linejoin[31m=[32m"round"[31m
        [33mstroke-width[31m=[32m"2"[31m
        [33mviewBox[31m=[32m"0 0 24 24"[31m
        [33mwidth[31m=[32m"24"[31m
        [33mxmlns[31m=[32m"http://www.w3.org/2000/svg"[31m
      [36m>[31m
        [36m<circle[31m
          [33mcx[31m=[32m"12"[31m
          [33mcy[31m=[32m"12"[31m
          [33mr[31m=[32m"10"[31m
        [36m/>[31m
        [36m<path[31m
          [33md[31m=[32m"m9 12 2 2 4-4"[31m
        [36m/>[31m
      [36m</svg>[31m
      [0mWhy This Project Stands Out?[0m
    [36m</h3>[31m
    [36m<ul[31m
      [33mclass[31m=[32m"space-y-3 text-slate-300"[31m
    [36m>[31m
      [36m<li[31m
        [33mclass[31m=[32m"flex gap-2"[31m
      [36m>[31m
        [36m<span[31m
          [33mclass[31m=[32m"text-orange-500"[31m
        [36m>[31m
          [0mโ€ข[0m
        [36m</span>[31m
        [36m<span>[31m
          [36m<b>[31m
            [0mReal Business Impact:[0m
          [36m</b>[31m
          [0m เนเธเนเธเธฑเธเธซเธฒเธเธญเธเธงเธ” 60% เธเธญเธเธญเธเธเนเธเธฃเนเธ”เนเธเธฃเธดเธ[0m
        [36m</span>[31m
      [36m</li>[31m
      [36m<li[31m
        [33mclass[31m=[32m"flex gap-2"[31m
      [36m>[31m
        [36m<span[31m
          [33mclass[31m=[32m"text-orange-500"[31m
        [36m>[31m
          [0mโ€ข[0m
        [36m</span>[31m
        [36m<span>[31m
          [36m<b>[31m
            [0mSafety-First:[0m
          [36m</b>[31m
          [0m เธกเธตเธฃเธฐเธเธเธเนเธญเธเธเธฑเธเธเธงเธฒเธกเน€เธชเธตเนเธขเธเน€เธฃเธทเนเธญเธเน€เธเธดเธเนเธฅเธฐ HR Action[0m
        [36m</span>[31m
      [36m</li>[31m
      [36m<li[31m
        [33mclass[31m=[32m"flex gap-2"[31m
      [36m>[31m
        [36m<span[31m
          [33mclass[31m=[32m"text-orange-500"[31m
        [36m>[31m
          [0mโ€ข[0m
        [36m</span>[31m
        [36m<span>[31m
          [36m<b>[31m
            [0mScalable:[0m
          [36m</b>[31m
          [0m เธญเธญเธเนเธเธ Architecture เนเธขเธเธชเนเธงเธ (WUT/WAY) เธฃเธญเธเธฃเธฑเธเธเธฒเธฃเธเธขเธฒเธขเธ•เธฑเธง[0m
        [36m</span>[31m
      [36m</li>[31m
    [36m</ul>[31m
  [36m</div>[31m
[36m</div>[31m

Ignored nodes: comments, script, style
[36m<div[31m
  [33mclass[31m=[32m"text-left max-w-2xl bg-slate-800/50 p-6 rounded-xl border border-slate-700"[31m
[36m>[31m
  [36m<h3[31m
    [33mclass[31m=[32m"text-xl font-bold text-white mb-4 flex items-center gap-2"[31m
  [36m>[31m
    [36m<svg[31m
      [33mclass[31m=[32m"lucide lucide-check-circle2 text-green-500"[31m
      [33mfill[31m=[32m"none"[31m
      [33mheight[31m=[32m"24"[31m
      [33mstroke[31m=[32m"currentColor"[31m
      [33mstroke-linecap[31m=[32m"round"[31m
      [33mstroke-linejoin[31m=[32m"round"[31m
      [33mstroke-width[31m=[32m"2"[31m
      [33mviewBox[31m=[32m"0 0 24 24"[31m
      [33mwidth[31m=[32m"24"[31m
      [33mxmlns[31m=[32m"http://www.w3.org/2000/svg"[31m
    [36m>[31m
      [36m<circle[31m
        [33mcx[31m=[32m"12"[31m
        [33mcy[31m=[32m"12"[31m
        [33mr[31m=[32m"10"[31m
      [36m/>[31m
      [36m<path[31m
        [33md[31m=[32m"m9 12 2 2 4-4"[31m
      [36m/>[31m
    [36m</svg>[31m
    [0mWhy This Project Stands Out?[0m
  [36m</h3>[31m
  [36m<ul[31m
    [33mclass[31m=[32m"space-y-3 text-slate-300"[31m
  [36m>[31m
    [36m<li[31m
      [33mclass[31m=[32m"flex gap-2"[31m
    [36m>[31m
      [36m<span[31m
        [33mclass[31m=[32m"text-orange-500"[31m
      [36m>[31m
        [0mโ€ข[0m
      [36m</span>[31m
      [36m<span>[31m
        [36m<b>[31m
          [0mReal Business Impact:[0m
        [36m</b>[31m
        [0m เนเธเนเธเธฑเธเธซเธฒเธเธญเธเธงเธ” 60% เธเธญเธเธญเธเธเนเธเธฃเนเธ”เนเธเธฃเธดเธ[0m
      [36m</span>[31m
    [36m</li>[31m
    [36m<li[31m
      [33mclass[31m=[32m"flex gap-2"[31m
    [36m>[31m
      [36m<span[31m
        [33mclass[31m=[32m"text-orange-500"[31m
      [36m>[31m
        [0mโ€ข[0m
      [36m</span>[31m
      [36m<span>[31m
        [36m<b>[31m
          [0mSafety-First:[0m
        [36m</b>[31m
        [0m เธกเธตเธฃเธฐเธเธเธเนเธญเธเธเธฑเธเธเธงเธฒเธกเน€เธชเธตเนเธขเธเน€เธฃเธทเนเธญเธเน€เธเธดเธเนเธฅเธฐ HR Action[0m
      [36m</span>[31m
    [36m</li>[31m
    [36m<li[31m
      [33mclass[31m=[32m"flex gap-2"[31m
    [36m>[31m
      [36m<span[31m
        [33mclass[31m=[32m"text-orange-500"[31m
      [36m>[31m
        [0mโ€ข[0m
      [36m</span>[31m
      [36m<span>[31m
        [36m<b>[31m
          [0mScalable:[0m
        [36m</b>[31m
        [0m เธญเธญเธเนเธเธ Architecture เนเธขเธเธชเนเธงเธ (WUT/WAY) เธฃเธญเธเธฃเธฑเธเธเธฒเธฃเธเธขเธฒเธขเธ•เธฑเธง[0m
      [36m</span>[31m
    [36m</li>[31m
  [36m</ul>[31m
[36m</div>[31m

Ignored nodes: comments, script, style
[36m<svg[31m
  [33mclass[31m=[32m"lucide lucide-check-circle2 text-green-500"[31m
  [33mfill[31m=[32m"none"[31m
  [33mheight[31m=[32m"24"[31m
  [33mstroke[31m=[32m"currentColor"[31m
  [33mstroke-linecap[31m=[32m"round"[31m
  [33mstroke-linejoin[31m=[32m"round"[31m
  [33mstroke-width[31m=[32m"2"[31m
  [33mviewBox[31m=[32m"0 0 24 24"[31m
  [33mwidth[31m=[32m"24"[31m
  [33mxmlns[31m=[32m"http://www.w3.org/2000/svg"[31m
[36m>[31m
  [36m<circle[31m
    [33mcx[31m=[32m"12"[31m
    [33mcy[31m=[32m"12"[31m
    [33mr[31m=[32m"10"[31m
  [36m/>[31m
  [36m<path[31m
    [33md[31m=[32m"m9 12 2 2 4-4"[31m
  [36m/>[31m
[36m</svg>[31m

Ignored nodes: comments, script, style
[36m<circle[31m
  [33mcx[31m=[32m"12"[31m
  [33mcy[31m=[32m"12"[31m
  [33mr[31m=[32m"10"[31m
[36m/>[31m

Ignored nodes: comments, script, style
[36m<path[31m
  [33md[31m=[32m"m9 12 2 2 4-4"[31m
[36m/>[31m

Ignored nodes: comments, script, style
[36m<ul[31m
  [33mclass[31m=[32m"space-y-3 text-slate-300"[31m
[36m>[31m
  [36m<li[31m
    [33mclass[31m=[32m"flex gap-2"[31m
  [36m>[31m
    [36m<span[31m
      [33mclass[31m=[32m"text-orange-500"[31m
    [36m>[31m
      [0mโ€ข[0m
    [36m</span>[31m
    [36m<span>[31m
      [36m<b>[31m
        [0mReal Business Impact:[0m
      [36m</b>[31m
      [0m เนเธเนเธเธฑเธเธซเธฒเธเธญเธเธงเธ” 60% เธเธญเธเธญเธเธเนเธเธฃเนเธ”เนเธเธฃเธดเธ[0m
    [36m</span>[31m
  [36m</li>[31m
  [36m<li[31m
    [33mclass[31m=[32m"flex gap-2"[31m
  [36m>[31m
    [36m<span[31m
      [33mclass[31m=[32m"text-orange-500"[31m
    [36m>[31m
      [0mโ€ข[0m
    [36m</span>[31m
    [36m<span>[31m
      [36m<b>[31m
        [0mSafety-First:[0m
      [36m</b>[31m
      [0m เธกเธตเธฃเธฐเธเธเธเนเธญเธเธเธฑเธเธเธงเธฒเธกเน€เธชเธตเนเธขเธเน€เธฃเธทเนเธญเธเน€เธเธดเธเนเธฅเธฐ HR Action[0m
    [36m</span>[31m
  [36m</li>[31m
  [36m<li[31m
    [33mclass[31m=[32m"flex gap-2"[31m
  [36m>[31m
    [36m<span[31m
      [33mclass[31m=[32m"text-orange-500"[31m
    [36m>[31m
      [0mโ€ข[0m
    [36m</span>[31m
    [36m<span>[31m
      [36m<b>[31m
        [0mScalable:[0m
      [36m</b>[31m
      [0m เธญเธญเธเนเธเธ Architecture เนเธขเธเธชเนเธงเธ (WUT/WAY) เธฃเธญเธเธฃเธฑเธเธเธฒเธฃเธเธขเธฒเธขเธ•เธฑเธง[0m
    [36m</span>[31m
  [36m</li>[31m
[36m</ul>[31m

Ignored nodes: comments, script, style
[36m<li[31m
  [33mclass[31m=[32m"flex gap-2"[31m
[36m>[31m
  [36m<span[31m
    [33mclass[31m=[32m"text-orange-500"[31m
  [36m>[31m
    [0mโ€ข[0m
  [36m</span>[31m
  [36m<span>[31m
    [36m<b>[31m
      [0mReal Business Impact:[0m
    [36m</b>[31m
    [0m เนเธเนเธเธฑเธเธซเธฒเธเธญเธเธงเธ” 60% เธเธญเธเธญเธเธเนเธเธฃเนเธ”เนเธเธฃเธดเธ[0m
  [36m</span>[31m
[36m</li>[31m

Ignored nodes: comments, script, style
[36m<li[31m
  [33mclass[31m=[32m"flex gap-2"[31m
[36m>[31m
  [36m<span[31m
    [33mclass[31m=[32m"text-orange-500"[31m
  [36m>[31m
    [0mโ€ข[0m
  [36m</span>[31m
  [36m<span>[31m
    [36m<b>[31m
      [0mSafety-First:[0m
    [36m</b>[31m
    [0m เธกเธตเธฃเธฐเธเธเธเนเธญเธเธเธฑเธเธเธงเธฒเธกเน€เธชเธตเนเธขเธเน€เธฃเธทเนเธญเธเน€เธเธดเธเนเธฅเธฐ HR Action[0m
  [36m</span>[31m
[36m</li>[31m

Ignored nodes: comments, script, style
[36m<li[31m
  [33mclass[31m=[32m"flex gap-2"[31m
[36m>[31m
  [36m<span[31m
    [33mclass[31m=[32m"text-orange-500"[31m
  [36m>[31m
    [0mโ€ข[0m
  [36m</span>[31m
  [36m<span>[31m
    [36m<b>[31m
      [0mScalable:[0m
    [36m</b>[31m
    [0m เธญเธญเธเนเธเธ Architecture เนเธขเธเธชเนเธงเธ (WUT/WAY) เธฃเธญเธเธฃเธฑเธเธเธฒเธฃเธเธขเธฒเธขเธ•เธฑเธง[0m
  [36m</span>[31m
[36m</li>[31m

Ignored nodes: comments, script, style
[36m<footer[31m
  [33mclass[31m=[32m"py-8 text-center text-slate-600 text-sm bg-[#050911] border-t border-slate-800"[31m
[36m>[31m
  [36m<p>[31m
    [0mPrepared for Mango Consultant Interview โ€ข Jan 15, 2026[0m
  [36m</p>[31m
  [36m<p[31m
    [33mclass[31m=[32m"mt-1 opacity-50"[31m
  [36m>[31m
    [0mWUT & WAY Team[0m
  [36m</p>[31m
[36m</footer>[31m

(If this is intentional, then use the `*AllBy*` variant of the query (like `queryAllByText`, `getAllByText`, or `findAllByText`)).

Ignored nodes: comments, script, style
[36m<body>[31m
  [36m<div>[31m
    [36m<div[31m
      [33mclass[31m=[32m"min-h-screen bg-[#0f172a] text-slate-200 font-sans selection:bg-orange-500 selection:text-white overflow-x-hidden relative"[31m
    [36m>[31m
      [36m<nav[31m
        [33mclass[31m=[32m"fixed w-full z-50 glass-panel border-b-0 border-b-white/5 backdrop-blur-xl bg-slate-900/80"[31m
      [36m>[31m
        [36m<div[31m
          [33mclass[31m=[32m"max-w-7xl mx-auto px-6 h-16 flex items-center justify-between"[31m
        [36m>[31m
          [36m<div[31m
            [33mclass[31m=[32m"flex items-center gap-2 font-bold text-xl tracking-tight cursor-pointer"[31m
          [36m>[31m
            [36m<div[31m
              [33mclass[31m=[32m"w-8 h-8 bg-gradient-to-br from-orange-400 to-red-500 rounded-lg flex items-center justify-center shadow-lg shadow-orange-500/20"[31m
            [36m>[31m
              [36m<svg[31m
                [33mclass[31m=[32m"lucide lucide-bot w-5 h-5 text-white"[31m
                [33mfill[31m=[32m"none"[31m
                [33mheight[31m=[32m"24"[31m
                [33mstroke[31m=[32m"currentColor"[31m
                [33mstroke-linecap[31m=[32m"round"[31m
                [33mstroke-linejoin[31m=[32m"round"[31m
                [33mstroke-width[31m=[32m"2"[31m
                [33mviewBox[31m=[32m"0 0 24 24"[31m
                [33mwidth[31m=[32m"24"[31m
                [33mxmlns[31m=[32m"http://www.w3.org/2000/svg"[31m
              [36m>[31m
                [36m<path[31m
                  [33md[31m=[32m"M12 8V4H8"[31m
                [36m/>[31m
                [36m<rect[31m
                  [33mheight[31m=[32m"12"[31m
                  [33mrx[31m=[32m"2"[31m
                  [33mwidth[31m=[32m"16"[31m
                  [33mx[31m=[32m"4"[31m
                  [33my[31m=[32m"8"[31m
                [36m/>[31m
                [36m<path[31m
                  [33md[31m=[32m"M2 14h2"[31m
                [36m/>[31m
                [36m<path[31m
                  [33md[31m=[32m"M20 14h2"[31m
                [36m/>[31m
                [36m<path[31m
                  [33md[31m=[32m"M15 13v2"[31m
                [36m/>[31m
                [36m<path[31m
                  [33md[31m=[32m"M9 13v2"[31m
                [36m/>[31m
              [36m</svg>[31m
            [36m</div>[31m
            [36m<span[31m
              [33mclass[31m=[32m"text-white"[31m
            [36m>[31m
              [0mMango[0m
              [36m<span[31m
                [33mclass[31m=[32m"text-orange-400"[31m
              [36m>[31m
                [0mHelpdesk[0m
              [36m</span>[31m
            [36m</span>[31m
          [36m</div>[31m
          [36m<div[31m
            [33mclass[31m=[32m"hidden md:flex gap-6 text-sm font-medium text-slate-400"[31m
          [36m>[31m
            [36m<button[31m
              [33mclass[31m=[32m"hover:text-orange-400 transition-colors "[31m
            [36m>[31m
              [0mProblem[0m
            [36m</button>[31m
            [36m<button[31m
              [33mclass[31m=[32m"hover:text-orange-400 transition-colors "[31m
            [36m>[31m
              [0mSolution[0m
            [36m</button>[31m
            [36m<button[31m
              [33mclass[31m=[32m"hover:text-orange-400 transition-colors "[31m
            [36m>[31m
              [0mDemo[0m
            [36m</button>[31m
            [36m<button[31m
              [33mclass[31m=[32m"hover:text-orange-400 transition-colors "[31m
            [36m>[31m
              [0mImpact[0m
            [36m</button>[31m
          [36m</div>[31m
          [36m<div[31m
            [33mclass[31m=[32m"text-xs font-mono text-slate-500 border border-slate-700 px-3 py-1 rounded-full flex items-center gap-2"[31m
          [36m>[31m
            [36m<span[31m
              [33mclass[31m=[32m"w-2 h-2 rounded-full bg-green-500 animate-pulse"[31m
            [36m/>[31m
            [0mSystem Online v1.0.0[0m
          [36m</div>[31m
        [36m</div>[31m
      [36m</nav>[31m
      [36m<section[31m
        [33mclass[31m=[32m"relative z-10 pt-32 pb-20 px-6 flex flex-col items-center justify-center text-center min-h-[90vh] bg-grid-pattern overflow-hidden"[31m
        [33mid[31m=[32m"hero"[31m
      [36m>[31m
        [36m<div[31m
          [33mclass[31m=[32m"absolute inset-0 bg-gradient-to-b from-transparent via-[#0f172a]/50 to-[#0f172a] pointer-events-none"[31m
        [36m/>[31m
        [36m<div[31m
          [33mclass[31m=[32m"absolute inset-0 opacity-20 pointer-events-none"[31m
        [36m>[31m
          [36m<svg[31m
            [33mclass[31m=[32m"lucide lucide-database absolute top-[20%] left-[10%] w-16 h-16 text-purple-500 animate-float delay-100"[31m
            [33mfill[31m=[32m"none"[31m
            [33mheight[31m=[32m"24"[31m
            [33mstroke[31m=[32m"currentColor"[31m
            [33mstroke-linecap[31m=[32m"round"[31m
            [33mstroke-linejoin[31m=[32m"round"[31m
            [33mstroke-width[31m=[32m"2"[31m
            [33mviewBox[31m=[32m"0 0 24 24"[31m
            [33mwidth[31m=[32m"24"[31m
            [33mxmlns[31m=[32m"http://www.w3.org/2000/svg"[31m
          [36m>[31m
            [36m<ellipse[31m
              [33mcx[31m=[32m"12"[31m
              [33mcy[31m=[32m"5"[31m
              [33mrx[31m=[32m"9"[31m
              [33mry[31m=[32m"3"[31m
            [36m/>[31m
            [36m<path[31m
              [33md[31m=[32m"M3 5V19A9 3 0 0 0 21 19V5"[31m
            [36m/>[31m
            [36m<path[31m
              [33md[31m=[32m"M3 12A9 3 0 0 0 21 12"[31m
            [36m/>[31m
          [36m</svg>[31m
          [36m<svg[31m
            [33mclass[31m=[32m"lucide lucide-zap absolute top-[15%] right-[15%] w-12 h-12 text-orange-500 animate-float delay-300"[31m
            [33mfill[31m=[32m"none"[31m
            [33mheight[31m=[32m"24"[31m
            [33mstroke[31m=[32m"currentColor"[31m
            [33mstroke-linecap[31m=[32m"round"[31m
            [33mstroke-linejoin[31m=[32m"round"[31m
            [33mstroke-width[31m=[32m"2"[31m
            [33mviewBox[31m=[32m"0 0 24 24"[31m
            [33mwidth[31m=[32m"24"[31m
            [33mxmlns[31m=[32m"http://www.w3.org/2000/svg"[31m
          [36m>[31m
            [36m<polygon[31m
              [33mpoints[31m=[32m"13 2 3 14 12 14 11 22 21 10 12 10 13 2"[31m
            [36m/>[31m
          [36m</svg>[31m
          [36m<svg[31m
            [33mclass[31m=[32m"lucide lucide-shield-alert absolute bottom-[30%] left-[20%] w-10 h-10 text-green-500 animate-float delay-500"[31m
            [33mfill[31m=[32m"none"[31m
            [33mheight[31m...

Ignored nodes: comments, script, style
[36m<html[31m
  [33mclass[31m=[32m"lenis"[31m
[36m>[31m
  [36m<head />[31m
  [36m<body>[31m
    [36m<div>[31m
      [36m<div[31m
        [33mclass[31m=[32m"min-h-screen bg-[#0f172a] text-slate-200 font-sans selection:bg-orange-500 selection:text-white overflow-x-hidden relative"[31m
      [36m>[31m
        [36m<nav[31m
          [33mclass[31m=[32m"fixed w-full z-50 glass-panel border-b-0 border-b-white/5 backdrop-blur-xl bg-slate-900/80"[31m
        [36m>[31m
          [36m<div[31m
            [33mclass[31m=[32m"max-w-7xl mx-auto px-6 h-16 flex items-center justify-between"[31m
          [36m>[31m
            [36m<div[31m
              [33mclass[31m=[32m"flex items-center gap-2 font-bold text-xl tracking-tight cursor-pointer"[31m
            [36m>[31m
              [36m<div[31m
                [33mclass[31m=[32m"w-8 h-8 bg-gradient-to-br from-orange-400 to-red-500 rounded-lg flex items-center justify-center shadow-lg shadow-orange-500/20"[31m
              [36m>[31m
                [36m<svg[31m
                  [33mclass[31m=[32m"lucide lucide-bot w-5 h-5 text-white"[31m
                  [33mfill[31m=[32m"none"[31m
                  [33mheight[31m=[32m"24"[31m
                  [33mstroke[31m=[32m"currentColor"[31m
                  [33mstroke-linecap[31m=[32m"round"[31m
                  [33mstroke-linejoin[31m=[32m"round"[31m
                  [33mstroke-width[31m=[32m"2"[31m
                  [33mviewBox[31m=[32m"0 0 24 24"[31m
                  [33mwidth[31m=[32m"24"[31m
                  [33mxmlns[31m=[32m"http://www.w3.org/2000/svg"[31m
                [36m>[31m
                  [36m<path[31m
                    [33md[31m=[32m"M12 8V4H8"[31m
                  [36m/>[31m
                  [36m<rect[31m
                    [33mheight[31m=[32m"12"[31m
                    [33mrx[31m=[32m"2"[31m
                    [33mwidth[31m=[32m"16"[31m
                    [33mx[31m=[32m"4"[31m
                    [33my[31m=[32m"8"[31m
                  [36m/>[31m
                  [36m<path[31m
                    [33md[31m=[32m"M2 14h2"[31m
                  [36m/>[31m
                  [36m<path[31m
                    [33md[31m=[32m"M20 14h2"[31m
                  [36m/>[31m
                  [36m<path[31m
                    [33md[31m=[32m"M15 13v2"[31m
                  [36m/>[31m
                  [36m<path[31m
                    [33md[31m=[32m"M9 13v2"[31m
                  [36m/>[31m
                [36m</svg>[31m
              [36m</div>[31m
              [36m<span[31m
                [33mclass[31m=[32m"text-white"[31m
              [36m>[31m
                [0mMango[0m
                [36m<span[31m
                  [33mclass[31m=[32m"text-orange-400"[31m
                [36m>[31m
                  [0mHelpdesk[0m
                [36m</span>[31m
              [36m</span>[31m
            [36m</div>[31m
            [36m<div[31m
              [33mclass[31m=[32m"hidden md:flex gap-6 text-sm font-medium text-slate-400"[31m
            [36m>[31m
              [36m<button[31m
                [33mclass[31m=[32m"hover:text-orange-400 transition-colors "[31m
              [36m>[31m
                [0mProblem[0m
              [36m</button>[31m
              [36m<button[31m
                [33mclass[31m=[32m"hover:text-orange-400 transition-colors "[31m
              [36m>[31m
                [0mSolution[0m
              [36m</button>[31m
              [36m<button[31m
                [33mclass[31m=[32m"hover:text-orange-400 transition-colors "[31m
              [36m>[31m
                [0mDemo[0m
              [36m</button>[31m
              [36m<button[31m
                [33mclass[31m=[32m"hover:text-orange-400 transition-colors "[31m
              [36m>[31m
                [0mImpact[0m
              [36m</button>[31m
            [36m</div>[31m
            [36m<div[31m
              [33mclass[31m=[32m"text-xs font-mono text-slate-500 border border-slate-700 px-3 py-1 rounded-full flex items-center gap-2"[31m
            [36m>[31m
              [36m<span[31m
                [33mclass[31m=[32m"w-2 h-2 rounded-full bg-green-500 animate-pulse"[31m
              [36m/>[31m
              [0mSystem Online v1.0.0[0m
            [36m</div>[31m
          [36m</div>[31m
        [36m</nav>[31m
        [36m<section[31m
          [33mclass[31m=[32m"relative z-10 pt-32 pb-20 px-6 flex flex-col items-center justify-center text-center min-h-[90vh] bg-grid-pattern overflow-hidden"[31m
          [33mid[31m=[32m"hero"[31m
        [36m>[31m
          [36m<div[31m
            [33mclass[31m=[32m"absolute inset-0 bg-gradient-to-b from-transparent via-[#0f172a]/50 to-[#0f172a] pointer-events-none"[31m
          [36m/>[31m
          [36m<div[31m
            [33mclass[31m=[32m"absolute inset-0 opacity-20 pointer-events-none"[31m
          [36m>[31m
            [36m<svg[31m
              [33mclass[31m=[32m"lucide lucide-database absolute top-[20%] left-[10%] w-16 h-16 text-purple-500 animate-float delay-100"[31m
              [33mfill[31m=[32m"none"[31m
              [33mheight[31m=[32m"24"[31m
              [33mstroke[31m=[32m"currentColor"[31m
              [33mstroke-linecap[31m=[32m"round"[31m
              [33mstroke-linejoin[31m=[32m"round"[31m
              [33mstroke-width[31m=[32m"2"[31m
              [33mviewBox[31m=[32m"0 0 24 24"[31m
              [33mwidth[31m=[32m"24"[31m
              [33mxmlns[31m=[32m"http://www.w3.org/2000/svg"[31m
            [36m>[31m
              [36m<ellipse[31m
                [33mcx[31m=[32m"12"[31m
                [33mcy[31m=[32m"5"[31m
                [33mrx[31m=[32m"9"[31m
                [33mry[31m=[32m"3"[31m
              [36m/>[31m
              [36m<path[31m
                [33md[31m=[32m"M3 5V19A9 3 0 0 0 21 19V5"[31m
              [36m/>[31m
              [36m<path[31m
                [33md[31m=[32m"M3 12A9 3 0 0 0 21 12"[31m
              [36m/>[31m
            [36m</svg>[31m
            [36m<svg[31m
              [33mclass[31m=[32m"lucide lucide-zap absolute top-[15%] right-[15%] w-12 h-12 text-orange-500 animate-float delay-300"[31m
              [33mfill[31m=[32m"none"[31m
              [33mheight[31m=[32m"24"[31m
              [33mstroke[31m=[32m"currentColor"[31m
              [33mstroke-linecap[31m=[32m"round"[31m
              [33mstroke-linejoin[31m=[32m"round"[31m
              [33mstroke-width[31m=[32m"2"[31m
              [33mviewBox[31m=[32m"0 0 24 24"[31m
              [33mwidth[31m=[32m"24"[31m
              [33mxmlns[31m=[32m"http://www.w3.org/2000/svg"[31m
            [36m>[31m
              [36m<polygon[31m
   ...[39m
[31m   [33mโฏ[31m src/__tests__/unit/components/App.paranoid.test.jsx[2m > [22mApp Component - PARANOID MODE[2m > [22mInput Validation - PARANOID[2m > [22mshould reject whitespace-only messages[39m
[31m     โ’ [2mexpect([22m[31melement[31m[2m).toHaveValue()[22m

Expected the element to have value:
[32m[31m
Received:
[31m   	  [31m

Ignored nodes: comments, script, style
[36m<html[31m
  [33mclass[31m=[32m"lenis"[31m
[36m>[31m
  [36m<head />[31m
  [36m<body>[31m
    [36m<div>[31m
      [36m<div[31m
        [33mclass[31m=[32m"min-h-screen bg-[#0f172a] text-slate-200 font-sans selection:bg-orange-500 selection:text-white overflow-x-hidden relative"[31m
      [36m>[31m
        [36m<nav[31m
          [33mclass[31m=[32m"fixed w-full z-50 glass-panel border-b-0 border-b-white/5 backdrop-blur-xl bg-slate-900/80"[31m
        [36m>[31m
          [36m<div[31m
            [33mclass[31m=[32m"max-w-7xl mx-auto px-6 h-16 flex items-center justify-between"[31m
          [36m>[31m
            [36m<div[31m
              [33mclass[31m=[32m"flex items-center gap-2 font-bold text-xl tracking-tight cursor-pointer"[31m
            [36m>[31m
              [36m<div[31m
                [33mclass[31m=[32m"w-8 h-8 bg-gradient-to-br from-orange-400 to-red-500 rounded-lg flex items-center justify-center shadow-lg shadow-orange-500/20"[31m
              [36m>[31m
                [36m<svg[31m
                  [33mclass[31m=[32m"lucide lucide-bot w-5 h-5 text-white"[31m
                  [33mfill[31m=[32m"none"[31m
                  [33mheight[31m=[32m"24"[31m
                  [33mstroke[31m=[32m"currentColor"[31m
                  [33mstroke-linecap[31m=[32m"round"[31m
                  [33mstroke-linejoin[31m=[32m"round"[31m
                  [33mstroke-width[31m=[32m"2"[31m
                  [33mviewBox[31m=[32m"0 0 24 24"[31m
                  [33mwidth[31m=[32m"24"[31m
                  [33mxmlns[31m=[32m"http://www.w3.org/2000/svg"[31m
                [36m>[31m
                  [36m<path[31m
                    [33md[31m=[32m"M12 8V4H8"[31m
                  [36m/>[31m
                  [36m<rect[31m
                    [33mheight[31m=[32m"12"[31m
                    [33mrx[31m=[32m"2"[31m
                    [33mwidth[31m=[32m"16"[31m
                    [33mx[31m=[32m"4"[31m
                    [33my[31m=[32m"8"[31m
                  [36m/>[31m
                  [36m<path[31m
                    [33md[31m=[32m"M2 14h2"[31m
                  [36m/>[31m
                  [36m<path[31m
                    [33md[31m=[32m"M20 14h2"[31m
                  [36m/>[31m
                  [36m<path[31m
                    [33md[31m=[32m"M15 13v2"[31m
                  [36m/>[31m
                  [36m<path[31m
                    [33md[31m=[32m"M9 13v2"[31m
                  [36m/>[31m
                [36m</svg>[31m
              [36m</div>[31m
              [36m<span[31m
                [33mclass[31m=[32m"text-white"[31m
              [36m>[31m
                [0mMango[0m
                [36m<span[31m
                  [33mclass[31m=[32m"text-orange-400"[31m
                [36m>[31m
                  [0mHelpdesk[0m
                [36m</span>[31m
              [36m</span>[31m
            [36m</div>[31m
            [36m<div[31m
              [33mclass[31m=[32m"hidden md:flex gap-6 text-sm font-medium text-slate-400"[31m
            [36m>[31m
              [36m<button[31m
                [33mclass[31m=[32m"hover:text-orange-400 transition-colors "[31m
              [36m>[31m
                [0mProblem[0m
              [36m</button>[31m
              [36m<button[31m
                [33mclass[31m=[32m"hover:text-orange-400 transition-colors "[31m
              [36m>[31m
                [0mSolution[0m
              [36m</button>[31m
              [36m<button[31m
                [33mclass[31m=[32m"hover:text-orange-400 transition-colors "[31m
              [36m>[31m
                [0mDemo[0m
              [36m</button>[31m
              [36m<button[31m
                [33mclass[31m=[32m"hover:text-orange-400 transition-colors "[31m
              [36m>[31m
                [0mImpact[0m
              [36m</button>[31m
            [36m</div>[31m
            [36m<div[31m
              [33mclass[31m=[32m"text-xs font-mono text-slate-500 border border-slate-700 px-3 py-1 rounded-full flex items-center gap-2"[31m
            [36m>[31m
              [36m<span[31m
                [33mclass[31m=[32m"w-2 h-2 rounded-full bg-green-500 animate-pulse"[31m
              [36m/>[31m
              [0mSystem Online v1.0.0[0m
            [36m</div>[31m
          [36m</div>[31m
        [36m</nav>[31m
        [36m<section[31m
          [33mclass[31m=[32m"relative z-10 pt-32 pb-20 px-6 flex flex-col items-center justify-center text-center min-h-[90vh] bg-grid-pattern overflow-hidden"[31m
          [33mid[31m=[32m"hero"[31m
        [36m>[31m
          [36m<div[31m
            [33mclass[31m=[32m"absolute inset-0 bg-gradient-to-b from-transparent via-[#0f172a]/50 to-[#0f172a] pointer-events-none"[31m
          [36m/>[31m
          [36m<div[31m
            [33mclass[31m=[32m"absolute inset-0 opacity-20 pointer-events-none"[31m
          [36m>[31m
            [36m<svg[31m
              [33mclass[31m=[32m"lucide lucide-database absolute top-[20%] left-[10%] w-16 h-16 text-purple-500 animate-float delay-100"[31m
              [33mfill[31m=[32m"none"[31m
              [33mheight[31m=[32m"24"[31m
              [33mstroke[31m=[32m"currentColor"[31m
              [33mstroke-linecap[31m=[32m"round"[31m
              [33mstroke-linejoin[31m=[32m"round"[31m
              [33mstroke-width[31m=[32m"2"[31m
              [33mviewBox[31m=[32m"0 0 24 24"[31m
              [33mwidth[31m=[32m"24"[31m
              [33mxmlns[31m=[32m"http://www.w3.org/2000/svg"[31m
            [36m>[31m
              [36m<ellipse[31m
                [33mcx[31m=[32m"12"[31m
                [33mcy[31m=[32m"5"[31m
                [33mrx[31m=[32m"9"[31m
                [33mry[31m=[32m"3"[31m
              [36m/>[31m
              [36m<path[31m
                [33md[31m=[32m"M3 5V19A9 3 0 0 0 21 19V5"[31m
              [36m/>[31m
              [36m<path[31m
                [33md[31m=[32m"M3 12A9 3 0 0 0 21 12"[31m
              [36m/>[31m
            [36m</svg>[31m
            [36m<svg[31m
              [33mclass[31m=[32m"lucide lucide-zap absolute top-[15%] right-[15%] w-12 h-12 text-orange-500 animate-float delay-300"[31m
              [33mfill[31m=[32m"none"[31m
              [33mheight[31m=[32m"24"[31m
              [33mstroke[31m=[32m"currentColor"[31m
              [33mstroke-linecap[31m=[32m"round"[31m
              [33mstroke-linejoin[31m=[32m"round"[31m
              [33mstroke-width[31m=[32m"2"[31m
              [33mviewBox[31m=[32m"0 0 24 24"[31m
              [33mwidth[31m=[32m"24"[31m
              [33mxmlns[31m=[32m"http://www.w3.org/2000/svg"[31m
            [36m>[31m
              [36m<polygon[31m
   ...[39m
[31m   [33mโฏ[31m src/__tests__/unit/components/App.paranoid.test.jsx[2m > [22mApp Component - PARANOID MODE[2m > [22mInput Validation - PARANOID[2m > [22mshould handle very long messages (10000+ chars)[39m
[31m     โ’ Test timed out in 10000ms.
If this is a long-running test, pass a timeout value as the last argument or configure it globally with "testTimeout".[39m
[31m   [33mโฏ[31m src/__tests__/unit/components/App.paranoid.test.jsx[2m > [22mApp Component - PARANOID MODE[2m > [22mInput Validation - PARANOID[2m > [22mshould handle special characters safely[39m
[31m     โ’ Unable to find an element with the text: /script/i. This could be because the text is broken up by multiple elements. In this case, you can provide a function for your text matcher to make your matcher more flexible.

Ignored nodes: comments, script, style
[36m<body>[31m
  [36m<div>[31m
    [36m<div[31m
      [33mclass[31m=[32m"min-h-screen bg-[#0f172a] text-slate-200 font-sans selection:bg-orange-500 selection:text-white overflow-x-hidden relative"[31m
    [36m>[31m
      [36m<nav[31m
        [33mclass[31m=[32m"fixed w-full z-50 glass-panel border-b-0 border-b-white/5 backdrop-blur-xl bg-slate-900/80"[31m
      [36m>[31m
        [36m<div[31m
          [33mclass[31m=[32m"max-w-7xl mx-auto px-6 h-16 flex items-center justify-between"[31m
        [36m>[31m
          [36m<div[31m
            [33mclass[31m=[32m"flex items-center gap-2 font-bold text-xl tracking-tight cursor-pointer"[31m
          [36m>[31m
            [36m<div[31m
              [33mclass[31m=[32m"w-8 h-8 bg-gradient-to-br from-orange-400 to-red-500 rounded-lg flex items-center justify-center shadow-lg shadow-orange-500/20"[31m
            [36m>[31m
              [36m<svg[31m
                [33mclass[31m=[32m"lucide lucide-bot w-5 h-5 text-white"[31m
                [33mfill[31m=[32m"none"[31m
                [33mheight[31m=[32m"24"[31m
                [33mstroke[31m=[32m"currentColor"[31m
                [33mstroke-linecap[31m=[32m"round"[31m
                [33mstroke-linejoin[31m=[32m"round"[31m
                [33mstroke-width[31m=[32m"2"[31m
                [33mviewBox[31m=[32m"0 0 24 24"[31m
                [33mwidth[31m=[32m"24"[31m
                [33mxmlns[31m=[32m"http://www.w3.org/2000/svg"[31m
              [36m>[31m
                [36m<path[31m
                  [33md[31m=[32m"M12 8V4H8"[31m
                [36m/>[31m
                [36m<rect[31m
                  [33mheight[31m=[32m"12"[31m
                  [33mrx[31m=[32m"2"[31m
                  [33mwidth[31m=[32m"16"[31m
                  [33mx[31m=[32m"4"[31m
                  [33my[31m=[32m"8"[31m
                [36m/>[31m
                [36m<path[31m
                  [33md[31m=[32m"M2 14h2"[31m
                [36m/>[31m
                [36m<path[31m
                  [33md[31m=[32m"M20 14h2"[31m
                [36m/>[31m
                [36m<path[31m
                  [33md[31m=[32m"M15 13v2"[31m
                [36m/>[31m
                [36m<path[31m
                  [33md[31m=[32m"M9 13v2"[31m
                [36m/>[31m
              [36m</svg>[31m
            [36m</div>[31m
            [36m<span[31m
              [33mclass[31m=[32m"text-white"[31m
            [36m>[31m
              [0mMango[0m
              [36m<span[31m
                [33mclass[31m=[32m"text-orange-400"[31m
              [36m>[31m
                [0mHelpdesk[0m
              [36m</span>[31m
            [36m</span>[31m
          [36m</div>[31m
          [36m<div[31m
            [33mclass[31m=[32m"hidden md:flex gap-6 text-sm font-medium text-slate-400"[31m
          [36m>[31m
            [36m<button[31m
              [33mclass[31m=[32m"hover:text-orange-400 transition-colors "[31m
            [36m>[31m
              [0mProblem[0m
            [36m</button>[31m
            [36m<button[31m
              [33mclass[31m=[32m"hover:text-orange-400 transition-colors "[31m
            [36m>[31m
              [0mSolution[0m
            [36m</button>[31m
            [36m<button[31m
              [33mclass[31m=[32m"hover:text-orange-400 transition-colors "[31m
            [36m>[31m
              [0mDemo[0m
            [36m</button>[31m
            [36m<button[31m
              [33mclass[31m=[32m"hover:text-orange-400 transition-colors "[31m
            [36m>[31m
              [0mImpact[0m
            [36m</button>[31m
          [36m</div>[31m
          [36m<div[31m
            [33mclass[31m=[32m"text-xs font-mono text-slate-500 border border-slate-700 px-3 py-1 rounded-full flex items-center gap-2"[31m
          [36m>[31m
            [36m<span[31m
              [33mclass[31m=[32m"w-2 h-2 rounded-full bg-green-500 animate-pulse"[31m
            [36m/>[31m
            [0mSystem Online v1.0.0[0m
          [36m</div>[31m
        [36m</div>[31m
      [36m</nav>[31m
      [36m<section[31m
        [33mclass[31m=[32m"relative z-10 pt-32 pb-20 px-6 flex flex-col items-center justify-center text-center min-h-[90vh] bg-grid-pattern overflow-hidden"[31m
        [33mid[31m=[32m"hero"[31m
      [36m>[31m
        [36m<div[31m
          [33mclass[31m=[32m"absolute inset-0 bg-gradient-to-b from-transparent via-[#0f172a]/50 to-[#0f172a] pointer-events-none"[31m
        [36m/>[31m
        [36m<div[31m
          [33mclass[31m=[32m"absolute inset-0 opacity-20 pointer-events-none"[31m
        [36m>[31m
          [36m<svg[31m
            [33mclass[31m=[32m"lucide lucide-database absolute top-[20%] left-[10%] w-16 h-16 text-purple-500 animate-float delay-100"[31m
            [33mfill[31m=[32m"none"[31m
            [33mheight[31m=[32m"24"[31m
            [33mstroke[31m=[32m"currentColor"[31m
            [33mstroke-linecap[31m=[32m"round"[31m
            [33mstroke-linejoin[31m=[32m"round"[31m
            [33mstroke-width[31m=[32m"2"[31m
            [33mviewBox[31m=[32m"0 0 24 24"[31m
            [33mwidth[31m=[32m"24"[31m
            [33mxmlns[31m=[32m"http://www.w3.org/2000/svg"[31m
          [36m>[31m
            [36m<ellipse[31m
              [33mcx[31m=[32m"12"[31m
              [33mcy[31m=[32m"5"[31m
              [33mrx[31m=[32m"9"[31m
              [33mry[31m=[32m"3"[31m
            [36m/>[31m
            [36m<path[31m
              [33md[31m=[32m"M3 5V19A9 3 0 0 0 21 19V5"[31m
            [36m/>[31m
            [36m<path[31m
              [33md[31m=[32m"M3 12A9 3 0 0 0 21 12"[31m
            [36m/>[31m
          [36m</svg>[31m
          [36m<svg[31m
            [33mclass[31m=[32m"lucide lucide-zap absolute top-[15%] right-[15%] w-12 h-12 text-orange-500 animate-float delay-300"[31m
            [33mfill[31m=[32m"none"[31m
            [33mheight[31m=[32m"24"[31m
            [33mstroke[31m=[32m"currentColor"[31m
            [33mstroke-linecap[31m=[32m"round"[31m
            [33mstroke-linejoin[31m=[32m"round"[31m
            [33mstroke-width[31m=[32m"2"[31m
            [33mviewBox[31m=[32m"0 0 24 24"[31m
            [33mwidth[31m=[32m"24"[31m
            [33mxmlns[31m=[32m"http://www.w3.org/2000/svg"[31m
          [36m>[31m
            [36m<polygon[31m
              [33mpoints[31m=[32m"13 2 3 14 12 14 11 22 21 10 12 10 13 2"[31m
            [36m/>[31m
          [36m</svg>[31m
          [36m<svg[31m
            [33mclass[31m=[32m"lucide lucide-shield-alert absolute bottom-[30%] left-[20%] w-10 h-10 text-green-500 animate-float delay-500"[31m
            [33mfill[31m=[32m"none"[31m
            [33mheight[31m...

Ignored nodes: comments, script, style
[36m<html[31m
  [33mclass[31m=[32m"lenis"[31m
[36m>[31m
  [36m<head />[31m
  [36m<body>[31m
    [36m<div>[31m
      [36m<div[31m
        [33mclass[31m=[32m"min-h-screen bg-[#0f172a] text-slate-200 font-sans selection:bg-orange-500 selection:text-white overflow-x-hidden relative"[31m
      [36m>[31m
        [36m<nav[31m
          [33mclass[31m=[32m"fixed w-full z-50 glass-panel border-b-0 border-b-white/5 backdrop-blur-xl bg-slate-900/80"[31m
        [36m>[31m
          [36m<div[31m
            [33mclass[31m=[32m"max-w-7xl mx-auto px-6 h-16 flex items-center justify-between"[31m
          [36m>[31m
            [36m<div[31m
              [33mclass[31m=[32m"flex items-center gap-2 font-bold text-xl tracking-tight cursor-pointer"[31m
            [36m>[31m
              [36m<div[31m
                [33mclass[31m=[32m"w-8 h-8 bg-gradient-to-br from-orange-400 to-red-500 rounded-lg flex items-center justify-center shadow-lg shadow-orange-500/20"[31m
              [36m>[31m
                [36m<svg[31m
                  [33mclass[31m=[32m"lucide lucide-bot w-5 h-5 text-white"[31m
                  [33mfill[31m=[32m"none"[31m
                  [33mheight[31m=[32m"24"[31m
                  [33mstroke[31m=[32m"currentColor"[31m
                  [33mstroke-linecap[31m=[32m"round"[31m
                  [33mstroke-linejoin[31m=[32m"round"[31m
                  [33mstroke-width[31m=[32m"2"[31m
                  [33mviewBox[31m=[32m"0 0 24 24"[31m
                  [33mwidth[31m=[32m"24"[31m
                  [33mxmlns[31m=[32m"http://www.w3.org/2000/svg"[31m
                [36m>[31m
                  [36m<path[31m
                    [33md[31m=[32m"M12 8V4H8"[31m
                  [36m/>[31m
                  [36m<rect[31m
                    [33mheight[31m=[32m"12"[31m
                    [33mrx[31m=[32m"2"[31m
                    [33mwidth[31m=[32m"16"[31m
                    [33mx[31m=[32m"4"[31m
                    [33my[31m=[32m"8"[31m
                  [36m/>[31m
                  [36m<path[31m
                    [33md[31m=[32m"M2 14h2"[31m
                  [36m/>[31m
                  [36m<path[31m
                    [33md[31m=[32m"M20 14h2"[31m
                  [36m/>[31m
                  [36m<path[31m
                    [33md[31m=[32m"M15 13v2"[31m
                  [36m/>[31m
                  [36m<path[31m
                    [33md[31m=[32m"M9 13v2"[31m
                  [36m/>[31m
                [36m</svg>[31m
              [36m</div>[31m
              [36m<span[31m
                [33mclass[31m=[32m"text-white"[31m
              [36m>[31m
                [0mMango[0m
                [36m<span[31m
                  [33mclass[31m=[32m"text-orange-400"[31m
                [36m>[31m
                  [0mHelpdesk[0m
                [36m</span>[31m
              [36m</span>[31m
            [36m</div>[31m
            [36m<div[31m
              [33mclass[31m=[32m"hidden md:flex gap-6 text-sm font-medium text-slate-400"[31m
            [36m>[31m
              [36m<button[31m
                [33mclass[31m=[32m"hover:text-orange-400 transition-colors "[31m
              [36m>[31m
                [0mProblem[0m
              [36m</button>[31m
              [36m<button[31m
                [33mclass[31m=[32m"hover:text-orange-400 transition-colors "[31m
              [36m>[31m
                [0mSolution[0m
              [36m</button>[31m
              [36m<button[31m
                [33mclass[31m=[32m"hover:text-orange-400 transition-colors "[31m
              [36m>[31m
                [0mDemo[0m
              [36m</button>[31m
              [36m<button[31m
                [33mclass[31m=[32m"hover:text-orange-400 transition-colors "[31m
              [36m>[31m
                [0mImpact[0m
              [36m</button>[31m
            [36m</div>[31m
            [36m<div[31m
              [33mclass[31m=[32m"text-xs font-mono text-slate-500 border border-slate-700 px-3 py-1 rounded-full flex items-center gap-2"[31m
            [36m>[31m
              [36m<span[31m
                [33mclass[31m=[32m"w-2 h-2 rounded-full bg-green-500 animate-pulse"[31m
              [36m/>[31m
              [0mSystem Online v1.0.0[0m
            [36m</div>[31m
          [36m</div>[31m
        [36m</nav>[31m
        [36m<section[31m
          [33mclass[31m=[32m"relative z-10 pt-32 pb-20 px-6 flex flex-col items-center justify-center text-center min-h-[90vh] bg-grid-pattern overflow-hidden"[31m
          [33mid[31m=[32m"hero"[31m
        [36m>[31m
          [36m<div[31m
            [33mclass[31m=[32m"absolute inset-0 bg-gradient-to-b from-transparent via-[#0f172a]/50 to-[#0f172a] pointer-events-none"[31m
          [36m/>[31m
          [36m<div[31m
            [33mclass[31m=[32m"absolute inset-0 opacity-20 pointer-events-none"[31m
          [36m>[31m
            [36m<svg[31m
              [33mclass[31m=[32m"lucide lucide-database absolute top-[20%] left-[10%] w-16 h-16 text-purple-500 animate-float delay-100"[31m
              [33mfill[31m=[32m"none"[31m
              [33mheight[31m=[32m"24"[31m
              [33mstroke[31m=[32m"currentColor"[31m
              [33mstroke-linecap[31m=[32m"round"[31m
              [33mstroke-linejoin[31m=[32m"round"[31m
              [33mstroke-width[31m=[32m"2"[31m
              [33mviewBox[31m=[32m"0 0 24 24"[31m
              [33mwidth[31m=[32m"24"[31m
              [33mxmlns[31m=[32m"http://www.w3.org/2000/svg"[31m
            [36m>[31m
              [36m<ellipse[31m
                [33mcx[31m=[32m"12"[31m
                [33mcy[31m=[32m"5"[31m
                [33mrx[31m=[32m"9"[31m
                [33mry[31m=[32m"3"[31m
              [36m/>[31m
              [36m<path[31m
                [33md[31m=[32m"M3 5V19A9 3 0 0 0 21 19V5"[31m
              [36m/>[31m
              [36m<path[31m
                [33md[31m=[32m"M3 12A9 3 0 0 0 21 12"[31m
              [36m/>[31m
            [36m</svg>[31m
            [36m<svg[31m
              [33mclass[31m=[32m"lucide lucide-zap absolute top-[15%] right-[15%] w-12 h-12 text-orange-500 animate-float delay-300"[31m
              [33mfill[31m=[32m"none"[31m
              [33mheight[31m=[32m"24"[31m
              [33mstroke[31m=[32m"currentColor"[31m
              [33mstroke-linecap[31m=[32m"round"[31m
              [33mstroke-linejoin[31m=[32m"round"[31m
              [33mstroke-width[31m=[32m"2"[31m
              [33mviewBox[31m=[32m"0 0 24 24"[31m
              [33mwidth[31m=[32m"24"[31m
              [33mxmlns[31m=[32m"http://www.w3.org/2000/svg"[31m
            [36m>[31m
              [36m<polygon[31m
   ...[39m
[31m   [33mโฏ[31m src/__tests__/unit/components/App.paranoid.test.jsx[2m > [22mApp Component - PARANOID MODE[2m > [22mInput Validation - PARANOID[2m > [22mshould handle emoji and unicode correctly[39m
[31m     โ’ Unable to find an element with the text: /๐€ เธชเธงเธฑเธชเธ”เธต ๐ฅญ เธเธญเธฃเธตเน€เธเนเธ•เธฃเธซเธฑเธช ๐”’/i. This could be because the text is broken up by multiple elements. In this case, you can provide a function for your text matcher to make your matcher more flexible.

Ignored nodes: comments, script, style
[36m<body>[31m
  [36m<div>[31m
    [36m<div[31m
      [33mclass[31m=[32m"min-h-screen bg-[#0f172a] text-slate-200 font-sans selection:bg-orange-500 selection:text-white overflow-x-hidden relative"[31m
    [36m>[31m
      [36m<nav[31m
        [33mclass[31m=[32m"fixed w-full z-50 glass-panel border-b-0 border-b-white/5 backdrop-blur-xl bg-slate-900/80"[31m
      [36m>[31m
        [36m<div[31m
          [33mclass[31m=[32m"max-w-7xl mx-auto px-6 h-16 flex items-center justify-between"[31m
        [36m>[31m
          [36m<div[31m
            [33mclass[31m=[32m"flex items-center gap-2 font-bold text-xl tracking-tight cursor-pointer"[31m
          [36m>[31m
            [36m<div[31m
              [33mclass[31m=[32m"w-8 h-8 bg-gradient-to-br from-orange-400 to-red-500 rounded-lg flex items-center justify-center shadow-lg shadow-orange-500/20"[31m
            [36m>[31m
              [36m<svg[31m
                [33mclass[31m=[32m"lucide lucide-bot w-5 h-5 text-white"[31m
                [33mfill[31m=[32m"none"[31m
                [33mheight[31m=[32m"24"[31m
                [33mstroke[31m=[32m"currentColor"[31m
                [33mstroke-linecap[31m=[32m"round"[31m
                [33mstroke-linejoin[31m=[32m"round"[31m
                [33mstroke-width[31m=[32m"2"[31m
                [33mviewBox[31m=[32m"0 0 24 24"[31m
                [33mwidth[31m=[32m"24"[31m
                [33mxmlns[31m=[32m"http://www.w3.org/2000/svg"[31m
              [36m>[31m
                [36m<path[31m
                  [33md[31m=[32m"M12 8V4H8"[31m
                [36m/>[31m
                [36m<rect[31m
                  [33mheight[31m=[32m"12"[31m
                  [33mrx[31m=[32m"2"[31m
                  [33mwidth[31m=[32m"16"[31m
                  [33mx[31m=[32m"4"[31m
                  [33my[31m=[32m"8"[31m
                [36m/>[31m
                [36m<path[31m
                  [33md[31m=[32m"M2 14h2"[31m
                [36m/>[31m
                [36m<path[31m
                  [33md[31m=[32m"M20 14h2"[31m
                [36m/>[31m
                [36m<path[31m
                  [33md[31m=[32m"M15 13v2"[31m
                [36m/>[31m
                [36m<path[31m
                  [33md[31m=[32m"M9 13v2"[31m
                [36m/>[31m
              [36m</svg>[31m
            [36m</div>[31m
            [36m<span[31m
              [33mclass[31m=[32m"text-white"[31m
            [36m>[31m
              [0mMango[0m
              [36m<span[31m
                [33mclass[31m=[32m"text-orange-400"[31m
              [36m>[31m
                [0mHelpdesk[0m
              [36m</span>[31m
            [36m</span>[31m
          [36m</div>[31m
          [36m<div[31m
            [33mclass[31m=[32m"hidden md:flex gap-6 text-sm font-medium text-slate-400"[31m
          [36m>[31m
            [36m<button[31m
              [33mclass[31m=[32m"hover:text-orange-400 transition-colors "[31m
            [36m>[31m
              [0mProblem[0m
            [36m</button>[31m
            [36m<button[31m
              [33mclass[31m=[32m"hover:text-orange-400 transition-colors "[31m
            [36m>[31m
              [0mSolution[0m
            [36m</button>[31m
            [36m<button[31m
              [33mclass[31m=[32m"hover:text-orange-400 transition-colors "[31m
            [36m>[31m
              [0mDemo[0m
            [36m</button>[31m
            [36m<button[31m
              [33mclass[31m=[32m"hover:text-orange-400 transition-colors "[31m
            [36m>[31m
              [0mImpact[0m
            [36m</button>[31m
          [36m</div>[31m
          [36m<div[31m
            [33mclass[31m=[32m"text-xs font-mono text-slate-500 border border-slate-700 px-3 py-1 rounded-full flex items-center gap-2"[31m
          [36m>[31m
            [36m<span[31m
              [33mclass[31m=[32m"w-2 h-2 rounded-full bg-green-500 animate-pulse"[31m
            [36m/>[31m
            [0mSystem Online v1.0.0[0m
          [36m</div>[31m
        [36m</div>[31m
      [36m</nav>[31m
      [36m<section[31m
        [33mclass[31m=[32m"relative z-10 pt-32 pb-20 px-6 flex flex-col items-center justify-center text-center min-h-[90vh] bg-grid-pattern overflow-hidden"[31m
        [33mid[31m=[32m"hero"[31m
      [36m>[31m
        [36m<div[31m
          [33mclass[31m=[32m"absolute inset-0 bg-gradient-to-b from-transparent via-[#0f172a]/50 to-[#0f172a] pointer-events-none"[31m
        [36m/>[31m
        [36m<div[31m
          [33mclass[31m=[32m"absolute inset-0 opacity-20 pointer-events-none"[31m
        [36m>[31m
          [36m<svg[31m
            [33mclass[31m=[32m"lucide lucide-database absolute top-[20%] left-[10%] w-16 h-16 text-purple-500 animate-float delay-100"[31m
            [33mfill[31m=[32m"none"[31m
            [33mheight[31m=[32m"24"[31m
            [33mstroke[31m=[32m"currentColor"[31m
            [33mstroke-linecap[31m=[32m"round"[31m
            [33mstroke-linejoin[31m=[32m"round"[31m
            [33mstroke-width[31m=[32m"2"[31m
            [33mviewBox[31m=[32m"0 0 24 24"[31m
            [33mwidth[31m=[32m"24"[31m
            [33mxmlns[31m=[32m"http://www.w3.org/2000/svg"[31m
          [36m>[31m
            [36m<ellipse[31m
              [33mcx[31m=[32m"12"[31m
              [33mcy[31m=[32m"5"[31m
              [33mrx[31m=[32m"9"[31m
              [33mry[31m=[32m"3"[31m
            [36m/>[31m
            [36m<path[31m
              [33md[31m=[32m"M3 5V19A9 3 0 0 0 21 19V5"[31m
            [36m/>[31m
            [36m<path[31m
              [33md[31m=[32m"M3 12A9 3 0 0 0 21 12"[31m
            [36m/>[31m
          [36m</svg>[31m
          [36m<svg[31m
            [33mclass[31m=[32m"lucide lucide-zap absolute top-[15%] right-[15%] w-12 h-12 text-orange-500 animate-float delay-300"[31m
            [33mfill[31m=[32m"none"[31m
            [33mheight[31m=[32m"24"[31m
            [33mstroke[31m=[32m"currentColor"[31m
            [33mstroke-linecap[31m=[32m"round"[31m
            [33mstroke-linejoin[31m=[32m"round"[31m
            [33mstroke-width[31m=[32m"2"[31m
            [33mviewBox[31m=[32m"0 0 24 24"[31m
            [33mwidth[31m=[32m"24"[31m
            [33mxmlns[31m=[32m"http://www.w3.org/2000/svg"[31m
          [36m>[31m
            [36m<polygon[31m
              [33mpoints[31m=[32m"13 2 3 14 12 14 11 22 21 10 12 10 13 2"[31m
            [36m/>[31m
          [36m</svg>[31m
          [36m<svg[31m
            [33mclass[31m=[32m"lucide lucide-shield-alert absolute bottom-[30%] left-[20%] w-10 h-10 text-green-500 animate-float delay-500"[31m
            [33mfill[31m=[32m"none"[31m
            [33mheight[31m...

Ignored nodes: comments, script, style
[36m<html[31m
  [33mclass[31m=[32m"lenis"[31m
[36m>[31m
  [36m<head />[31m
  [36m<body>[31m
    [36m<div>[31m
      [36m<div[31m
        [33mclass[31m=[32m"min-h-screen bg-[#0f172a] text-slate-200 font-sans selection:bg-orange-500 selection:text-white overflow-x-hidden relative"[31m
      [36m>[31m
        [36m<nav[31m
          [33mclass[31m=[32m"fixed w-full z-50 glass-panel border-b-0 border-b-white/5 backdrop-blur-xl bg-slate-900/80"[31m
        [36m>[31m
          [36m<div[31m
            [33mclass[31m=[32m"max-w-7xl mx-auto px-6 h-16 flex items-center justify-between"[31m
          [36m>[31m
            [36m<div[31m
              [33mclass[31m=[32m"flex items-center gap-2 font-bold text-xl tracking-tight cursor-pointer"[31m
            [36m>[31m
              [36m<div[31m
                [33mclass[31m=[32m"w-8 h-8 bg-gradient-to-br from-orange-400 to-red-500 rounded-lg flex items-center justify-center shadow-lg shadow-orange-500/20"[31m
              [36m>[31m
                [36m<svg[31m
                  [33mclass[31m=[32m"lucide lucide-bot w-5 h-5 text-white"[31m
                  [33mfill[31m=[32m"none"[31m
                  [33mheight[31m=[32m"24"[31m
                  [33mstroke[31m=[32m"currentColor"[31m
                  [33mstroke-linecap[31m=[32m"round"[31m
                  [33mstroke-linejoin[31m=[32m"round"[31m
                  [33mstroke-width[31m=[32m"2"[31m
                  [33mviewBox[31m=[32m"0 0 24 24"[31m
                  [33mwidth[31m=[32m"24"[31m
                  [33mxmlns[31m=[32m"http://www.w3.org/2000/svg"[31m
                [36m>[31m
                  [36m<path[31m
                    [33md[31m=[32m"M12 8V4H8"[31m
                  [36m/>[31m
                  [36m<rect[31m
                    [33mheight[31m=[32m"12"[31m
                    [33mrx[31m=[32m"2"[31m
                    [33mwidth[31m=[32m"16"[31m
                    [33mx[31m=[32m"4"[31m
                    [33my[31m=[32m"8"[31m
                  [36m/>[31m
                  [36m<path[31m
                    [33md[31m=[32m"M2 14h2"[31m
                  [36m/>[31m
                  [36m<path[31m
                    [33md[31m=[32m"M20 14h2"[31m
                  [36m/>[31m
                  [36m<path[31m
                    [33md[31m=[32m"M15 13v2"[31m
                  [36m/>[31m
                  [36m<path[31m
                    [33md[31m=[32m"M9 13v2"[31m
                  [36m/>[31m
                [36m</svg>[31m
              [36m</div>[31m
              [36m<span[31m
                [33mclass[31m=[32m"text-white"[31m
              [36m>[31m
                [0mMango[0m
                [36m<span[31m
                  [33mclass[31m=[32m"text-orange-400"[31m
                [36m>[31m
                  [0mHelpdesk[0m
                [36m</span>[31m
              [36m</span>[31m
            [36m</div>[31m
            [36m<div[31m
              [33mclass[31m=[32m"hidden md:flex gap-6 text-sm font-medium text-slate-400"[31m
            [36m>[31m
              [36m<button[31m
                [33mclass[31m=[32m"hover:text-orange-400 transition-colors "[31m
              [36m>[31m
                [0mProblem[0m
              [36m</button>[31m
              [36m<button[31m
                [33mclass[31m=[32m"hover:text-orange-400 transition-colors "[31m
              [36m>[31m
                [0mSolution[0m
              [36m</button>[31m
              [36m<button[31m
                [33mclass[31m=[32m"hover:text-orange-400 transition-colors "[31m
              [36m>[31m
                [0mDemo[0m
              [36m</button>[31m
              [36m<button[31m
                [33mclass[31m=[32m"hover:text-orange-400 transition-colors "[31m
              [36m>[31m
                [0mImpact[0m
              [36m</button>[31m
            [36m</div>[31m
            [36m<div[31m
              [33mclass[31m=[32m"text-xs font-mono text-slate-500 border border-slate-700 px-3 py-1 rounded-full flex items-center gap-2"[31m
            [36m>[31m
              [36m<span[31m
                [33mclass[31m=[32m"w-2 h-2 rounded-full bg-green-500 animate-pulse"[31m
              [36m/>[31m
              [0mSystem Online v1.0.0[0m
            [36m</div>[31m
          [36m</div>[31m
        [36m</nav>[31m
        [36m<section[31m
          [33mclass[31m=[32m"relative z-10 pt-32 pb-20 px-6 flex flex-col items-center justify-center text-center min-h-[90vh] bg-grid-pattern overflow-hidden"[31m
          [33mid[31m=[32m"hero"[31m
        [36m>[31m
          [36m<div[31m
            [33mclass[31m=[32m"absolute inset-0 bg-gradient-to-b from-transparent via-[#0f172a]/50 to-[#0f172a] pointer-events-none"[31m
          [36m/>[31m
          [36m<div[31m
            [33mclass[31m=[32m"absolute inset-0 opacity-20 pointer-events-none"[31m
          [36m>[31m
            [36m<svg[31m
              [33mclass[31m=[32m"lucide lucide-database absolute top-[20%] left-[10%] w-16 h-16 text-purple-500 animate-float delay-100"[31m
              [33mfill[31m=[32m"none"[31m
              [33mheight[31m=[32m"24"[31m
              [33mstroke[31m=[32m"currentColor"[31m
              [33mstroke-linecap[31m=[32m"round"[31m
              [33mstroke-linejoin[31m=[32m"round"[31m
              [33mstroke-width[31m=[32m"2"[31m
              [33mviewBox[31m=[32m"0 0 24 24"[31m
              [33mwidth[31m=[32m"24"[31m
              [33mxmlns[31m=[32m"http://www.w3.org/2000/svg"[31m
            [36m>[31m
              [36m<ellipse[31m
                [33mcx[31m=[32m"12"[31m
                [33mcy[31m=[32m"5"[31m
                [33mrx[31m=[32m"9"[31m
                [33mry[31m=[32m"3"[31m
              [36m/>[31m
              [36m<path[31m
                [33md[31m=[32m"M3 5V19A9 3 0 0 0 21 19V5"[31m
              [36m/>[31m
              [36m<path[31m
                [33md[31m=[32m"M3 12A9 3 0 0 0 21 12"[31m
              [36m/>[31m
            [36m</svg>[31m
            [36m<svg[31m
              [33mclass[31m=[32m"lucide lucide-zap absolute top-[15%] right-[15%] w-12 h-12 text-orange-500 animate-float delay-300"[31m
              [33mfill[31m=[32m"none"[31m
              [33mheight[31m=[32m"24"[31m
              [33mstroke[31m=[32m"currentColor"[31m
              [33mstroke-linecap[31m=[32m"round"[31m
              [33mstroke-linejoin[31m=[32m"round"[31m
              [33mstroke-width[31m=[32m"2"[31m
              [33mviewBox[31m=[32m"0 0 24 24"[31m
              [33mwidth[31m=[32m"24"[31m
              [33mxmlns[31m=[32m"http://www.w3.org/2000/svg"[31m
            [36m>[31m
              [36m<polygon[31m
   ...[39m
[31m   [33mโฏ[31m src/__tests__/unit/components/App.paranoid.test.jsx[2m > [22mApp Component - PARANOID MODE[2m > [22mInput Validation - PARANOID[2m > [22mshould handle Thai combining characters[39m
[31m     โ’ [2mexpect([22m[31melement[31m[2m).toHaveValue([22m[32mStringContaining[31m[2m)[22m

Expected the element to have value:
[32m  StringContaining "เธชเธนเธ•เธฃ"[31m
Received:
[31m  AเธAเธญAเธชAเธนAเธนAเธ•AเธฃAเธ—AเธณAเธAเนAเธฒAเธงAเธกAเธฑAเธAเนAเธAเนAAAAAAAAAAAAAAAAAAAAAAAAAAAAAAAAAAAAAAAAAAAAAAAAAAAAAAAAAAAAAAAAAAAAAAAAAAAA[31m

Ignored nodes: comments, script, style
[36m<html[31m
  [33mclass[31m=[32m"lenis"[31m
[36m>[31m
  [36m<head />[31m
  [36m<body>[31m
    [36m<div>[31m
      [36m<div[31m
        [33mclass[31m=[32m"min-h-screen bg-[#0f172a] text-slate-200 font-sans selection:bg-orange-500 selection:text-white overflow-x-hidden relative"[31m
      [36m>[31m
        [36m<nav[31m
          [33mclass[31m=[32m"fixed w-full z-50 glass-panel border-b-0 border-b-white/5 backdrop-blur-xl bg-slate-900/80"[31m
        [36m>[31m
          [36m<div[31m
            [33mclass[31m=[32m"max-w-7xl mx-auto px-6 h-16 flex items-center justify-between"[31m
          [36m>[31m
            [36m<div[31m
              [33mclass[31m=[32m"flex items-center gap-2 font-bold text-xl tracking-tight cursor-pointer"[31m
            [36m>[31m
              [36m<div[31m
                [33mclass[31m=[32m"w-8 h-8 bg-gradient-to-br from-orange-400 to-red-500 rounded-lg flex items-center justify-center shadow-lg shadow-orange-500/20"[31m
              [36m>[31m
                [36m<svg[31m
                  [33mclass[31m=[32m"lucide lucide-bot w-5 h-5 text-white"[31m
                  [33mfill[31m=[32m"none"[31m
                  [33mheight[31m=[32m"24"[31m
                  [33mstroke[31m=[32m"currentColor"[31m
                  [33mstroke-linecap[31m=[32m"round"[31m
                  [33mstroke-linejoin[31m=[32m"round"[31m
                  [33mstroke-width[31m=[32m"2"[31m
                  [33mviewBox[31m=[32m"0 0 24 24"[31m
                  [33mwidth[31m=[32m"24"[31m
                  [33mxmlns[31m=[32m"http://www.w3.org/2000/svg"[31m
                [36m>[31m
                  [36m<path[31m
                    [33md[31m=[32m"M12 8V4H8"[31m
                  [36m/>[31m
                  [36m<rect[31m
                    [33mheight[31m=[32m"12"[31m
                    [33mrx[31m=[32m"2"[31m
                    [33mwidth[31m=[32m"16"[31m
                    [33mx[31m=[32m"4"[31m
                    [33my[31m=[32m"8"[31m
                  [36m/>[31m
                  [36m<path[31m
                    [33md[31m=[32m"M2 14h2"[31m
                  [36m/>[31m
                  [36m<path[31m
                    [33md[31m=[32m"M20 14h2"[31m
                  [36m/>[31m
                  [36m<path[31m
                    [33md[31m=[32m"M15 13v2"[31m
                  [36m/>[31m
                  [36m<path[31m
                    [33md[31m=[32m"M9 13v2"[31m
                  [36m/>[31m
                [36m</svg>[31m
              [36m</div>[31m
              [36m<span[31m
                [33mclass[31m=[32m"text-white"[31m
              [36m>[31m
                [0mMango[0m
                [36m<span[31m
                  [33mclass[31m=[32m"text-orange-400"[31m
                [36m>[31m
                  [0mHelpdesk[0m
                [36m</span>[31m
              [36m</span>[31m
            [36m</div>[31m
            [36m<div[31m
              [33mclass[31m=[32m"hidden md:flex gap-6 text-sm font-medium text-slate-400"[31m
            [36m>[31m
              [36m<button[31m
                [33mclass[31m=[32m"hover:text-orange-400 transition-colors "[31m
              [36m>[31m
                [0mProblem[0m
              [36m</button>[31m
              [36m<button[31m
                [33mclass[31m=[32m"hover:text-orange-400 transition-colors "[31m
              [36m>[31m
                [0mSolution[0m
              [36m</button>[31m
              [36m<button[31m
                [33mclass[31m=[32m"hover:text-orange-400 transition-colors "[31m
              [36m>[31m
                [0mDemo[0m
              [36m</button>[31m
              [36m<button[31m
                [33mclass[31m=[32m"hover:text-orange-400 transition-colors "[31m
              [36m>[31m
                [0mImpact[0m
              [36m</button>[31m
            [36m</div>[31m
            [36m<div[31m
              [33mclass[31m=[32m"text-xs font-mono text-slate-500 border border-slate-700 px-3 py-1 rounded-full flex items-center gap-2"[31m
            [36m>[31m
              [36m<span[31m
                [33mclass[31m=[32m"w-2 h-2 rounded-full bg-green-500 animate-pulse"[31m
              [36m/>[31m
              [0mSystem Online v1.0.0[0m
            [36m</div>[31m
          [36m</div>[31m
        [36m</nav>[31m
        [36m<section[31m
          [33mclass[31m=[32m"relative z-10 pt-32 pb-20 px-6 flex flex-col items-center justify-center text-center min-h-[90vh] bg-grid-pattern overflow-hidden"[31m
          [33mid[31m=[32m"hero"[31m
        [36m>[31m
          [36m<div[31m
            [33mclass[31m=[32m"absolute inset-0 bg-gradient-to-b from-transparent via-[#0f172a]/50 to-[#0f172a] pointer-events-none"[31m
          [36m/>[31m
          [36m<div[31m
            [33mclass[31m=[32m"absolute inset-0 opacity-20 pointer-events-none"[31m
          [36m>[31m
            [36m<svg[31m
              [33mclass[31m=[32m"lucide lucide-database absolute top-[20%] left-[10%] w-16 h-16 text-purple-500 animate-float delay-100"[31m
              [33mfill[31m=[32m"none"[31m
              [33mheight[31m=[32m"24"[31m
              [33mstroke[31m=[32m"currentColor"[31m
              [33mstroke-linecap[31m=[32m"round"[31m
              [33mstroke-linejoin[31m=[32m"round"[31m
              [33mstroke-width[31m=[32m"2"[31m
              [33mviewBox[31m=[32m"0 0 24 24"[31m
              [33mwidth[31m=[32m"24"[31m
              [33mxmlns[31m=[32m"http://www.w3.org/2000/svg"[31m
            [36m>[31m
              [36m<ellipse[31m
                [33mcx[31m=[32m"12"[31m
                [33mcy[31m=[32m"5"[31m
                [33mrx[31m=[32m"9"[31m
                [33mry[31m=[32m"3"[31m
              [36m/>[31m
              [36m<path[31m
                [33md[31m=[32m"M3 5V19A9 3 0 0 0 21 19V5"[31m
              [36m/>[31m
              [36m<path[31m
                [33md[31m=[32m"M3 12A9 3 0 0 0 21 12"[31m
              [36m/>[31m
            [36m</svg>[31m
            [36m<svg[31m
              [33mclass[31m=[32m"lucide lucide-zap absolute top-[15%] right-[15%] w-12 h-12 text-orange-500 animate-float delay-300"[31m
              [33mfill[31m=[32m"none"[31m
              [33mheight[31m=[32m"24"[31m
              [33mstroke[31m=[32m"currentColor"[31m
              [33mstroke-linecap[31m=[32m"round"[31m
              [33mstroke-linejoin[31m=[32m"round"[31m
              [33mstroke-width[31m=[32m"2"[31m
              [33mviewBox[31m=[32m"0 0 24 24"[31m
              [33mwidth[31m=[32m"24"[31m
              [33mxmlns[31m=[32m"http://www.w3.org/2000/svg"[31m
            [36m>[31m
              [36m<polygon[31m
   ...[39m
[31m   [33mโฏ[31m src/__tests__/unit/components/App.paranoid.test.jsx[2m > [22mApp Component - PARANOID MODE[2m > [22mAPI Integration - PARANOID[2m > [22mshould send message to backend and display response[39m
[31m     โ’ Unable to find an element with the text: /This is a mocked AI response/i. This could be because the text is broken up by multiple elements. In this case, you can provide a function for your text matcher to make your matcher more flexible.

Ignored nodes: comments, script, style
[36m<body>[31m
  [36m<div>[31m
    [36m<div[31m
      [33mclass[31m=[32m"min-h-screen bg-[#0f172a] text-slate-200 font-sans selection:bg-orange-500 selection:text-white overflow-x-hidden relative"[31m
    [36m>[31m
      [36m<nav[31m
        [33mclass[31m=[32m"fixed w-full z-50 glass-panel border-b-0 border-b-white/5 backdrop-blur-xl bg-slate-900/80"[31m
      [36m>[31m
        [36m<div[31m
          [33mclass[31m=[32m"max-w-7xl mx-auto px-6 h-16 flex items-center justify-between"[31m
        [36m>[31m
          [36m<div[31m
            [33mclass[31m=[32m"flex items-center gap-2 font-bold text-xl tracking-tight cursor-pointer"[31m
          [36m>[31m
            [36m<div[31m
              [33mclass[31m=[32m"w-8 h-8 bg-gradient-to-br from-orange-400 to-red-500 rounded-lg flex items-center justify-center shadow-lg shadow-orange-500/20"[31m
            [36m>[31m
              [36m<svg[31m
                [33mclass[31m=[32m"lucide lucide-bot w-5 h-5 text-white"[31m
                [33mfill[31m=[32m"none"[31m
                [33mheight[31m=[32m"24"[31m
                [33mstroke[31m=[32m"currentColor"[31m
                [33mstroke-linecap[31m=[32m"round"[31m
                [33mstroke-linejoin[31m=[32m"round"[31m
                [33mstroke-width[31m=[32m"2"[31m
                [33mviewBox[31m=[32m"0 0 24 24"[31m
                [33mwidth[31m=[32m"24"[31m
                [33mxmlns[31m=[32m"http://www.w3.org/2000/svg"[31m
              [36m>[31m
                [36m<path[31m
                  [33md[31m=[32m"M12 8V4H8"[31m
                [36m/>[31m
                [36m<rect[31m
                  [33mheight[31m=[32m"12"[31m
                  [33mrx[31m=[32m"2"[31m
                  [33mwidth[31m=[32m"16"[31m
                  [33mx[31m=[32m"4"[31m
                  [33my[31m=[32m"8"[31m
                [36m/>[31m
                [36m<path[31m
                  [33md[31m=[32m"M2 14h2"[31m
                [36m/>[31m
                [36m<path[31m
                  [33md[31m=[32m"M20 14h2"[31m
                [36m/>[31m
                [36m<path[31m
                  [33md[31m=[32m"M15 13v2"[31m
                [36m/>[31m
                [36m<path[31m
                  [33md[31m=[32m"M9 13v2"[31m
                [36m/>[31m
              [36m</svg>[31m
            [36m</div>[31m
            [36m<span[31m
              [33mclass[31m=[32m"text-white"[31m
            [36m>[31m
              [0mMango[0m
              [36m<span[31m
                [33mclass[31m=[32m"text-orange-400"[31m
              [36m>[31m
                [0mHelpdesk[0m
              [36m</span>[31m
            [36m</span>[31m
          [36m</div>[31m
          [36m<div[31m
            [33mclass[31m=[32m"hidden md:flex gap-6 text-sm font-medium text-slate-400"[31m
          [36m>[31m
            [36m<button[31m
              [33mclass[31m=[32m"hover:text-orange-400 transition-colors "[31m
            [36m>[31m
              [0mProblem[0m
            [36m</button>[31m
            [36m<button[31m
              [33mclass[31m=[32m"hover:text-orange-400 transition-colors "[31m
            [36m>[31m
              [0mSolution[0m
            [36m</button>[31m
            [36m<button[31m
              [33mclass[31m=[32m"hover:text-orange-400 transition-colors "[31m
            [36m>[31m
              [0mDemo[0m
            [36m</button>[31m
            [36m<button[31m
              [33mclass[31m=[32m"hover:text-orange-400 transition-colors "[31m
            [36m>[31m
              [0mImpact[0m
            [36m</button>[31m
          [36m</div>[31m
          [36m<div[31m
            [33mclass[31m=[32m"text-xs font-mono text-slate-500 border border-slate-700 px-3 py-1 rounded-full flex items-center gap-2"[31m
          [36m>[31m
            [36m<span[31m
              [33mclass[31m=[32m"w-2 h-2 rounded-full bg-green-500 animate-pulse"[31m
            [36m/>[31m
            [0mSystem Online v1.0.0[0m
          [36m</div>[31m
        [36m</div>[31m
      [36m</nav>[31m
      [36m<section[31m
        [33mclass[31m=[32m"relative z-10 pt-32 pb-20 px-6 flex flex-col items-center justify-center text-center min-h-[90vh] bg-grid-pattern overflow-hidden"[31m
        [33mid[31m=[32m"hero"[31m
      [36m>[31m
        [36m<div[31m
          [33mclass[31m=[32m"absolute inset-0 bg-gradient-to-b from-transparent via-[#0f172a]/50 to-[#0f172a] pointer-events-none"[31m
        [36m/>[31m
        [36m<div[31m
          [33mclass[31m=[32m"absolute inset-0 opacity-20 pointer-events-none"[31m
        [36m>[31m
          [36m<svg[31m
            [33mclass[31m=[32m"lucide lucide-database absolute top-[20%] left-[10%] w-16 h-16 text-purple-500 animate-float delay-100"[31m
            [33mfill[31m=[32m"none"[31m
            [33mheight[31m=[32m"24"[31m
            [33mstroke[31m=[32m"currentColor"[31m
            [33mstroke-linecap[31m=[32m"round"[31m
            [33mstroke-linejoin[31m=[32m"round"[31m
            [33mstroke-width[31m=[32m"2"[31m
            [33mviewBox[31m=[32m"0 0 24 24"[31m
            [33mwidth[31m=[32m"24"[31m
            [33mxmlns[31m=[32m"http://www.w3.org/2000/svg"[31m
          [36m>[31m
            [36m<ellipse[31m
              [33mcx[31m=[32m"12"[31m
              [33mcy[31m=[32m"5"[31m
              [33mrx[31m=[32m"9"[31m
              [33mry[31m=[32m"3"[31m
            [36m/>[31m
            [36m<path[31m
              [33md[31m=[32m"M3 5V19A9 3 0 0 0 21 19V5"[31m
            [36m/>[31m
            [36m<path[31m
              [33md[31m=[32m"M3 12A9 3 0 0 0 21 12"[31m
            [36m/>[31m
          [36m</svg>[31m
          [36m<svg[31m
            [33mclass[31m=[32m"lucide lucide-zap absolute top-[15%] right-[15%] w-12 h-12 text-orange-500 animate-float delay-300"[31m
            [33mfill[31m=[32m"none"[31m
            [33mheight[31m=[32m"24"[31m
            [33mstroke[31m=[32m"currentColor"[31m
            [33mstroke-linecap[31m=[32m"round"[31m
            [33mstroke-linejoin[31m=[32m"round"[31m
            [33mstroke-width[31m=[32m"2"[31m
            [33mviewBox[31m=[32m"0 0 24 24"[31m
            [33mwidth[31m=[32m"24"[31m
            [33mxmlns[31m=[32m"http://www.w3.org/2000/svg"[31m
          [36m>[31m
            [36m<polygon[31m
              [33mpoints[31m=[32m"13 2 3 14 12 14 11 22 21 10 12 10 13 2"[31m
            [36m/>[31m
          [36m</svg>[31m
          [36m<svg[31m
            [33mclass[31m=[32m"lucide lucide-shield-alert absolute bottom-[30%] left-[20%] w-10 h-10 text-green-500 animate-float delay-500"[31m
            [33mfill[31m=[32m"none"[31m
            [33mheight[31m...

Ignored nodes: comments, script, style
[36m<html[31m
  [33mclass[31m=[32m"lenis"[31m
[36m>[31m
  [36m<head />[31m
  [36m<body>[31m
    [36m<div>[31m
      [36m<div[31m
        [33mclass[31m=[32m"min-h-screen bg-[#0f172a] text-slate-200 font-sans selection:bg-orange-500 selection:text-white overflow-x-hidden relative"[31m
      [36m>[31m
        [36m<nav[31m
          [33mclass[31m=[32m"fixed w-full z-50 glass-panel border-b-0 border-b-white/5 backdrop-blur-xl bg-slate-900/80"[31m
        [36m>[31m
          [36m<div[31m
            [33mclass[31m=[32m"max-w-7xl mx-auto px-6 h-16 flex items-center justify-between"[31m
          [36m>[31m
            [36m<div[31m
              [33mclass[31m=[32m"flex items-center gap-2 font-bold text-xl tracking-tight cursor-pointer"[31m
            [36m>[31m
              [36m<div[31m
                [33mclass[31m=[32m"w-8 h-8 bg-gradient-to-br from-orange-400 to-red-500 rounded-lg flex items-center justify-center shadow-lg shadow-orange-500/20"[31m
              [36m>[31m
                [36m<svg[31m
                  [33mclass[31m=[32m"lucide lucide-bot w-5 h-5 text-white"[31m
                  [33mfill[31m=[32m"none"[31m
                  [33mheight[31m=[32m"24"[31m
                  [33mstroke[31m=[32m"currentColor"[31m
                  [33mstroke-linecap[31m=[32m"round"[31m
                  [33mstroke-linejoin[31m=[32m"round"[31m
                  [33mstroke-width[31m=[32m"2"[31m
                  [33mviewBox[31m=[32m"0 0 24 24"[31m
                  [33mwidth[31m=[32m"24"[31m
                  [33mxmlns[31m=[32m"http://www.w3.org/2000/svg"[31m
                [36m>[31m
                  [36m<path[31m
                    [33md[31m=[32m"M12 8V4H8"[31m
                  [36m/>[31m
                  [36m<rect[31m
                    [33mheight[31m=[32m"12"[31m
                    [33mrx[31m=[32m"2"[31m
                    [33mwidth[31m=[32m"16"[31m
                    [33mx[31m=[32m"4"[31m
                    [33my[31m=[32m"8"[31m
                  [36m/>[31m
                  [36m<path[31m
                    [33md[31m=[32m"M2 14h2"[31m
                  [36m/>[31m
                  [36m<path[31m
                    [33md[31m=[32m"M20 14h2"[31m
                  [36m/>[31m
                  [36m<path[31m
                    [33md[31m=[32m"M15 13v2"[31m
                  [36m/>[31m
                  [36m<path[31m
                    [33md[31m=[32m"M9 13v2"[31m
                  [36m/>[31m
                [36m</svg>[31m
              [36m</div>[31m
              [36m<span[31m
                [33mclass[31m=[32m"text-white"[31m
              [36m>[31m
                [0mMango[0m
                [36m<span[31m
                  [33mclass[31m=[32m"text-orange-400"[31m
                [36m>[31m
                  [0mHelpdesk[0m
                [36m</span>[31m
              [36m</span>[31m
            [36m</div>[31m
            [36m<div[31m
              [33mclass[31m=[32m"hidden md:flex gap-6 text-sm font-medium text-slate-400"[31m
            [36m>[31m
              [36m<button[31m
                [33mclass[31m=[32m"hover:text-orange-400 transition-colors "[31m
              [36m>[31m
                [0mProblem[0m
              [36m</button>[31m
              [36m<button[31m
                [33mclass[31m=[32m"hover:text-orange-400 transition-colors "[31m
              [36m>[31m
                [0mSolution[0m
              [36m</button>[31m
              [36m<button[31m
                [33mclass[31m=[32m"hover:text-orange-400 transition-colors "[31m
              [36m>[31m
                [0mDemo[0m
              [36m</button>[31m
              [36m<button[31m
                [33mclass[31m=[32m"hover:text-orange-400 transition-colors "[31m
              [36m>[31m
                [0mImpact[0m
              [36m</button>[31m
            [36m</div>[31m
            [36m<div[31m
              [33mclass[31m=[32m"text-xs font-mono text-slate-500 border border-slate-700 px-3 py-1 rounded-full flex items-center gap-2"[31m
            [36m>[31m
              [36m<span[31m
                [33mclass[31m=[32m"w-2 h-2 rounded-full bg-green-500 animate-pulse"[31m
              [36m/>[31m
              [0mSystem Online v1.0.0[0m
            [36m</div>[31m
          [36m</div>[31m
        [36m</nav>[31m
        [36m<section[31m
          [33mclass[31m=[32m"relative z-10 pt-32 pb-20 px-6 flex flex-col items-center justify-center text-center min-h-[90vh] bg-grid-pattern overflow-hidden"[31m
          [33mid[31m=[32m"hero"[31m
        [36m>[31m
          [36m<div[31m
            [33mclass[31m=[32m"absolute inset-0 bg-gradient-to-b from-transparent via-[#0f172a]/50 to-[#0f172a] pointer-events-none"[31m
          [36m/>[31m
          [36m<div[31m
            [33mclass[31m=[32m"absolute inset-0 opacity-20 pointer-events-none"[31m
          [36m>[31m
            [36m<svg[31m
              [33mclass[31m=[32m"lucide lucide-database absolute top-[20%] left-[10%] w-16 h-16 text-purple-500 animate-float delay-100"[31m
              [33mfill[31m=[32m"none"[31m
              [33mheight[31m=[32m"24"[31m
              [33mstroke[31m=[32m"currentColor"[31m
              [33mstroke-linecap[31m=[32m"round"[31m
              [33mstroke-linejoin[31m=[32m"round"[31m
              [33mstroke-width[31m=[32m"2"[31m
              [33mviewBox[31m=[32m"0 0 24 24"[31m
              [33mwidth[31m=[32m"24"[31m
              [33mxmlns[31m=[32m"http://www.w3.org/2000/svg"[31m
            [36m>[31m
              [36m<ellipse[31m
                [33mcx[31m=[32m"12"[31m
                [33mcy[31m=[32m"5"[31m
                [33mrx[31m=[32m"9"[31m
                [33mry[31m=[32m"3"[31m
              [36m/>[31m
              [36m<path[31m
                [33md[31m=[32m"M3 5V19A9 3 0 0 0 21 19V5"[31m
              [36m/>[31m
              [36m<path[31m
                [33md[31m=[32m"M3 12A9 3 0 0 0 21 12"[31m
              [36m/>[31m
            [36m</svg>[31m
            [36m<svg[31m
              [33mclass[31m=[32m"lucide lucide-zap absolute top-[15%] right-[15%] w-12 h-12 text-orange-500 animate-float delay-300"[31m
              [33mfill[31m=[32m"none"[31m
              [33mheight[31m=[32m"24"[31m
              [33mstroke[31m=[32m"currentColor"[31m
              [33mstroke-linecap[31m=[32m"round"[31m
              [33mstroke-linejoin[31m=[32m"round"[31m
              [33mstroke-width[31m=[32m"2"[31m
              [33mviewBox[31m=[32m"0 0 24 24"[31m
              [33mwidth[31m=[32m"24"[31m
              [33mxmlns[31m=[32m"http://www.w3.org/2000/svg"[31m
            [36m>[31m
              [36m<polygon[31m
   ...[39m
[31m   [33mโฏ[31m src/__tests__/unit/components/App.paranoid.test.jsx[2m > [22mApp Component - PARANOID MODE[2m > [22mAPI Integration - PARANOID[2m > [22mshould handle network errors gracefully[39m
[31m     โ’ Unable to find an element with the text: /Error/i. This could be because the text is broken up by multiple elements. In this case, you can provide a function for your text matcher to make your matcher more flexible.

Ignored nodes: comments, script, style
[36m<body>[31m
  [36m<div>[31m
    [36m<div[31m
      [33mclass[31m=[32m"min-h-screen bg-[#0f172a] text-slate-200 font-sans selection:bg-orange-500 selection:text-white overflow-x-hidden relative"[31m
    [36m>[31m
      [36m<nav[31m
        [33mclass[31m=[32m"fixed w-full z-50 glass-panel border-b-0 border-b-white/5 backdrop-blur-xl bg-slate-900/80"[31m
      [36m>[31m
        [36m<div[31m
          [33mclass[31m=[32m"max-w-7xl mx-auto px-6 h-16 flex items-center justify-between"[31m
        [36m>[31m
          [36m<div[31m
            [33mclass[31m=[32m"flex items-center gap-2 font-bold text-xl tracking-tight cursor-pointer"[31m
          [36m>[31m
            [36m<div[31m
              [33mclass[31m=[32m"w-8 h-8 bg-gradient-to-br from-orange-400 to-red-500 rounded-lg flex items-center justify-center shadow-lg shadow-orange-500/20"[31m
            [36m>[31m
              [36m<svg[31m
                [33mclass[31m=[32m"lucide lucide-bot w-5 h-5 text-white"[31m
                [33mfill[31m=[32m"none"[31m
                [33mheight[31m=[32m"24"[31m
                [33mstroke[31m=[32m"currentColor"[31m
                [33mstroke-linecap[31m=[32m"round"[31m
                [33mstroke-linejoin[31m=[32m"round"[31m
                [33mstroke-width[31m=[32m"2"[31m
                [33mviewBox[31m=[32m"0 0 24 24"[31m
                [33mwidth[31m=[32m"24"[31m
                [33mxmlns[31m=[32m"http://www.w3.org/2000/svg"[31m
              [36m>[31m
                [36m<path[31m
                  [33md[31m=[32m"M12 8V4H8"[31m
                [36m/>[31m
                [36m<rect[31m
                  [33mheight[31m=[32m"12"[31m
                  [33mrx[31m=[32m"2"[31m
                  [33mwidth[31m=[32m"16"[31m
                  [33mx[31m=[32m"4"[31m
                  [33my[31m=[32m"8"[31m
                [36m/>[31m
                [36m<path[31m
                  [33md[31m=[32m"M2 14h2"[31m
                [36m/>[31m
                [36m<path[31m
                  [33md[31m=[32m"M20 14h2"[31m
                [36m/>[31m
                [36m<path[31m
                  [33md[31m=[32m"M15 13v2"[31m
                [36m/>[31m
                [36m<path[31m
                  [33md[31m=[32m"M9 13v2"[31m
                [36m/>[31m
              [36m</svg>[31m
            [36m</div>[31m
            [36m<span[31m
              [33mclass[31m=[32m"text-white"[31m
            [36m>[31m
              [0mMango[0m
              [36m<span[31m
                [33mclass[31m=[32m"text-orange-400"[31m
              [36m>[31m
                [0mHelpdesk[0m
              [36m</span>[31m
            [36m</span>[31m
          [36m</div>[31m
          [36m<div[31m
            [33mclass[31m=[32m"hidden md:flex gap-6 text-sm font-medium text-slate-400"[31m
          [36m>[31m
            [36m<button[31m
              [33mclass[31m=[32m"hover:text-orange-400 transition-colors "[31m
            [36m>[31m
              [0mProblem[0m
            [36m</button>[31m
            [36m<button[31m
              [33mclass[31m=[32m"hover:text-orange-400 transition-colors "[31m
            [36m>[31m
              [0mSolution[0m
            [36m</button>[31m
            [36m<button[31m
              [33mclass[31m=[32m"hover:text-orange-400 transition-colors "[31m
            [36m>[31m
              [0mDemo[0m
            [36m</button>[31m
            [36m<button[31m
              [33mclass[31m=[32m"hover:text-orange-400 transition-colors "[31m
            [36m>[31m
              [0mImpact[0m
            [36m</button>[31m
          [36m</div>[31m
          [36m<div[31m
            [33mclass[31m=[32m"text-xs font-mono text-slate-500 border border-slate-700 px-3 py-1 rounded-full flex items-center gap-2"[31m
          [36m>[31m
            [36m<span[31m
              [33mclass[31m=[32m"w-2 h-2 rounded-full bg-green-500 animate-pulse"[31m
            [36m/>[31m
            [0mSystem Online v1.0.0[0m
          [36m</div>[31m
        [36m</div>[31m
      [36m</nav>[31m
      [36m<section[31m
        [33mclass[31m=[32m"relative z-10 pt-32 pb-20 px-6 flex flex-col items-center justify-center text-center min-h-[90vh] bg-grid-pattern overflow-hidden"[31m
        [33mid[31m=[32m"hero"[31m
      [36m>[31m
        [36m<div[31m
          [33mclass[31m=[32m"absolute inset-0 bg-gradient-to-b from-transparent via-[#0f172a]/50 to-[#0f172a] pointer-events-none"[31m
        [36m/>[31m
        [36m<div[31m
          [33mclass[31m=[32m"absolute inset-0 opacity-20 pointer-events-none"[31m
        [36m>[31m
          [36m<svg[31m
            [33mclass[31m=[32m"lucide lucide-database absolute top-[20%] left-[10%] w-16 h-16 text-purple-500 animate-float delay-100"[31m
            [33mfill[31m=[32m"none"[31m
            [33mheight[31m=[32m"24"[31m
            [33mstroke[31m=[32m"currentColor"[31m
            [33mstroke-linecap[31m=[32m"round"[31m
            [33mstroke-linejoin[31m=[32m"round"[31m
            [33mstroke-width[31m=[32m"2"[31m
            [33mviewBox[31m=[32m"0 0 24 24"[31m
            [33mwidth[31m=[32m"24"[31m
            [33mxmlns[31m=[32m"http://www.w3.org/2000/svg"[31m
          [36m>[31m
            [36m<ellipse[31m
              [33mcx[31m=[32m"12"[31m
              [33mcy[31m=[32m"5"[31m
              [33mrx[31m=[32m"9"[31m
              [33mry[31m=[32m"3"[31m
            [36m/>[31m
            [36m<path[31m
              [33md[31m=[32m"M3 5V19A9 3 0 0 0 21 19V5"[31m
            [36m/>[31m
            [36m<path[31m
              [33md[31m=[32m"M3 12A9 3 0 0 0 21 12"[31m
            [36m/>[31m
          [36m</svg>[31m
          [36m<svg[31m
            [33mclass[31m=[32m"lucide lucide-zap absolute top-[15%] right-[15%] w-12 h-12 text-orange-500 animate-float delay-300"[31m
            [33mfill[31m=[32m"none"[31m
            [33mheight[31m=[32m"24"[31m
            [33mstroke[31m=[32m"currentColor"[31m
            [33mstroke-linecap[31m=[32m"round"[31m
            [33mstroke-linejoin[31m=[32m"round"[31m
            [33mstroke-width[31m=[32m"2"[31m
            [33mviewBox[31m=[32m"0 0 24 24"[31m
            [33mwidth[31m=[32m"24"[31m
            [33mxmlns[31m=[32m"http://www.w3.org/2000/svg"[31m
          [36m>[31m
            [36m<polygon[31m
              [33mpoints[31m=[32m"13 2 3 14 12 14 11 22 21 10 12 10 13 2"[31m
            [36m/>[31m
          [36m</svg>[31m
          [36m<svg[31m
            [33mclass[31m=[32m"lucide lucide-shield-alert absolute bottom-[30%] left-[20%] w-10 h-10 text-green-500 animate-float delay-500"[31m
            [33mfill[31m=[32m"none"[31m
            [33mheight[31m...

Ignored nodes: comments, script, style
[36m<html[31m
  [33mclass[31m=[32m"lenis"[31m
[36m>[31m
  [36m<head />[31m
  [36m<body>[31m
    [36m<div>[31m
      [36m<div[31m
        [33mclass[31m=[32m"min-h-screen bg-[#0f172a] text-slate-200 font-sans selection:bg-orange-500 selection:text-white overflow-x-hidden relative"[31m
      [36m>[31m
        [36m<nav[31m
          [33mclass[31m=[32m"fixed w-full z-50 glass-panel border-b-0 border-b-white/5 backdrop-blur-xl bg-slate-900/80"[31m
        [36m>[31m
          [36m<div[31m
            [33mclass[31m=[32m"max-w-7xl mx-auto px-6 h-16 flex items-center justify-between"[31m
          [36m>[31m
            [36m<div[31m
              [33mclass[31m=[32m"flex items-center gap-2 font-bold text-xl tracking-tight cursor-pointer"[31m
            [36m>[31m
              [36m<div[31m
                [33mclass[31m=[32m"w-8 h-8 bg-gradient-to-br from-orange-400 to-red-500 rounded-lg flex items-center justify-center shadow-lg shadow-orange-500/20"[31m
              [36m>[31m
                [36m<svg[31m
                  [33mclass[31m=[32m"lucide lucide-bot w-5 h-5 text-white"[31m
                  [33mfill[31m=[32m"none"[31m
                  [33mheight[31m=[32m"24"[31m
                  [33mstroke[31m=[32m"currentColor"[31m
                  [33mstroke-linecap[31m=[32m"round"[31m
                  [33mstroke-linejoin[31m=[32m"round"[31m
                  [33mstroke-width[31m=[32m"2"[31m
                  [33mviewBox[31m=[32m"0 0 24 24"[31m
                  [33mwidth[31m=[32m"24"[31m
                  [33mxmlns[31m=[32m"http://www.w3.org/2000/svg"[31m
                [36m>[31m
                  [36m<path[31m
                    [33md[31m=[32m"M12 8V4H8"[31m
                  [36m/>[31m
                  [36m<rect[31m
                    [33mheight[31m=[32m"12"[31m
                    [33mrx[31m=[32m"2"[31m
                    [33mwidth[31m=[32m"16"[31m
                    [33mx[31m=[32m"4"[31m
                    [33my[31m=[32m"8"[31m
                  [36m/>[31m
                  [36m<path[31m
                    [33md[31m=[32m"M2 14h2"[31m
                  [36m/>[31m
                  [36m<path[31m
                    [33md[31m=[32m"M20 14h2"[31m
                  [36m/>[31m
                  [36m<path[31m
                    [33md[31m=[32m"M15 13v2"[31m
                  [36m/>[31m
                  [36m<path[31m
                    [33md[31m=[32m"M9 13v2"[31m
                  [36m/>[31m
                [36m</svg>[31m
              [36m</div>[31m
              [36m<span[31m
                [33mclass[31m=[32m"text-white"[31m
              [36m>[31m
                [0mMango[0m
                [36m<span[31m
                  [33mclass[31m=[32m"text-orange-400"[31m
                [36m>[31m
                  [0mHelpdesk[0m
                [36m</span>[31m
              [36m</span>[31m
            [36m</div>[31m
            [36m<div[31m
              [33mclass[31m=[32m"hidden md:flex gap-6 text-sm font-medium text-slate-400"[31m
            [36m>[31m
              [36m<button[31m
                [33mclass[31m=[32m"hover:text-orange-400 transition-colors "[31m
              [36m>[31m
                [0mProblem[0m
              [36m</button>[31m
              [36m<button[31m
                [33mclass[31m=[32m"hover:text-orange-400 transition-colors "[31m
              [36m>[31m
                [0mSolution[0m
              [36m</button>[31m
              [36m<button[31m
                [33mclass[31m=[32m"hover:text-orange-400 transition-colors "[31m
              [36m>[31m
                [0mDemo[0m
              [36m</button>[31m
              [36m<button[31m
                [33mclass[31m=[32m"hover:text-orange-400 transition-colors "[31m
              [36m>[31m
                [0mImpact[0m
              [36m</button>[31m
            [36m</div>[31m
            [36m<div[31m
              [33mclass[31m=[32m"text-xs font-mono text-slate-500 border border-slate-700 px-3 py-1 rounded-full flex items-center gap-2"[31m
            [36m>[31m
              [36m<span[31m
                [33mclass[31m=[32m"w-2 h-2 rounded-full bg-green-500 animate-pulse"[31m
              [36m/>[31m
              [0mSystem Online v1.0.0[0m
            [36m</div>[31m
          [36m</div>[31m
        [36m</nav>[31m
        [36m<section[31m
          [33mclass[31m=[32m"relative z-10 pt-32 pb-20 px-6 flex flex-col items-center justify-center text-center min-h-[90vh] bg-grid-pattern overflow-hidden"[31m
          [33mid[31m=[32m"hero"[31m
        [36m>[31m
          [36m<div[31m
            [33mclass[31m=[32m"absolute inset-0 bg-gradient-to-b from-transparent via-[#0f172a]/50 to-[#0f172a] pointer-events-none"[31m
          [36m/>[31m
          [36m<div[31m
            [33mclass[31m=[32m"absolute inset-0 opacity-20 pointer-events-none"[31m
          [36m>[31m
            [36m<svg[31m
              [33mclass[31m=[32m"lucide lucide-database absolute top-[20%] left-[10%] w-16 h-16 text-purple-500 animate-float delay-100"[31m
              [33mfill[31m=[32m"none"[31m
              [33mheight[31m=[32m"24"[31m
              [33mstroke[31m=[32m"currentColor"[31m
              [33mstroke-linecap[31m=[32m"round"[31m
              [33mstroke-linejoin[31m=[32m"round"[31m
              [33mstroke-width[31m=[32m"2"[31m
              [33mviewBox[31m=[32m"0 0 24 24"[31m
              [33mwidth[31m=[32m"24"[31m
              [33mxmlns[31m=[32m"http://www.w3.org/2000/svg"[31m
            [36m>[31m
              [36m<ellipse[31m
                [33mcx[31m=[32m"12"[31m
                [33mcy[31m=[32m"5"[31m
                [33mrx[31m=[32m"9"[31m
                [33mry[31m=[32m"3"[31m
              [36m/>[31m
              [36m<path[31m
                [33md[31m=[32m"M3 5V19A9 3 0 0 0 21 19V5"[31m
              [36m/>[31m
              [36m<path[31m
                [33md[31m=[32m"M3 12A9 3 0 0 0 21 12"[31m
              [36m/>[31m
            [36m</svg>[31m
            [36m<svg[31m
              [33mclass[31m=[32m"lucide lucide-zap absolute top-[15%] right-[15%] w-12 h-12 text-orange-500 animate-float delay-300"[31m
              [33mfill[31m=[32m"none"[31m
              [33mheight[31m=[32m"24"[31m
              [33mstroke[31m=[32m"currentColor"[31m
              [33mstroke-linecap[31m=[32m"round"[31m
              [33mstroke-linejoin[31m=[32m"round"[31m
              [33mstroke-width[31m=[32m"2"[31m
              [33mviewBox[31m=[32m"0 0 24 24"[31m
              [33mwidth[31m=[32m"24"[31m
              [33mxmlns[31m=[32m"http://www.w3.org/2000/svg"[31m
            [36m>[31m
              [36m<polygon[31m
   ...[39m
[31m   [33mโฏ[31m src/__tests__/unit/components/App.paranoid.test.jsx[2m > [22mApp Component - PARANOID MODE[2m > [22mAPI Integration - PARANOID[2m > [22mshould handle 500 server errors[39m
[31m     โ’ Unable to find an element with the text: /Server Error: 500/i. This could be because the text is broken up by multiple elements. In this case, you can provide a function for your text matcher to make your matcher more flexible.

Ignored nodes: comments, script, style
[36m<body>[31m
  [36m<div>[31m
    [36m<div[31m
      [33mclass[31m=[32m"min-h-screen bg-[#0f172a] text-slate-200 font-sans selection:bg-orange-500 selection:text-white overflow-x-hidden relative"[31m
    [36m>[31m
      [36m<nav[31m
        [33mclass[31m=[32m"fixed w-full z-50 glass-panel border-b-0 border-b-white/5 backdrop-blur-xl bg-slate-900/80"[31m
      [36m>[31m
        [36m<div[31m
          [33mclass[31m=[32m"max-w-7xl mx-auto px-6 h-16 flex items-center justify-between"[31m
        [36m>[31m
          [36m<div[31m
            [33mclass[31m=[32m"flex items-center gap-2 font-bold text-xl tracking-tight cursor-pointer"[31m
          [36m>[31m
            [36m<div[31m
              [33mclass[31m=[32m"w-8 h-8 bg-gradient-to-br from-orange-400 to-red-500 rounded-lg flex items-center justify-center shadow-lg shadow-orange-500/20"[31m
            [36m>[31m
              [36m<svg[31m
                [33mclass[31m=[32m"lucide lucide-bot w-5 h-5 text-white"[31m
                [33mfill[31m=[32m"none"[31m
                [33mheight[31m=[32m"24"[31m
                [33mstroke[31m=[32m"currentColor"[31m
                [33mstroke-linecap[31m=[32m"round"[31m
                [33mstroke-linejoin[31m=[32m"round"[31m
                [33mstroke-width[31m=[32m"2"[31m
                [33mviewBox[31m=[32m"0 0 24 24"[31m
                [33mwidth[31m=[32m"24"[31m
                [33mxmlns[31m=[32m"http://www.w3.org/2000/svg"[31m
              [36m>[31m
                [36m<path[31m
                  [33md[31m=[32m"M12 8V4H8"[31m
                [36m/>[31m
                [36m<rect[31m
                  [33mheight[31m=[32m"12"[31m
                  [33mrx[31m=[32m"2"[31m
                  [33mwidth[31m=[32m"16"[31m
                  [33mx[31m=[32m"4"[31m
                  [33my[31m=[32m"8"[31m
                [36m/>[31m
                [36m<path[31m
                  [33md[31m=[32m"M2 14h2"[31m
                [36m/>[31m
                [36m<path[31m
                  [33md[31m=[32m"M20 14h2"[31m
                [36m/>[31m
                [36m<path[31m
                  [33md[31m=[32m"M15 13v2"[31m
                [36m/>[31m
                [36m<path[31m
                  [33md[31m=[32m"M9 13v2"[31m
                [36m/>[31m
              [36m</svg>[31m
            [36m</div>[31m
            [36m<span[31m
              [33mclass[31m=[32m"text-white"[31m
            [36m>[31m
              [0mMango[0m
              [36m<span[31m
                [33mclass[31m=[32m"text-orange-400"[31m
              [36m>[31m
                [0mHelpdesk[0m
              [36m</span>[31m
            [36m</span>[31m
          [36m</div>[31m
          [36m<div[31m
            [33mclass[31m=[32m"hidden md:flex gap-6 text-sm font-medium text-slate-400"[31m
          [36m>[31m
            [36m<button[31m
              [33mclass[31m=[32m"hover:text-orange-400 transition-colors "[31m
            [36m>[31m
              [0mProblem[0m
            [36m</button>[31m
            [36m<button[31m
              [33mclass[31m=[32m"hover:text-orange-400 transition-colors "[31m
            [36m>[31m
              [0mSolution[0m
            [36m</button>[31m
            [36m<button[31m
              [33mclass[31m=[32m"hover:text-orange-400 transition-colors "[31m
            [36m>[31m
              [0mDemo[0m
            [36m</button>[31m
            [36m<button[31m
              [33mclass[31m=[32m"hover:text-orange-400 transition-colors "[31m
            [36m>[31m
              [0mImpact[0m
            [36m</button>[31m
          [36m</div>[31m
          [36m<div[31m
            [33mclass[31m=[32m"text-xs font-mono text-slate-500 border border-slate-700 px-3 py-1 rounded-full flex items-center gap-2"[31m
          [36m>[31m
            [36m<span[31m
              [33mclass[31m=[32m"w-2 h-2 rounded-full bg-green-500 animate-pulse"[31m
            [36m/>[31m
            [0mSystem Online v1.0.0[0m
          [36m</div>[31m
        [36m</div>[31m
      [36m</nav>[31m
      [36m<section[31m
        [33mclass[31m=[32m"relative z-10 pt-32 pb-20 px-6 flex flex-col items-center justify-center text-center min-h-[90vh] bg-grid-pattern overflow-hidden"[31m
        [33mid[31m=[32m"hero"[31m
      [36m>[31m
        [36m<div[31m
          [33mclass[31m=[32m"absolute inset-0 bg-gradient-to-b from-transparent via-[#0f172a]/50 to-[#0f172a] pointer-events-none"[31m
        [36m/>[31m
        [36m<div[31m
          [33mclass[31m=[32m"absolute inset-0 opacity-20 pointer-events-none"[31m
        [36m>[31m
          [36m<svg[31m
            [33mclass[31m=[32m"lucide lucide-database absolute top-[20%] left-[10%] w-16 h-16 text-purple-500 animate-float delay-100"[31m
            [33mfill[31m=[32m"none"[31m
            [33mheight[31m=[32m"24"[31m
            [33mstroke[31m=[32m"currentColor"[31m
            [33mstroke-linecap[31m=[32m"round"[31m
            [33mstroke-linejoin[31m=[32m"round"[31m
            [33mstroke-width[31m=[32m"2"[31m
            [33mviewBox[31m=[32m"0 0 24 24"[31m
            [33mwidth[31m=[32m"24"[31m
            [33mxmlns[31m=[32m"http://www.w3.org/2000/svg"[31m
          [36m>[31m
            [36m<ellipse[31m
              [33mcx[31m=[32m"12"[31m
              [33mcy[31m=[32m"5"[31m
              [33mrx[31m=[32m"9"[31m
              [33mry[31m=[32m"3"[31m
            [36m/>[31m
            [36m<path[31m
              [33md[31m=[32m"M3 5V19A9 3 0 0 0 21 19V5"[31m
            [36m/>[31m
            [36m<path[31m
              [33md[31m=[32m"M3 12A9 3 0 0 0 21 12"[31m
            [36m/>[31m
          [36m</svg>[31m
          [36m<svg[31m
            [33mclass[31m=[32m"lucide lucide-zap absolute top-[15%] right-[15%] w-12 h-12 text-orange-500 animate-float delay-300"[31m
            [33mfill[31m=[32m"none"[31m
            [33mheight[31m=[32m"24"[31m
            [33mstroke[31m=[32m"currentColor"[31m
            [33mstroke-linecap[31m=[32m"round"[31m
            [33mstroke-linejoin[31m=[32m"round"[31m
            [33mstroke-width[31m=[32m"2"[31m
            [33mviewBox[31m=[32m"0 0 24 24"[31m
            [33mwidth[31m=[32m"24"[31m
            [33mxmlns[31m=[32m"http://www.w3.org/2000/svg"[31m
          [36m>[31m
            [36m<polygon[31m
              [33mpoints[31m=[32m"13 2 3 14 12 14 11 22 21 10 12 10 13 2"[31m
            [36m/>[31m
          [36m</svg>[31m
          [36m<svg[31m
            [33mclass[31m=[32m"lucide lucide-shield-alert absolute bottom-[30%] left-[20%] w-10 h-10 text-green-500 animate-float delay-500"[31m
            [33mfill[31m=[32m"none"[31m
            [33mheight[31m...

Ignored nodes: comments, script, style
[36m<html[31m
  [33mclass[31m=[32m"lenis"[31m
[36m>[31m
  [36m<head />[31m
  [36m<body>[31m
    [36m<div>[31m
      [36m<div[31m
        [33mclass[31m=[32m"min-h-screen bg-[#0f172a] text-slate-200 font-sans selection:bg-orange-500 selection:text-white overflow-x-hidden relative"[31m
      [36m>[31m
        [36m<nav[31m
          [33mclass[31m=[32m"fixed w-full z-50 glass-panel border-b-0 border-b-white/5 backdrop-blur-xl bg-slate-900/80"[31m
        [36m>[31m
          [36m<div[31m
            [33mclass[31m=[32m"max-w-7xl mx-auto px-6 h-16 flex items-center justify-between"[31m
          [36m>[31m
            [36m<div[31m
              [33mclass[31m=[32m"flex items-center gap-2 font-bold text-xl tracking-tight cursor-pointer"[31m
            [36m>[31m
              [36m<div[31m
                [33mclass[31m=[32m"w-8 h-8 bg-gradient-to-br from-orange-400 to-red-500 rounded-lg flex items-center justify-center shadow-lg shadow-orange-500/20"[31m
              [36m>[31m
                [36m<svg[31m
                  [33mclass[31m=[32m"lucide lucide-bot w-5 h-5 text-white"[31m
                  [33mfill[31m=[32m"none"[31m
                  [33mheight[31m=[32m"24"[31m
                  [33mstroke[31m=[32m"currentColor"[31m
                  [33mstroke-linecap[31m=[32m"round"[31m
                  [33mstroke-linejoin[31m=[32m"round"[31m
                  [33mstroke-width[31m=[32m"2"[31m
                  [33mviewBox[31m=[32m"0 0 24 24"[31m
                  [33mwidth[31m=[32m"24"[31m
                  [33mxmlns[31m=[32m"http://www.w3.org/2000/svg"[31m
                [36m>[31m
                  [36m<path[31m
                    [33md[31m=[32m"M12 8V4H8"[31m
                  [36m/>[31m
                  [36m<rect[31m
                    [33mheight[31m=[32m"12"[31m
                    [33mrx[31m=[32m"2"[31m
                    [33mwidth[31m=[32m"16"[31m
                    [33mx[31m=[32m"4"[31m
                    [33my[31m=[32m"8"[31m
                  [36m/>[31m
                  [36m<path[31m
                    [33md[31m=[32m"M2 14h2"[31m
                  [36m/>[31m
                  [36m<path[31m
                    [33md[31m=[32m"M20 14h2"[31m
                  [36m/>[31m
                  [36m<path[31m
                    [33md[31m=[32m"M15 13v2"[31m
                  [36m/>[31m
                  [36m<path[31m
                    [33md[31m=[32m"M9 13v2"[31m
                  [36m/>[31m
                [36m</svg>[31m
              [36m</div>[31m
              [36m<span[31m
                [33mclass[31m=[32m"text-white"[31m
              [36m>[31m
                [0mMango[0m
                [36m<span[31m
                  [33mclass[31m=[32m"text-orange-400"[31m
                [36m>[31m
                  [0mHelpdesk[0m
                [36m</span>[31m
              [36m</span>[31m
            [36m</div>[31m
            [36m<div[31m
              [33mclass[31m=[32m"hidden md:flex gap-6 text-sm font-medium text-slate-400"[31m
            [36m>[31m
              [36m<button[31m
                [33mclass[31m=[32m"hover:text-orange-400 transition-colors "[31m
              [36m>[31m
                [0mProblem[0m
              [36m</button>[31m
              [36m<button[31m
                [33mclass[31m=[32m"hover:text-orange-400 transition-colors "[31m
              [36m>[31m
                [0mSolution[0m
              [36m</button>[31m
              [36m<button[31m
                [33mclass[31m=[32m"hover:text-orange-400 transition-colors "[31m
              [36m>[31m
                [0mDemo[0m
              [36m</button>[31m
              [36m<button[31m
                [33mclass[31m=[32m"hover:text-orange-400 transition-colors "[31m
              [36m>[31m
                [0mImpact[0m
              [36m</button>[31m
            [36m</div>[31m
            [36m<div[31m
              [33mclass[31m=[32m"text-xs font-mono text-slate-500 border border-slate-700 px-3 py-1 rounded-full flex items-center gap-2"[31m
            [36m>[31m
              [36m<span[31m
                [33mclass[31m=[32m"w-2 h-2 rounded-full bg-green-500 animate-pulse"[31m
              [36m/>[31m
              [0mSystem Online v1.0.0[0m
            [36m</div>[31m
          [36m</div>[31m
        [36m</nav>[31m
        [36m<section[31m
          [33mclass[31m=[32m"relative z-10 pt-32 pb-20 px-6 flex flex-col items-center justify-center text-center min-h-[90vh] bg-grid-pattern overflow-hidden"[31m
          [33mid[31m=[32m"hero"[31m
        [36m>[31m
          [36m<div[31m
            [33mclass[31m=[32m"absolute inset-0 bg-gradient-to-b from-transparent via-[#0f172a]/50 to-[#0f172a] pointer-events-none"[31m
          [36m/>[31m
          [36m<div[31m
            [33mclass[31m=[32m"absolute inset-0 opacity-20 pointer-events-none"[31m
          [36m>[31m
            [36m<svg[31m
              [33mclass[31m=[32m"lucide lucide-database absolute top-[20%] left-[10%] w-16 h-16 text-purple-500 animate-float delay-100"[31m
              [33mfill[31m=[32m"none"[31m
              [33mheight[31m=[32m"24"[31m
              [33mstroke[31m=[32m"currentColor"[31m
              [33mstroke-linecap[31m=[32m"round"[31m
              [33mstroke-linejoin[31m=[32m"round"[31m
              [33mstroke-width[31m=[32m"2"[31m
              [33mviewBox[31m=[32m"0 0 24 24"[31m
              [33mwidth[31m=[32m"24"[31m
              [33mxmlns[31m=[32m"http://www.w3.org/2000/svg"[31m
            [36m>[31m
              [36m<ellipse[31m
                [33mcx[31m=[32m"12"[31m
                [33mcy[31m=[32m"5"[31m
                [33mrx[31m=[32m"9"[31m
                [33mry[31m=[32m"3"[31m
              [36m/>[31m
              [36m<path[31m
                [33md[31m=[32m"M3 5V19A9 3 0 0 0 21 19V5"[31m
              [36m/>[31m
              [36m<path[31m
                [33md[31m=[32m"M3 12A9 3 0 0 0 21 12"[31m
              [36m/>[31m
            [36m</svg>[31m
            [36m<svg[31m
              [33mclass[31m=[32m"lucide lucide-zap absolute top-[15%] right-[15%] w-12 h-12 text-orange-500 animate-float delay-300"[31m
              [33mfill[31m=[32m"none"[31m
              [33mheight[31m=[32m"24"[31m
              [33mstroke[31m=[32m"currentColor"[31m
              [33mstroke-linecap[31m=[32m"round"[31m
              [33mstroke-linejoin[31m=[32m"round"[31m
              [33mstroke-width[31m=[32m"2"[31m
              [33mviewBox[31m=[32m"0 0 24 24"[31m
              [33mwidth[31m=[32m"24"[31m
              [33mxmlns[31m=[32m"http://www.w3.org/2000/svg"[31m
            [36m>[31m
              [36m<polygon[31m
   ...[39m
[31m   [33mโฏ[31m src/__tests__/unit/components/App.paranoid.test.jsx[2m > [22mApp Component - PARANOID MODE[2m > [22mAPI Integration - PARANOID[2m > [22mshould handle malformed JSON responses[39m
[31m     โ’ Unable to find an element with the text: /Error/i. This could be because the text is broken up by multiple elements. In this case, you can provide a function for your text matcher to make your matcher more flexible.

Ignored nodes: comments, script, style
[36m<body>[31m
  [36m<div>[31m
    [36m<div[31m
      [33mclass[31m=[32m"min-h-screen bg-[#0f172a] text-slate-200 font-sans selection:bg-orange-500 selection:text-white overflow-x-hidden relative"[31m
    [36m>[31m
      [36m<nav[31m
        [33mclass[31m=[32m"fixed w-full z-50 glass-panel border-b-0 border-b-white/5 backdrop-blur-xl bg-slate-900/80"[31m
      [36m>[31m
        [36m<div[31m
          [33mclass[31m=[32m"max-w-7xl mx-auto px-6 h-16 flex items-center justify-between"[31m
        [36m>[31m
          [36m<div[31m
            [33mclass[31m=[32m"flex items-center gap-2 font-bold text-xl tracking-tight cursor-pointer"[31m
          [36m>[31m
            [36m<div[31m
              [33mclass[31m=[32m"w-8 h-8 bg-gradient-to-br from-orange-400 to-red-500 rounded-lg flex items-center justify-center shadow-lg shadow-orange-500/20"[31m
            [36m>[31m
              [36m<svg[31m
                [33mclass[31m=[32m"lucide lucide-bot w-5 h-5 text-white"[31m
                [33mfill[31m=[32m"none"[31m
                [33mheight[31m=[32m"24"[31m
                [33mstroke[31m=[32m"currentColor"[31m
                [33mstroke-linecap[31m=[32m"round"[31m
                [33mstroke-linejoin[31m=[32m"round"[31m
                [33mstroke-width[31m=[32m"2"[31m
                [33mviewBox[31m=[32m"0 0 24 24"[31m
                [33mwidth[31m=[32m"24"[31m
                [33mxmlns[31m=[32m"http://www.w3.org/2000/svg"[31m
              [36m>[31m
                [36m<path[31m
                  [33md[31m=[32m"M12 8V4H8"[31m
                [36m/>[31m
                [36m<rect[31m
                  [33mheight[31m=[32m"12"[31m
                  [33mrx[31m=[32m"2"[31m
                  [33mwidth[31m=[32m"16"[31m
                  [33mx[31m=[32m"4"[31m
                  [33my[31m=[32m"8"[31m
                [36m/>[31m
                [36m<path[31m
                  [33md[31m=[32m"M2 14h2"[31m
                [36m/>[31m
                [36m<path[31m
                  [33md[31m=[32m"M20 14h2"[31m
                [36m/>[31m
                [36m<path[31m
                  [33md[31m=[32m"M15 13v2"[31m
                [36m/>[31m
                [36m<path[31m
                  [33md[31m=[32m"M9 13v2"[31m
                [36m/>[31m
              [36m</svg>[31m
            [36m</div>[31m
            [36m<span[31m
              [33mclass[31m=[32m"text-white"[31m
            [36m>[31m
              [0mMango[0m
              [36m<span[31m
                [33mclass[31m=[32m"text-orange-400"[31m
              [36m>[31m
                [0mHelpdesk[0m
              [36m</span>[31m
            [36m</span>[31m
          [36m</div>[31m
          [36m<div[31m
            [33mclass[31m=[32m"hidden md:flex gap-6 text-sm font-medium text-slate-400"[31m
          [36m>[31m
            [36m<button[31m
              [33mclass[31m=[32m"hover:text-orange-400 transition-colors "[31m
            [36m>[31m
              [0mProblem[0m
            [36m</button>[31m
            [36m<button[31m
              [33mclass[31m=[32m"hover:text-orange-400 transition-colors "[31m
            [36m>[31m
              [0mSolution[0m
            [36m</button>[31m
            [36m<button[31m
              [33mclass[31m=[32m"hover:text-orange-400 transition-colors "[31m
            [36m>[31m
              [0mDemo[0m
            [36m</button>[31m
            [36m<button[31m
              [33mclass[31m=[32m"hover:text-orange-400 transition-colors "[31m
            [36m>[31m
              [0mImpact[0m
            [36m</button>[31m
          [36m</div>[31m
          [36m<div[31m
            [33mclass[31m=[32m"text-xs font-mono text-slate-500 border border-slate-700 px-3 py-1 rounded-full flex items-center gap-2"[31m
          [36m>[31m
            [36m<span[31m
              [33mclass[31m=[32m"w-2 h-2 rounded-full bg-green-500 animate-pulse"[31m
            [36m/>[31m
            [0mSystem Online v1.0.0[0m
          [36m</div>[31m
        [36m</div>[31m
      [36m</nav>[31m
      [36m<section[31m
        [33mclass[31m=[32m"relative z-10 pt-32 pb-20 px-6 flex flex-col items-center justify-center text-center min-h-[90vh] bg-grid-pattern overflow-hidden"[31m
        [33mid[31m=[32m"hero"[31m
      [36m>[31m
        [36m<div[31m
          [33mclass[31m=[32m"absolute inset-0 bg-gradient-to-b from-transparent via-[#0f172a]/50 to-[#0f172a] pointer-events-none"[31m
        [36m/>[31m
        [36m<div[31m
          [33mclass[31m=[32m"absolute inset-0 opacity-20 pointer-events-none"[31m
        [36m>[31m
          [36m<svg[31m
            [33mclass[31m=[32m"lucide lucide-database absolute top-[20%] left-[10%] w-16 h-16 text-purple-500 animate-float delay-100"[31m
            [33mfill[31m=[32m"none"[31m
            [33mheight[31m=[32m"24"[31m
            [33mstroke[31m=[32m"currentColor"[31m
            [33mstroke-linecap[31m=[32m"round"[31m
            [33mstroke-linejoin[31m=[32m"round"[31m
            [33mstroke-width[31m=[32m"2"[31m
            [33mviewBox[31m=[32m"0 0 24 24"[31m
            [33mwidth[31m=[32m"24"[31m
            [33mxmlns[31m=[32m"http://www.w3.org/2000/svg"[31m
          [36m>[31m
            [36m<ellipse[31m
              [33mcx[31m=[32m"12"[31m
              [33mcy[31m=[32m"5"[31m
              [33mrx[31m=[32m"9"[31m
              [33mry[31m=[32m"3"[31m
            [36m/>[31m
            [36m<path[31m
              [33md[31m=[32m"M3 5V19A9 3 0 0 0 21 19V5"[31m
            [36m/>[31m
            [36m<path[31m
              [33md[31m=[32m"M3 12A9 3 0 0 0 21 12"[31m
            [36m/>[31m
          [36m</svg>[31m
          [36m<svg[31m
            [33mclass[31m=[32m"lucide lucide-zap absolute top-[15%] right-[15%] w-12 h-12 text-orange-500 animate-float delay-300"[31m
            [33mfill[31m=[32m"none"[31m
            [33mheight[31m=[32m"24"[31m
            [33mstroke[31m=[32m"currentColor"[31m
            [33mstroke-linecap[31m=[32m"round"[31m
            [33mstroke-linejoin[31m=[32m"round"[31m
            [33mstroke-width[31m=[32m"2"[31m
            [33mviewBox[31m=[32m"0 0 24 24"[31m
            [33mwidth[31m=[32m"24"[31m
            [33mxmlns[31m=[32m"http://www.w3.org/2000/svg"[31m
          [36m>[31m
            [36m<polygon[31m
              [33mpoints[31m=[32m"13 2 3 14 12 14 11 22 21 10 12 10 13 2"[31m
            [36m/>[31m
          [36m</svg>[31m
          [36m<svg[31m
            [33mclass[31m=[32m"lucide lucide-shield-alert absolute bottom-[30%] left-[20%] w-10 h-10 text-green-500 animate-float delay-500"[31m
            [33mfill[31m=[32m"none"[31m
            [33mheight[31m...

Ignored nodes: comments, script, style
[36m<html[31m
  [33mclass[31m=[32m"lenis"[31m
[36m>[31m
  [36m<head />[31m
  [36m<body>[31m
    [36m<div>[31m
      [36m<div[31m
        [33mclass[31m=[32m"min-h-screen bg-[#0f172a] text-slate-200 font-sans selection:bg-orange-500 selection:text-white overflow-x-hidden relative"[31m
      [36m>[31m
        [36m<nav[31m
          [33mclass[31m=[32m"fixed w-full z-50 glass-panel border-b-0 border-b-white/5 backdrop-blur-xl bg-slate-900/80"[31m
        [36m>[31m
          [36m<div[31m
            [33mclass[31m=[32m"max-w-7xl mx-auto px-6 h-16 flex items-center justify-between"[31m
          [36m>[31m
            [36m<div[31m
              [33mclass[31m=[32m"flex items-center gap-2 font-bold text-xl tracking-tight cursor-pointer"[31m
            [36m>[31m
              [36m<div[31m
                [33mclass[31m=[32m"w-8 h-8 bg-gradient-to-br from-orange-400 to-red-500 rounded-lg flex items-center justify-center shadow-lg shadow-orange-500/20"[31m
              [36m>[31m
                [36m<svg[31m
                  [33mclass[31m=[32m"lucide lucide-bot w-5 h-5 text-white"[31m
                  [33mfill[31m=[32m"none"[31m
                  [33mheight[31m=[32m"24"[31m
                  [33mstroke[31m=[32m"currentColor"[31m
                  [33mstroke-linecap[31m=[32m"round"[31m
                  [33mstroke-linejoin[31m=[32m"round"[31m
                  [33mstroke-width[31m=[32m"2"[31m
                  [33mviewBox[31m=[32m"0 0 24 24"[31m
                  [33mwidth[31m=[32m"24"[31m
                  [33mxmlns[31m=[32m"http://www.w3.org/2000/svg"[31m
                [36m>[31m
                  [36m<path[31m
                    [33md[31m=[32m"M12 8V4H8"[31m
                  [36m/>[31m
                  [36m<rect[31m
                    [33mheight[31m=[32m"12"[31m
                    [33mrx[31m=[32m"2"[31m
                    [33mwidth[31m=[32m"16"[31m
                    [33mx[31m=[32m"4"[31m
                    [33my[31m=[32m"8"[31m
                  [36m/>[31m
                  [36m<path[31m
                    [33md[31m=[32m"M2 14h2"[31m
                  [36m/>[31m
                  [36m<path[31m
                    [33md[31m=[32m"M20 14h2"[31m
                  [36m/>[31m
                  [36m<path[31m
                    [33md[31m=[32m"M15 13v2"[31m
                  [36m/>[31m
                  [36m<path[31m
                    [33md[31m=[32m"M9 13v2"[31m
                  [36m/>[31m
                [36m</svg>[31m
              [36m</div>[31m
              [36m<span[31m
                [33mclass[31m=[32m"text-white"[31m
              [36m>[31m
                [0mMango[0m
                [36m<span[31m
                  [33mclass[31m=[32m"text-orange-400"[31m
                [36m>[31m
                  [0mHelpdesk[0m
                [36m</span>[31m
              [36m</span>[31m
            [36m</div>[31m
            [36m<div[31m
              [33mclass[31m=[32m"hidden md:flex gap-6 text-sm font-medium text-slate-400"[31m
            [36m>[31m
              [36m<button[31m
                [33mclass[31m=[32m"hover:text-orange-400 transition-colors "[31m
              [36m>[31m
                [0mProblem[0m
              [36m</button>[31m
              [36m<button[31m
                [33mclass[31m=[32m"hover:text-orange-400 transition-colors "[31m
              [36m>[31m
                [0mSolution[0m
              [36m</button>[31m
              [36m<button[31m
                [33mclass[31m=[32m"hover:text-orange-400 transition-colors "[31m
              [36m>[31m
                [0mDemo[0m
              [36m</button>[31m
              [36m<button[31m
                [33mclass[31m=[32m"hover:text-orange-400 transition-colors "[31m
              [36m>[31m
                [0mImpact[0m
              [36m</button>[31m
            [36m</div>[31m
            [36m<div[31m
              [33mclass[31m=[32m"text-xs font-mono text-slate-500 border border-slate-700 px-3 py-1 rounded-full flex items-center gap-2"[31m
            [36m>[31m
              [36m<span[31m
                [33mclass[31m=[32m"w-2 h-2 rounded-full bg-green-500 animate-pulse"[31m
              [36m/>[31m
              [0mSystem Online v1.0.0[0m
            [36m</div>[31m
          [36m</div>[31m
        [36m</nav>[31m
        [36m<section[31m
          [33mclass[31m=[32m"relative z-10 pt-32 pb-20 px-6 flex flex-col items-center justify-center text-center min-h-[90vh] bg-grid-pattern overflow-hidden"[31m
          [33mid[31m=[32m"hero"[31m
        [36m>[31m
          [36m<div[31m
            [33mclass[31m=[32m"absolute inset-0 bg-gradient-to-b from-transparent via-[#0f172a]/50 to-[#0f172a] pointer-events-none"[31m
          [36m/>[31m
          [36m<div[31m
            [33mclass[31m=[32m"absolute inset-0 opacity-20 pointer-events-none"[31m
          [36m>[31m
            [36m<svg[31m
              [33mclass[31m=[32m"lucide lucide-database absolute top-[20%] left-[10%] w-16 h-16 text-purple-500 animate-float delay-100"[31m
              [33mfill[31m=[32m"none"[31m
              [33mheight[31m=[32m"24"[31m
              [33mstroke[31m=[32m"currentColor"[31m
              [33mstroke-linecap[31m=[32m"round"[31m
              [33mstroke-linejoin[31m=[32m"round"[31m
              [33mstroke-width[31m=[32m"2"[31m
              [33mviewBox[31m=[32m"0 0 24 24"[31m
              [33mwidth[31m=[32m"24"[31m
              [33mxmlns[31m=[32m"http://www.w3.org/2000/svg"[31m
            [36m>[31m
              [36m<ellipse[31m
                [33mcx[31m=[32m"12"[31m
                [33mcy[31m=[32m"5"[31m
                [33mrx[31m=[32m"9"[31m
                [33mry[31m=[32m"3"[31m
              [36m/>[31m
              [36m<path[31m
                [33md[31m=[32m"M3 5V19A9 3 0 0 0 21 19V5"[31m
              [36m/>[31m
              [36m<path[31m
                [33md[31m=[32m"M3 12A9 3 0 0 0 21 12"[31m
              [36m/>[31m
            [36m</svg>[31m
            [36m<svg[31m
              [33mclass[31m=[32m"lucide lucide-zap absolute top-[15%] right-[15%] w-12 h-12 text-orange-500 animate-float delay-300"[31m
              [33mfill[31m=[32m"none"[31m
              [33mheight[31m=[32m"24"[31m
              [33mstroke[31m=[32m"currentColor"[31m
              [33mstroke-linecap[31m=[32m"round"[31m
              [33mstroke-linejoin[31m=[32m"round"[31m
              [33mstroke-width[31m=[32m"2"[31m
              [33mviewBox[31m=[32m"0 0 24 24"[31m
              [33mwidth[31m=[32m"24"[31m
              [33mxmlns[31m=[32m"http://www.w3.org/2000/svg"[31m
            [36m>[31m
              [36m<polygon[31m
   ...[39m
[31m   [33mโฏ[31m src/__tests__/unit/components/App.paranoid.test.jsx[2m > [22mApp Component - PARANOID MODE[2m > [22mAPI Integration - PARANOID[2m > [22mshould handle timeout gracefully[39m
[31m     โ’ Unable to find an element with the text: /thinking/i. This could be because the text is broken up by multiple elements. In this case, you can provide a function for your text matcher to make your matcher more flexible.

Ignored nodes: comments, script, style
[36m<body>[31m
  [36m<div>[31m
    [36m<div[31m
      [33mclass[31m=[32m"min-h-screen bg-[#0f172a] text-slate-200 font-sans selection:bg-orange-500 selection:text-white overflow-x-hidden relative"[31m
    [36m>[31m
      [36m<nav[31m
        [33mclass[31m=[32m"fixed w-full z-50 glass-panel border-b-0 border-b-white/5 backdrop-blur-xl bg-slate-900/80"[31m
      [36m>[31m
        [36m<div[31m
          [33mclass[31m=[32m"max-w-7xl mx-auto px-6 h-16 flex items-center justify-between"[31m
        [36m>[31m
          [36m<div[31m
            [33mclass[31m=[32m"flex items-center gap-2 font-bold text-xl tracking-tight cursor-pointer"[31m
          [36m>[31m
            [36m<div[31m
              [33mclass[31m=[32m"w-8 h-8 bg-gradient-to-br from-orange-400 to-red-500 rounded-lg flex items-center justify-center shadow-lg shadow-orange-500/20"[31m
            [36m>[31m
              [36m<svg[31m
                [33mclass[31m=[32m"lucide lucide-bot w-5 h-5 text-white"[31m
                [33mfill[31m=[32m"none"[31m
                [33mheight[31m=[32m"24"[31m
                [33mstroke[31m=[32m"currentColor"[31m
                [33mstroke-linecap[31m=[32m"round"[31m
                [33mstroke-linejoin[31m=[32m"round"[31m
                [33mstroke-width[31m=[32m"2"[31m
                [33mviewBox[31m=[32m"0 0 24 24"[31m
                [33mwidth[31m=[32m"24"[31m
                [33mxmlns[31m=[32m"http://www.w3.org/2000/svg"[31m
              [36m>[31m
                [36m<path[31m
                  [33md[31m=[32m"M12 8V4H8"[31m
                [36m/>[31m
                [36m<rect[31m
                  [33mheight[31m=[32m"12"[31m
                  [33mrx[31m=[32m"2"[31m
                  [33mwidth[31m=[32m"16"[31m
                  [33mx[31m=[32m"4"[31m
                  [33my[31m=[32m"8"[31m
                [36m/>[31m
                [36m<path[31m
                  [33md[31m=[32m"M2 14h2"[31m
                [36m/>[31m
                [36m<path[31m
                  [33md[31m=[32m"M20 14h2"[31m
                [36m/>[31m
                [36m<path[31m
                  [33md[31m=[32m"M15 13v2"[31m
                [36m/>[31m
                [36m<path[31m
                  [33md[31m=[32m"M9 13v2"[31m
                [36m/>[31m
              [36m</svg>[31m
            [36m</div>[31m
            [36m<span[31m
              [33mclass[31m=[32m"text-white"[31m
            [36m>[31m
              [0mMango[0m
              [36m<span[31m
                [33mclass[31m=[32m"text-orange-400"[31m
              [36m>[31m
                [0mHelpdesk[0m
              [36m</span>[31m
            [36m</span>[31m
          [36m</div>[31m
          [36m<div[31m
            [33mclass[31m=[32m"hidden md:flex gap-6 text-sm font-medium text-slate-400"[31m
          [36m>[31m
            [36m<button[31m
              [33mclass[31m=[32m"hover:text-orange-400 transition-colors "[31m
            [36m>[31m
              [0mProblem[0m
            [36m</button>[31m
            [36m<button[31m
              [33mclass[31m=[32m"hover:text-orange-400 transition-colors "[31m
            [36m>[31m
              [0mSolution[0m
            [36m</button>[31m
            [36m<button[31m
              [33mclass[31m=[32m"hover:text-orange-400 transition-colors "[31m
            [36m>[31m
              [0mDemo[0m
            [36m</button>[31m
            [36m<button[31m
              [33mclass[31m=[32m"hover:text-orange-400 transition-colors "[31m
            [36m>[31m
              [0mImpact[0m
            [36m</button>[31m
          [36m</div>[31m
          [36m<div[31m
            [33mclass[31m=[32m"text-xs font-mono text-slate-500 border border-slate-700 px-3 py-1 rounded-full flex items-center gap-2"[31m
          [36m>[31m
            [36m<span[31m
              [33mclass[31m=[32m"w-2 h-2 rounded-full bg-green-500 animate-pulse"[31m
            [36m/>[31m
            [0mSystem Online v1.0.0[0m
          [36m</div>[31m
        [36m</div>[31m
      [36m</nav>[31m
      [36m<section[31m
        [33mclass[31m=[32m"relative z-10 pt-32 pb-20 px-6 flex flex-col items-center justify-center text-center min-h-[90vh] bg-grid-pattern overflow-hidden"[31m
        [33mid[31m=[32m"hero"[31m
      [36m>[31m
        [36m<div[31m
          [33mclass[31m=[32m"absolute inset-0 bg-gradient-to-b from-transparent via-[#0f172a]/50 to-[#0f172a] pointer-events-none"[31m
        [36m/>[31m
        [36m<div[31m
          [33mclass[31m=[32m"absolute inset-0 opacity-20 pointer-events-none"[31m
        [36m>[31m
          [36m<svg[31m
            [33mclass[31m=[32m"lucide lucide-database absolute top-[20%] left-[10%] w-16 h-16 text-purple-500 animate-float delay-100"[31m
            [33mfill[31m=[32m"none"[31m
            [33mheight[31m=[32m"24"[31m
            [33mstroke[31m=[32m"currentColor"[31m
            [33mstroke-linecap[31m=[32m"round"[31m
            [33mstroke-linejoin[31m=[32m"round"[31m
            [33mstroke-width[31m=[32m"2"[31m
            [33mviewBox[31m=[32m"0 0 24 24"[31m
            [33mwidth[31m=[32m"24"[31m
            [33mxmlns[31m=[32m"http://www.w3.org/2000/svg"[31m
          [36m>[31m
            [36m<ellipse[31m
              [33mcx[31m=[32m"12"[31m
              [33mcy[31m=[32m"5"[31m
              [33mrx[31m=[32m"9"[31m
              [33mry[31m=[32m"3"[31m
            [36m/>[31m
            [36m<path[31m
              [33md[31m=[32m"M3 5V19A9 3 0 0 0 21 19V5"[31m
            [36m/>[31m
            [36m<path[31m
              [33md[31m=[32m"M3 12A9 3 0 0 0 21 12"[31m
            [36m/>[31m
          [36m</svg>[31m
          [36m<svg[31m
            [33mclass[31m=[32m"lucide lucide-zap absolute top-[15%] right-[15%] w-12 h-12 text-orange-500 animate-float delay-300"[31m
            [33mfill[31m=[32m"none"[31m
            [33mheight[31m=[32m"24"[31m
            [33mstroke[31m=[32m"currentColor"[31m
            [33mstroke-linecap[31m=[32m"round"[31m
            [33mstroke-linejoin[31m=[32m"round"[31m
            [33mstroke-width[31m=[32m"2"[31m
            [33mviewBox[31m=[32m"0 0 24 24"[31m
            [33mwidth[31m=[32m"24"[31m
            [33mxmlns[31m=[32m"http://www.w3.org/2000/svg"[31m
          [36m>[31m
            [36m<polygon[31m
              [33mpoints[31m=[32m"13 2 3 14 12 14 11 22 21 10 12 10 13 2"[31m
            [36m/>[31m
          [36m</svg>[31m
          [36m<svg[31m
            [33mclass[31m=[32m"lucide lucide-shield-alert absolute bottom-[30%] left-[20%] w-10 h-10 text-green-500 animate-float delay-500"[31m
            [33mfill[31m=[32m"none"[31m
            [33mheight[31m...

Ignored nodes: comments, script, style
[36m<html[31m
  [33mclass[31m=[32m"lenis"[31m
[36m>[31m
  [36m<head />[31m
  [36m<body>[31m
    [36m<div>[31m
      [36m<div[31m
        [33mclass[31m=[32m"min-h-screen bg-[#0f172a] text-slate-200 font-sans selection:bg-orange-500 selection:text-white overflow-x-hidden relative"[31m
      [36m>[31m
        [36m<nav[31m
          [33mclass[31m=[32m"fixed w-full z-50 glass-panel border-b-0 border-b-white/5 backdrop-blur-xl bg-slate-900/80"[31m
        [36m>[31m
          [36m<div[31m
            [33mclass[31m=[32m"max-w-7xl mx-auto px-6 h-16 flex items-center justify-between"[31m
          [36m>[31m
            [36m<div[31m
              [33mclass[31m=[32m"flex items-center gap-2 font-bold text-xl tracking-tight cursor-pointer"[31m
            [36m>[31m
              [36m<div[31m
                [33mclass[31m=[32m"w-8 h-8 bg-gradient-to-br from-orange-400 to-red-500 rounded-lg flex items-center justify-center shadow-lg shadow-orange-500/20"[31m
              [36m>[31m
                [36m<svg[31m
                  [33mclass[31m=[32m"lucide lucide-bot w-5 h-5 text-white"[31m
                  [33mfill[31m=[32m"none"[31m
                  [33mheight[31m=[32m"24"[31m
                  [33mstroke[31m=[32m"currentColor"[31m
                  [33mstroke-linecap[31m=[32m"round"[31m
                  [33mstroke-linejoin[31m=[32m"round"[31m
                  [33mstroke-width[31m=[32m"2"[31m
                  [33mviewBox[31m=[32m"0 0 24 24"[31m
                  [33mwidth[31m=[32m"24"[31m
                  [33mxmlns[31m=[32m"http://www.w3.org/2000/svg"[31m
                [36m>[31m
                  [36m<path[31m
                    [33md[31m=[32m"M12 8V4H8"[31m
                  [36m/>[31m
                  [36m<rect[31m
                    [33mheight[31m=[32m"12"[31m
                    [33mrx[31m=[32m"2"[31m
                    [33mwidth[31m=[32m"16"[31m
                    [33mx[31m=[32m"4"[31m
                    [33my[31m=[32m"8"[31m
                  [36m/>[31m
                  [36m<path[31m
                    [33md[31m=[32m"M2 14h2"[31m
                  [36m/>[31m
                  [36m<path[31m
                    [33md[31m=[32m"M20 14h2"[31m
                  [36m/>[31m
                  [36m<path[31m
                    [33md[31m=[32m"M15 13v2"[31m
                  [36m/>[31m
                  [36m<path[31m
                    [33md[31m=[32m"M9 13v2"[31m
                  [36m/>[31m
                [36m</svg>[31m
              [36m</div>[31m
              [36m<span[31m
                [33mclass[31m=[32m"text-white"[31m
              [36m>[31m
                [0mMango[0m
                [36m<span[31m
                  [33mclass[31m=[32m"text-orange-400"[31m
                [36m>[31m
                  [0mHelpdesk[0m
                [36m</span>[31m
              [36m</span>[31m
            [36m</div>[31m
            [36m<div[31m
              [33mclass[31m=[32m"hidden md:flex gap-6 text-sm font-medium text-slate-400"[31m
            [36m>[31m
              [36m<button[31m
                [33mclass[31m=[32m"hover:text-orange-400 transition-colors "[31m
              [36m>[31m
                [0mProblem[0m
              [36m</button>[31m
              [36m<button[31m
                [33mclass[31m=[32m"hover:text-orange-400 transition-colors "[31m
              [36m>[31m
                [0mSolution[0m
              [36m</button>[31m
              [36m<button[31m
                [33mclass[31m=[32m"hover:text-orange-400 transition-colors "[31m
              [36m>[31m
                [0mDemo[0m
              [36m</button>[31m
              [36m<button[31m
                [33mclass[31m=[32m"hover:text-orange-400 transition-colors "[31m
              [36m>[31m
                [0mImpact[0m
              [36m</button>[31m
            [36m</div>[31m
            [36m<div[31m
              [33mclass[31m=[32m"text-xs font-mono text-slate-500 border border-slate-700 px-3 py-1 rounded-full flex items-center gap-2"[31m
            [36m>[31m
              [36m<span[31m
                [33mclass[31m=[32m"w-2 h-2 rounded-full bg-green-500 animate-pulse"[31m
              [36m/>[31m
              [0mSystem Online v1.0.0[0m
            [36m</div>[31m
          [36m</div>[31m
        [36m</nav>[31m
        [36m<section[31m
          [33mclass[31m=[32m"relative z-10 pt-32 pb-20 px-6 flex flex-col items-center justify-center text-center min-h-[90vh] bg-grid-pattern overflow-hidden"[31m
          [33mid[31m=[32m"hero"[31m
        [36m>[31m
          [36m<div[31m
            [33mclass[31m=[32m"absolute inset-0 bg-gradient-to-b from-transparent via-[#0f172a]/50 to-[#0f172a] pointer-events-none"[31m
          [36m/>[31m
          [36m<div[31m
            [33mclass[31m=[32m"absolute inset-0 opacity-20 pointer-events-none"[31m
          [36m>[31m
            [36m<svg[31m
              [33mclass[31m=[32m"lucide lucide-database absolute top-[20%] left-[10%] w-16 h-16 text-purple-500 animate-float delay-100"[31m
              [33mfill[31m=[32m"none"[31m
              [33mheight[31m=[32m"24"[31m
              [33mstroke[31m=[32m"currentColor"[31m
              [33mstroke-linecap[31m=[32m"round"[31m
              [33mstroke-linejoin[31m=[32m"round"[31m
              [33mstroke-width[31m=[32m"2"[31m
              [33mviewBox[31m=[32m"0 0 24 24"[31m
              [33mwidth[31m=[32m"24"[31m
              [33mxmlns[31m=[32m"http://www.w3.org/2000/svg"[31m
            [36m>[31m
              [36m<ellipse[31m
                [33mcx[31m=[32m"12"[31m
                [33mcy[31m=[32m"5"[31m
                [33mrx[31m=[32m"9"[31m
                [33mry[31m=[32m"3"[31m
              [36m/>[31m
              [36m<path[31m
                [33md[31m=[32m"M3 5V19A9 3 0 0 0 21 19V5"[31m
              [36m/>[31m
              [36m<path[31m
                [33md[31m=[32m"M3 12A9 3 0 0 0 21 12"[31m
              [36m/>[31m
            [36m</svg>[31m
            [36m<svg[31m
              [33mclass[31m=[32m"lucide lucide-zap absolute top-[15%] right-[15%] w-12 h-12 text-orange-500 animate-float delay-300"[31m
              [33mfill[31m=[32m"none"[31m
              [33mheight[31m=[32m"24"[31m
              [33mstroke[31m=[32m"currentColor"[31m
              [33mstroke-linecap[31m=[32m"round"[31m
              [33mstroke-linejoin[31m=[32m"round"[31m
              [33mstroke-width[31m=[32m"2"[31m
              [33mviewBox[31m=[32m"0 0 24 24"[31m
              [33mwidth[31m=[32m"24"[31m
              [33mxmlns[31m=[32m"http://www.w3.org/2000/svg"[31m
            [36m>[31m
              [36m<polygon[31m
   ...[39m
[31m   [33mโฏ[31m src/__tests__/unit/components/App.paranoid.test.jsx[2m > [22mApp Component - PARANOID MODE[2m > [22mAPI Integration - PARANOID[2m > [22mshould include conversation history in API request[39m
[31m     โ’ Unable to find an element with the text: /Response with context/i. This could be because the text is broken up by multiple elements. In this case, you can provide a function for your text matcher to make your matcher more flexible.

Ignored nodes: comments, script, style
[36m<body>[31m
  [36m<div>[31m
    [36m<div[31m
      [33mclass[31m=[32m"min-h-screen bg-[#0f172a] text-slate-200 font-sans selection:bg-orange-500 selection:text-white overflow-x-hidden relative"[31m
    [36m>[31m
      [36m<nav[31m
        [33mclass[31m=[32m"fixed w-full z-50 glass-panel border-b-0 border-b-white/5 backdrop-blur-xl bg-slate-900/80"[31m
      [36m>[31m
        [36m<div[31m
          [33mclass[31m=[32m"max-w-7xl mx-auto px-6 h-16 flex items-center justify-between"[31m
        [36m>[31m
          [36m<div[31m
            [33mclass[31m=[32m"flex items-center gap-2 font-bold text-xl tracking-tight cursor-pointer"[31m
          [36m>[31m
            [36m<div[31m
              [33mclass[31m=[32m"w-8 h-8 bg-gradient-to-br from-orange-400 to-red-500 rounded-lg flex items-center justify-center shadow-lg shadow-orange-500/20"[31m
            [36m>[31m
              [36m<svg[31m
                [33mclass[31m=[32m"lucide lucide-bot w-5 h-5 text-white"[31m
                [33mfill[31m=[32m"none"[31m
                [33mheight[31m=[32m"24"[31m
                [33mstroke[31m=[32m"currentColor"[31m
                [33mstroke-linecap[31m=[32m"round"[31m
                [33mstroke-linejoin[31m=[32m"round"[31m
                [33mstroke-width[31m=[32m"2"[31m
                [33mviewBox[31m=[32m"0 0 24 24"[31m
                [33mwidth[31m=[32m"24"[31m
                [33mxmlns[31m=[32m"http://www.w3.org/2000/svg"[31m
              [36m>[31m
                [36m<path[31m
                  [33md[31m=[32m"M12 8V4H8"[31m
                [36m/>[31m
                [36m<rect[31m
                  [33mheight[31m=[32m"12"[31m
                  [33mrx[31m=[32m"2"[31m
                  [33mwidth[31m=[32m"16"[31m
                  [33mx[31m=[32m"4"[31m
                  [33my[31m=[32m"8"[31m
                [36m/>[31m
                [36m<path[31m
                  [33md[31m=[32m"M2 14h2"[31m
                [36m/>[31m
                [36m<path[31m
                  [33md[31m=[32m"M20 14h2"[31m
                [36m/>[31m
                [36m<path[31m
                  [33md[31m=[32m"M15 13v2"[31m
                [36m/>[31m
                [36m<path[31m
                  [33md[31m=[32m"M9 13v2"[31m
                [36m/>[31m
              [36m</svg>[31m
            [36m</div>[31m
            [36m<span[31m
              [33mclass[31m=[32m"text-white"[31m
            [36m>[31m
              [0mMango[0m
              [36m<span[31m
                [33mclass[31m=[32m"text-orange-400"[31m
              [36m>[31m
                [0mHelpdesk[0m
              [36m</span>[31m
            [36m</span>[31m
          [36m</div>[31m
          [36m<div[31m
            [33mclass[31m=[32m"hidden md:flex gap-6 text-sm font-medium text-slate-400"[31m
          [36m>[31m
            [36m<button[31m
              [33mclass[31m=[32m"hover:text-orange-400 transition-colors "[31m
            [36m>[31m
              [0mProblem[0m
            [36m</button>[31m
            [36m<button[31m
              [33mclass[31m=[32m"hover:text-orange-400 transition-colors "[31m
            [36m>[31m
              [0mSolution[0m
            [36m</button>[31m
            [36m<button[31m
              [33mclass[31m=[32m"hover:text-orange-400 transition-colors "[31m
            [36m>[31m
              [0mDemo[0m
            [36m</button>[31m
            [36m<button[31m
              [33mclass[31m=[32m"hover:text-orange-400 transition-colors "[31m
            [36m>[31m
              [0mImpact[0m
            [36m</button>[31m
          [36m</div>[31m
          [36m<div[31m
            [33mclass[31m=[32m"text-xs font-mono text-slate-500 border border-slate-700 px-3 py-1 rounded-full flex items-center gap-2"[31m
          [36m>[31m
            [36m<span[31m
              [33mclass[31m=[32m"w-2 h-2 rounded-full bg-green-500 animate-pulse"[31m
            [36m/>[31m
            [0mSystem Online v1.0.0[0m
          [36m</div>[31m
        [36m</div>[31m
      [36m</nav>[31m
      [36m<section[31m
        [33mclass[31m=[32m"relative z-10 pt-32 pb-20 px-6 flex flex-col items-center justify-center text-center min-h-[90vh] bg-grid-pattern overflow-hidden"[31m
        [33mid[31m=[32m"hero"[31m
      [36m>[31m
        [36m<div[31m
          [33mclass[31m=[32m"absolute inset-0 bg-gradient-to-b from-transparent via-[#0f172a]/50 to-[#0f172a] pointer-events-none"[31m
        [36m/>[31m
        [36m<div[31m
          [33mclass[31m=[32m"absolute inset-0 opacity-20 pointer-events-none"[31m
        [36m>[31m
          [36m<svg[31m
            [33mclass[31m=[32m"lucide lucide-database absolute top-[20%] left-[10%] w-16 h-16 text-purple-500 animate-float delay-100"[31m
            [33mfill[31m=[32m"none"[31m
            [33mheight[31m=[32m"24"[31m
            [33mstroke[31m=[32m"currentColor"[31m
            [33mstroke-linecap[31m=[32m"round"[31m
            [33mstroke-linejoin[31m=[32m"round"[31m
            [33mstroke-width[31m=[32m"2"[31m
            [33mviewBox[31m=[32m"0 0 24 24"[31m
            [33mwidth[31m=[32m"24"[31m
            [33mxmlns[31m=[32m"http://www.w3.org/2000/svg"[31m
          [36m>[31m
            [36m<ellipse[31m
              [33mcx[31m=[32m"12"[31m
              [33mcy[31m=[32m"5"[31m
              [33mrx[31m=[32m"9"[31m
              [33mry[31m=[32m"3"[31m
            [36m/>[31m
            [36m<path[31m
              [33md[31m=[32m"M3 5V19A9 3 0 0 0 21 19V5"[31m
            [36m/>[31m
            [36m<path[31m
              [33md[31m=[32m"M3 12A9 3 0 0 0 21 12"[31m
            [36m/>[31m
          [36m</svg>[31m
          [36m<svg[31m
            [33mclass[31m=[32m"lucide lucide-zap absolute top-[15%] right-[15%] w-12 h-12 text-orange-500 animate-float delay-300"[31m
            [33mfill[31m=[32m"none"[31m
            [33mheight[31m=[32m"24"[31m
            [33mstroke[31m=[32m"currentColor"[31m
            [33mstroke-linecap[31m=[32m"round"[31m
            [33mstroke-linejoin[31m=[32m"round"[31m
            [33mstroke-width[31m=[32m"2"[31m
            [33mviewBox[31m=[32m"0 0 24 24"[31m
            [33mwidth[31m=[32m"24"[31m
            [33mxmlns[31m=[32m"http://www.w3.org/2000/svg"[31m
          [36m>[31m
            [36m<polygon[31m
              [33mpoints[31m=[32m"13 2 3 14 12 14 11 22 21 10 12 10 13 2"[31m
            [36m/>[31m
          [36m</svg>[31m
          [36m<svg[31m
            [33mclass[31m=[32m"lucide lucide-shield-alert absolute bottom-[30%] left-[20%] w-10 h-10 text-green-500 animate-float delay-500"[31m
            [33mfill[31m=[32m"none"[31m
            [33mheight[31m...

Ignored nodes: comments, script, style
[36m<html[31m
  [33mclass[31m=[32m"lenis"[31m
[36m>[31m
  [36m<head />[31m
  [36m<body>[31m
    [36m<div>[31m
      [36m<div[31m
        [33mclass[31m=[32m"min-h-screen bg-[#0f172a] text-slate-200 font-sans selection:bg-orange-500 selection:text-white overflow-x-hidden relative"[31m
      [36m>[31m
        [36m<nav[31m
          [33mclass[31m=[32m"fixed w-full z-50 glass-panel border-b-0 border-b-white/5 backdrop-blur-xl bg-slate-900/80"[31m
        [36m>[31m
          [36m<div[31m
            [33mclass[31m=[32m"max-w-7xl mx-auto px-6 h-16 flex items-center justify-between"[31m
          [36m>[31m
            [36m<div[31m
              [33mclass[31m=[32m"flex items-center gap-2 font-bold text-xl tracking-tight cursor-pointer"[31m
            [36m>[31m
              [36m<div[31m
                [33mclass[31m=[32m"w-8 h-8 bg-gradient-to-br from-orange-400 to-red-500 rounded-lg flex items-center justify-center shadow-lg shadow-orange-500/20"[31m
              [36m>[31m
                [36m<svg[31m
                  [33mclass[31m=[32m"lucide lucide-bot w-5 h-5 text-white"[31m
                  [33mfill[31m=[32m"none"[31m
                  [33mheight[31m=[32m"24"[31m
                  [33mstroke[31m=[32m"currentColor"[31m
                  [33mstroke-linecap[31m=[32m"round"[31m
                  [33mstroke-linejoin[31m=[32m"round"[31m
                  [33mstroke-width[31m=[32m"2"[31m
                  [33mviewBox[31m=[32m"0 0 24 24"[31m
                  [33mwidth[31m=[32m"24"[31m
                  [33mxmlns[31m=[32m"http://www.w3.org/2000/svg"[31m
                [36m>[31m
                  [36m<path[31m
                    [33md[31m=[32m"M12 8V4H8"[31m
                  [36m/>[31m
                  [36m<rect[31m
                    [33mheight[31m=[32m"12"[31m
                    [33mrx[31m=[32m"2"[31m
                    [33mwidth[31m=[32m"16"[31m
                    [33mx[31m=[32m"4"[31m
                    [33my[31m=[32m"8"[31m
                  [36m/>[31m
                  [36m<path[31m
                    [33md[31m=[32m"M2 14h2"[31m
                  [36m/>[31m
                  [36m<path[31m
                    [33md[31m=[32m"M20 14h2"[31m
                  [36m/>[31m
                  [36m<path[31m
                    [33md[31m=[32m"M15 13v2"[31m
                  [36m/>[31m
                  [36m<path[31m
                    [33md[31m=[32m"M9 13v2"[31m
                  [36m/>[31m
                [36m</svg>[31m
              [36m</div>[31m
              [36m<span[31m
                [33mclass[31m=[32m"text-white"[31m
              [36m>[31m
                [0mMango[0m
                [36m<span[31m
                  [33mclass[31m=[32m"text-orange-400"[31m
                [36m>[31m
                  [0mHelpdesk[0m
                [36m</span>[31m
              [36m</span>[31m
            [36m</div>[31m
            [36m<div[31m
              [33mclass[31m=[32m"hidden md:flex gap-6 text-sm font-medium text-slate-400"[31m
            [36m>[31m
              [36m<button[31m
                [33mclass[31m=[32m"hover:text-orange-400 transition-colors "[31m
              [36m>[31m
                [0mProblem[0m
              [36m</button>[31m
              [36m<button[31m
                [33mclass[31m=[32m"hover:text-orange-400 transition-colors "[31m
              [36m>[31m
                [0mSolution[0m
              [36m</button>[31m
              [36m<button[31m
                [33mclass[31m=[32m"hover:text-orange-400 transition-colors "[31m
              [36m>[31m
                [0mDemo[0m
              [36m</button>[31m
              [36m<button[31m
                [33mclass[31m=[32m"hover:text-orange-400 transition-colors "[31m
              [36m>[31m
                [0mImpact[0m
              [36m</button>[31m
            [36m</div>[31m
            [36m<div[31m
              [33mclass[31m=[32m"text-xs font-mono text-slate-500 border border-slate-700 px-3 py-1 rounded-full flex items-center gap-2"[31m
            [36m>[31m
              [36m<span[31m
                [33mclass[31m=[32m"w-2 h-2 rounded-full bg-green-500 animate-pulse"[31m
              [36m/>[31m
              [0mSystem Online v1.0.0[0m
            [36m</div>[31m
          [36m</div>[31m
        [36m</nav>[31m
        [36m<section[31m
          [33mclass[31m=[32m"relative z-10 pt-32 pb-20 px-6 flex flex-col items-center justify-center text-center min-h-[90vh] bg-grid-pattern overflow-hidden"[31m
          [33mid[31m=[32m"hero"[31m
        [36m>[31m
          [36m<div[31m
            [33mclass[31m=[32m"absolute inset-0 bg-gradient-to-b from-transparent via-[#0f172a]/50 to-[#0f172a] pointer-events-none"[31m
          [36m/>[31m
          [36m<div[31m
            [33mclass[31m=[32m"absolute inset-0 opacity-20 pointer-events-none"[31m
          [36m>[31m
            [36m<svg[31m
              [33mclass[31m=[32m"lucide lucide-database absolute top-[20%] left-[10%] w-16 h-16 text-purple-500 animate-float delay-100"[31m
              [33mfill[31m=[32m"none"[31m
              [33mheight[31m=[32m"24"[31m
              [33mstroke[31m=[32m"currentColor"[31m
              [33mstroke-linecap[31m=[32m"round"[31m
              [33mstroke-linejoin[31m=[32m"round"[31m
              [33mstroke-width[31m=[32m"2"[31m
              [33mviewBox[31m=[32m"0 0 24 24"[31m
              [33mwidth[31m=[32m"24"[31m
              [33mxmlns[31m=[32m"http://www.w3.org/2000/svg"[31m
            [36m>[31m
              [36m<ellipse[31m
                [33mcx[31m=[32m"12"[31m
                [33mcy[31m=[32m"5"[31m
                [33mrx[31m=[32m"9"[31m
                [33mry[31m=[32m"3"[31m
              [36m/>[31m
              [36m<path[31m
                [33md[31m=[32m"M3 5V19A9 3 0 0 0 21 19V5"[31m
              [36m/>[31m
              [36m<path[31m
                [33md[31m=[32m"M3 12A9 3 0 0 0 21 12"[31m
              [36m/>[31m
            [36m</svg>[31m
            [36m<svg[31m
              [33mclass[31m=[32m"lucide lucide-zap absolute top-[15%] right-[15%] w-12 h-12 text-orange-500 animate-float delay-300"[31m
              [33mfill[31m=[32m"none"[31m
              [33mheight[31m=[32m"24"[31m
              [33mstroke[31m=[32m"currentColor"[31m
              [33mstroke-linecap[31m=[32m"round"[31m
              [33mstroke-linejoin[31m=[32m"round"[31m
              [33mstroke-width[31m=[32m"2"[31m
              [33mviewBox[31m=[32m"0 0 24 24"[31m
              [33mwidth[31m=[32m"24"[31m
              [33mxmlns[31m=[32m"http://www.w3.org/2000/svg"[31m
            [36m>[31m
              [36m<polygon[31m
   ...[39m
[31m   [33mโฏ[31m src/__tests__/unit/components/App.paranoid.test.jsx[2m > [22mApp Component - PARANOID MODE[2m > [22mState Management - PARANOID[2m > [22mshould persist chat history in localStorage[39m
[31m     โ’ expected null to be truthy

Ignored nodes: comments, script, style
[36m<html[31m
  [33mclass[31m=[32m"lenis"[31m
[36m>[31m
  [36m<head />[31m
  [36m<body>[31m
    [36m<div>[31m
      [36m<div[31m
        [33mclass[31m=[32m"min-h-screen bg-[#0f172a] text-slate-200 font-sans selection:bg-orange-500 selection:text-white overflow-x-hidden relative"[31m
      [36m>[31m
        [36m<nav[31m
          [33mclass[31m=[32m"fixed w-full z-50 glass-panel border-b-0 border-b-white/5 backdrop-blur-xl bg-slate-900/80"[31m
        [36m>[31m
          [36m<div[31m
            [33mclass[31m=[32m"max-w-7xl mx-auto px-6 h-16 flex items-center justify-between"[31m
          [36m>[31m
            [36m<div[31m
              [33mclass[31m=[32m"flex items-center gap-2 font-bold text-xl tracking-tight cursor-pointer"[31m
            [36m>[31m
              [36m<div[31m
                [33mclass[31m=[32m"w-8 h-8 bg-gradient-to-br from-orange-400 to-red-500 rounded-lg flex items-center justify-center shadow-lg shadow-orange-500/20"[31m
              [36m>[31m
                [36m<svg[31m
                  [33mclass[31m=[32m"lucide lucide-bot w-5 h-5 text-white"[31m
                  [33mfill[31m=[32m"none"[31m
                  [33mheight[31m=[32m"24"[31m
                  [33mstroke[31m=[32m"currentColor"[31m
                  [33mstroke-linecap[31m=[32m"round"[31m
                  [33mstroke-linejoin[31m=[32m"round"[31m
                  [33mstroke-width[31m=[32m"2"[31m
                  [33mviewBox[31m=[32m"0 0 24 24"[31m
                  [33mwidth[31m=[32m"24"[31m
                  [33mxmlns[31m=[32m"http://www.w3.org/2000/svg"[31m
                [36m>[31m
                  [36m<path[31m
                    [33md[31m=[32m"M12 8V4H8"[31m
                  [36m/>[31m
                  [36m<rect[31m
                    [33mheight[31m=[32m"12"[31m
                    [33mrx[31m=[32m"2"[31m
                    [33mwidth[31m=[32m"16"[31m
                    [33mx[31m=[32m"4"[31m
                    [33my[31m=[32m"8"[31m
                  [36m/>[31m
                  [36m<path[31m
                    [33md[31m=[32m"M2 14h2"[31m
                  [36m/>[31m
                  [36m<path[31m
                    [33md[31m=[32m"M20 14h2"[31m
                  [36m/>[31m
                  [36m<path[31m
                    [33md[31m=[32m"M15 13v2"[31m
                  [36m/>[31m
                  [36m<path[31m
                    [33md[31m=[32m"M9 13v2"[31m
                  [36m/>[31m
                [36m</svg>[31m
              [36m</div>[31m
              [36m<span[31m
                [33mclass[31m=[32m"text-white"[31m
              [36m>[31m
                [0mMango[0m
                [36m<span[31m
                  [33mclass[31m=[32m"text-orange-400"[31m
                [36m>[31m
                  [0mHelpdesk[0m
                [36m</span>[31m
              [36m</span>[31m
            [36m</div>[31m
            [36m<div[31m
              [33mclass[31m=[32m"hidden md:flex gap-6 text-sm font-medium text-slate-400"[31m
            [36m>[31m
              [36m<button[31m
                [33mclass[31m=[32m"hover:text-orange-400 transition-colors "[31m
              [36m>[31m
                [0mProblem[0m
              [36m</button>[31m
              [36m<button[31m
                [33mclass[31m=[32m"hover:text-orange-400 transition-colors "[31m
              [36m>[31m
                [0mSolution[0m
              [36m</button>[31m
              [36m<button[31m
                [33mclass[31m=[32m"hover:text-orange-400 transition-colors "[31m
              [36m>[31m
                [0mDemo[0m
              [36m</button>[31m
              [36m<button[31m
                [33mclass[31m=[32m"hover:text-orange-400 transition-colors "[31m
              [36m>[31m
                [0mImpact[0m
              [36m</button>[31m
            [36m</div>[31m
            [36m<div[31m
              [33mclass[31m=[32m"text-xs font-mono text-slate-500 border border-slate-700 px-3 py-1 rounded-full flex items-center gap-2"[31m
            [36m>[31m
              [36m<span[31m
                [33mclass[31m=[32m"w-2 h-2 rounded-full bg-green-500 animate-pulse"[31m
              [36m/>[31m
              [0mSystem Online v1.0.0[0m
            [36m</div>[31m
          [36m</div>[31m
        [36m</nav>[31m
        [36m<section[31m
          [33mclass[31m=[32m"relative z-10 pt-32 pb-20 px-6 flex flex-col items-center justify-center text-center min-h-[90vh] bg-grid-pattern overflow-hidden"[31m
          [33mid[31m=[32m"hero"[31m
        [36m>[31m
          [36m<div[31m
            [33mclass[31m=[32m"absolute inset-0 bg-gradient-to-b from-transparent via-[#0f172a]/50 to-[#0f172a] pointer-events-none"[31m
          [36m/>[31m
          [36m<div[31m
            [33mclass[31m=[32m"absolute inset-0 opacity-20 pointer-events-none"[31m
          [36m>[31m
            [36m<svg[31m
              [33mclass[31m=[32m"lucide lucide-database absolute top-[20%] left-[10%] w-16 h-16 text-purple-500 animate-float delay-100"[31m
              [33mfill[31m=[32m"none"[31m
              [33mheight[31m=[32m"24"[31m
              [33mstroke[31m=[32m"currentColor"[31m
              [33mstroke-linecap[31m=[32m"round"[31m
              [33mstroke-linejoin[31m=[32m"round"[31m
              [33mstroke-width[31m=[32m"2"[31m
              [33mviewBox[31m=[32m"0 0 24 24"[31m
              [33mwidth[31m=[32m"24"[31m
              [33mxmlns[31m=[32m"http://www.w3.org/2000/svg"[31m
            [36m>[31m
              [36m<ellipse[31m
                [33mcx[31m=[32m"12"[31m
                [33mcy[31m=[32m"5"[31m
                [33mrx[31m=[32m"9"[31m
                [33mry[31m=[32m"3"[31m
              [36m/>[31m
              [36m<path[31m
                [33md[31m=[32m"M3 5V19A9 3 0 0 0 21 19V5"[31m
              [36m/>[31m
              [36m<path[31m
                [33md[31m=[32m"M3 12A9 3 0 0 0 21 12"[31m
              [36m/>[31m
            [36m</svg>[31m
            [36m<svg[31m
              [33mclass[31m=[32m"lucide lucide-zap absolute top-[15%] right-[15%] w-12 h-12 text-orange-500 animate-float delay-300"[31m
              [33mfill[31m=[32m"none"[31m
              [33mheight[31m=[32m"24"[31m
              [33mstroke[31m=[32m"currentColor"[31m
              [33mstroke-linecap[31m=[32m"round"[31m
              [33mstroke-linejoin[31m=[32m"round"[31m
              [33mstroke-width[31m=[32m"2"[31m
              [33mviewBox[31m=[32m"0 0 24 24"[31m
              [33mwidth[31m=[32m"24"[31m
              [33mxmlns[31m=[32m"http://www.w3.org/2000/svg"[31m
            [36m>[31m
              [36m<polygon[31m
   ...[39m
[31m   [33mโฏ[31m src/__tests__/unit/components/App.paranoid.test.jsx[2m > [22mApp Component - PARANOID MODE[2m > [22mState Management - PARANOID[2m > [22mshould restore chat history from localStorage on mount[39m
[31m     โ’ Unable to find an element with the text: /Hello from storage/i. This could be because the text is broken up by multiple elements. In this case, you can provide a function for your text matcher to make your matcher more flexible.

Ignored nodes: comments, script, style
[36m<body>[31m
  [36m<div>[31m
    [36m<div[31m
      [33mclass[31m=[32m"min-h-screen bg-[#0f172a] text-slate-200 font-sans selection:bg-orange-500 selection:text-white overflow-x-hidden relative"[31m
    [36m>[31m
      [36m<nav[31m
        [33mclass[31m=[32m"fixed w-full z-50 glass-panel border-b-0 border-b-white/5 backdrop-blur-xl bg-slate-900/80"[31m
      [36m>[31m
        [36m<div[31m
          [33mclass[31m=[32m"max-w-7xl mx-auto px-6 h-16 flex items-center justify-between"[31m
        [36m>[31m
          [36m<div[31m
            [33mclass[31m=[32m"flex items-center gap-2 font-bold text-xl tracking-tight cursor-pointer"[31m
          [36m>[31m
            [36m<div[31m
              [33mclass[31m=[32m"w-8 h-8 bg-gradient-to-br from-orange-400 to-red-500 rounded-lg flex items-center justify-center shadow-lg shadow-orange-500/20"[31m
            [36m>[31m
              [36m<svg[31m
                [33mclass[31m=[32m"lucide lucide-bot w-5 h-5 text-white"[31m
                [33mfill[31m=[32m"none"[31m
                [33mheight[31m=[32m"24"[31m
                [33mstroke[31m=[32m"currentColor"[31m
                [33mstroke-linecap[31m=[32m"round"[31m
                [33mstroke-linejoin[31m=[32m"round"[31m
                [33mstroke-width[31m=[32m"2"[31m
                [33mviewBox[31m=[32m"0 0 24 24"[31m
                [33mwidth[31m=[32m"24"[31m
                [33mxmlns[31m=[32m"http://www.w3.org/2000/svg"[31m
              [36m>[31m
                [36m<path[31m
                  [33md[31m=[32m"M12 8V4H8"[31m
                [36m/>[31m
                [36m<rect[31m
                  [33mheight[31m=[32m"12"[31m
                  [33mrx[31m=[32m"2"[31m
                  [33mwidth[31m=[32m"16"[31m
                  [33mx[31m=[32m"4"[31m
                  [33my[31m=[32m"8"[31m
                [36m/>[31m
                [36m<path[31m
                  [33md[31m=[32m"M2 14h2"[31m
                [36m/>[31m
                [36m<path[31m
                  [33md[31m=[32m"M20 14h2"[31m
                [36m/>[31m
                [36m<path[31m
                  [33md[31m=[32m"M15 13v2"[31m
                [36m/>[31m
                [36m<path[31m
                  [33md[31m=[32m"M9 13v2"[31m
                [36m/>[31m
              [36m</svg>[31m
            [36m</div>[31m
            [36m<span[31m
              [33mclass[31m=[32m"text-white"[31m
            [36m>[31m
              [0mMango[0m
              [36m<span[31m
                [33mclass[31m=[32m"text-orange-400"[31m
              [36m>[31m
                [0mHelpdesk[0m
              [36m</span>[31m
            [36m</span>[31m
          [36m</div>[31m
          [36m<div[31m
            [33mclass[31m=[32m"hidden md:flex gap-6 text-sm font-medium text-slate-400"[31m
          [36m>[31m
            [36m<button[31m
              [33mclass[31m=[32m"hover:text-orange-400 transition-colors "[31m
            [36m>[31m
              [0mProblem[0m
            [36m</button>[31m
            [36m<button[31m
              [33mclass[31m=[32m"hover:text-orange-400 transition-colors "[31m
            [36m>[31m
              [0mSolution[0m
            [36m</button>[31m
            [36m<button[31m
              [33mclass[31m=[32m"hover:text-orange-400 transition-colors "[31m
            [36m>[31m
              [0mDemo[0m
            [36m</button>[31m
            [36m<button[31m
              [33mclass[31m=[32m"hover:text-orange-400 transition-colors "[31m
            [36m>[31m
              [0mImpact[0m
            [36m</button>[31m
          [36m</div>[31m
          [36m<div[31m
            [33mclass[31m=[32m"text-xs font-mono text-slate-500 border border-slate-700 px-3 py-1 rounded-full flex items-center gap-2"[31m
          [36m>[31m
            [36m<span[31m
              [33mclass[31m=[32m"w-2 h-2 rounded-full bg-green-500 animate-pulse"[31m
            [36m/>[31m
            [0mSystem Online v1.0.0[0m
          [36m</div>[31m
        [36m</div>[31m
      [36m</nav>[31m
      [36m<section[31m
        [33mclass[31m=[32m"relative z-10 pt-32 pb-20 px-6 flex flex-col items-center justify-center text-center min-h-[90vh] bg-grid-pattern overflow-hidden"[31m
        [33mid[31m=[32m"hero"[31m
      [36m>[31m
        [36m<div[31m
          [33mclass[31m=[32m"absolute inset-0 bg-gradient-to-b from-transparent via-[#0f172a]/50 to-[#0f172a] pointer-events-none"[31m
        [36m/>[31m
        [36m<div[31m
          [33mclass[31m=[32m"absolute inset-0 opacity-20 pointer-events-none"[31m
        [36m>[31m
          [36m<svg[31m
            [33mclass[31m=[32m"lucide lucide-database absolute top-[20%] left-[10%] w-16 h-16 text-purple-500 animate-float delay-100"[31m
            [33mfill[31m=[32m"none"[31m
            [33mheight[31m=[32m"24"[31m
            [33mstroke[31m=[32m"currentColor"[31m
            [33mstroke-linecap[31m=[32m"round"[31m
            [33mstroke-linejoin[31m=[32m"round"[31m
            [33mstroke-width[31m=[32m"2"[31m
            [33mviewBox[31m=[32m"0 0 24 24"[31m
            [33mwidth[31m=[32m"24"[31m
            [33mxmlns[31m=[32m"http://www.w3.org/2000/svg"[31m
          [36m>[31m
            [36m<ellipse[31m
              [33mcx[31m=[32m"12"[31m
              [33mcy[31m=[32m"5"[31m
              [33mrx[31m=[32m"9"[31m
              [33mry[31m=[32m"3"[31m
            [36m/>[31m
            [36m<path[31m
              [33md[31m=[32m"M3 5V19A9 3 0 0 0 21 19V5"[31m
            [36m/>[31m
            [36m<path[31m
              [33md[31m=[32m"M3 12A9 3 0 0 0 21 12"[31m
            [36m/>[31m
          [36m</svg>[31m
          [36m<svg[31m
            [33mclass[31m=[32m"lucide lucide-zap absolute top-[15%] right-[15%] w-12 h-12 text-orange-500 animate-float delay-300"[31m
            [33mfill[31m=[32m"none"[31m
            [33mheight[31m=[32m"24"[31m
            [33mstroke[31m=[32m"currentColor"[31m
            [33mstroke-linecap[31m=[32m"round"[31m
            [33mstroke-linejoin[31m=[32m"round"[31m
            [33mstroke-width[31m=[32m"2"[31m
            [33mviewBox[31m=[32m"0 0 24 24"[31m
            [33mwidth[31m=[32m"24"[31m
            [33mxmlns[31m=[32m"http://www.w3.org/2000/svg"[31m
          [36m>[31m
            [36m<polygon[31m
              [33mpoints[31m=[32m"13 2 3 14 12 14 11 22 21 10 12 10 13 2"[31m
            [36m/>[31m
          [36m</svg>[31m
          [36m<svg[31m
            [33mclass[31m=[32m"lucide lucide-shield-alert absolute bottom-[30%] left-[20%] w-10 h-10 text-green-500 animate-float delay-500"[31m
            [33mfill[31m=[32m"none"[31m
            [33mheight[31m...

Ignored nodes: comments, script, style
[36m<html[31m
  [33mclass[31m=[32m"lenis"[31m
[36m>[31m
  [36m<head />[31m
  [36m<body>[31m
    [36m<div>[31m
      [36m<div[31m
        [33mclass[31m=[32m"min-h-screen bg-[#0f172a] text-slate-200 font-sans selection:bg-orange-500 selection:text-white overflow-x-hidden relative"[31m
      [36m>[31m
        [36m<nav[31m
          [33mclass[31m=[32m"fixed w-full z-50 glass-panel border-b-0 border-b-white/5 backdrop-blur-xl bg-slate-900/80"[31m
        [36m>[31m
          [36m<div[31m
            [33mclass[31m=[32m"max-w-7xl mx-auto px-6 h-16 flex items-center justify-between"[31m
          [36m>[31m
            [36m<div[31m
              [33mclass[31m=[32m"flex items-center gap-2 font-bold text-xl tracking-tight cursor-pointer"[31m
            [36m>[31m
              [36m<div[31m
                [33mclass[31m=[32m"w-8 h-8 bg-gradient-to-br from-orange-400 to-red-500 rounded-lg flex items-center justify-center shadow-lg shadow-orange-500/20"[31m
              [36m>[31m
                [36m<svg[31m
                  [33mclass[31m=[32m"lucide lucide-bot w-5 h-5 text-white"[31m
                  [33mfill[31m=[32m"none"[31m
                  [33mheight[31m=[32m"24"[31m
                  [33mstroke[31m=[32m"currentColor"[31m
                  [33mstroke-linecap[31m=[32m"round"[31m
                  [33mstroke-linejoin[31m=[32m"round"[31m
                  [33mstroke-width[31m=[32m"2"[31m
                  [33mviewBox[31m=[32m"0 0 24 24"[31m
                  [33mwidth[31m=[32m"24"[31m
                  [33mxmlns[31m=[32m"http://www.w3.org/2000/svg"[31m
                [36m>[31m
                  [36m<path[31m
                    [33md[31m=[32m"M12 8V4H8"[31m
                  [36m/>[31m
                  [36m<rect[31m
                    [33mheight[31m=[32m"12"[31m
                    [33mrx[31m=[32m"2"[31m
                    [33mwidth[31m=[32m"16"[31m
                    [33mx[31m=[32m"4"[31m
                    [33my[31m=[32m"8"[31m
                  [36m/>[31m
                  [36m<path[31m
                    [33md[31m=[32m"M2 14h2"[31m
                  [36m/>[31m
                  [36m<path[31m
                    [33md[31m=[32m"M20 14h2"[31m
                  [36m/>[31m
                  [36m<path[31m
                    [33md[31m=[32m"M15 13v2"[31m
                  [36m/>[31m
                  [36m<path[31m
                    [33md[31m=[32m"M9 13v2"[31m
                  [36m/>[31m
                [36m</svg>[31m
              [36m</div>[31m
              [36m<span[31m
                [33mclass[31m=[32m"text-white"[31m
              [36m>[31m
                [0mMango[0m
                [36m<span[31m
                  [33mclass[31m=[32m"text-orange-400"[31m
                [36m>[31m
                  [0mHelpdesk[0m
                [36m</span>[31m
              [36m</span>[31m
            [36m</div>[31m
            [36m<div[31m
              [33mclass[31m=[32m"hidden md:flex gap-6 text-sm font-medium text-slate-400"[31m
            [36m>[31m
              [36m<button[31m
                [33mclass[31m=[32m"hover:text-orange-400 transition-colors "[31m
              [36m>[31m
                [0mProblem[0m
              [36m</button>[31m
              [36m<button[31m
                [33mclass[31m=[32m"hover:text-orange-400 transition-colors "[31m
              [36m>[31m
                [0mSolution[0m
              [36m</button>[31m
              [36m<button[31m
                [33mclass[31m=[32m"hover:text-orange-400 transition-colors "[31m
              [36m>[31m
                [0mDemo[0m
              [36m</button>[31m
              [36m<button[31m
                [33mclass[31m=[32m"hover:text-orange-400 transition-colors "[31m
              [36m>[31m
                [0mImpact[0m
              [36m</button>[31m
            [36m</div>[31m
            [36m<div[31m
              [33mclass[31m=[32m"text-xs font-mono text-slate-500 border border-slate-700 px-3 py-1 rounded-full flex items-center gap-2"[31m
            [36m>[31m
              [36m<span[31m
                [33mclass[31m=[32m"w-2 h-2 rounded-full bg-green-500 animate-pulse"[31m
              [36m/>[31m
              [0mSystem Online v1.0.0[0m
            [36m</div>[31m
          [36m</div>[31m
        [36m</nav>[31m
        [36m<section[31m
          [33mclass[31m=[32m"relative z-10 pt-32 pb-20 px-6 flex flex-col items-center justify-center text-center min-h-[90vh] bg-grid-pattern overflow-hidden"[31m
          [33mid[31m=[32m"hero"[31m
        [36m>[31m
          [36m<div[31m
            [33mclass[31m=[32m"absolute inset-0 bg-gradient-to-b from-transparent via-[#0f172a]/50 to-[#0f172a] pointer-events-none"[31m
          [36m/>[31m
          [36m<div[31m
            [33mclass[31m=[32m"absolute inset-0 opacity-20 pointer-events-none"[31m
          [36m>[31m
            [36m<svg[31m
              [33mclass[31m=[32m"lucide lucide-database absolute top-[20%] left-[10%] w-16 h-16 text-purple-500 animate-float delay-100"[31m
              [33mfill[31m=[32m"none"[31m
              [33mheight[31m=[32m"24"[31m
              [33mstroke[31m=[32m"currentColor"[31m
              [33mstroke-linecap[31m=[32m"round"[31m
              [33mstroke-linejoin[31m=[32m"round"[31m
              [33mstroke-width[31m=[32m"2"[31m
              [33mviewBox[31m=[32m"0 0 24 24"[31m
              [33mwidth[31m=[32m"24"[31m
              [33mxmlns[31m=[32m"http://www.w3.org/2000/svg"[31m
            [36m>[31m
              [36m<ellipse[31m
                [33mcx[31m=[32m"12"[31m
                [33mcy[31m=[32m"5"[31m
                [33mrx[31m=[32m"9"[31m
                [33mry[31m=[32m"3"[31m
              [36m/>[31m
              [36m<path[31m
                [33md[31m=[32m"M3 5V19A9 3 0 0 0 21 19V5"[31m
              [36m/>[31m
              [36m<path[31m
                [33md[31m=[32m"M3 12A9 3 0 0 0 21 12"[31m
              [36m/>[31m
            [36m</svg>[31m
            [36m<svg[31m
              [33mclass[31m=[32m"lucide lucide-zap absolute top-[15%] right-[15%] w-12 h-12 text-orange-500 animate-float delay-300"[31m
              [33mfill[31m=[32m"none"[31m
              [33mheight[31m=[32m"24"[31m
              [33mstroke[31m=[32m"currentColor"[31m
              [33mstroke-linecap[31m=[32m"round"[31m
              [33mstroke-linejoin[31m=[32m"round"[31m
              [33mstroke-width[31m=[32m"2"[31m
              [33mviewBox[31m=[32m"0 0 24 24"[31m
              [33mwidth[31m=[32m"24"[31m
              [33mxmlns[31m=[32m"http://www.w3.org/2000/svg"[31m
            [36m>[31m
              [36m<polygon[31m
   ...[39m
[31m   [33mโฏ[31m src/__tests__/unit/components/App.paranoid.test.jsx[2m > [22mApp Component - PARANOID MODE[2m > [22mState Management - PARANOID[2m > [22mshould limit conversation history to last 6 messages[39m
[31m     โ’ Unable to find an element with the text: /OK/i. This could be because the text is broken up by multiple elements. In this case, you can provide a function for your text matcher to make your matcher more flexible.

Ignored nodes: comments, script, style
[36m<body>[31m
  [36m<div>[31m
    [36m<div[31m
      [33mclass[31m=[32m"min-h-screen bg-[#0f172a] text-slate-200 font-sans selection:bg-orange-500 selection:text-white overflow-x-hidden relative"[31m
    [36m>[31m
      [36m<nav[31m
        [33mclass[31m=[32m"fixed w-full z-50 glass-panel border-b-0 border-b-white/5 backdrop-blur-xl bg-slate-900/80"[31m
      [36m>[31m
        [36m<div[31m
          [33mclass[31m=[32m"max-w-7xl mx-auto px-6 h-16 flex items-center justify-between"[31m
        [36m>[31m
          [36m<div[31m
            [33mclass[31m=[32m"flex items-center gap-2 font-bold text-xl tracking-tight cursor-pointer"[31m
          [36m>[31m
            [36m<div[31m
              [33mclass[31m=[32m"w-8 h-8 bg-gradient-to-br from-orange-400 to-red-500 rounded-lg flex items-center justify-center shadow-lg shadow-orange-500/20"[31m
            [36m>[31m
              [36m<svg[31m
                [33mclass[31m=[32m"lucide lucide-bot w-5 h-5 text-white"[31m
                [33mfill[31m=[32m"none"[31m
                [33mheight[31m=[32m"24"[31m
                [33mstroke[31m=[32m"currentColor"[31m
                [33mstroke-linecap[31m=[32m"round"[31m
                [33mstroke-linejoin[31m=[32m"round"[31m
                [33mstroke-width[31m=[32m"2"[31m
                [33mviewBox[31m=[32m"0 0 24 24"[31m
                [33mwidth[31m=[32m"24"[31m
                [33mxmlns[31m=[32m"http://www.w3.org/2000/svg"[31m
              [36m>[31m
                [36m<path[31m
                  [33md[31m=[32m"M12 8V4H8"[31m
                [36m/>[31m
                [36m<rect[31m
                  [33mheight[31m=[32m"12"[31m
                  [33mrx[31m=[32m"2"[31m
                  [33mwidth[31m=[32m"16"[31m
                  [33mx[31m=[32m"4"[31m
                  [33my[31m=[32m"8"[31m
                [36m/>[31m
                [36m<path[31m
                  [33md[31m=[32m"M2 14h2"[31m
                [36m/>[31m
                [36m<path[31m
                  [33md[31m=[32m"M20 14h2"[31m
                [36m/>[31m
                [36m<path[31m
                  [33md[31m=[32m"M15 13v2"[31m
                [36m/>[31m
                [36m<path[31m
                  [33md[31m=[32m"M9 13v2"[31m
                [36m/>[31m
              [36m</svg>[31m
            [36m</div>[31m
            [36m<span[31m
              [33mclass[31m=[32m"text-white"[31m
            [36m>[31m
              [0mMango[0m
              [36m<span[31m
                [33mclass[31m=[32m"text-orange-400"[31m
              [36m>[31m
                [0mHelpdesk[0m
              [36m</span>[31m
            [36m</span>[31m
          [36m</div>[31m
          [36m<div[31m
            [33mclass[31m=[32m"hidden md:flex gap-6 text-sm font-medium text-slate-400"[31m
          [36m>[31m
            [36m<button[31m
              [33mclass[31m=[32m"hover:text-orange-400 transition-colors "[31m
            [36m>[31m
              [0mProblem[0m
            [36m</button>[31m
            [36m<button[31m
              [33mclass[31m=[32m"hover:text-orange-400 transition-colors "[31m
            [36m>[31m
              [0mSolution[0m
            [36m</button>[31m
            [36m<button[31m
              [33mclass[31m=[32m"hover:text-orange-400 transition-colors "[31m
            [36m>[31m
              [0mDemo[0m
            [36m</button>[31m
            [36m<button[31m
              [33mclass[31m=[32m"hover:text-orange-400 transition-colors "[31m
            [36m>[31m
              [0mImpact[0m
            [36m</button>[31m
          [36m</div>[31m
          [36m<div[31m
            [33mclass[31m=[32m"text-xs font-mono text-slate-500 border border-slate-700 px-3 py-1 rounded-full flex items-center gap-2"[31m
          [36m>[31m
            [36m<span[31m
              [33mclass[31m=[32m"w-2 h-2 rounded-full bg-green-500 animate-pulse"[31m
            [36m/>[31m
            [0mSystem Online v1.0.0[0m
          [36m</div>[31m
        [36m</div>[31m
      [36m</nav>[31m
      [36m<section[31m
        [33mclass[31m=[32m"relative z-10 pt-32 pb-20 px-6 flex flex-col items-center justify-center text-center min-h-[90vh] bg-grid-pattern overflow-hidden"[31m
        [33mid[31m=[32m"hero"[31m
      [36m>[31m
        [36m<div[31m
          [33mclass[31m=[32m"absolute inset-0 bg-gradient-to-b from-transparent via-[#0f172a]/50 to-[#0f172a] pointer-events-none"[31m
        [36m/>[31m
        [36m<div[31m
          [33mclass[31m=[32m"absolute inset-0 opacity-20 pointer-events-none"[31m
        [36m>[31m
          [36m<svg[31m
            [33mclass[31m=[32m"lucide lucide-database absolute top-[20%] left-[10%] w-16 h-16 text-purple-500 animate-float delay-100"[31m
            [33mfill[31m=[32m"none"[31m
            [33mheight[31m=[32m"24"[31m
            [33mstroke[31m=[32m"currentColor"[31m
            [33mstroke-linecap[31m=[32m"round"[31m
            [33mstroke-linejoin[31m=[32m"round"[31m
            [33mstroke-width[31m=[32m"2"[31m
            [33mviewBox[31m=[32m"0 0 24 24"[31m
            [33mwidth[31m=[32m"24"[31m
            [33mxmlns[31m=[32m"http://www.w3.org/2000/svg"[31m
          [36m>[31m
            [36m<ellipse[31m
              [33mcx[31m=[32m"12"[31m
              [33mcy[31m=[32m"5"[31m
              [33mrx[31m=[32m"9"[31m
              [33mry[31m=[32m"3"[31m
            [36m/>[31m
            [36m<path[31m
              [33md[31m=[32m"M3 5V19A9 3 0 0 0 21 19V5"[31m
            [36m/>[31m
            [36m<path[31m
              [33md[31m=[32m"M3 12A9 3 0 0 0 21 12"[31m
            [36m/>[31m
          [36m</svg>[31m
          [36m<svg[31m
            [33mclass[31m=[32m"lucide lucide-zap absolute top-[15%] right-[15%] w-12 h-12 text-orange-500 animate-float delay-300"[31m
            [33mfill[31m=[32m"none"[31m
            [33mheight[31m=[32m"24"[31m
            [33mstroke[31m=[32m"currentColor"[31m
            [33mstroke-linecap[31m=[32m"round"[31m
            [33mstroke-linejoin[31m=[32m"round"[31m
            [33mstroke-width[31m=[32m"2"[31m
            [33mviewBox[31m=[32m"0 0 24 24"[31m
            [33mwidth[31m=[32m"24"[31m
            [33mxmlns[31m=[32m"http://www.w3.org/2000/svg"[31m
          [36m>[31m
            [36m<polygon[31m
              [33mpoints[31m=[32m"13 2 3 14 12 14 11 22 21 10 12 10 13 2"[31m
            [36m/>[31m
          [36m</svg>[31m
          [36m<svg[31m
            [33mclass[31m=[32m"lucide lucide-shield-alert absolute bottom-[30%] left-[20%] w-10 h-10 text-green-500 animate-float delay-500"[31m
            [33mfill[31m=[32m"none"[31m
            [33mheight[31m...

Ignored nodes: comments, script, style
[36m<html[31m
  [33mclass[31m=[32m"lenis"[31m
[36m>[31m
  [36m<head />[31m
  [36m<body>[31m
    [36m<div>[31m
      [36m<div[31m
        [33mclass[31m=[32m"min-h-screen bg-[#0f172a] text-slate-200 font-sans selection:bg-orange-500 selection:text-white overflow-x-hidden relative"[31m
      [36m>[31m
        [36m<nav[31m
          [33mclass[31m=[32m"fixed w-full z-50 glass-panel border-b-0 border-b-white/5 backdrop-blur-xl bg-slate-900/80"[31m
        [36m>[31m
          [36m<div[31m
            [33mclass[31m=[32m"max-w-7xl mx-auto px-6 h-16 flex items-center justify-between"[31m
          [36m>[31m
            [36m<div[31m
              [33mclass[31m=[32m"flex items-center gap-2 font-bold text-xl tracking-tight cursor-pointer"[31m
            [36m>[31m
              [36m<div[31m
                [33mclass[31m=[32m"w-8 h-8 bg-gradient-to-br from-orange-400 to-red-500 rounded-lg flex items-center justify-center shadow-lg shadow-orange-500/20"[31m
              [36m>[31m
                [36m<svg[31m
                  [33mclass[31m=[32m"lucide lucide-bot w-5 h-5 text-white"[31m
                  [33mfill[31m=[32m"none"[31m
                  [33mheight[31m=[32m"24"[31m
                  [33mstroke[31m=[32m"currentColor"[31m
                  [33mstroke-linecap[31m=[32m"round"[31m
                  [33mstroke-linejoin[31m=[32m"round"[31m
                  [33mstroke-width[31m=[32m"2"[31m
                  [33mviewBox[31m=[32m"0 0 24 24"[31m
                  [33mwidth[31m=[32m"24"[31m
                  [33mxmlns[31m=[32m"http://www.w3.org/2000/svg"[31m
                [36m>[31m
                  [36m<path[31m
                    [33md[31m=[32m"M12 8V4H8"[31m
                  [36m/>[31m
                  [36m<rect[31m
                    [33mheight[31m=[32m"12"[31m
                    [33mrx[31m=[32m"2"[31m
                    [33mwidth[31m=[32m"16"[31m
                    [33mx[31m=[32m"4"[31m
                    [33my[31m=[32m"8"[31m
                  [36m/>[31m
                  [36m<path[31m
                    [33md[31m=[32m"M2 14h2"[31m
                  [36m/>[31m
                  [36m<path[31m
                    [33md[31m=[32m"M20 14h2"[31m
                  [36m/>[31m
                  [36m<path[31m
                    [33md[31m=[32m"M15 13v2"[31m
                  [36m/>[31m
                  [36m<path[31m
                    [33md[31m=[32m"M9 13v2"[31m
                  [36m/>[31m
                [36m</svg>[31m
              [36m</div>[31m
              [36m<span[31m
                [33mclass[31m=[32m"text-white"[31m
              [36m>[31m
                [0mMango[0m
                [36m<span[31m
                  [33mclass[31m=[32m"text-orange-400"[31m
                [36m>[31m
                  [0mHelpdesk[0m
                [36m</span>[31m
              [36m</span>[31m
            [36m</div>[31m
            [36m<div[31m
              [33mclass[31m=[32m"hidden md:flex gap-6 text-sm font-medium text-slate-400"[31m
            [36m>[31m
              [36m<button[31m
                [33mclass[31m=[32m"hover:text-orange-400 transition-colors "[31m
              [36m>[31m
                [0mProblem[0m
              [36m</button>[31m
              [36m<button[31m
                [33mclass[31m=[32m"hover:text-orange-400 transition-colors "[31m
              [36m>[31m
                [0mSolution[0m
              [36m</button>[31m
              [36m<button[31m
                [33mclass[31m=[32m"hover:text-orange-400 transition-colors "[31m
              [36m>[31m
                [0mDemo[0m
              [36m</button>[31m
              [36m<button[31m
                [33mclass[31m=[32m"hover:text-orange-400 transition-colors "[31m
              [36m>[31m
                [0mImpact[0m
              [36m</button>[31m
            [36m</div>[31m
            [36m<div[31m
              [33mclass[31m=[32m"text-xs font-mono text-slate-500 border border-slate-700 px-3 py-1 rounded-full flex items-center gap-2"[31m
            [36m>[31m
              [36m<span[31m
                [33mclass[31m=[32m"w-2 h-2 rounded-full bg-green-500 animate-pulse"[31m
              [36m/>[31m
              [0mSystem Online v1.0.0[0m
            [36m</div>[31m
          [36m</div>[31m
        [36m</nav>[31m
        [36m<section[31m
          [33mclass[31m=[32m"relative z-10 pt-32 pb-20 px-6 flex flex-col items-center justify-center text-center min-h-[90vh] bg-grid-pattern overflow-hidden"[31m
          [33mid[31m=[32m"hero"[31m
        [36m>[31m
          [36m<div[31m
            [33mclass[31m=[32m"absolute inset-0 bg-gradient-to-b from-transparent via-[#0f172a]/50 to-[#0f172a] pointer-events-none"[31m
          [36m/>[31m
          [36m<div[31m
            [33mclass[31m=[32m"absolute inset-0 opacity-20 pointer-events-none"[31m
          [36m>[31m
            [36m<svg[31m
              [33mclass[31m=[32m"lucide lucide-database absolute top-[20%] left-[10%] w-16 h-16 text-purple-500 animate-float delay-100"[31m
              [33mfill[31m=[32m"none"[31m
              [33mheight[31m=[32m"24"[31m
              [33mstroke[31m=[32m"currentColor"[31m
              [33mstroke-linecap[31m=[32m"round"[31m
              [33mstroke-linejoin[31m=[32m"round"[31m
              [33mstroke-width[31m=[32m"2"[31m
              [33mviewBox[31m=[32m"0 0 24 24"[31m
              [33mwidth[31m=[32m"24"[31m
              [33mxmlns[31m=[32m"http://www.w3.org/2000/svg"[31m
            [36m>[31m
              [36m<ellipse[31m
                [33mcx[31m=[32m"12"[31m
                [33mcy[31m=[32m"5"[31m
                [33mrx[31m=[32m"9"[31m
                [33mry[31m=[32m"3"[31m
              [36m/>[31m
              [36m<path[31m
                [33md[31m=[32m"M3 5V19A9 3 0 0 0 21 19V5"[31m
              [36m/>[31m
              [36m<path[31m
                [33md[31m=[32m"M3 12A9 3 0 0 0 21 12"[31m
              [36m/>[31m
            [36m</svg>[31m
            [36m<svg[31m
              [33mclass[31m=[32m"lucide lucide-zap absolute top-[15%] right-[15%] w-12 h-12 text-orange-500 animate-float delay-300"[31m
              [33mfill[31m=[32m"none"[31m
              [33mheight[31m=[32m"24"[31m
              [33mstroke[31m=[32m"currentColor"[31m
              [33mstroke-linecap[31m=[32m"round"[31m
              [33mstroke-linejoin[31m=[32m"round"[31m
              [33mstroke-width[31m=[32m"2"[31m
              [33mviewBox[31m=[32m"0 0 24 24"[31m
              [33mwidth[31m=[32m"24"[31m
              [33mxmlns[31m=[32m"http://www.w3.org/2000/svg"[31m
            [36m>[31m
              [36m<polygon[31m
   ...[39m
[31m   [33mโฏ[31m src/__tests__/unit/components/App.paranoid.test.jsx[2m > [22mApp Component - PARANOID MODE[2m > [22mState Management - PARANOID[2m > [22mshould clear messages on reset[39m
[31m     โ’ Unable to find an element with the text: /Test message/i. This could be because the text is broken up by multiple elements. In this case, you can provide a function for your text matcher to make your matcher more flexible.

Ignored nodes: comments, script, style
[36m<body>[31m
  [36m<div>[31m
    [36m<div[31m
      [33mclass[31m=[32m"min-h-screen bg-[#0f172a] text-slate-200 font-sans selection:bg-orange-500 selection:text-white overflow-x-hidden relative"[31m
    [36m>[31m
      [36m<nav[31m
        [33mclass[31m=[32m"fixed w-full z-50 glass-panel border-b-0 border-b-white/5 backdrop-blur-xl bg-slate-900/80"[31m
      [36m>[31m
        [36m<div[31m
          [33mclass[31m=[32m"max-w-7xl mx-auto px-6 h-16 flex items-center justify-between"[31m
        [36m>[31m
          [36m<div[31m
            [33mclass[31m=[32m"flex items-center gap-2 font-bold text-xl tracking-tight cursor-pointer"[31m
          [36m>[31m
            [36m<div[31m
              [33mclass[31m=[32m"w-8 h-8 bg-gradient-to-br from-orange-400 to-red-500 rounded-lg flex items-center justify-center shadow-lg shadow-orange-500/20"[31m
            [36m>[31m
              [36m<svg[31m
                [33mclass[31m=[32m"lucide lucide-bot w-5 h-5 text-white"[31m
                [33mfill[31m=[32m"none"[31m
                [33mheight[31m=[32m"24"[31m
                [33mstroke[31m=[32m"currentColor"[31m
                [33mstroke-linecap[31m=[32m"round"[31m
                [33mstroke-linejoin[31m=[32m"round"[31m
                [33mstroke-width[31m=[32m"2"[31m
                [33mviewBox[31m=[32m"0 0 24 24"[31m
                [33mwidth[31m=[32m"24"[31m
                [33mxmlns[31m=[32m"http://www.w3.org/2000/svg"[31m
              [36m>[31m
                [36m<path[31m
                  [33md[31m=[32m"M12 8V4H8"[31m
                [36m/>[31m
                [36m<rect[31m
                  [33mheight[31m=[32m"12"[31m
                  [33mrx[31m=[32m"2"[31m
                  [33mwidth[31m=[32m"16"[31m
                  [33mx[31m=[32m"4"[31m
                  [33my[31m=[32m"8"[31m
                [36m/>[31m
                [36m<path[31m
                  [33md[31m=[32m"M2 14h2"[31m
                [36m/>[31m
                [36m<path[31m
                  [33md[31m=[32m"M20 14h2"[31m
                [36m/>[31m
                [36m<path[31m
                  [33md[31m=[32m"M15 13v2"[31m
                [36m/>[31m
                [36m<path[31m
                  [33md[31m=[32m"M9 13v2"[31m
                [36m/>[31m
              [36m</svg>[31m
            [36m</div>[31m
            [36m<span[31m
              [33mclass[31m=[32m"text-white"[31m
            [36m>[31m
              [0mMango[0m
              [36m<span[31m
                [33mclass[31m=[32m"text-orange-400"[31m
              [36m>[31m
                [0mHelpdesk[0m
              [36m</span>[31m
            [36m</span>[31m
          [36m</div>[31m
          [36m<div[31m
            [33mclass[31m=[32m"hidden md:flex gap-6 text-sm font-medium text-slate-400"[31m
          [36m>[31m
            [36m<button[31m
              [33mclass[31m=[32m"hover:text-orange-400 transition-colors "[31m
            [36m>[31m
              [0mProblem[0m
            [36m</button>[31m
            [36m<button[31m
              [33mclass[31m=[32m"hover:text-orange-400 transition-colors "[31m
            [36m>[31m
              [0mSolution[0m
            [36m</button>[31m
            [36m<button[31m
              [33mclass[31m=[32m"hover:text-orange-400 transition-colors "[31m
            [36m>[31m
              [0mDemo[0m
            [36m</button>[31m
            [36m<button[31m
              [33mclass[31m=[32m"hover:text-orange-400 transition-colors "[31m
            [36m>[31m
              [0mImpact[0m
            [36m</button>[31m
          [36m</div>[31m
          [36m<div[31m
            [33mclass[31m=[32m"text-xs font-mono text-slate-500 border border-slate-700 px-3 py-1 rounded-full flex items-center gap-2"[31m
          [36m>[31m
            [36m<span[31m
              [33mclass[31m=[32m"w-2 h-2 rounded-full bg-green-500 animate-pulse"[31m
            [36m/>[31m
            [0mSystem Online v1.0.0[0m
          [36m</div>[31m
        [36m</div>[31m
      [36m</nav>[31m
      [36m<section[31m
        [33mclass[31m=[32m"relative z-10 pt-32 pb-20 px-6 flex flex-col items-center justify-center text-center min-h-[90vh] bg-grid-pattern overflow-hidden"[31m
        [33mid[31m=[32m"hero"[31m
      [36m>[31m
        [36m<div[31m
          [33mclass[31m=[32m"absolute inset-0 bg-gradient-to-b from-transparent via-[#0f172a]/50 to-[#0f172a] pointer-events-none"[31m
        [36m/>[31m
        [36m<div[31m
          [33mclass[31m=[32m"absolute inset-0 opacity-20 pointer-events-none"[31m
        [36m>[31m
          [36m<svg[31m
            [33mclass[31m=[32m"lucide lucide-database absolute top-[20%] left-[10%] w-16 h-16 text-purple-500 animate-float delay-100"[31m
            [33mfill[31m=[32m"none"[31m
            [33mheight[31m=[32m"24"[31m
            [33mstroke[31m=[32m"currentColor"[31m
            [33mstroke-linecap[31m=[32m"round"[31m
            [33mstroke-linejoin[31m=[32m"round"[31m
            [33mstroke-width[31m=[32m"2"[31m
            [33mviewBox[31m=[32m"0 0 24 24"[31m
            [33mwidth[31m=[32m"24"[31m
            [33mxmlns[31m=[32m"http://www.w3.org/2000/svg"[31m
          [36m>[31m
            [36m<ellipse[31m
              [33mcx[31m=[32m"12"[31m
              [33mcy[31m=[32m"5"[31m
              [33mrx[31m=[32m"9"[31m
              [33mry[31m=[32m"3"[31m
            [36m/>[31m
            [36m<path[31m
              [33md[31m=[32m"M3 5V19A9 3 0 0 0 21 19V5"[31m
            [36m/>[31m
            [36m<path[31m
              [33md[31m=[32m"M3 12A9 3 0 0 0 21 12"[31m
            [36m/>[31m
          [36m</svg>[31m
          [36m<svg[31m
            [33mclass[31m=[32m"lucide lucide-zap absolute top-[15%] right-[15%] w-12 h-12 text-orange-500 animate-float delay-300"[31m
            [33mfill[31m=[32m"none"[31m
            [33mheight[31m=[32m"24"[31m
            [33mstroke[31m=[32m"currentColor"[31m
            [33mstroke-linecap[31m=[32m"round"[31m
            [33mstroke-linejoin[31m=[32m"round"[31m
            [33mstroke-width[31m=[32m"2"[31m
            [33mviewBox[31m=[32m"0 0 24 24"[31m
            [33mwidth[31m=[32m"24"[31m
            [33mxmlns[31m=[32m"http://www.w3.org/2000/svg"[31m
          [36m>[31m
            [36m<polygon[31m
              [33mpoints[31m=[32m"13 2 3 14 12 14 11 22 21 10 12 10 13 2"[31m
            [36m/>[31m
          [36m</svg>[31m
          [36m<svg[31m
            [33mclass[31m=[32m"lucide lucide-shield-alert absolute bottom-[30%] left-[20%] w-10 h-10 text-green-500 animate-float delay-500"[31m
            [33mfill[31m=[32m"none"[31m
            [33mheight[31m...

Ignored nodes: comments, script, style
[36m<html[31m
  [33mclass[31m=[32m"lenis"[31m
[36m>[31m
  [36m<head />[31m
  [36m<body>[31m
    [36m<div>[31m
      [36m<div[31m
        [33mclass[31m=[32m"min-h-screen bg-[#0f172a] text-slate-200 font-sans selection:bg-orange-500 selection:text-white overflow-x-hidden relative"[31m
      [36m>[31m
        [36m<nav[31m
          [33mclass[31m=[32m"fixed w-full z-50 glass-panel border-b-0 border-b-white/5 backdrop-blur-xl bg-slate-900/80"[31m
        [36m>[31m
          [36m<div[31m
            [33mclass[31m=[32m"max-w-7xl mx-auto px-6 h-16 flex items-center justify-between"[31m
          [36m>[31m
            [36m<div[31m
              [33mclass[31m=[32m"flex items-center gap-2 font-bold text-xl tracking-tight cursor-pointer"[31m
            [36m>[31m
              [36m<div[31m
                [33mclass[31m=[32m"w-8 h-8 bg-gradient-to-br from-orange-400 to-red-500 rounded-lg flex items-center justify-center shadow-lg shadow-orange-500/20"[31m
              [36m>[31m
                [36m<svg[31m
                  [33mclass[31m=[32m"lucide lucide-bot w-5 h-5 text-white"[31m
                  [33mfill[31m=[32m"none"[31m
                  [33mheight[31m=[32m"24"[31m
                  [33mstroke[31m=[32m"currentColor"[31m
                  [33mstroke-linecap[31m=[32m"round"[31m
                  [33mstroke-linejoin[31m=[32m"round"[31m
                  [33mstroke-width[31m=[32m"2"[31m
                  [33mviewBox[31m=[32m"0 0 24 24"[31m
                  [33mwidth[31m=[32m"24"[31m
                  [33mxmlns[31m=[32m"http://www.w3.org/2000/svg"[31m
                [36m>[31m
                  [36m<path[31m
                    [33md[31m=[32m"M12 8V4H8"[31m
                  [36m/>[31m
                  [36m<rect[31m
                    [33mheight[31m=[32m"12"[31m
                    [33mrx[31m=[32m"2"[31m
                    [33mwidth[31m=[32m"16"[31m
                    [33mx[31m=[32m"4"[31m
                    [33my[31m=[32m"8"[31m
                  [36m/>[31m
                  [36m<path[31m
                    [33md[31m=[32m"M2 14h2"[31m
                  [36m/>[31m
                  [36m<path[31m
                    [33md[31m=[32m"M20 14h2"[31m
                  [36m/>[31m
                  [36m<path[31m
                    [33md[31m=[32m"M15 13v2"[31m
                  [36m/>[31m
                  [36m<path[31m
                    [33md[31m=[32m"M9 13v2"[31m
                  [36m/>[31m
                [36m</svg>[31m
              [36m</div>[31m
              [36m<span[31m
                [33mclass[31m=[32m"text-white"[31m
              [36m>[31m
                [0mMango[0m
                [36m<span[31m
                  [33mclass[31m=[32m"text-orange-400"[31m
                [36m>[31m
                  [0mHelpdesk[0m
                [36m</span>[31m
              [36m</span>[31m
            [36m</div>[31m
            [36m<div[31m
              [33mclass[31m=[32m"hidden md:flex gap-6 text-sm font-medium text-slate-400"[31m
            [36m>[31m
              [36m<button[31m
                [33mclass[31m=[32m"hover:text-orange-400 transition-colors "[31m
              [36m>[31m
                [0mProblem[0m
              [36m</button>[31m
              [36m<button[31m
                [33mclass[31m=[32m"hover:text-orange-400 transition-colors "[31m
              [36m>[31m
                [0mSolution[0m
              [36m</button>[31m
              [36m<button[31m
                [33mclass[31m=[32m"hover:text-orange-400 transition-colors "[31m
              [36m>[31m
                [0mDemo[0m
              [36m</button>[31m
              [36m<button[31m
                [33mclass[31m=[32m"hover:text-orange-400 transition-colors "[31m
              [36m>[31m
                [0mImpact[0m
              [36m</button>[31m
            [36m</div>[31m
            [36m<div[31m
              [33mclass[31m=[32m"text-xs font-mono text-slate-500 border border-slate-700 px-3 py-1 rounded-full flex items-center gap-2"[31m
            [36m>[31m
              [36m<span[31m
                [33mclass[31m=[32m"w-2 h-2 rounded-full bg-green-500 animate-pulse"[31m
              [36m/>[31m
              [0mSystem Online v1.0.0[0m
            [36m</div>[31m
          [36m</div>[31m
        [36m</nav>[31m
        [36m<section[31m
          [33mclass[31m=[32m"relative z-10 pt-32 pb-20 px-6 flex flex-col items-center justify-center text-center min-h-[90vh] bg-grid-pattern overflow-hidden"[31m
          [33mid[31m=[32m"hero"[31m
        [36m>[31m
          [36m<div[31m
            [33mclass[31m=[32m"absolute inset-0 bg-gradient-to-b from-transparent via-[#0f172a]/50 to-[#0f172a] pointer-events-none"[31m
          [36m/>[31m
          [36m<div[31m
            [33mclass[31m=[32m"absolute inset-0 opacity-20 pointer-events-none"[31m
          [36m>[31m
            [36m<svg[31m
              [33mclass[31m=[32m"lucide lucide-database absolute top-[20%] left-[10%] w-16 h-16 text-purple-500 animate-float delay-100"[31m
              [33mfill[31m=[32m"none"[31m
              [33mheight[31m=[32m"24"[31m
              [33mstroke[31m=[32m"currentColor"[31m
              [33mstroke-linecap[31m=[32m"round"[31m
              [33mstroke-linejoin[31m=[32m"round"[31m
              [33mstroke-width[31m=[32m"2"[31m
              [33mviewBox[31m=[32m"0 0 24 24"[31m
              [33mwidth[31m=[32m"24"[31m
              [33mxmlns[31m=[32m"http://www.w3.org/2000/svg"[31m
            [36m>[31m
              [36m<ellipse[31m
                [33mcx[31m=[32m"12"[31m
                [33mcy[31m=[32m"5"[31m
                [33mrx[31m=[32m"9"[31m
                [33mry[31m=[32m"3"[31m
              [36m/>[31m
              [36m<path[31m
                [33md[31m=[32m"M3 5V19A9 3 0 0 0 21 19V5"[31m
              [36m/>[31m
              [36m<path[31m
                [33md[31m=[32m"M3 12A9 3 0 0 0 21 12"[31m
              [36m/>[31m
            [36m</svg>[31m
            [36m<svg[31m
              [33mclass[31m=[32m"lucide lucide-zap absolute top-[15%] right-[15%] w-12 h-12 text-orange-500 animate-float delay-300"[31m
              [33mfill[31m=[32m"none"[31m
              [33mheight[31m=[32m"24"[31m
              [33mstroke[31m=[32m"currentColor"[31m
              [33mstroke-linecap[31m=[32m"round"[31m
              [33mstroke-linejoin[31m=[32m"round"[31m
              [33mstroke-width[31m=[32m"2"[31m
              [33mviewBox[31m=[32m"0 0 24 24"[31m
              [33mwidth[31m=[32m"24"[31m
              [33mxmlns[31m=[32m"http://www.w3.org/2000/svg"[31m
            [36m>[31m
              [36m<polygon[31m
   ...[39m
[31m   [33mโฏ[31m src/__tests__/unit/components/App.paranoid.test.jsx[2m > [22mApp Component - PARANOID MODE[2m > [22mUI Interactions - PARANOID[2m > [22mshould disable input while AI is typing[39m
[31m     โ’ [2mexpect([22m[31melement[31m[2m).toBeDisabled()[22m

Received element is not disabled:
  [31m<input
  class="w-full bg-slate-900 border border-slate-700 rounded-xl py-4 pl-6 pr-14 text-white placeholder-slate-500 focus:outline-none focus:border-orange-500 transition-colors"
  placeholder="เธเธดเธกเธเนเธเธณเธ–เธฒเธก... (เน€เธเนเธ เธฃเธซเธฑเธชเธเนเธฒเธเธซเธฒเธข, เธเธญเธฅเธฒเธเธฑเธเธฃเนเธญเธ)"
  type="text"
  value=""
/>[31m

Ignored nodes: comments, script, style
[36m<html[31m
  [33mclass[31m=[32m"lenis"[31m
[36m>[31m
  [36m<head />[31m
  [36m<body>[31m
    [36m<div>[31m
      [36m<div[31m
        [33mclass[31m=[32m"min-h-screen bg-[#0f172a] text-slate-200 font-sans selection:bg-orange-500 selection:text-white overflow-x-hidden relative"[31m
      [36m>[31m
        [36m<nav[31m
          [33mclass[31m=[32m"fixed w-full z-50 glass-panel border-b-0 border-b-white/5 backdrop-blur-xl bg-slate-900/80"[31m
        [36m>[31m
          [36m<div[31m
            [33mclass[31m=[32m"max-w-7xl mx-auto px-6 h-16 flex items-center justify-between"[31m
          [36m>[31m
            [36m<div[31m
              [33mclass[31m=[32m"flex items-center gap-2 font-bold text-xl tracking-tight cursor-pointer"[31m
            [36m>[31m
              [36m<div[31m
                [33mclass[31m=[32m"w-8 h-8 bg-gradient-to-br from-orange-400 to-red-500 rounded-lg flex items-center justify-center shadow-lg shadow-orange-500/20"[31m
              [36m>[31m
                [36m<svg[31m
                  [33mclass[31m=[32m"lucide lucide-bot w-5 h-5 text-white"[31m
                  [33mfill[31m=[32m"none"[31m
                  [33mheight[31m=[32m"24"[31m
                  [33mstroke[31m=[32m"currentColor"[31m
                  [33mstroke-linecap[31m=[32m"round"[31m
                  [33mstroke-linejoin[31m=[32m"round"[31m
                  [33mstroke-width[31m=[32m"2"[31m
                  [33mviewBox[31m=[32m"0 0 24 24"[31m
                  [33mwidth[31m=[32m"24"[31m
                  [33mxmlns[31m=[32m"http://www.w3.org/2000/svg"[31m
                [36m>[31m
                  [36m<path[31m
                    [33md[31m=[32m"M12 8V4H8"[31m
                  [36m/>[31m
                  [36m<rect[31m
                    [33mheight[31m=[32m"12"[31m
                    [33mrx[31m=[32m"2"[31m
                    [33mwidth[31m=[32m"16"[31m
                    [33mx[31m=[32m"4"[31m
                    [33my[31m=[32m"8"[31m
                  [36m/>[31m
                  [36m<path[31m
                    [33md[31m=[32m"M2 14h2"[31m
                  [36m/>[31m
                  [36m<path[31m
                    [33md[31m=[32m"M20 14h2"[31m
                  [36m/>[31m
                  [36m<path[31m
                    [33md[31m=[32m"M15 13v2"[31m
                  [36m/>[31m
                  [36m<path[31m
                    [33md[31m=[32m"M9 13v2"[31m
                  [36m/>[31m
                [36m</svg>[31m
              [36m</div>[31m
              [36m<span[31m
                [33mclass[31m=[32m"text-white"[31m
              [36m>[31m
                [0mMango[0m
                [36m<span[31m
                  [33mclass[31m=[32m"text-orange-400"[31m
                [36m>[31m
                  [0mHelpdesk[0m
                [36m</span>[31m
              [36m</span>[31m
            [36m</div>[31m
            [36m<div[31m
              [33mclass[31m=[32m"hidden md:flex gap-6 text-sm font-medium text-slate-400"[31m
            [36m>[31m
              [36m<button[31m
                [33mclass[31m=[32m"hover:text-orange-400 transition-colors "[31m
              [36m>[31m
                [0mProblem[0m
              [36m</button>[31m
              [36m<button[31m
                [33mclass[31m=[32m"hover:text-orange-400 transition-colors "[31m
              [36m>[31m
                [0mSolution[0m
              [36m</button>[31m
              [36m<button[31m
                [33mclass[31m=[32m"hover:text-orange-400 transition-colors "[31m
              [36m>[31m
                [0mDemo[0m
              [36m</button>[31m
              [36m<button[31m
                [33mclass[31m=[32m"hover:text-orange-400 transition-colors "[31m
              [36m>[31m
                [0mImpact[0m
              [36m</button>[31m
            [36m</div>[31m
            [36m<div[31m
              [33mclass[31m=[32m"text-xs font-mono text-slate-500 border border-slate-700 px-3 py-1 rounded-full flex items-center gap-2"[31m
            [36m>[31m
              [36m<span[31m
                [33mclass[31m=[32m"w-2 h-2 rounded-full bg-green-500 animate-pulse"[31m
              [36m/>[31m
              [0mSystem Online v1.0.0[0m
            [36m</div>[31m
          [36m</div>[31m
        [36m</nav>[31m
        [36m<section[31m
          [33mclass[31m=[32m"relative z-10 pt-32 pb-20 px-6 flex flex-col items-center justify-center text-center min-h-[90vh] bg-grid-pattern overflow-hidden"[31m
          [33mid[31m=[32m"hero"[31m
        [36m>[31m
          [36m<div[31m
            [33mclass[31m=[32m"absolute inset-0 bg-gradient-to-b from-transparent via-[#0f172a]/50 to-[#0f172a] pointer-events-none"[31m
          [36m/>[31m
          [36m<div[31m
            [33mclass[31m=[32m"absolute inset-0 opacity-20 pointer-events-none"[31m
          [36m>[31m
            [36m<svg[31m
              [33mclass[31m=[32m"lucide lucide-database absolute top-[20%] left-[10%] w-16 h-16 text-purple-500 animate-float delay-100"[31m
              [33mfill[31m=[32m"none"[31m
              [33mheight[31m=[32m"24"[31m
              [33mstroke[31m=[32m"currentColor"[31m
              [33mstroke-linecap[31m=[32m"round"[31m
              [33mstroke-linejoin[31m=[32m"round"[31m
              [33mstroke-width[31m=[32m"2"[31m
              [33mviewBox[31m=[32m"0 0 24 24"[31m
              [33mwidth[31m=[32m"24"[31m
              [33mxmlns[31m=[32m"http://www.w3.org/2000/svg"[31m
            [36m>[31m
              [36m<ellipse[31m
                [33mcx[31m=[32m"12"[31m
                [33mcy[31m=[32m"5"[31m
                [33mrx[31m=[32m"9"[31m
                [33mry[31m=[32m"3"[31m
              [36m/>[31m
              [36m<path[31m
                [33md[31m=[32m"M3 5V19A9 3 0 0 0 21 19V5"[31m
              [36m/>[31m
              [36m<path[31m
                [33md[31m=[32m"M3 12A9 3 0 0 0 21 12"[31m
              [36m/>[31m
            [36m</svg>[31m
            [36m<svg[31m
              [33mclass[31m=[32m"lucide lucide-zap absolute top-[15%] right-[15%] w-12 h-12 text-orange-500 animate-float delay-300"[31m
              [33mfill[31m=[32m"none"[31m
              [33mheight[31m=[32m"24"[31m
              [33mstroke[31m=[32m"currentColor"[31m
              [33mstroke-linecap[31m=[32m"round"[31m
              [33mstroke-linejoin[31m=[32m"round"[31m
              [33mstroke-width[31m=[32m"2"[31m
              [33mviewBox[31m=[32m"0 0 24 24"[31m
              [33mwidth[31m=[32m"24"[31m
              [33mxmlns[31m=[32m"http://www.w3.org/2000/svg"[31m
            [36m>[31m
              [36m<polygon[31m
   ...[39m
[31m   [33mโฏ[31m src/__tests__/unit/components/App.paranoid.test.jsx[2m > [22mApp Component - PARANOID MODE[2m > [22mUI Interactions - PARANOID[2m > [22mshould show loading indicator while processing[39m
[31m     โ’ Unable to find an element with the text: /thinking/i. This could be because the text is broken up by multiple elements. In this case, you can provide a function for your text matcher to make your matcher more flexible.

Ignored nodes: comments, script, style
[36m<body>[31m
  [36m<div>[31m
    [36m<div[31m
      [33mclass[31m=[32m"min-h-screen bg-[#0f172a] text-slate-200 font-sans selection:bg-orange-500 selection:text-white overflow-x-hidden relative"[31m
    [36m>[31m
      [36m<nav[31m
        [33mclass[31m=[32m"fixed w-full z-50 glass-panel border-b-0 border-b-white/5 backdrop-blur-xl bg-slate-900/80"[31m
      [36m>[31m
        [36m<div[31m
          [33mclass[31m=[32m"max-w-7xl mx-auto px-6 h-16 flex items-center justify-between"[31m
        [36m>[31m
          [36m<div[31m
            [33mclass[31m=[32m"flex items-center gap-2 font-bold text-xl tracking-tight cursor-pointer"[31m
          [36m>[31m
            [36m<div[31m
              [33mclass[31m=[32m"w-8 h-8 bg-gradient-to-br from-orange-400 to-red-500 rounded-lg flex items-center justify-center shadow-lg shadow-orange-500/20"[31m
            [36m>[31m
              [36m<svg[31m
                [33mclass[31m=[32m"lucide lucide-bot w-5 h-5 text-white"[31m
                [33mfill[31m=[32m"none"[31m
                [33mheight[31m=[32m"24"[31m
                [33mstroke[31m=[32m"currentColor"[31m
                [33mstroke-linecap[31m=[32m"round"[31m
                [33mstroke-linejoin[31m=[32m"round"[31m
                [33mstroke-width[31m=[32m"2"[31m
                [33mviewBox[31m=[32m"0 0 24 24"[31m
                [33mwidth[31m=[32m"24"[31m
                [33mxmlns[31m=[32m"http://www.w3.org/2000/svg"[31m
              [36m>[31m
                [36m<path[31m
                  [33md[31m=[32m"M12 8V4H8"[31m
                [36m/>[31m
                [36m<rect[31m
                  [33mheight[31m=[32m"12"[31m
                  [33mrx[31m=[32m"2"[31m
                  [33mwidth[31m=[32m"16"[31m
                  [33mx[31m=[32m"4"[31m
                  [33my[31m=[32m"8"[31m
                [36m/>[31m
                [36m<path[31m
                  [33md[31m=[32m"M2 14h2"[31m
                [36m/>[31m
                [36m<path[31m
                  [33md[31m=[32m"M20 14h2"[31m
                [36m/>[31m
                [36m<path[31m
                  [33md[31m=[32m"M15 13v2"[31m
                [36m/>[31m
                [36m<path[31m
                  [33md[31m=[32m"M9 13v2"[31m
                [36m/>[31m
              [36m</svg>[31m
            [36m</div>[31m
            [36m<span[31m
              [33mclass[31m=[32m"text-white"[31m
            [36m>[31m
              [0mMango[0m
              [36m<span[31m
                [33mclass[31m=[32m"text-orange-400"[31m
              [36m>[31m
                [0mHelpdesk[0m
              [36m</span>[31m
            [36m</span>[31m
          [36m</div>[31m
          [36m<div[31m
            [33mclass[31m=[32m"hidden md:flex gap-6 text-sm font-medium text-slate-400"[31m
          [36m>[31m
            [36m<button[31m
              [33mclass[31m=[32m"hover:text-orange-400 transition-colors "[31m
            [36m>[31m
              [0mProblem[0m
            [36m</button>[31m
            [36m<button[31m
              [33mclass[31m=[32m"hover:text-orange-400 transition-colors "[31m
            [36m>[31m
              [0mSolution[0m
            [36m</button>[31m
            [36m<button[31m
              [33mclass[31m=[32m"hover:text-orange-400 transition-colors "[31m
            [36m>[31m
              [0mDemo[0m
            [36m</button>[31m
            [36m<button[31m
              [33mclass[31m=[32m"hover:text-orange-400 transition-colors "[31m
            [36m>[31m
              [0mImpact[0m
            [36m</button>[31m
          [36m</div>[31m
          [36m<div[31m
            [33mclass[31m=[32m"text-xs font-mono text-slate-500 border border-slate-700 px-3 py-1 rounded-full flex items-center gap-2"[31m
          [36m>[31m
            [36m<span[31m
              [33mclass[31m=[32m"w-2 h-2 rounded-full bg-green-500 animate-pulse"[31m
            [36m/>[31m
            [0mSystem Online v1.0.0[0m
          [36m</div>[31m
        [36m</div>[31m
      [36m</nav>[31m
      [36m<section[31m
        [33mclass[31m=[32m"relative z-10 pt-32 pb-20 px-6 flex flex-col items-center justify-center text-center min-h-[90vh] bg-grid-pattern overflow-hidden"[31m
        [33mid[31m=[32m"hero"[31m
      [36m>[31m
        [36m<div[31m
          [33mclass[31m=[32m"absolute inset-0 bg-gradient-to-b from-transparent via-[#0f172a]/50 to-[#0f172a] pointer-events-none"[31m
        [36m/>[31m
        [36m<div[31m
          [33mclass[31m=[32m"absolute inset-0 opacity-20 pointer-events-none"[31m
        [36m>[31m
          [36m<svg[31m
            [33mclass[31m=[32m"lucide lucide-database absolute top-[20%] left-[10%] w-16 h-16 text-purple-500 animate-float delay-100"[31m
            [33mfill[31m=[32m"none"[31m
            [33mheight[31m=[32m"24"[31m
            [33mstroke[31m=[32m"currentColor"[31m
            [33mstroke-linecap[31m=[32m"round"[31m
            [33mstroke-linejoin[31m=[32m"round"[31m
            [33mstroke-width[31m=[32m"2"[31m
            [33mviewBox[31m=[32m"0 0 24 24"[31m
            [33mwidth[31m=[32m"24"[31m
            [33mxmlns[31m=[32m"http://www.w3.org/2000/svg"[31m
          [36m>[31m
            [36m<ellipse[31m
              [33mcx[31m=[32m"12"[31m
              [33mcy[31m=[32m"5"[31m
              [33mrx[31m=[32m"9"[31m
              [33mry[31m=[32m"3"[31m
            [36m/>[31m
            [36m<path[31m
              [33md[31m=[32m"M3 5V19A9 3 0 0 0 21 19V5"[31m
            [36m/>[31m
            [36m<path[31m
              [33md[31m=[32m"M3 12A9 3 0 0 0 21 12"[31m
            [36m/>[31m
          [36m</svg>[31m
          [36m<svg[31m
            [33mclass[31m=[32m"lucide lucide-zap absolute top-[15%] right-[15%] w-12 h-12 text-orange-500 animate-float delay-300"[31m
            [33mfill[31m=[32m"none"[31m
            [33mheight[31m=[32m"24"[31m
            [33mstroke[31m=[32m"currentColor"[31m
            [33mstroke-linecap[31m=[32m"round"[31m
            [33mstroke-linejoin[31m=[32m"round"[31m
            [33mstroke-width[31m=[32m"2"[31m
            [33mviewBox[31m=[32m"0 0 24 24"[31m
            [33mwidth[31m=[32m"24"[31m
            [33mxmlns[31m=[32m"http://www.w3.org/2000/svg"[31m
          [36m>[31m
            [36m<polygon[31m
              [33mpoints[31m=[32m"13 2 3 14 12 14 11 22 21 10 12 10 13 2"[31m
            [36m/>[31m
          [36m</svg>[31m
          [36m<svg[31m
            [33mclass[31m=[32m"lucide lucide-shield-alert absolute bottom-[30%] left-[20%] w-10 h-10 text-green-500 animate-float delay-500"[31m
            [33mfill[31m=[32m"none"[31m
            [33mheight[31m...

Ignored nodes: comments, script, style
[36m<html[31m
  [33mclass[31m=[32m"lenis"[31m
[36m>[31m
  [36m<head />[31m
  [36m<body>[31m
    [36m<div>[31m
      [36m<div[31m
        [33mclass[31m=[32m"min-h-screen bg-[#0f172a] text-slate-200 font-sans selection:bg-orange-500 selection:text-white overflow-x-hidden relative"[31m
      [36m>[31m
        [36m<nav[31m
          [33mclass[31m=[32m"fixed w-full z-50 glass-panel border-b-0 border-b-white/5 backdrop-blur-xl bg-slate-900/80"[31m
        [36m>[31m
          [36m<div[31m
            [33mclass[31m=[32m"max-w-7xl mx-auto px-6 h-16 flex items-center justify-between"[31m
          [36m>[31m
            [36m<div[31m
              [33mclass[31m=[32m"flex items-center gap-2 font-bold text-xl tracking-tight cursor-pointer"[31m
            [36m>[31m
              [36m<div[31m
                [33mclass[31m=[32m"w-8 h-8 bg-gradient-to-br from-orange-400 to-red-500 rounded-lg flex items-center justify-center shadow-lg shadow-orange-500/20"[31m
              [36m>[31m
                [36m<svg[31m
                  [33mclass[31m=[32m"lucide lucide-bot w-5 h-5 text-white"[31m
                  [33mfill[31m=[32m"none"[31m
                  [33mheight[31m=[32m"24"[31m
                  [33mstroke[31m=[32m"currentColor"[31m
                  [33mstroke-linecap[31m=[32m"round"[31m
                  [33mstroke-linejoin[31m=[32m"round"[31m
                  [33mstroke-width[31m=[32m"2"[31m
                  [33mviewBox[31m=[32m"0 0 24 24"[31m
                  [33mwidth[31m=[32m"24"[31m
                  [33mxmlns[31m=[32m"http://www.w3.org/2000/svg"[31m
                [36m>[31m
                  [36m<path[31m
                    [33md[31m=[32m"M12 8V4H8"[31m
                  [36m/>[31m
                  [36m<rect[31m
                    [33mheight[31m=[32m"12"[31m
                    [33mrx[31m=[32m"2"[31m
                    [33mwidth[31m=[32m"16"[31m
                    [33mx[31m=[32m"4"[31m
                    [33my[31m=[32m"8"[31m
                  [36m/>[31m
                  [36m<path[31m
                    [33md[31m=[32m"M2 14h2"[31m
                  [36m/>[31m
                  [36m<path[31m
                    [33md[31m=[32m"M20 14h2"[31m
                  [36m/>[31m
                  [36m<path[31m
                    [33md[31m=[32m"M15 13v2"[31m
                  [36m/>[31m
                  [36m<path[31m
                    [33md[31m=[32m"M9 13v2"[31m
                  [36m/>[31m
                [36m</svg>[31m
              [36m</div>[31m
              [36m<span[31m
                [33mclass[31m=[32m"text-white"[31m
              [36m>[31m
                [0mMango[0m
                [36m<span[31m
                  [33mclass[31m=[32m"text-orange-400"[31m
                [36m>[31m
                  [0mHelpdesk[0m
                [36m</span>[31m
              [36m</span>[31m
            [36m</div>[31m
            [36m<div[31m
              [33mclass[31m=[32m"hidden md:flex gap-6 text-sm font-medium text-slate-400"[31m
            [36m>[31m
              [36m<button[31m
                [33mclass[31m=[32m"hover:text-orange-400 transition-colors "[31m
              [36m>[31m
                [0mProblem[0m
              [36m</button>[31m
              [36m<button[31m
                [33mclass[31m=[32m"hover:text-orange-400 transition-colors "[31m
              [36m>[31m
                [0mSolution[0m
              [36m</button>[31m
              [36m<button[31m
                [33mclass[31m=[32m"hover:text-orange-400 transition-colors "[31m
              [36m>[31m
                [0mDemo[0m
              [36m</button>[31m
              [36m<button[31m
                [33mclass[31m=[32m"hover:text-orange-400 transition-colors "[31m
              [36m>[31m
                [0mImpact[0m
              [36m</button>[31m
            [36m</div>[31m
            [36m<div[31m
              [33mclass[31m=[32m"text-xs font-mono text-slate-500 border border-slate-700 px-3 py-1 rounded-full flex items-center gap-2"[31m
            [36m>[31m
              [36m<span[31m
                [33mclass[31m=[32m"w-2 h-2 rounded-full bg-green-500 animate-pulse"[31m
              [36m/>[31m
              [0mSystem Online v1.0.0[0m
            [36m</div>[31m
          [36m</div>[31m
        [36m</nav>[31m
        [36m<section[31m
          [33mclass[31m=[32m"relative z-10 pt-32 pb-20 px-6 flex flex-col items-center justify-center text-center min-h-[90vh] bg-grid-pattern overflow-hidden"[31m
          [33mid[31m=[32m"hero"[31m
        [36m>[31m
          [36m<div[31m
            [33mclass[31m=[32m"absolute inset-0 bg-gradient-to-b from-transparent via-[#0f172a]/50 to-[#0f172a] pointer-events-none"[31m
          [36m/>[31m
          [36m<div[31m
            [33mclass[31m=[32m"absolute inset-0 opacity-20 pointer-events-none"[31m
          [36m>[31m
            [36m<svg[31m
              [33mclass[31m=[32m"lucide lucide-database absolute top-[20%] left-[10%] w-16 h-16 text-purple-500 animate-float delay-100"[31m
              [33mfill[31m=[32m"none"[31m
              [33mheight[31m=[32m"24"[31m
              [33mstroke[31m=[32m"currentColor"[31m
              [33mstroke-linecap[31m=[32m"round"[31m
              [33mstroke-linejoin[31m=[32m"round"[31m
              [33mstroke-width[31m=[32m"2"[31m
              [33mviewBox[31m=[32m"0 0 24 24"[31m
              [33mwidth[31m=[32m"24"[31m
              [33mxmlns[31m=[32m"http://www.w3.org/2000/svg"[31m
            [36m>[31m
              [36m<ellipse[31m
                [33mcx[31m=[32m"12"[31m
                [33mcy[31m=[32m"5"[31m
                [33mrx[31m=[32m"9"[31m
                [33mry[31m=[32m"3"[31m
              [36m/>[31m
              [36m<path[31m
                [33md[31m=[32m"M3 5V19A9 3 0 0 0 21 19V5"[31m
              [36m/>[31m
              [36m<path[31m
                [33md[31m=[32m"M3 12A9 3 0 0 0 21 12"[31m
              [36m/>[31m
            [36m</svg>[31m
            [36m<svg[31m
              [33mclass[31m=[32m"lucide lucide-zap absolute top-[15%] right-[15%] w-12 h-12 text-orange-500 animate-float delay-300"[31m
              [33mfill[31m=[32m"none"[31m
              [33mheight[31m=[32m"24"[31m
              [33mstroke[31m=[32m"currentColor"[31m
              [33mstroke-linecap[31m=[32m"round"[31m
              [33mstroke-linejoin[31m=[32m"round"[31m
              [33mstroke-width[31m=[32m"2"[31m
              [33mviewBox[31m=[32m"0 0 24 24"[31m
              [33mwidth[31m=[32m"24"[31m
              [33mxmlns[31m=[32m"http://www.w3.org/2000/svg"[31m
            [36m>[31m
              [36m<polygon[31m
   ...[39m
[31m   [33mโฏ[31m src/__tests__/unit/components/App.paranoid.test.jsx[2m > [22mApp Component - PARANOID MODE[2m > [22mUI Interactions - PARANOID[2m > [22mshould clear input after sending message[39m
[31m     โ’ [2mexpect([22m[31melement[31m[2m).toHaveValue([22m[32mTest message[31m[2m)[22m

Expected the element to have value:
[32m  Test message[31m
Received:
[31m  ATAeAsAtA AmAeAsAsAaAgAeAAAAAAAAAAAAAAAAAAAAAAAAAAAAAAAAAAAAAAAAAAAAAAAAAAAAAAAAAAAA[31m

Ignored nodes: comments, script, style
[36m<html[31m
  [33mclass[31m=[32m"lenis"[31m
[36m>[31m
  [36m<head />[31m
  [36m<body>[31m
    [36m<div>[31m
      [36m<div[31m
        [33mclass[31m=[32m"min-h-screen bg-[#0f172a] text-slate-200 font-sans selection:bg-orange-500 selection:text-white overflow-x-hidden relative"[31m
      [36m>[31m
        [36m<nav[31m
          [33mclass[31m=[32m"fixed w-full z-50 glass-panel border-b-0 border-b-white/5 backdrop-blur-xl bg-slate-900/80"[31m
        [36m>[31m
          [36m<div[31m
            [33mclass[31m=[32m"max-w-7xl mx-auto px-6 h-16 flex items-center justify-between"[31m
          [36m>[31m
            [36m<div[31m
              [33mclass[31m=[32m"flex items-center gap-2 font-bold text-xl tracking-tight cursor-pointer"[31m
            [36m>[31m
              [36m<div[31m
                [33mclass[31m=[32m"w-8 h-8 bg-gradient-to-br from-orange-400 to-red-500 rounded-lg flex items-center justify-center shadow-lg shadow-orange-500/20"[31m
              [36m>[31m
                [36m<svg[31m
                  [33mclass[31m=[32m"lucide lucide-bot w-5 h-5 text-white"[31m
                  [33mfill[31m=[32m"none"[31m
                  [33mheight[31m=[32m"24"[31m
                  [33mstroke[31m=[32m"currentColor"[31m
                  [33mstroke-linecap[31m=[32m"round"[31m
                  [33mstroke-linejoin[31m=[32m"round"[31m
                  [33mstroke-width[31m=[32m"2"[31m
                  [33mviewBox[31m=[32m"0 0 24 24"[31m
                  [33mwidth[31m=[32m"24"[31m
                  [33mxmlns[31m=[32m"http://www.w3.org/2000/svg"[31m
                [36m>[31m
                  [36m<path[31m
                    [33md[31m=[32m"M12 8V4H8"[31m
                  [36m/>[31m
                  [36m<rect[31m
                    [33mheight[31m=[32m"12"[31m
                    [33mrx[31m=[32m"2"[31m
                    [33mwidth[31m=[32m"16"[31m
                    [33mx[31m=[32m"4"[31m
                    [33my[31m=[32m"8"[31m
                  [36m/>[31m
                  [36m<path[31m
                    [33md[31m=[32m"M2 14h2"[31m
                  [36m/>[31m
                  [36m<path[31m
                    [33md[31m=[32m"M20 14h2"[31m
                  [36m/>[31m
                  [36m<path[31m
                    [33md[31m=[32m"M15 13v2"[31m
                  [36m/>[31m
                  [36m<path[31m
                    [33md[31m=[32m"M9 13v2"[31m
                  [36m/>[31m
                [36m</svg>[31m
              [36m</div>[31m
              [36m<span[31m
                [33mclass[31m=[32m"text-white"[31m
              [36m>[31m
                [0mMango[0m
                [36m<span[31m
                  [33mclass[31m=[32m"text-orange-400"[31m
                [36m>[31m
                  [0mHelpdesk[0m
                [36m</span>[31m
              [36m</span>[31m
            [36m</div>[31m
            [36m<div[31m
              [33mclass[31m=[32m"hidden md:flex gap-6 text-sm font-medium text-slate-400"[31m
            [36m>[31m
              [36m<button[31m
                [33mclass[31m=[32m"hover:text-orange-400 transition-colors "[31m
              [36m>[31m
                [0mProblem[0m
              [36m</button>[31m
              [36m<button[31m
                [33mclass[31m=[32m"hover:text-orange-400 transition-colors "[31m
              [36m>[31m
                [0mSolution[0m
              [36m</button>[31m
              [36m<button[31m
                [33mclass[31m=[32m"hover:text-orange-400 transition-colors "[31m
              [36m>[31m
                [0mDemo[0m
              [36m</button>[31m
              [36m<button[31m
                [33mclass[31m=[32m"hover:text-orange-400 transition-colors "[31m
              [36m>[31m
                [0mImpact[0m
              [36m</button>[31m
            [36m</div>[31m
            [36m<div[31m
              [33mclass[31m=[32m"text-xs font-mono text-slate-500 border border-slate-700 px-3 py-1 rounded-full flex items-center gap-2"[31m
            [36m>[31m
              [36m<span[31m
                [33mclass[31m=[32m"w-2 h-2 rounded-full bg-green-500 animate-pulse"[31m
              [36m/>[31m
              [0mSystem Online v1.0.0[0m
            [36m</div>[31m
          [36m</div>[31m
        [36m</nav>[31m
        [36m<section[31m
          [33mclass[31m=[32m"relative z-10 pt-32 pb-20 px-6 flex flex-col items-center justify-center text-center min-h-[90vh] bg-grid-pattern overflow-hidden"[31m
          [33mid[31m=[32m"hero"[31m
        [36m>[31m
          [36m<div[31m
            [33mclass[31m=[32m"absolute inset-0 bg-gradient-to-b from-transparent via-[#0f172a]/50 to-[#0f172a] pointer-events-none"[31m
          [36m/>[31m
          [36m<div[31m
            [33mclass[31m=[32m"absolute inset-0 opacity-20 pointer-events-none"[31m
          [36m>[31m
            [36m<svg[31m
              [33mclass[31m=[32m"lucide lucide-database absolute top-[20%] left-[10%] w-16 h-16 text-purple-500 animate-float delay-100"[31m
              [33mfill[31m=[32m"none"[31m
              [33mheight[31m=[32m"24"[31m
              [33mstroke[31m=[32m"currentColor"[31m
              [33mstroke-linecap[31m=[32m"round"[31m
              [33mstroke-linejoin[31m=[32m"round"[31m
              [33mstroke-width[31m=[32m"2"[31m
              [33mviewBox[31m=[32m"0 0 24 24"[31m
              [33mwidth[31m=[32m"24"[31m
              [33mxmlns[31m=[32m"http://www.w3.org/2000/svg"[31m
            [36m>[31m
              [36m<ellipse[31m
                [33mcx[31m=[32m"12"[31m
                [33mcy[31m=[32m"5"[31m
                [33mrx[31m=[32m"9"[31m
                [33mry[31m=[32m"3"[31m
              [36m/>[31m
              [36m<path[31m
                [33md[31m=[32m"M3 5V19A9 3 0 0 0 21 19V5"[31m
              [36m/>[31m
              [36m<path[31m
                [33md[31m=[32m"M3 12A9 3 0 0 0 21 12"[31m
              [36m/>[31m
            [36m</svg>[31m
            [36m<svg[31m
              [33mclass[31m=[32m"lucide lucide-zap absolute top-[15%] right-[15%] w-12 h-12 text-orange-500 animate-float delay-300"[31m
              [33mfill[31m=[32m"none"[31m
              [33mheight[31m=[32m"24"[31m
              [33mstroke[31m=[32m"currentColor"[31m
              [33mstroke-linecap[31m=[32m"round"[31m
              [33mstroke-linejoin[31m=[32m"round"[31m
              [33mstroke-width[31m=[32m"2"[31m
              [33mviewBox[31m=[32m"0 0 24 24"[31m
              [33mwidth[31m=[32m"24"[31m
              [33mxmlns[31m=[32m"http://www.w3.org/2000/svg"[31m
            [36m>[31m
              [36m<polygon[31m
   ...[39m
[31m   [33mโฏ[31m src/__tests__/unit/components/App.paranoid.test.jsx[2m > [22mApp Component - PARANOID MODE[2m > [22mUI Interactions - PARANOID[2m > [22mshould handle rapid clicking (debounce)[39m
[31m     โ’ expected +0 to be 1 // Object.is equality

Ignored nodes: comments, script, style
[36m<html[31m
  [33mclass[31m=[32m"lenis"[31m
[36m>[31m
  [36m<head />[31m
  [36m<body>[31m
    [36m<div>[31m
      [36m<div[31m
        [33mclass[31m=[32m"min-h-screen bg-[#0f172a] text-slate-200 font-sans selection:bg-orange-500 selection:text-white overflow-x-hidden relative"[31m
      [36m>[31m
        [36m<nav[31m
          [33mclass[31m=[32m"fixed w-full z-50 glass-panel border-b-0 border-b-white/5 backdrop-blur-xl bg-slate-900/80"[31m
        [36m>[31m
          [36m<div[31m
            [33mclass[31m=[32m"max-w-7xl mx-auto px-6 h-16 flex items-center justify-between"[31m
          [36m>[31m
            [36m<div[31m
              [33mclass[31m=[32m"flex items-center gap-2 font-bold text-xl tracking-tight cursor-pointer"[31m
            [36m>[31m
              [36m<div[31m
                [33mclass[31m=[32m"w-8 h-8 bg-gradient-to-br from-orange-400 to-red-500 rounded-lg flex items-center justify-center shadow-lg shadow-orange-500/20"[31m
              [36m>[31m
                [36m<svg[31m
                  [33mclass[31m=[32m"lucide lucide-bot w-5 h-5 text-white"[31m
                  [33mfill[31m=[32m"none"[31m
                  [33mheight[31m=[32m"24"[31m
                  [33mstroke[31m=[32m"currentColor"[31m
                  [33mstroke-linecap[31m=[32m"round"[31m
                  [33mstroke-linejoin[31m=[32m"round"[31m
                  [33mstroke-width[31m=[32m"2"[31m
                  [33mviewBox[31m=[32m"0 0 24 24"[31m
                  [33mwidth[31m=[32m"24"[31m
                  [33mxmlns[31m=[32m"http://www.w3.org/2000/svg"[31m
                [36m>[31m
                  [36m<path[31m
                    [33md[31m=[32m"M12 8V4H8"[31m
                  [36m/>[31m
                  [36m<rect[31m
                    [33mheight[31m=[32m"12"[31m
                    [33mrx[31m=[32m"2"[31m
                    [33mwidth[31m=[32m"16"[31m
                    [33mx[31m=[32m"4"[31m
                    [33my[31m=[32m"8"[31m
                  [36m/>[31m
                  [36m<path[31m
                    [33md[31m=[32m"M2 14h2"[31m
                  [36m/>[31m
                  [36m<path[31m
                    [33md[31m=[32m"M20 14h2"[31m
                  [36m/>[31m
                  [36m<path[31m
                    [33md[31m=[32m"M15 13v2"[31m
                  [36m/>[31m
                  [36m<path[31m
                    [33md[31m=[32m"M9 13v2"[31m
                  [36m/>[31m
                [36m</svg>[31m
              [36m</div>[31m
              [36m<span[31m
                [33mclass[31m=[32m"text-white"[31m
              [36m>[31m
                [0mMango[0m
                [36m<span[31m
                  [33mclass[31m=[32m"text-orange-400"[31m
                [36m>[31m
                  [0mHelpdesk[0m
                [36m</span>[31m
              [36m</span>[31m
            [36m</div>[31m
            [36m<div[31m
              [33mclass[31m=[32m"hidden md:flex gap-6 text-sm font-medium text-slate-400"[31m
            [36m>[31m
              [36m<button[31m
                [33mclass[31m=[32m"hover:text-orange-400 transition-colors "[31m
              [36m>[31m
                [0mProblem[0m
              [36m</button>[31m
              [36m<button[31m
                [33mclass[31m=[32m"hover:text-orange-400 transition-colors "[31m
              [36m>[31m
                [0mSolution[0m
              [36m</button>[31m
              [36m<button[31m
                [33mclass[31m=[32m"hover:text-orange-400 transition-colors "[31m
              [36m>[31m
                [0mDemo[0m
              [36m</button>[31m
              [36m<button[31m
                [33mclass[31m=[32m"hover:text-orange-400 transition-colors "[31m
              [36m>[31m
                [0mImpact[0m
              [36m</button>[31m
            [36m</div>[31m
            [36m<div[31m
              [33mclass[31m=[32m"text-xs font-mono text-slate-500 border border-slate-700 px-3 py-1 rounded-full flex items-center gap-2"[31m
            [36m>[31m
              [36m<span[31m
                [33mclass[31m=[32m"w-2 h-2 rounded-full bg-green-500 animate-pulse"[31m
              [36m/>[31m
              [0mSystem Online v1.0.0[0m
            [36m</div>[31m
          [36m</div>[31m
        [36m</nav>[31m
        [36m<section[31m
          [33mclass[31m=[32m"relative z-10 pt-32 pb-20 px-6 flex flex-col items-center justify-center text-center min-h-[90vh] bg-grid-pattern overflow-hidden"[31m
          [33mid[31m=[32m"hero"[31m
        [36m>[31m
          [36m<div[31m
            [33mclass[31m=[32m"absolute inset-0 bg-gradient-to-b from-transparent via-[#0f172a]/50 to-[#0f172a] pointer-events-none"[31m
          [36m/>[31m
          [36m<div[31m
            [33mclass[31m=[32m"absolute inset-0 opacity-20 pointer-events-none"[31m
          [36m>[31m
            [36m<svg[31m
              [33mclass[31m=[32m"lucide lucide-database absolute top-[20%] left-[10%] w-16 h-16 text-purple-500 animate-float delay-100"[31m
              [33mfill[31m=[32m"none"[31m
              [33mheight[31m=[32m"24"[31m
              [33mstroke[31m=[32m"currentColor"[31m
              [33mstroke-linecap[31m=[32m"round"[31m
              [33mstroke-linejoin[31m=[32m"round"[31m
              [33mstroke-width[31m=[32m"2"[31m
              [33mviewBox[31m=[32m"0 0 24 24"[31m
              [33mwidth[31m=[32m"24"[31m
              [33mxmlns[31m=[32m"http://www.w3.org/2000/svg"[31m
            [36m>[31m
              [36m<ellipse[31m
                [33mcx[31m=[32m"12"[31m
                [33mcy[31m=[32m"5"[31m
                [33mrx[31m=[32m"9"[31m
                [33mry[31m=[32m"3"[31m
              [36m/>[31m
              [36m<path[31m
                [33md[31m=[32m"M3 5V19A9 3 0 0 0 21 19V5"[31m
              [36m/>[31m
              [36m<path[31m
                [33md[31m=[32m"M3 12A9 3 0 0 0 21 12"[31m
              [36m/>[31m
            [36m</svg>[31m
            [36m<svg[31m
              [33mclass[31m=[32m"lucide lucide-zap absolute top-[15%] right-[15%] w-12 h-12 text-orange-500 animate-float delay-300"[31m
              [33mfill[31m=[32m"none"[31m
              [33mheight[31m=[32m"24"[31m
              [33mstroke[31m=[32m"currentColor"[31m
              [33mstroke-linecap[31m=[32m"round"[31m
              [33mstroke-linejoin[31m=[32m"round"[31m
              [33mstroke-width[31m=[32m"2"[31m
              [33mviewBox[31m=[32m"0 0 24 24"[31m
              [33mwidth[31m=[32m"24"[31m
              [33mxmlns[31m=[32m"http://www.w3.org/2000/svg"[31m
            [36m>[31m
              [36m<polygon[31m
   ...[39m
[31m   [33mโฏ[31m src/__tests__/unit/components/App.paranoid.test.jsx[2m > [22mApp Component - PARANOID MODE[2m > [22mUI Interactions - PARANOID[2m > [22mshould auto-scroll to bottom when new messages arrive[39m
[31m     โ’ expected "spy" to be called at least once

Ignored nodes: comments, script, style
[36m<html[31m
  [33mclass[31m=[32m"lenis"[31m
[36m>[31m
  [36m<head />[31m
  [36m<body>[31m
    [36m<div>[31m
      [36m<div[31m
        [33mclass[31m=[32m"min-h-screen bg-[#0f172a] text-slate-200 font-sans selection:bg-orange-500 selection:text-white overflow-x-hidden relative"[31m
      [36m>[31m
        [36m<nav[31m
          [33mclass[31m=[32m"fixed w-full z-50 glass-panel border-b-0 border-b-white/5 backdrop-blur-xl bg-slate-900/80"[31m
        [36m>[31m
          [36m<div[31m
            [33mclass[31m=[32m"max-w-7xl mx-auto px-6 h-16 flex items-center justify-between"[31m
          [36m>[31m
            [36m<div[31m
              [33mclass[31m=[32m"flex items-center gap-2 font-bold text-xl tracking-tight cursor-pointer"[31m
            [36m>[31m
              [36m<div[31m
                [33mclass[31m=[32m"w-8 h-8 bg-gradient-to-br from-orange-400 to-red-500 rounded-lg flex items-center justify-center shadow-lg shadow-orange-500/20"[31m
              [36m>[31m
                [36m<svg[31m
                  [33mclass[31m=[32m"lucide lucide-bot w-5 h-5 text-white"[31m
                  [33mfill[31m=[32m"none"[31m
                  [33mheight[31m=[32m"24"[31m
                  [33mstroke[31m=[32m"currentColor"[31m
                  [33mstroke-linecap[31m=[32m"round"[31m
                  [33mstroke-linejoin[31m=[32m"round"[31m
                  [33mstroke-width[31m=[32m"2"[31m
                  [33mviewBox[31m=[32m"0 0 24 24"[31m
                  [33mwidth[31m=[32m"24"[31m
                  [33mxmlns[31m=[32m"http://www.w3.org/2000/svg"[31m
                [36m>[31m
                  [36m<path[31m
                    [33md[31m=[32m"M12 8V4H8"[31m
                  [36m/>[31m
                  [36m<rect[31m
                    [33mheight[31m=[32m"12"[31m
                    [33mrx[31m=[32m"2"[31m
                    [33mwidth[31m=[32m"16"[31m
                    [33mx[31m=[32m"4"[31m
                    [33my[31m=[32m"8"[31m
                  [36m/>[31m
                  [36m<path[31m
                    [33md[31m=[32m"M2 14h2"[31m
                  [36m/>[31m
                  [36m<path[31m
                    [33md[31m=[32m"M20 14h2"[31m
                  [36m/>[31m
                  [36m<path[31m
                    [33md[31m=[32m"M15 13v2"[31m
                  [36m/>[31m
                  [36m<path[31m
                    [33md[31m=[32m"M9 13v2"[31m
                  [36m/>[31m
                [36m</svg>[31m
              [36m</div>[31m
              [36m<span[31m
                [33mclass[31m=[32m"text-white"[31m
              [36m>[31m
                [0mMango[0m
                [36m<span[31m
                  [33mclass[31m=[32m"text-orange-400"[31m
                [36m>[31m
                  [0mHelpdesk[0m
                [36m</span>[31m
              [36m</span>[31m
            [36m</div>[31m
            [36m<div[31m
              [33mclass[31m=[32m"hidden md:flex gap-6 text-sm font-medium text-slate-400"[31m
            [36m>[31m
              [36m<button[31m
                [33mclass[31m=[32m"hover:text-orange-400 transition-colors "[31m
              [36m>[31m
                [0mProblem[0m
              [36m</button>[31m
              [36m<button[31m
                [33mclass[31m=[32m"hover:text-orange-400 transition-colors "[31m
              [36m>[31m
                [0mSolution[0m
              [36m</button>[31m
              [36m<button[31m
                [33mclass[31m=[32m"hover:text-orange-400 transition-colors "[31m
              [36m>[31m
                [0mDemo[0m
              [36m</button>[31m
              [36m<button[31m
                [33mclass[31m=[32m"hover:text-orange-400 transition-colors "[31m
              [36m>[31m
                [0mImpact[0m
              [36m</button>[31m
            [36m</div>[31m
            [36m<div[31m
              [33mclass[31m=[32m"text-xs font-mono text-slate-500 border border-slate-700 px-3 py-1 rounded-full flex items-center gap-2"[31m
            [36m>[31m
              [36m<span[31m
                [33mclass[31m=[32m"w-2 h-2 rounded-full bg-green-500 animate-pulse"[31m
              [36m/>[31m
              [0mSystem Online v1.0.0[0m
            [36m</div>[31m
          [36m</div>[31m
        [36m</nav>[31m
        [36m<section[31m
          [33mclass[31m=[32m"relative z-10 pt-32 pb-20 px-6 flex flex-col items-center justify-center text-center min-h-[90vh] bg-grid-pattern overflow-hidden"[31m
          [33mid[31m=[32m"hero"[31m
        [36m>[31m
          [36m<div[31m
            [33mclass[31m=[32m"absolute inset-0 bg-gradient-to-b from-transparent via-[#0f172a]/50 to-[#0f172a] pointer-events-none"[31m
          [36m/>[31m
          [36m<div[31m
            [33mclass[31m=[32m"absolute inset-0 opacity-20 pointer-events-none"[31m
          [36m>[31m
            [36m<svg[31m
              [33mclass[31m=[32m"lucide lucide-database absolute top-[20%] left-[10%] w-16 h-16 text-purple-500 animate-float delay-100"[31m
              [33mfill[31m=[32m"none"[31m
              [33mheight[31m=[32m"24"[31m
              [33mstroke[31m=[32m"currentColor"[31m
              [33mstroke-linecap[31m=[32m"round"[31m
              [33mstroke-linejoin[31m=[32m"round"[31m
              [33mstroke-width[31m=[32m"2"[31m
              [33mviewBox[31m=[32m"0 0 24 24"[31m
              [33mwidth[31m=[32m"24"[31m
              [33mxmlns[31m=[32m"http://www.w3.org/2000/svg"[31m
            [36m>[31m
              [36m<ellipse[31m
                [33mcx[31m=[32m"12"[31m
                [33mcy[31m=[32m"5"[31m
                [33mrx[31m=[32m"9"[31m
                [33mry[31m=[32m"3"[31m
              [36m/>[31m
              [36m<path[31m
                [33md[31m=[32m"M3 5V19A9 3 0 0 0 21 19V5"[31m
              [36m/>[31m
              [36m<path[31m
                [33md[31m=[32m"M3 12A9 3 0 0 0 21 12"[31m
              [36m/>[31m
            [36m</svg>[31m
            [36m<svg[31m
              [33mclass[31m=[32m"lucide lucide-zap absolute top-[15%] right-[15%] w-12 h-12 text-orange-500 animate-float delay-300"[31m
              [33mfill[31m=[32m"none"[31m
              [33mheight[31m=[32m"24"[31m
              [33mstroke[31m=[32m"currentColor"[31m
              [33mstroke-linecap[31m=[32m"round"[31m
              [33mstroke-linejoin[31m=[32m"round"[31m
              [33mstroke-width[31m=[32m"2"[31m
              [33mviewBox[31m=[32m"0 0 24 24"[31m
              [33mwidth[31m=[32m"24"[31m
              [33mxmlns[31m=[32m"http://www.w3.org/2000/svg"[31m
            [36m>[31m
              [36m<polygon[31m
   ...[39m
[31m   [33mโฏ[31m src/__tests__/unit/components/App.paranoid.test.jsx[2m > [22mApp Component - PARANOID MODE[2m > [22mUI Interactions - PARANOID[2m > [22mshould handle suggestion chip clicks (async)[39m
[31m     โ’ Unable to find an element with the text: /How do I reset password\?/i. This could be because the text is broken up by multiple elements. In this case, you can provide a function for your text matcher to make your matcher more flexible.

Ignored nodes: comments, script, style
[36m<body>[31m
  [36m<div>[31m
    [36m<div[31m
      [33mclass[31m=[32m"min-h-screen bg-[#0f172a] text-slate-200 font-sans selection:bg-orange-500 selection:text-white overflow-x-hidden relative"[31m
    [36m>[31m
      [36m<nav[31m
        [33mclass[31m=[32m"fixed w-full z-50 glass-panel border-b-0 border-b-white/5 backdrop-blur-xl bg-slate-900/80"[31m
      [36m>[31m
        [36m<div[31m
          [33mclass[31m=[32m"max-w-7xl mx-auto px-6 h-16 flex items-center justify-between"[31m
        [36m>[31m
          [36m<div[31m
            [33mclass[31m=[32m"flex items-center gap-2 font-bold text-xl tracking-tight cursor-pointer"[31m
          [36m>[31m
            [36m<div[31m
              [33mclass[31m=[32m"w-8 h-8 bg-gradient-to-br from-orange-400 to-red-500 rounded-lg flex items-center justify-center shadow-lg shadow-orange-500/20"[31m
            [36m>[31m
              [36m<svg[31m
                [33mclass[31m=[32m"lucide lucide-bot w-5 h-5 text-white"[31m
                [33mfill[31m=[32m"none"[31m
                [33mheight[31m=[32m"24"[31m
                [33mstroke[31m=[32m"currentColor"[31m
                [33mstroke-linecap[31m=[32m"round"[31m
                [33mstroke-linejoin[31m=[32m"round"[31m
                [33mstroke-width[31m=[32m"2"[31m
                [33mviewBox[31m=[32m"0 0 24 24"[31m
                [33mwidth[31m=[32m"24"[31m
                [33mxmlns[31m=[32m"http://www.w3.org/2000/svg"[31m
              [36m>[31m
                [36m<path[31m
                  [33md[31m=[32m"M12 8V4H8"[31m
                [36m/>[31m
                [36m<rect[31m
                  [33mheight[31m=[32m"12"[31m
                  [33mrx[31m=[32m"2"[31m
                  [33mwidth[31m=[32m"16"[31m
                  [33mx[31m=[32m"4"[31m
                  [33my[31m=[32m"8"[31m
                [36m/>[31m
                [36m<path[31m
                  [33md[31m=[32m"M2 14h2"[31m
                [36m/>[31m
                [36m<path[31m
                  [33md[31m=[32m"M20 14h2"[31m
                [36m/>[31m
                [36m<path[31m
                  [33md[31m=[32m"M15 13v2"[31m
                [36m/>[31m
                [36m<path[31m
                  [33md[31m=[32m"M9 13v2"[31m
                [36m/>[31m
              [36m</svg>[31m
            [36m</div>[31m
            [36m<span[31m
              [33mclass[31m=[32m"text-white"[31m
            [36m>[31m
              [0mMango[0m
              [36m<span[31m
                [33mclass[31m=[32m"text-orange-400"[31m
              [36m>[31m
                [0mHelpdesk[0m
              [36m</span>[31m
            [36m</span>[31m
          [36m</div>[31m
          [36m<div[31m
            [33mclass[31m=[32m"hidden md:flex gap-6 text-sm font-medium text-slate-400"[31m
          [36m>[31m
            [36m<button[31m
              [33mclass[31m=[32m"hover:text-orange-400 transition-colors "[31m
            [36m>[31m
              [0mProblem[0m
            [36m</button>[31m
            [36m<button[31m
              [33mclass[31m=[32m"hover:text-orange-400 transition-colors "[31m
            [36m>[31m
              [0mSolution[0m
            [36m</button>[31m
            [36m<button[31m
              [33mclass[31m=[32m"hover:text-orange-400 transition-colors "[31m
            [36m>[31m
              [0mDemo[0m
            [36m</button>[31m
            [36m<button[31m
              [33mclass[31m=[32m"hover:text-orange-400 transition-colors "[31m
            [36m>[31m
              [0mImpact[0m
            [36m</button>[31m
          [36m</div>[31m
          [36m<div[31m
            [33mclass[31m=[32m"text-xs font-mono text-slate-500 border border-slate-700 px-3 py-1 rounded-full flex items-center gap-2"[31m
          [36m>[31m
            [36m<span[31m
              [33mclass[31m=[32m"w-2 h-2 rounded-full bg-green-500 animate-pulse"[31m
            [36m/>[31m
            [0mSystem Online v1.0.0[0m
          [36m</div>[31m
        [36m</div>[31m
      [36m</nav>[31m
      [36m<section[31m
        [33mclass[31m=[32m"relative z-10 pt-32 pb-20 px-6 flex flex-col items-center justify-center text-center min-h-[90vh] bg-grid-pattern overflow-hidden"[31m
        [33mid[31m=[32m"hero"[31m
      [36m>[31m
        [36m<div[31m
          [33mclass[31m=[32m"absolute inset-0 bg-gradient-to-b from-transparent via-[#0f172a]/50 to-[#0f172a] pointer-events-none"[31m
        [36m/>[31m
        [36m<div[31m
          [33mclass[31m=[32m"absolute inset-0 opacity-20 pointer-events-none"[31m
        [36m>[31m
          [36m<svg[31m
            [33mclass[31m=[32m"lucide lucide-database absolute top-[20%] left-[10%] w-16 h-16 text-purple-500 animate-float delay-100"[31m
            [33mfill[31m=[32m"none"[31m
            [33mheight[31m=[32m"24"[31m
            [33mstroke[31m=[32m"currentColor"[31m
            [33mstroke-linecap[31m=[32m"round"[31m
            [33mstroke-linejoin[31m=[32m"round"[31m
            [33mstroke-width[31m=[32m"2"[31m
            [33mviewBox[31m=[32m"0 0 24 24"[31m
            [33mwidth[31m=[32m"24"[31m
            [33mxmlns[31m=[32m"http://www.w3.org/2000/svg"[31m
          [36m>[31m
            [36m<ellipse[31m
              [33mcx[31m=[32m"12"[31m
              [33mcy[31m=[32m"5"[31m
              [33mrx[31m=[32m"9"[31m
              [33mry[31m=[32m"3"[31m
            [36m/>[31m
            [36m<path[31m
              [33md[31m=[32m"M3 5V19A9 3 0 0 0 21 19V5"[31m
            [36m/>[31m
            [36m<path[31m
              [33md[31m=[32m"M3 12A9 3 0 0 0 21 12"[31m
            [36m/>[31m
          [36m</svg>[31m
          [36m<svg[31m
            [33mclass[31m=[32m"lucide lucide-zap absolute top-[15%] right-[15%] w-12 h-12 text-orange-500 animate-float delay-300"[31m
            [33mfill[31m=[32m"none"[31m
            [33mheight[31m=[32m"24"[31m
            [33mstroke[31m=[32m"currentColor"[31m
            [33mstroke-linecap[31m=[32m"round"[31m
            [33mstroke-linejoin[31m=[32m"round"[31m
            [33mstroke-width[31m=[32m"2"[31m
            [33mviewBox[31m=[32m"0 0 24 24"[31m
            [33mwidth[31m=[32m"24"[31m
            [33mxmlns[31m=[32m"http://www.w3.org/2000/svg"[31m
          [36m>[31m
            [36m<polygon[31m
              [33mpoints[31m=[32m"13 2 3 14 12 14 11 22 21 10 12 10 13 2"[31m
            [36m/>[31m
          [36m</svg>[31m
          [36m<svg[31m
            [33mclass[31m=[32m"lucide lucide-shield-alert absolute bottom-[30%] left-[20%] w-10 h-10 text-green-500 animate-float delay-500"[31m
            [33mfill[31m=[32m"none"[31m
            [33mheight[31m...

Ignored nodes: comments, script, style
[36m<html[31m
  [33mclass[31m=[32m"lenis"[31m
[36m>[31m
  [36m<head />[31m
  [36m<body>[31m
    [36m<div>[31m
      [36m<div[31m
        [33mclass[31m=[32m"min-h-screen bg-[#0f172a] text-slate-200 font-sans selection:bg-orange-500 selection:text-white overflow-x-hidden relative"[31m
      [36m>[31m
        [36m<nav[31m
          [33mclass[31m=[32m"fixed w-full z-50 glass-panel border-b-0 border-b-white/5 backdrop-blur-xl bg-slate-900/80"[31m
        [36m>[31m
          [36m<div[31m
            [33mclass[31m=[32m"max-w-7xl mx-auto px-6 h-16 flex items-center justify-between"[31m
          [36m>[31m
            [36m<div[31m
              [33mclass[31m=[32m"flex items-center gap-2 font-bold text-xl tracking-tight cursor-pointer"[31m
            [36m>[31m
              [36m<div[31m
                [33mclass[31m=[32m"w-8 h-8 bg-gradient-to-br from-orange-400 to-red-500 rounded-lg flex items-center justify-center shadow-lg shadow-orange-500/20"[31m
              [36m>[31m
                [36m<svg[31m
                  [33mclass[31m=[32m"lucide lucide-bot w-5 h-5 text-white"[31m
                  [33mfill[31m=[32m"none"[31m
                  [33mheight[31m=[32m"24"[31m
                  [33mstroke[31m=[32m"currentColor"[31m
                  [33mstroke-linecap[31m=[32m"round"[31m
                  [33mstroke-linejoin[31m=[32m"round"[31m
                  [33mstroke-width[31m=[32m"2"[31m
                  [33mviewBox[31m=[32m"0 0 24 24"[31m
                  [33mwidth[31m=[32m"24"[31m
                  [33mxmlns[31m=[32m"http://www.w3.org/2000/svg"[31m
                [36m>[31m
                  [36m<path[31m
                    [33md[31m=[32m"M12 8V4H8"[31m
                  [36m/>[31m
                  [36m<rect[31m
                    [33mheight[31m=[32m"12"[31m
                    [33mrx[31m=[32m"2"[31m
                    [33mwidth[31m=[32m"16"[31m
                    [33mx[31m=[32m"4"[31m
                    [33my[31m=[32m"8"[31m
                  [36m/>[31m
                  [36m<path[31m
                    [33md[31m=[32m"M2 14h2"[31m
                  [36m/>[31m
                  [36m<path[31m
                    [33md[31m=[32m"M20 14h2"[31m
                  [36m/>[31m
                  [36m<path[31m
                    [33md[31m=[32m"M15 13v2"[31m
                  [36m/>[31m
                  [36m<path[31m
                    [33md[31m=[32m"M9 13v2"[31m
                  [36m/>[31m
                [36m</svg>[31m
              [36m</div>[31m
              [36m<span[31m
                [33mclass[31m=[32m"text-white"[31m
              [36m>[31m
                [0mMango[0m
                [36m<span[31m
                  [33mclass[31m=[32m"text-orange-400"[31m
                [36m>[31m
                  [0mHelpdesk[0m
                [36m</span>[31m
              [36m</span>[31m
            [36m</div>[31m
            [36m<div[31m
              [33mclass[31m=[32m"hidden md:flex gap-6 text-sm font-medium text-slate-400"[31m
            [36m>[31m
              [36m<button[31m
                [33mclass[31m=[32m"hover:text-orange-400 transition-colors "[31m
              [36m>[31m
                [0mProblem[0m
              [36m</button>[31m
              [36m<button[31m
                [33mclass[31m=[32m"hover:text-orange-400 transition-colors "[31m
              [36m>[31m
                [0mSolution[0m
              [36m</button>[31m
              [36m<button[31m
                [33mclass[31m=[32m"hover:text-orange-400 transition-colors "[31m
              [36m>[31m
                [0mDemo[0m
              [36m</button>[31m
              [36m<button[31m
                [33mclass[31m=[32m"hover:text-orange-400 transition-colors "[31m
              [36m>[31m
                [0mImpact[0m
              [36m</button>[31m
            [36m</div>[31m
            [36m<div[31m
              [33mclass[31m=[32m"text-xs font-mono text-slate-500 border border-slate-700 px-3 py-1 rounded-full flex items-center gap-2"[31m
            [36m>[31m
              [36m<span[31m
                [33mclass[31m=[32m"w-2 h-2 rounded-full bg-green-500 animate-pulse"[31m
              [36m/>[31m
              [0mSystem Online v1.0.0[0m
            [36m</div>[31m
          [36m</div>[31m
        [36m</nav>[31m
        [36m<section[31m
          [33mclass[31m=[32m"relative z-10 pt-32 pb-20 px-6 flex flex-col items-center justify-center text-center min-h-[90vh] bg-grid-pattern overflow-hidden"[31m
          [33mid[31m=[32m"hero"[31m
        [36m>[31m
          [36m<div[31m
            [33mclass[31m=[32m"absolute inset-0 bg-gradient-to-b from-transparent via-[#0f172a]/50 to-[#0f172a] pointer-events-none"[31m
          [36m/>[31m
          [36m<div[31m
            [33mclass[31m=[32m"absolute inset-0 opacity-20 pointer-events-none"[31m
          [36m>[31m
            [36m<svg[31m
              [33mclass[31m=[32m"lucide lucide-database absolute top-[20%] left-[10%] w-16 h-16 text-purple-500 animate-float delay-100"[31m
              [33mfill[31m=[32m"none"[31m
              [33mheight[31m=[32m"24"[31m
              [33mstroke[31m=[32m"currentColor"[31m
              [33mstroke-linecap[31m=[32m"round"[31m
              [33mstroke-linejoin[31m=[32m"round"[31m
              [33mstroke-width[31m=[32m"2"[31m
              [33mviewBox[31m=[32m"0 0 24 24"[31m
              [33mwidth[31m=[32m"24"[31m
              [33mxmlns[31m=[32m"http://www.w3.org/2000/svg"[31m
            [36m>[31m
              [36m<ellipse[31m
                [33mcx[31m=[32m"12"[31m
                [33mcy[31m=[32m"5"[31m
                [33mrx[31m=[32m"9"[31m
                [33mry[31m=[32m"3"[31m
              [36m/>[31m
              [36m<path[31m
                [33md[31m=[32m"M3 5V19A9 3 0 0 0 21 19V5"[31m
              [36m/>[31m
              [36m<path[31m
                [33md[31m=[32m"M3 12A9 3 0 0 0 21 12"[31m
              [36m/>[31m
            [36m</svg>[31m
            [36m<svg[31m
              [33mclass[31m=[32m"lucide lucide-zap absolute top-[15%] right-[15%] w-12 h-12 text-orange-500 animate-float delay-300"[31m
              [33mfill[31m=[32m"none"[31m
              [33mheight[31m=[32m"24"[31m
              [33mstroke[31m=[32m"currentColor"[31m
              [33mstroke-linecap[31m=[32m"round"[31m
              [33mstroke-linejoin[31m=[32m"round"[31m
              [33mstroke-width[31m=[32m"2"[31m
              [33mviewBox[31m=[32m"0 0 24 24"[31m
              [33mwidth[31m=[32m"24"[31m
              [33mxmlns[31m=[32m"http://www.w3.org/2000/svg"[31m
            [36m>[31m
              [36m<polygon[31m
   ...[39m
[31m   [33mโฏ[31m src/__tests__/unit/components/App.paranoid.test.jsx[2m > [22mApp Component - PARANOID MODE[2m > [22mSecurity - PARANOID[2m > [22mshould sanitize XSS attempts in user input[39m
[31m     โ’ Unable to find an element with the text: /img src/i. This could be because the text is broken up by multiple elements. In this case, you can provide a function for your text matcher to make your matcher more flexible.

Ignored nodes: comments, script, style
[36m<body>[31m
  [36m<div>[31m
    [36m<div[31m
      [33mclass[31m=[32m"min-h-screen bg-[#0f172a] text-slate-200 font-sans selection:bg-orange-500 selection:text-white overflow-x-hidden relative"[31m
    [36m>[31m
      [36m<nav[31m
        [33mclass[31m=[32m"fixed w-full z-50 glass-panel border-b-0 border-b-white/5 backdrop-blur-xl bg-slate-900/80"[31m
      [36m>[31m
        [36m<div[31m
          [33mclass[31m=[32m"max-w-7xl mx-auto px-6 h-16 flex items-center justify-between"[31m
        [36m>[31m
          [36m<div[31m
            [33mclass[31m=[32m"flex items-center gap-2 font-bold text-xl tracking-tight cursor-pointer"[31m
          [36m>[31m
            [36m<div[31m
              [33mclass[31m=[32m"w-8 h-8 bg-gradient-to-br from-orange-400 to-red-500 rounded-lg flex items-center justify-center shadow-lg shadow-orange-500/20"[31m
            [36m>[31m
              [36m<svg[31m
                [33mclass[31m=[32m"lucide lucide-bot w-5 h-5 text-white"[31m
                [33mfill[31m=[32m"none"[31m
                [33mheight[31m=[32m"24"[31m
                [33mstroke[31m=[32m"currentColor"[31m
                [33mstroke-linecap[31m=[32m"round"[31m
                [33mstroke-linejoin[31m=[32m"round"[31m
                [33mstroke-width[31m=[32m"2"[31m
                [33mviewBox[31m=[32m"0 0 24 24"[31m
                [33mwidth[31m=[32m"24"[31m
                [33mxmlns[31m=[32m"http://www.w3.org/2000/svg"[31m
              [36m>[31m
                [36m<path[31m
                  [33md[31m=[32m"M12 8V4H8"[31m
                [36m/>[31m
                [36m<rect[31m
                  [33mheight[31m=[32m"12"[31m
                  [33mrx[31m=[32m"2"[31m
                  [33mwidth[31m=[32m"16"[31m
                  [33mx[31m=[32m"4"[31m
                  [33my[31m=[32m"8"[31m
                [36m/>[31m
                [36m<path[31m
                  [33md[31m=[32m"M2 14h2"[31m
                [36m/>[31m
                [36m<path[31m
                  [33md[31m=[32m"M20 14h2"[31m
                [36m/>[31m
                [36m<path[31m
                  [33md[31m=[32m"M15 13v2"[31m
                [36m/>[31m
                [36m<path[31m
                  [33md[31m=[32m"M9 13v2"[31m
                [36m/>[31m
              [36m</svg>[31m
            [36m</div>[31m
            [36m<span[31m
              [33mclass[31m=[32m"text-white"[31m
            [36m>[31m
              [0mMango[0m
              [36m<span[31m
                [33mclass[31m=[32m"text-orange-400"[31m
              [36m>[31m
                [0mHelpdesk[0m
              [36m</span>[31m
            [36m</span>[31m
          [36m</div>[31m
          [36m<div[31m
            [33mclass[31m=[32m"hidden md:flex gap-6 text-sm font-medium text-slate-400"[31m
          [36m>[31m
            [36m<button[31m
              [33mclass[31m=[32m"hover:text-orange-400 transition-colors "[31m
            [36m>[31m
              [0mProblem[0m
            [36m</button>[31m
            [36m<button[31m
              [33mclass[31m=[32m"hover:text-orange-400 transition-colors "[31m
            [36m>[31m
              [0mSolution[0m
            [36m</button>[31m
            [36m<button[31m
              [33mclass[31m=[32m"hover:text-orange-400 transition-colors "[31m
            [36m>[31m
              [0mDemo[0m
            [36m</button>[31m
            [36m<button[31m
              [33mclass[31m=[32m"hover:text-orange-400 transition-colors "[31m
            [36m>[31m
              [0mImpact[0m
            [36m</button>[31m
          [36m</div>[31m
          [36m<div[31m
            [33mclass[31m=[32m"text-xs font-mono text-slate-500 border border-slate-700 px-3 py-1 rounded-full flex items-center gap-2"[31m
          [36m>[31m
            [36m<span[31m
              [33mclass[31m=[32m"w-2 h-2 rounded-full bg-green-500 animate-pulse"[31m
            [36m/>[31m
            [0mSystem Online v1.0.0[0m
          [36m</div>[31m
        [36m</div>[31m
      [36m</nav>[31m
      [36m<section[31m
        [33mclass[31m=[32m"relative z-10 pt-32 pb-20 px-6 flex flex-col items-center justify-center text-center min-h-[90vh] bg-grid-pattern overflow-hidden"[31m
        [33mid[31m=[32m"hero"[31m
      [36m>[31m
        [36m<div[31m
          [33mclass[31m=[32m"absolute inset-0 bg-gradient-to-b from-transparent via-[#0f172a]/50 to-[#0f172a] pointer-events-none"[31m
        [36m/>[31m
        [36m<div[31m
          [33mclass[31m=[32m"absolute inset-0 opacity-20 pointer-events-none"[31m
        [36m>[31m
          [36m<svg[31m
            [33mclass[31m=[32m"lucide lucide-database absolute top-[20%] left-[10%] w-16 h-16 text-purple-500 animate-float delay-100"[31m
            [33mfill[31m=[32m"none"[31m
            [33mheight[31m=[32m"24"[31m
            [33mstroke[31m=[32m"currentColor"[31m
            [33mstroke-linecap[31m=[32m"round"[31m
            [33mstroke-linejoin[31m=[32m"round"[31m
            [33mstroke-width[31m=[32m"2"[31m
            [33mviewBox[31m=[32m"0 0 24 24"[31m
            [33mwidth[31m=[32m"24"[31m
            [33mxmlns[31m=[32m"http://www.w3.org/2000/svg"[31m
          [36m>[31m
            [36m<ellipse[31m
              [33mcx[31m=[32m"12"[31m
              [33mcy[31m=[32m"5"[31m
              [33mrx[31m=[32m"9"[31m
              [33mry[31m=[32m"3"[31m
            [36m/>[31m
            [36m<path[31m
              [33md[31m=[32m"M3 5V19A9 3 0 0 0 21 19V5"[31m
            [36m/>[31m
            [36m<path[31m
              [33md[31m=[32m"M3 12A9 3 0 0 0 21 12"[31m
            [36m/>[31m
          [36m</svg>[31m
          [36m<svg[31m
            [33mclass[31m=[32m"lucide lucide-zap absolute top-[15%] right-[15%] w-12 h-12 text-orange-500 animate-float delay-300"[31m
            [33mfill[31m=[32m"none"[31m
            [33mheight[31m=[32m"24"[31m
            [33mstroke[31m=[32m"currentColor"[31m
            [33mstroke-linecap[31m=[32m"round"[31m
            [33mstroke-linejoin[31m=[32m"round"[31m
            [33mstroke-width[31m=[32m"2"[31m
            [33mviewBox[31m=[32m"0 0 24 24"[31m
            [33mwidth[31m=[32m"24"[31m
            [33mxmlns[31m=[32m"http://www.w3.org/2000/svg"[31m
          [36m>[31m
            [36m<polygon[31m
              [33mpoints[31m=[32m"13 2 3 14 12 14 11 22 21 10 12 10 13 2"[31m
            [36m/>[31m
          [36m</svg>[31m
          [36m<svg[31m
            [33mclass[31m=[32m"lucide lucide-shield-alert absolute bottom-[30%] left-[20%] w-10 h-10 text-green-500 animate-float delay-500"[31m
            [33mfill[31m=[32m"none"[31m
            [33mheight[31m...

Ignored nodes: comments, script, style
[36m<html[31m
  [33mclass[31m=[32m"lenis"[31m
[36m>[31m
  [36m<head />[31m
  [36m<body>[31m
    [36m<div>[31m
      [36m<div[31m
        [33mclass[31m=[32m"min-h-screen bg-[#0f172a] text-slate-200 font-sans selection:bg-orange-500 selection:text-white overflow-x-hidden relative"[31m
      [36m>[31m
        [36m<nav[31m
          [33mclass[31m=[32m"fixed w-full z-50 glass-panel border-b-0 border-b-white/5 backdrop-blur-xl bg-slate-900/80"[31m
        [36m>[31m
          [36m<div[31m
            [33mclass[31m=[32m"max-w-7xl mx-auto px-6 h-16 flex items-center justify-between"[31m
          [36m>[31m
            [36m<div[31m
              [33mclass[31m=[32m"flex items-center gap-2 font-bold text-xl tracking-tight cursor-pointer"[31m
            [36m>[31m
              [36m<div[31m
                [33mclass[31m=[32m"w-8 h-8 bg-gradient-to-br from-orange-400 to-red-500 rounded-lg flex items-center justify-center shadow-lg shadow-orange-500/20"[31m
              [36m>[31m
                [36m<svg[31m
                  [33mclass[31m=[32m"lucide lucide-bot w-5 h-5 text-white"[31m
                  [33mfill[31m=[32m"none"[31m
                  [33mheight[31m=[32m"24"[31m
                  [33mstroke[31m=[32m"currentColor"[31m
                  [33mstroke-linecap[31m=[32m"round"[31m
                  [33mstroke-linejoin[31m=[32m"round"[31m
                  [33mstroke-width[31m=[32m"2"[31m
                  [33mviewBox[31m=[32m"0 0 24 24"[31m
                  [33mwidth[31m=[32m"24"[31m
                  [33mxmlns[31m=[32m"http://www.w3.org/2000/svg"[31m
                [36m>[31m
                  [36m<path[31m
                    [33md[31m=[32m"M12 8V4H8"[31m
                  [36m/>[31m
                  [36m<rect[31m
                    [33mheight[31m=[32m"12"[31m
                    [33mrx[31m=[32m"2"[31m
                    [33mwidth[31m=[32m"16"[31m
                    [33mx[31m=[32m"4"[31m
                    [33my[31m=[32m"8"[31m
                  [36m/>[31m
                  [36m<path[31m
                    [33md[31m=[32m"M2 14h2"[31m
                  [36m/>[31m
                  [36m<path[31m
                    [33md[31m=[32m"M20 14h2"[31m
                  [36m/>[31m
                  [36m<path[31m
                    [33md[31m=[32m"M15 13v2"[31m
                  [36m/>[31m
                  [36m<path[31m
                    [33md[31m=[32m"M9 13v2"[31m
                  [36m/>[31m
                [36m</svg>[31m
              [36m</div>[31m
              [36m<span[31m
                [33mclass[31m=[32m"text-white"[31m
              [36m>[31m
                [0mMango[0m
                [36m<span[31m
                  [33mclass[31m=[32m"text-orange-400"[31m
                [36m>[31m
                  [0mHelpdesk[0m
                [36m</span>[31m
              [36m</span>[31m
            [36m</div>[31m
            [36m<div[31m
              [33mclass[31m=[32m"hidden md:flex gap-6 text-sm font-medium text-slate-400"[31m
            [36m>[31m
              [36m<button[31m
                [33mclass[31m=[32m"hover:text-orange-400 transition-colors "[31m
              [36m>[31m
                [0mProblem[0m
              [36m</button>[31m
              [36m<button[31m
                [33mclass[31m=[32m"hover:text-orange-400 transition-colors "[31m
              [36m>[31m
                [0mSolution[0m
              [36m</button>[31m
              [36m<button[31m
                [33mclass[31m=[32m"hover:text-orange-400 transition-colors "[31m
              [36m>[31m
                [0mDemo[0m
              [36m</button>[31m
              [36m<button[31m
                [33mclass[31m=[32m"hover:text-orange-400 transition-colors "[31m
              [36m>[31m
                [0mImpact[0m
              [36m</button>[31m
            [36m</div>[31m
            [36m<div[31m
              [33mclass[31m=[32m"text-xs font-mono text-slate-500 border border-slate-700 px-3 py-1 rounded-full flex items-center gap-2"[31m
            [36m>[31m
              [36m<span[31m
                [33mclass[31m=[32m"w-2 h-2 rounded-full bg-green-500 animate-pulse"[31m
              [36m/>[31m
              [0mSystem Online v1.0.0[0m
            [36m</div>[31m
          [36m</div>[31m
        [36m</nav>[31m
        [36m<section[31m
          [33mclass[31m=[32m"relative z-10 pt-32 pb-20 px-6 flex flex-col items-center justify-center text-center min-h-[90vh] bg-grid-pattern overflow-hidden"[31m
          [33mid[31m=[32m"hero"[31m
        [36m>[31m
          [36m<div[31m
            [33mclass[31m=[32m"absolute inset-0 bg-gradient-to-b from-transparent via-[#0f172a]/50 to-[#0f172a] pointer-events-none"[31m
          [36m/>[31m
          [36m<div[31m
            [33mclass[31m=[32m"absolute inset-0 opacity-20 pointer-events-none"[31m
          [36m>[31m
            [36m<svg[31m
              [33mclass[31m=[32m"lucide lucide-database absolute top-[20%] left-[10%] w-16 h-16 text-purple-500 animate-float delay-100"[31m
              [33mfill[31m=[32m"none"[31m
              [33mheight[31m=[32m"24"[31m
              [33mstroke[31m=[32m"currentColor"[31m
              [33mstroke-linecap[31m=[32m"round"[31m
              [33mstroke-linejoin[31m=[32m"round"[31m
              [33mstroke-width[31m=[32m"2"[31m
              [33mviewBox[31m=[32m"0 0 24 24"[31m
              [33mwidth[31m=[32m"24"[31m
              [33mxmlns[31m=[32m"http://www.w3.org/2000/svg"[31m
            [36m>[31m
              [36m<ellipse[31m
                [33mcx[31m=[32m"12"[31m
                [33mcy[31m=[32m"5"[31m
                [33mrx[31m=[32m"9"[31m
                [33mry[31m=[32m"3"[31m
              [36m/>[31m
              [36m<path[31m
                [33md[31m=[32m"M3 5V19A9 3 0 0 0 21 19V5"[31m
              [36m/>[31m
              [36m<path[31m
                [33md[31m=[32m"M3 12A9 3 0 0 0 21 12"[31m
              [36m/>[31m
            [36m</svg>[31m
            [36m<svg[31m
              [33mclass[31m=[32m"lucide lucide-zap absolute top-[15%] right-[15%] w-12 h-12 text-orange-500 animate-float delay-300"[31m
              [33mfill[31m=[32m"none"[31m
              [33mheight[31m=[32m"24"[31m
              [33mstroke[31m=[32m"currentColor"[31m
              [33mstroke-linecap[31m=[32m"round"[31m
              [33mstroke-linejoin[31m=[32m"round"[31m
              [33mstroke-width[31m=[32m"2"[31m
              [33mviewBox[31m=[32m"0 0 24 24"[31m
              [33mwidth[31m=[32m"24"[31m
              [33mxmlns[31m=[32m"http://www.w3.org/2000/svg"[31m
            [36m>[31m
              [36m<polygon[31m
   ...[39m
[31m   [33mโฏ[31m src/__tests__/unit/components/App.paranoid.test.jsx[2m > [22mApp Component - PARANOID MODE[2m > [22mSecurity - PARANOID[2m > [22mshould not execute JavaScript in AI responses[39m
[31m     โ’ Unable to find an element with the text: /script/i. This could be because the text is broken up by multiple elements. In this case, you can provide a function for your text matcher to make your matcher more flexible.

Ignored nodes: comments, script, style
[36m<body>[31m
  [36m<div>[31m
    [36m<div[31m
      [33mclass[31m=[32m"min-h-screen bg-[#0f172a] text-slate-200 font-sans selection:bg-orange-500 selection:text-white overflow-x-hidden relative"[31m
    [36m>[31m
      [36m<nav[31m
        [33mclass[31m=[32m"fixed w-full z-50 glass-panel border-b-0 border-b-white/5 backdrop-blur-xl bg-slate-900/80"[31m
      [36m>[31m
        [36m<div[31m
          [33mclass[31m=[32m"max-w-7xl mx-auto px-6 h-16 flex items-center justify-between"[31m
        [36m>[31m
          [36m<div[31m
            [33mclass[31m=[32m"flex items-center gap-2 font-bold text-xl tracking-tight cursor-pointer"[31m
          [36m>[31m
            [36m<div[31m
              [33mclass[31m=[32m"w-8 h-8 bg-gradient-to-br from-orange-400 to-red-500 rounded-lg flex items-center justify-center shadow-lg shadow-orange-500/20"[31m
            [36m>[31m
              [36m<svg[31m
                [33mclass[31m=[32m"lucide lucide-bot w-5 h-5 text-white"[31m
                [33mfill[31m=[32m"none"[31m
                [33mheight[31m=[32m"24"[31m
                [33mstroke[31m=[32m"currentColor"[31m
                [33mstroke-linecap[31m=[32m"round"[31m
                [33mstroke-linejoin[31m=[32m"round"[31m
                [33mstroke-width[31m=[32m"2"[31m
                [33mviewBox[31m=[32m"0 0 24 24"[31m
                [33mwidth[31m=[32m"24"[31m
                [33mxmlns[31m=[32m"http://www.w3.org/2000/svg"[31m
              [36m>[31m
                [36m<path[31m
                  [33md[31m=[32m"M12 8V4H8"[31m
                [36m/>[31m
                [36m<rect[31m
                  [33mheight[31m=[32m"12"[31m
                  [33mrx[31m=[32m"2"[31m
                  [33mwidth[31m=[32m"16"[31m
                  [33mx[31m=[32m"4"[31m
                  [33my[31m=[32m"8"[31m
                [36m/>[31m
                [36m<path[31m
                  [33md[31m=[32m"M2 14h2"[31m
                [36m/>[31m
                [36m<path[31m
                  [33md[31m=[32m"M20 14h2"[31m
                [36m/>[31m
                [36m<path[31m
                  [33md[31m=[32m"M15 13v2"[31m
                [36m/>[31m
                [36m<path[31m
                  [33md[31m=[32m"M9 13v2"[31m
                [36m/>[31m
              [36m</svg>[31m
            [36m</div>[31m
            [36m<span[31m
              [33mclass[31m=[32m"text-white"[31m
            [36m>[31m
              [0mMango[0m
              [36m<span[31m
                [33mclass[31m=[32m"text-orange-400"[31m
              [36m>[31m
                [0mHelpdesk[0m
              [36m</span>[31m
            [36m</span>[31m
          [36m</div>[31m
          [36m<div[31m
            [33mclass[31m=[32m"hidden md:flex gap-6 text-sm font-medium text-slate-400"[31m
          [36m>[31m
            [36m<button[31m
              [33mclass[31m=[32m"hover:text-orange-400 transition-colors "[31m
            [36m>[31m
              [0mProblem[0m
            [36m</button>[31m
            [36m<button[31m
              [33mclass[31m=[32m"hover:text-orange-400 transition-colors "[31m
            [36m>[31m
              [0mSolution[0m
            [36m</button>[31m
            [36m<button[31m
              [33mclass[31m=[32m"hover:text-orange-400 transition-colors "[31m
            [36m>[31m
              [0mDemo[0m
            [36m</button>[31m
            [36m<button[31m
              [33mclass[31m=[32m"hover:text-orange-400 transition-colors "[31m
            [36m>[31m
              [0mImpact[0m
            [36m</button>[31m
          [36m</div>[31m
          [36m<div[31m
            [33mclass[31m=[32m"text-xs font-mono text-slate-500 border border-slate-700 px-3 py-1 rounded-full flex items-center gap-2"[31m
          [36m>[31m
            [36m<span[31m
              [33mclass[31m=[32m"w-2 h-2 rounded-full bg-green-500 animate-pulse"[31m
            [36m/>[31m
            [0mSystem Online v1.0.0[0m
          [36m</div>[31m
        [36m</div>[31m
      [36m</nav>[31m
      [36m<section[31m
        [33mclass[31m=[32m"relative z-10 pt-32 pb-20 px-6 flex flex-col items-center justify-center text-center min-h-[90vh] bg-grid-pattern overflow-hidden"[31m
        [33mid[31m=[32m"hero"[31m
      [36m>[31m
        [36m<div[31m
          [33mclass[31m=[32m"absolute inset-0 bg-gradient-to-b from-transparent via-[#0f172a]/50 to-[#0f172a] pointer-events-none"[31m
        [36m/>[31m
        [36m<div[31m
          [33mclass[31m=[32m"absolute inset-0 opacity-20 pointer-events-none"[31m
        [36m>[31m
          [36m<svg[31m
            [33mclass[31m=[32m"lucide lucide-database absolute top-[20%] left-[10%] w-16 h-16 text-purple-500 animate-float delay-100"[31m
            [33mfill[31m=[32m"none"[31m
            [33mheight[31m=[32m"24"[31m
            [33mstroke[31m=[32m"currentColor"[31m
            [33mstroke-linecap[31m=[32m"round"[31m
            [33mstroke-linejoin[31m=[32m"round"[31m
            [33mstroke-width[31m=[32m"2"[31m
            [33mviewBox[31m=[32m"0 0 24 24"[31m
            [33mwidth[31m=[32m"24"[31m
            [33mxmlns[31m=[32m"http://www.w3.org/2000/svg"[31m
          [36m>[31m
            [36m<ellipse[31m
              [33mcx[31m=[32m"12"[31m
              [33mcy[31m=[32m"5"[31m
              [33mrx[31m=[32m"9"[31m
              [33mry[31m=[32m"3"[31m
            [36m/>[31m
            [36m<path[31m
              [33md[31m=[32m"M3 5V19A9 3 0 0 0 21 19V5"[31m
            [36m/>[31m
            [36m<path[31m
              [33md[31m=[32m"M3 12A9 3 0 0 0 21 12"[31m
            [36m/>[31m
          [36m</svg>[31m
          [36m<svg[31m
            [33mclass[31m=[32m"lucide lucide-zap absolute top-[15%] right-[15%] w-12 h-12 text-orange-500 animate-float delay-300"[31m
            [33mfill[31m=[32m"none"[31m
            [33mheight[31m=[32m"24"[31m
            [33mstroke[31m=[32m"currentColor"[31m
            [33mstroke-linecap[31m=[32m"round"[31m
            [33mstroke-linejoin[31m=[32m"round"[31m
            [33mstroke-width[31m=[32m"2"[31m
            [33mviewBox[31m=[32m"0 0 24 24"[31m
            [33mwidth[31m=[32m"24"[31m
            [33mxmlns[31m=[32m"http://www.w3.org/2000/svg"[31m
          [36m>[31m
            [36m<polygon[31m
              [33mpoints[31m=[32m"13 2 3 14 12 14 11 22 21 10 12 10 13 2"[31m
            [36m/>[31m
          [36m</svg>[31m
          [36m<svg[31m
            [33mclass[31m=[32m"lucide lucide-shield-alert absolute bottom-[30%] left-[20%] w-10 h-10 text-green-500 animate-float delay-500"[31m
            [33mfill[31m=[32m"none"[31m
            [33mheight[31m...

Ignored nodes: comments, script, style
[36m<html[31m
  [33mclass[31m=[32m"lenis"[31m
[36m>[31m
  [36m<head />[31m
  [36m<body>[31m
    [36m<div>[31m
      [36m<div[31m
        [33mclass[31m=[32m"min-h-screen bg-[#0f172a] text-slate-200 font-sans selection:bg-orange-500 selection:text-white overflow-x-hidden relative"[31m
      [36m>[31m
        [36m<nav[31m
          [33mclass[31m=[32m"fixed w-full z-50 glass-panel border-b-0 border-b-white/5 backdrop-blur-xl bg-slate-900/80"[31m
        [36m>[31m
          [36m<div[31m
            [33mclass[31m=[32m"max-w-7xl mx-auto px-6 h-16 flex items-center justify-between"[31m
          [36m>[31m
            [36m<div[31m
              [33mclass[31m=[32m"flex items-center gap-2 font-bold text-xl tracking-tight cursor-pointer"[31m
            [36m>[31m
              [36m<div[31m
                [33mclass[31m=[32m"w-8 h-8 bg-gradient-to-br from-orange-400 to-red-500 rounded-lg flex items-center justify-center shadow-lg shadow-orange-500/20"[31m
              [36m>[31m
                [36m<svg[31m
                  [33mclass[31m=[32m"lucide lucide-bot w-5 h-5 text-white"[31m
                  [33mfill[31m=[32m"none"[31m
                  [33mheight[31m=[32m"24"[31m
                  [33mstroke[31m=[32m"currentColor"[31m
                  [33mstroke-linecap[31m=[32m"round"[31m
                  [33mstroke-linejoin[31m=[32m"round"[31m
                  [33mstroke-width[31m=[32m"2"[31m
                  [33mviewBox[31m=[32m"0 0 24 24"[31m
                  [33mwidth[31m=[32m"24"[31m
                  [33mxmlns[31m=[32m"http://www.w3.org/2000/svg"[31m
                [36m>[31m
                  [36m<path[31m
                    [33md[31m=[32m"M12 8V4H8"[31m
                  [36m/>[31m
                  [36m<rect[31m
                    [33mheight[31m=[32m"12"[31m
                    [33mrx[31m=[32m"2"[31m
                    [33mwidth[31m=[32m"16"[31m
                    [33mx[31m=[32m"4"[31m
                    [33my[31m=[32m"8"[31m
                  [36m/>[31m
                  [36m<path[31m
                    [33md[31m=[32m"M2 14h2"[31m
                  [36m/>[31m
                  [36m<path[31m
                    [33md[31m=[32m"M20 14h2"[31m
                  [36m/>[31m
                  [36m<path[31m
                    [33md[31m=[32m"M15 13v2"[31m
                  [36m/>[31m
                  [36m<path[31m
                    [33md[31m=[32m"M9 13v2"[31m
                  [36m/>[31m
                [36m</svg>[31m
              [36m</div>[31m
              [36m<span[31m
                [33mclass[31m=[32m"text-white"[31m
              [36m>[31m
                [0mMango[0m
                [36m<span[31m
                  [33mclass[31m=[32m"text-orange-400"[31m
                [36m>[31m
                  [0mHelpdesk[0m
                [36m</span>[31m
              [36m</span>[31m
            [36m</div>[31m
            [36m<div[31m
              [33mclass[31m=[32m"hidden md:flex gap-6 text-sm font-medium text-slate-400"[31m
            [36m>[31m
              [36m<button[31m
                [33mclass[31m=[32m"hover:text-orange-400 transition-colors "[31m
              [36m>[31m
                [0mProblem[0m
              [36m</button>[31m
              [36m<button[31m
                [33mclass[31m=[32m"hover:text-orange-400 transition-colors "[31m
              [36m>[31m
                [0mSolution[0m
              [36m</button>[31m
              [36m<button[31m
                [33mclass[31m=[32m"hover:text-orange-400 transition-colors "[31m
              [36m>[31m
                [0mDemo[0m
              [36m</button>[31m
              [36m<button[31m
                [33mclass[31m=[32m"hover:text-orange-400 transition-colors "[31m
              [36m>[31m
                [0mImpact[0m
              [36m</button>[31m
            [36m</div>[31m
            [36m<div[31m
              [33mclass[31m=[32m"text-xs font-mono text-slate-500 border border-slate-700 px-3 py-1 rounded-full flex items-center gap-2"[31m
            [36m>[31m
              [36m<span[31m
                [33mclass[31m=[32m"w-2 h-2 rounded-full bg-green-500 animate-pulse"[31m
              [36m/>[31m
              [0mSystem Online v1.0.0[0m
            [36m</div>[31m
          [36m</div>[31m
        [36m</nav>[31m
        [36m<section[31m
          [33mclass[31m=[32m"relative z-10 pt-32 pb-20 px-6 flex flex-col items-center justify-center text-center min-h-[90vh] bg-grid-pattern overflow-hidden"[31m
          [33mid[31m=[32m"hero"[31m
        [36m>[31m
          [36m<div[31m
            [33mclass[31m=[32m"absolute inset-0 bg-gradient-to-b from-transparent via-[#0f172a]/50 to-[#0f172a] pointer-events-none"[31m
          [36m/>[31m
          [36m<div[31m
            [33mclass[31m=[32m"absolute inset-0 opacity-20 pointer-events-none"[31m
          [36m>[31m
            [36m<svg[31m
              [33mclass[31m=[32m"lucide lucide-database absolute top-[20%] left-[10%] w-16 h-16 text-purple-500 animate-float delay-100"[31m
              [33mfill[31m=[32m"none"[31m
              [33mheight[31m=[32m"24"[31m
              [33mstroke[31m=[32m"currentColor"[31m
              [33mstroke-linecap[31m=[32m"round"[31m
              [33mstroke-linejoin[31m=[32m"round"[31m
              [33mstroke-width[31m=[32m"2"[31m
              [33mviewBox[31m=[32m"0 0 24 24"[31m
              [33mwidth[31m=[32m"24"[31m
              [33mxmlns[31m=[32m"http://www.w3.org/2000/svg"[31m
            [36m>[31m
              [36m<ellipse[31m
                [33mcx[31m=[32m"12"[31m
                [33mcy[31m=[32m"5"[31m
                [33mrx[31m=[32m"9"[31m
                [33mry[31m=[32m"3"[31m
              [36m/>[31m
              [36m<path[31m
                [33md[31m=[32m"M3 5V19A9 3 0 0 0 21 19V5"[31m
              [36m/>[31m
              [36m<path[31m
                [33md[31m=[32m"M3 12A9 3 0 0 0 21 12"[31m
              [36m/>[31m
            [36m</svg>[31m
            [36m<svg[31m
              [33mclass[31m=[32m"lucide lucide-zap absolute top-[15%] right-[15%] w-12 h-12 text-orange-500 animate-float delay-300"[31m
              [33mfill[31m=[32m"none"[31m
              [33mheight[31m=[32m"24"[31m
              [33mstroke[31m=[32m"currentColor"[31m
              [33mstroke-linecap[31m=[32m"round"[31m
              [33mstroke-linejoin[31m=[32m"round"[31m
              [33mstroke-width[31m=[32m"2"[31m
              [33mviewBox[31m=[32m"0 0 24 24"[31m
              [33mwidth[31m=[32m"24"[31m
              [33mxmlns[31m=[32m"http://www.w3.org/2000/svg"[31m
            [36m>[31m
              [36m<polygon[31m
   ...[39m
[31m   [33mโฏ[31m src/__tests__/unit/components/App.paranoid.test.jsx[2m > [22mApp Component - PARANOID MODE[2m > [22mSecurity - PARANOID[2m > [22mshould handle SQL injection attempts safely[39m
[31m     โ’ Unable to find an element with the text: /DROP TABLE/i. This could be because the text is broken up by multiple elements. In this case, you can provide a function for your text matcher to make your matcher more flexible.

Ignored nodes: comments, script, style
[36m<body>[31m
  [36m<div>[31m
    [36m<div[31m
      [33mclass[31m=[32m"min-h-screen bg-[#0f172a] text-slate-200 font-sans selection:bg-orange-500 selection:text-white overflow-x-hidden relative"[31m
    [36m>[31m
      [36m<nav[31m
        [33mclass[31m=[32m"fixed w-full z-50 glass-panel border-b-0 border-b-white/5 backdrop-blur-xl bg-slate-900/80"[31m
      [36m>[31m
        [36m<div[31m
          [33mclass[31m=[32m"max-w-7xl mx-auto px-6 h-16 flex items-center justify-between"[31m
        [36m>[31m
          [36m<div[31m
            [33mclass[31m=[32m"flex items-center gap-2 font-bold text-xl tracking-tight cursor-pointer"[31m
          [36m>[31m
            [36m<div[31m
              [33mclass[31m=[32m"w-8 h-8 bg-gradient-to-br from-orange-400 to-red-500 rounded-lg flex items-center justify-center shadow-lg shadow-orange-500/20"[31m
            [36m>[31m
              [36m<svg[31m
                [33mclass[31m=[32m"lucide lucide-bot w-5 h-5 text-white"[31m
                [33mfill[31m=[32m"none"[31m
                [33mheight[31m=[32m"24"[31m
                [33mstroke[31m=[32m"currentColor"[31m
                [33mstroke-linecap[31m=[32m"round"[31m
                [33mstroke-linejoin[31m=[32m"round"[31m
                [33mstroke-width[31m=[32m"2"[31m
                [33mviewBox[31m=[32m"0 0 24 24"[31m
                [33mwidth[31m=[32m"24"[31m
                [33mxmlns[31m=[32m"http://www.w3.org/2000/svg"[31m
              [36m>[31m
                [36m<path[31m
                  [33md[31m=[32m"M12 8V4H8"[31m
                [36m/>[31m
                [36m<rect[31m
                  [33mheight[31m=[32m"12"[31m
                  [33mrx[31m=[32m"2"[31m
                  [33mwidth[31m=[32m"16"[31m
                  [33mx[31m=[32m"4"[31m
                  [33my[31m=[32m"8"[31m
                [36m/>[31m
                [36m<path[31m
                  [33md[31m=[32m"M2 14h2"[31m
                [36m/>[31m
                [36m<path[31m
                  [33md[31m=[32m"M20 14h2"[31m
                [36m/>[31m
                [36m<path[31m
                  [33md[31m=[32m"M15 13v2"[31m
                [36m/>[31m
                [36m<path[31m
                  [33md[31m=[32m"M9 13v2"[31m
                [36m/>[31m
              [36m</svg>[31m
            [36m</div>[31m
            [36m<span[31m
              [33mclass[31m=[32m"text-white"[31m
            [36m>[31m
              [0mMango[0m
              [36m<span[31m
                [33mclass[31m=[32m"text-orange-400"[31m
              [36m>[31m
                [0mHelpdesk[0m
              [36m</span>[31m
            [36m</span>[31m
          [36m</div>[31m
          [36m<div[31m
            [33mclass[31m=[32m"hidden md:flex gap-6 text-sm font-medium text-slate-400"[31m
          [36m>[31m
            [36m<button[31m
              [33mclass[31m=[32m"hover:text-orange-400 transition-colors "[31m
            [36m>[31m
              [0mProblem[0m
            [36m</button>[31m
            [36m<button[31m
              [33mclass[31m=[32m"hover:text-orange-400 transition-colors "[31m
            [36m>[31m
              [0mSolution[0m
            [36m</button>[31m
            [36m<button[31m
              [33mclass[31m=[32m"hover:text-orange-400 transition-colors "[31m
            [36m>[31m
              [0mDemo[0m
            [36m</button>[31m
            [36m<button[31m
              [33mclass[31m=[32m"hover:text-orange-400 transition-colors "[31m
            [36m>[31m
              [0mImpact[0m
            [36m</button>[31m
          [36m</div>[31m
          [36m<div[31m
            [33mclass[31m=[32m"text-xs font-mono text-slate-500 border border-slate-700 px-3 py-1 rounded-full flex items-center gap-2"[31m
          [36m>[31m
            [36m<span[31m
              [33mclass[31m=[32m"w-2 h-2 rounded-full bg-green-500 animate-pulse"[31m
            [36m/>[31m
            [0mSystem Online v1.0.0[0m
          [36m</div>[31m
        [36m</div>[31m
      [36m</nav>[31m
      [36m<section[31m
        [33mclass[31m=[32m"relative z-10 pt-32 pb-20 px-6 flex flex-col items-center justify-center text-center min-h-[90vh] bg-grid-pattern overflow-hidden"[31m
        [33mid[31m=[32m"hero"[31m
      [36m>[31m
        [36m<div[31m
          [33mclass[31m=[32m"absolute inset-0 bg-gradient-to-b from-transparent via-[#0f172a]/50 to-[#0f172a] pointer-events-none"[31m
        [36m/>[31m
        [36m<div[31m
          [33mclass[31m=[32m"absolute inset-0 opacity-20 pointer-events-none"[31m
        [36m>[31m
          [36m<svg[31m
            [33mclass[31m=[32m"lucide lucide-database absolute top-[20%] left-[10%] w-16 h-16 text-purple-500 animate-float delay-100"[31m
            [33mfill[31m=[32m"none"[31m
            [33mheight[31m=[32m"24"[31m
            [33mstroke[31m=[32m"currentColor"[31m
            [33mstroke-linecap[31m=[32m"round"[31m
            [33mstroke-linejoin[31m=[32m"round"[31m
            [33mstroke-width[31m=[32m"2"[31m
            [33mviewBox[31m=[32m"0 0 24 24"[31m
            [33mwidth[31m=[32m"24"[31m
            [33mxmlns[31m=[32m"http://www.w3.org/2000/svg"[31m
          [36m>[31m
            [36m<ellipse[31m
              [33mcx[31m=[32m"12"[31m
              [33mcy[31m=[32m"5"[31m
              [33mrx[31m=[32m"9"[31m
              [33mry[31m=[32m"3"[31m
            [36m/>[31m
            [36m<path[31m
              [33md[31m=[32m"M3 5V19A9 3 0 0 0 21 19V5"[31m
            [36m/>[31m
            [36m<path[31m
              [33md[31m=[32m"M3 12A9 3 0 0 0 21 12"[31m
            [36m/>[31m
          [36m</svg>[31m
          [36m<svg[31m
            [33mclass[31m=[32m"lucide lucide-zap absolute top-[15%] right-[15%] w-12 h-12 text-orange-500 animate-float delay-300"[31m
            [33mfill[31m=[32m"none"[31m
            [33mheight[31m=[32m"24"[31m
            [33mstroke[31m=[32m"currentColor"[31m
            [33mstroke-linecap[31m=[32m"round"[31m
            [33mstroke-linejoin[31m=[32m"round"[31m
            [33mstroke-width[31m=[32m"2"[31m
            [33mviewBox[31m=[32m"0 0 24 24"[31m
            [33mwidth[31m=[32m"24"[31m
            [33mxmlns[31m=[32m"http://www.w3.org/2000/svg"[31m
          [36m>[31m
            [36m<polygon[31m
              [33mpoints[31m=[32m"13 2 3 14 12 14 11 22 21 10 12 10 13 2"[31m
            [36m/>[31m
          [36m</svg>[31m
          [36m<svg[31m
            [33mclass[31m=[32m"lucide lucide-shield-alert absolute bottom-[30%] left-[20%] w-10 h-10 text-green-500 animate-float delay-500"[31m
            [33mfill[31m=[32m"none"[31m
            [33mheight[31m...

Ignored nodes: comments, script, style
[36m<html[31m
  [33mclass[31m=[32m"lenis"[31m
[36m>[31m
  [36m<head />[31m
  [36m<body>[31m
    [36m<div>[31m
      [36m<div[31m
        [33mclass[31m=[32m"min-h-screen bg-[#0f172a] text-slate-200 font-sans selection:bg-orange-500 selection:text-white overflow-x-hidden relative"[31m
      [36m>[31m
        [36m<nav[31m
          [33mclass[31m=[32m"fixed w-full z-50 glass-panel border-b-0 border-b-white/5 backdrop-blur-xl bg-slate-900/80"[31m
        [36m>[31m
          [36m<div[31m
            [33mclass[31m=[32m"max-w-7xl mx-auto px-6 h-16 flex items-center justify-between"[31m
          [36m>[31m
            [36m<div[31m
              [33mclass[31m=[32m"flex items-center gap-2 font-bold text-xl tracking-tight cursor-pointer"[31m
            [36m>[31m
              [36m<div[31m
                [33mclass[31m=[32m"w-8 h-8 bg-gradient-to-br from-orange-400 to-red-500 rounded-lg flex items-center justify-center shadow-lg shadow-orange-500/20"[31m
              [36m>[31m
                [36m<svg[31m
                  [33mclass[31m=[32m"lucide lucide-bot w-5 h-5 text-white"[31m
                  [33mfill[31m=[32m"none"[31m
                  [33mheight[31m=[32m"24"[31m
                  [33mstroke[31m=[32m"currentColor"[31m
                  [33mstroke-linecap[31m=[32m"round"[31m
                  [33mstroke-linejoin[31m=[32m"round"[31m
                  [33mstroke-width[31m=[32m"2"[31m
                  [33mviewBox[31m=[32m"0 0 24 24"[31m
                  [33mwidth[31m=[32m"24"[31m
                  [33mxmlns[31m=[32m"http://www.w3.org/2000/svg"[31m
                [36m>[31m
                  [36m<path[31m
                    [33md[31m=[32m"M12 8V4H8"[31m
                  [36m/>[31m
                  [36m<rect[31m
                    [33mheight[31m=[32m"12"[31m
                    [33mrx[31m=[32m"2"[31m
                    [33mwidth[31m=[32m"16"[31m
                    [33mx[31m=[32m"4"[31m
                    [33my[31m=[32m"8"[31m
                  [36m/>[31m
                  [36m<path[31m
                    [33md[31m=[32m"M2 14h2"[31m
                  [36m/>[31m
                  [36m<path[31m
                    [33md[31m=[32m"M20 14h2"[31m
                  [36m/>[31m
                  [36m<path[31m
                    [33md[31m=[32m"M15 13v2"[31m
                  [36m/>[31m
                  [36m<path[31m
                    [33md[31m=[32m"M9 13v2"[31m
                  [36m/>[31m
                [36m</svg>[31m
              [36m</div>[31m
              [36m<span[31m
                [33mclass[31m=[32m"text-white"[31m
              [36m>[31m
                [0mMango[0m
                [36m<span[31m
                  [33mclass[31m=[32m"text-orange-400"[31m
                [36m>[31m
                  [0mHelpdesk[0m
                [36m</span>[31m
              [36m</span>[31m
            [36m</div>[31m
            [36m<div[31m
              [33mclass[31m=[32m"hidden md:flex gap-6 text-sm font-medium text-slate-400"[31m
            [36m>[31m
              [36m<button[31m
                [33mclass[31m=[32m"hover:text-orange-400 transition-colors "[31m
              [36m>[31m
                [0mProblem[0m
              [36m</button>[31m
              [36m<button[31m
                [33mclass[31m=[32m"hover:text-orange-400 transition-colors "[31m
              [36m>[31m
                [0mSolution[0m
              [36m</button>[31m
              [36m<button[31m
                [33mclass[31m=[32m"hover:text-orange-400 transition-colors "[31m
              [36m>[31m
                [0mDemo[0m
              [36m</button>[31m
              [36m<button[31m
                [33mclass[31m=[32m"hover:text-orange-400 transition-colors "[31m
              [36m>[31m
                [0mImpact[0m
              [36m</button>[31m
            [36m</div>[31m
            [36m<div[31m
              [33mclass[31m=[32m"text-xs font-mono text-slate-500 border border-slate-700 px-3 py-1 rounded-full flex items-center gap-2"[31m
            [36m>[31m
              [36m<span[31m
                [33mclass[31m=[32m"w-2 h-2 rounded-full bg-green-500 animate-pulse"[31m
              [36m/>[31m
              [0mSystem Online v1.0.0[0m
            [36m</div>[31m
          [36m</div>[31m
        [36m</nav>[31m
        [36m<section[31m
          [33mclass[31m=[32m"relative z-10 pt-32 pb-20 px-6 flex flex-col items-center justify-center text-center min-h-[90vh] bg-grid-pattern overflow-hidden"[31m
          [33mid[31m=[32m"hero"[31m
        [36m>[31m
          [36m<div[31m
            [33mclass[31m=[32m"absolute inset-0 bg-gradient-to-b from-transparent via-[#0f172a]/50 to-[#0f172a] pointer-events-none"[31m
          [36m/>[31m
          [36m<div[31m
            [33mclass[31m=[32m"absolute inset-0 opacity-20 pointer-events-none"[31m
          [36m>[31m
            [36m<svg[31m
              [33mclass[31m=[32m"lucide lucide-database absolute top-[20%] left-[10%] w-16 h-16 text-purple-500 animate-float delay-100"[31m
              [33mfill[31m=[32m"none"[31m
              [33mheight[31m=[32m"24"[31m
              [33mstroke[31m=[32m"currentColor"[31m
              [33mstroke-linecap[31m=[32m"round"[31m
              [33mstroke-linejoin[31m=[32m"round"[31m
              [33mstroke-width[31m=[32m"2"[31m
              [33mviewBox[31m=[32m"0 0 24 24"[31m
              [33mwidth[31m=[32m"24"[31m
              [33mxmlns[31m=[32m"http://www.w3.org/2000/svg"[31m
            [36m>[31m
              [36m<ellipse[31m
                [33mcx[31m=[32m"12"[31m
                [33mcy[31m=[32m"5"[31m
                [33mrx[31m=[32m"9"[31m
                [33mry[31m=[32m"3"[31m
              [36m/>[31m
              [36m<path[31m
                [33md[31m=[32m"M3 5V19A9 3 0 0 0 21 19V5"[31m
              [36m/>[31m
              [36m<path[31m
                [33md[31m=[32m"M3 12A9 3 0 0 0 21 12"[31m
              [36m/>[31m
            [36m</svg>[31m
            [36m<svg[31m
              [33mclass[31m=[32m"lucide lucide-zap absolute top-[15%] right-[15%] w-12 h-12 text-orange-500 animate-float delay-300"[31m
              [33mfill[31m=[32m"none"[31m
              [33mheight[31m=[32m"24"[31m
              [33mstroke[31m=[32m"currentColor"[31m
              [33mstroke-linecap[31m=[32m"round"[31m
              [33mstroke-linejoin[31m=[32m"round"[31m
              [33mstroke-width[31m=[32m"2"[31m
              [33mviewBox[31m=[32m"0 0 24 24"[31m
              [33mwidth[31m=[32m"24"[31m
              [33mxmlns[31m=[32m"http://www.w3.org/2000/svg"[31m
            [36m>[31m
              [36m<polygon[31m
   ...[39m

node.exe : [31mโฏโฏโฏโฏโฏโฏ[1m[7m Failed 
Tests 25 [27m[22mโฏโฏโฏโฏโฏโฏโฏ[39m
At line:1 char:1
+ & "C:\Program Files\nodejs/node.exe" 
"C:\Users\com\AppData\Roaming\np ...
+ ~~~~~~~~~~~~~~~~~~~~~~~~~~~~~~~~~~~~~~~~~~~~~~~~~~~~
~~~~~~~~~~~~~~~~~
    + CategoryInfo          : NotSpecified: ([3    
1mโฏโฏโฏโ...ฏโฏโฏโฏ[39m:String) [], R    
emoteException
    + FullyQualifiedErrorId : NativeCommandError
 

[31m[1m[7m FAIL [27m[22m[39m src/__tests__/unit/
components/App.paranoid.test.jsx[2m > [22mApp 
Component - PARANOID MODE[2m > [22mInput Validation 
- PARANOID[2m > [22mshould reject empty messages
[31m[1mTestingLibraryElementError[22m[39m: Found 
multiple elements with the text: /^$/

Here are the matching elements:

Ignored nodes: comments, script, style
[36m<body>[39m
  [36m<div>[39m
    [36m<div[39m
      [33mclass[39m=[32m"min-h-screen bg-[#0f172a] 
text-slate-200 font-sans selection:bg-orange-500 
selection:text-white overflow-x-hidden relative"[39m
    [36m>[39m
      [36m<nav[39m
        [33mclass[39m=[32m"fixed w-full z-50 
glass-panel border-b-0 border-b-white/5 
backdrop-blur-xl bg-slate-900/80"[39m
      [36m>[39m
        [36m<div[39m
          [33mclass[39m=[32m"max-w-7xl mx-auto 
px-6 h-16 flex items-center justify-between"[39m
        [36m>[39m
          [36m<div[39m
            [33mclass[39m=[32m"flex items-center 
gap-2 font-bold text-xl tracking-tight 
cursor-pointer"[39m
          [36m>[39m
            [36m<div[39m
              [33mclass[39m=[32m"w-8 h-8 
bg-gradient-to-br from-orange-400 to-red-500 
rounded-lg flex items-center justify-center shadow-lg 
shadow-orange-500/20"[39m
            [36m>[39m
              [36m<svg[39m
                [33mclass[39m=[32m"lucide 
lucide-bot w-5 h-5 text-white"[39m
                [33mfill[39m=[32m"none"[39m
                [33mheight[39m=[32m"24"[39m
                
[33mstroke[39m=[32m"currentColor"[39m
                
[33mstroke-linecap[39m=[32m"round"[39m
                
[33mstroke-linejoin[39m=[32m"round"[39m
                [33mstroke-width[39m=[32m"2"[39m
                [33mviewBox[39m=[32m"0 0 24 
24"[39m
                [33mwidth[39m=[32m"24"[39m
                
[33mxmlns[39m=[32m"http://www.w3.org/2000/svg"[39m
              [36m>[39m
                [36m<path[39m
                  [33md[39m=[32m"M12 8V4H8"[39m
                [36m/>[39m
                [36m<rect[39m
                  [33mheight[39m=[32m"12"[39m
                  [33mrx[39m=[32m"2"[39m
                  [33mwidth[39m=[32m"16"[39m
                  [33mx[39m=[32m"4"[39m
                  [33my[39m=[32m"8"[39m
                [36m/>[39m
                [36m<path[39m
                  [33md[39m=[32m"M2 14h2"[39m
                [36m/>[39m
                [36m<path[39m
                  [33md[39m=[32m"M20 14h2"[39m
                [36m/>[39m
                [36m<path[39m
                  [33md[39m=[32m"M15 13v2"[39m
                [36m/>[39m
                [36m<path[39m
                  [33md[39m=[32m"M9 13v2"[39m
                [36m/>[39m
              [36m</svg>[39m
            [36m</div>[39m
            [36m<span[39m
              [33mclass[39m=[32m"text-white"[39m
            [36m>[39m
              [0mMango[0m
              [36m<span[39m
                
[33mclass[39m=[32m"text-orange-400"[39m
              [36m>[39m
                [0mHelpdesk[0m
              [36m</span>[39m
            [36m</span>[39m
          [36m</div>[39m
          [36m<div[39m
            [33mclass[39m=[32m"hidden md:flex 
gap-6 text-sm font-medium text-slate-400"[39m
          [36m>[39m
            [36m<button[39m
              
[33mclass[39m=[32m"hover:text-orange-400 
transition-colors "[39m
            [36m>[39m
              [0mProblem[0m
            [36m</button>[39m
            [36m<button[39m
              
[33mclass[39m=[32m"hover:text-orange-400 
transition-colors "[39m
            [36m>[39m
              [0mSolution[0m
            [36m</button>[39m
            [36m<button[39m
              
[33mclass[39m=[32m"hover:text-orange-400 
transition-colors "[39m
            [36m>[39m
              [0mDemo[0m
            [36m</button>[39m
            [36m<button[39m
              
[33mclass[39m=[32m"hover:text-orange-400 
transition-colors "[39m
            [36m>[39m
              [0mImpact[0m
            [36m</button>[39m
          [36m</div>[39m
          [36m<div[39m
            [33mclass[39m=[32m"text-xs font-mono 
text-slate-500 border border-slate-700 px-3 py-1 
rounded-full flex items-center gap-2"[39m
          [36m>[39m
            [36m<span[39m
              [33mclass[39m=[32m"w-2 h-2 
rounded-full bg-green-500 animate-pulse"[39m
            [36m/>[39m
            [0mSystem Online v1.0.0[0m
          [36m</div>[39m
        [36m</div>[39m
      [36m</nav>[39m
      [36m<section[39m
        [33mclass[39m=[32m"relative z-10 pt-32 
pb-20 px-6 flex flex-col items-center justify-center 
text-center min-h-[90vh] bg-grid-pattern 
overflow-hidden"[39m
        [33mid[39m=[32m"hero"[39m
      [36m>[39m
        [36m<div[39m
          [33mclass[39m=[32m"absolute inset-0 
bg-gradient-to-b from-transparent via-[#0f172a]/50 
to-[#0f172a] pointer-events-none"[39m
        [36m/>[39m
        [36m<div[39m
          [33mclass[39m=[32m"absolute inset-0 
opacity-20 pointer-events-none"[39m
        [36m>[39m
          [36m<svg[39m
            [33mclass[39m=[32m"lucide 
lucide-database absolute top-[20%] left-[10%] w-16 
h-16 text-purple-500 animate-float delay-100"[39m
            [33mfill[39m=[32m"none"[39m
            [33mheight[39m=[32m"24"[39m
            [33mstroke[39m=[32m"currentColor"[39m
            [33mstroke-linecap[39m=[32m"round"[39m
            
[33mstroke-linejoin[39m=[32m"round"[39m
            [33mstroke-width[39m=[32m"2"[39m
            [33mviewBox[39m=[32m"0 0 24 24"[39m
            [33mwidth[39m=[32m"24"[39m
            
[33mxmlns[39m=[32m"http://www.w3.org/2000/svg"[39m
          [36m>[39m
            [36m<ellipse[39m
              [33mcx[39m=[32m"12"[39m
              [33mcy[39m=[32m"5"[39m
              [33mrx[39m=[32m"9"[39m
              [33mry[39m=[32m"3"[39m
            [36m/>[39m
            [36m<path[39m
              [33md[39m=[32m"M3 5V19A9 3 0 0 0 21 
19V5"[39m
            [36m/>[39m
            [36m<path[39m
              [33md[39m=[32m"M3 12A9 3 0 0 0 21 
12"[39m
            [36m/>[39m
          [36m</svg>[39m
          [36m<svg[39m
            [33mclass[39m=[32m"lucide lucide-zap 
absolute top-[15%] right-[15%] w-12 h-12 
text-orange-500 animate-float delay-300"[39m
            [33mfill[39m=[32m"none"[39m
            [33mheight[39m=[32m"24"[39m
            [33mstroke[39m=[32m"currentColor"[39m
            [33mstroke-linecap[39m=[32m"round"[39m
            
[33mstroke-linejoin[39m=[32m"round"[39m
            [33mstroke-width[39m=[32m"2"[39m
            [33mviewBox[39m=[32m"0 0 24 24"[39m
            [33mwidth[39m=[32m"24"[39m
            
[33mxmlns[39m=[32m"http://www.w3.org/2000/svg"[39m
          [36m>[39m
            [36m<polygon[39m
              [33mpoints[39m=[32m"13 2 3 14 12 14 
11 22 21 10 12 10 13 2"[39m
            [36m/>[39m
          [36m</svg>[39m
          [36m<svg[39m
            [33mclass[39m=[32m"lucide 
lucide-shield-alert absolute bottom-[30%] left-[20%] 
w-10 h-10 text-green-500 animate-float delay-500"[39m
            [33mfill[39m=[32m"none"[39m
            [33mheight[39m...

Ignored nodes: comments, script, style
[36m<div>[39m
  [36m<div[39m
    [33mclass[39m=[32m"min-h-screen bg-[#0f172a] 
text-slate-200 font-sans selection:bg-orange-500 
selection:text-white overflow-x-hidden relative"[39m
  [36m>[39m
    [36m<nav[39m
      [33mclass[39m=[32m"fixed w-full z-50 
glass-panel border-b-0 border-b-white/5 
backdrop-blur-xl bg-slate-900/80"[39m
    [36m>[39m
      [36m<div[39m
        [33mclass[39m=[32m"max-w-7xl mx-auto px-6 
h-16 flex items-center justify-between"[39m
      [36m>[39m
        [36m<div[39m
          [33mclass[39m=[32m"flex items-center 
gap-2 font-bold text-xl tracking-tight 
cursor-pointer"[39m
        [36m>[39m
          [36m<div[39m
            [33mclass[39m=[32m"w-8 h-8 
bg-gradient-to-br from-orange-400 to-red-500 
rounded-lg flex items-center justify-center shadow-lg 
shadow-orange-500/20"[39m
          [36m>[39m
            [36m<svg[39m
              [33mclass[39m=[32m"lucide lucide-bot 
w-5 h-5 text-white"[39m
              [33mfill[39m=[32m"none"[39m
              [33mheight[39m=[32m"24"[39m
              
[33mstroke[39m=[32m"currentColor"[39m
              
[33mstroke-linecap[39m=[32m"round"[39m
              
[33mstroke-linejoin[39m=[32m"round"[39m
              [33mstroke-width[39m=[32m"2"[39m
              [33mviewBox[39m=[32m"0 0 24 24"[39m
              [33mwidth[39m=[32m"24"[39m
              
[33mxmlns[39m=[32m"http://www.w3.org/2000/svg"[39m
            [36m>[39m
              [36m<path[39m
                [33md[39m=[32m"M12 8V4H8"[39m
              [36m/>[39m
              [36m<rect[39m
                [33mheight[39m=[32m"12"[39m
                [33mrx[39m=[32m"2"[39m
                [33mwidth[39m=[32m"16"[39m
                [33mx[39m=[32m"4"[39m
                [33my[39m=[32m"8"[39m
              [36m/>[39m
              [36m<path[39m
                [33md[39m=[32m"M2 14h2"[39m
              [36m/>[39m
              [36m<path[39m
                [33md[39m=[32m"M20 14h2"[39m
              [36m/>[39m
              [36m<path[39m
                [33md[39m=[32m"M15 13v2"[39m
              [36m/>[39m
              [36m<path[39m
                [33md[39m=[32m"M9 13v2"[39m
              [36m/>[39m
            [36m</svg>[39m
          [36m</div>[39m
          [36m<span[39m
            [33mclass[39m=[32m"text-white"[39m
          [36m>[39m
            [0mMango[0m
            [36m<span[39m
              
[33mclass[39m=[32m"text-orange-400"[39m
            [36m>[39m
              [0mHelpdesk[0m
            [36m</span>[39m
          [36m</span>[39m
        [36m</div>[39m
        [36m<div[39m
          [33mclass[39m=[32m"hidden md:flex gap-6 
text-sm font-medium text-slate-400"[39m
        [36m>[39m
          [36m<button[39m
            
[33mclass[39m=[32m"hover:text-orange-400 
transition-colors "[39m
          [36m>[39m
            [0mProblem[0m
          [36m</button>[39m
          [36m<button[39m
            
[33mclass[39m=[32m"hover:text-orange-400 
transition-colors "[39m
          [36m>[39m
            [0mSolution[0m
          [36m</button>[39m
          [36m<button[39m
            
[33mclass[39m=[32m"hover:text-orange-400 
transition-colors "[39m
          [36m>[39m
            [0mDemo[0m
          [36m</button>[39m
          [36m<button[39m
            
[33mclass[39m=[32m"hover:text-orange-400 
transition-colors "[39m
          [36m>[39m
            [0mImpact[0m
          [36m</button>[39m
        [36m</div>[39m
        [36m<div[39m
          [33mclass[39m=[32m"text-xs font-mono 
text-slate-500 border border-slate-700 px-3 py-1 
rounded-full flex items-center gap-2"[39m
        [36m>[39m
          [36m<span[39m
            [33mclass[39m=[32m"w-2 h-2 
rounded-full bg-green-500 animate-pulse"[39m
          [36m/>[39m
          [0mSystem Online v1.0.0[0m
        [36m</div>[39m
      [36m</div>[39m
    [36m</nav>[39m
    [36m<section[39m
      [33mclass[39m=[32m"relative z-10 pt-32 pb-20 
px-6 flex flex-col items-center justify-center 
text-center min-h-[90vh] bg-grid-pattern 
overflow-hidden"[39m
      [33mid[39m=[32m"hero"[39m
    [36m>[39m
      [36m<div[39m
        [33mclass[39m=[32m"absolute inset-0 
bg-gradient-to-b from-transparent via-[#0f172a]/50 
to-[#0f172a] pointer-events-none"[39m
      [36m/>[39m
      [36m<div[39m
        [33mclass[39m=[32m"absolute inset-0 
opacity-20 pointer-events-none"[39m
      [36m>[39m
        [36m<svg[39m
          [33mclass[39m=[32m"lucide 
lucide-database absolute top-[20%] left-[10%] w-16 
h-16 text-purple-500 animate-float delay-100"[39m
          [33mfill[39m=[32m"none"[39m
          [33mheight[39m=[32m"24"[39m
          [33mstroke[39m=[32m"currentColor"[39m
          [33mstroke-linecap[39m=[32m"round"[39m
          [33mstroke-linejoin[39m=[32m"round"[39m
          [33mstroke-width[39m=[32m"2"[39m
          [33mviewBox[39m=[32m"0 0 24 24"[39m
          [33mwidth[39m=[32m"24"[39m
          
[33mxmlns[39m=[32m"http://www.w3.org/2000/svg"[39m
        [36m>[39m
          [36m<ellipse[39m
            [33mcx[39m=[32m"12"[39m
            [33mcy[39m=[32m"5"[39m
            [33mrx[39m=[32m"9"[39m
            [33mry[39m=[32m"3"[39m
          [36m/>[39m
          [36m<path[39m
            [33md[39m=[32m"M3 5V19A9 3 0 0 0 21 
19V5"[39m
          [36m/>[39m
          [36m<path[39m
            [33md[39m=[32m"M3 12A9 3 0 0 0 21 
12"[39m
          [36m/>[39m
        [36m</svg>[39m
        [36m<svg[39m
          [33mclass[39m=[32m"lucide lucide-zap 
absolute top-[15%] right-[15%] w-12 h-12 
text-orange-500 animate-float delay-300"[39m
          [33mfill[39m=[32m"none"[39m
          [33mheight[39m=[32m"24"[39m
          [33mstroke[39m=[32m"currentColor"[39m
          [33mstroke-linecap[39m=[32m"round"[39m
          [33mstroke-linejoin[39m=[32m"round"[39m
          [33mstroke-width[39m=[32m"2"[39m
          [33mviewBox[39m=[32m"0 0 24 24"[39m
          [33mwidth[39m=[32m"24"[39m
          
[33mxmlns[39m=[32m"http://www.w3.org/2000/svg"[39m
        [36m>[39m
          [36m<polygon[39m
            [33mpoints[39m=[32m"13 2 3 14 12 14 11 
22 21 10 12 10 13 2"[39m
          [36m/>[39m
        [36m</svg>[39m
        [36m<svg[39m
          [33mclass[39m=[32m"lucide 
lucide-shield-alert absolute bottom-[30%] left-[20%] 
w-10 h-10 text-green-500 animate-float delay-500"[39m
          [33mfill[39m=[32m"none"[39m
          [33mheight[39m=[32m"24"[39m
          [33mstroke[39m=[32m"currentColor"[39m
          [33mstroke-linecap[39m=[32m"round"[39m
          [33mstroke-linejoin[39m=[32m"round"[39m
          [33mstroke-width[39m=[32m"2"[39m
          [33mviewBox[39m=[32m"0 0 24 24"[39m
          [33mwidth[39m=[32m"24"[39m
        ...

Ignored nodes: comments, script, style
[36m<div[39m
  [33mclass[39m=[32m"min-h-screen bg-[#0f172a] 
text-slate-200 font-sans selection:bg-orange-500 
selection:text-white overflow-x-hidden relative"[39m
[36m>[39m
  [36m<nav[39m
    [33mclass[39m=[32m"fixed w-full z-50 
glass-panel border-b-0 border-b-white/5 
backdrop-blur-xl bg-slate-900/80"[39m
  [36m>[39m
    [36m<div[39m
      [33mclass[39m=[32m"max-w-7xl mx-auto px-6 
h-16 flex items-center justify-between"[39m
    [36m>[39m
      [36m<div[39m
        [33mclass[39m=[32m"flex items-center gap-2 
font-bold text-xl tracking-tight cursor-pointer"[39m
      [36m>[39m
        [36m<div[39m
          [33mclass[39m=[32m"w-8 h-8 
bg-gradient-to-br from-orange-400 to-red-500 
rounded-lg flex items-center justify-center shadow-lg 
shadow-orange-500/20"[39m
        [36m>[39m
          [36m<svg[39m
            [33mclass[39m=[32m"lucide lucide-bot 
w-5 h-5 text-white"[39m
            [33mfill[39m=[32m"none"[39m
            [33mheight[39m=[32m"24"[39m
            [33mstroke[39m=[32m"currentColor"[39m
            [33mstroke-linecap[39m=[32m"round"[39m
            
[33mstroke-linejoin[39m=[32m"round"[39m
            [33mstroke-width[39m=[32m"2"[39m
            [33mviewBox[39m=[32m"0 0 24 24"[39m
            [33mwidth[39m=[32m"24"[39m
            
[33mxmlns[39m=[32m"http://www.w3.org/2000/svg"[39m
          [36m>[39m
            [36m<path[39m
              [33md[39m=[32m"M12 8V4H8"[39m
            [36m/>[39m
            [36m<rect[39m
              [33mheight[39m=[32m"12"[39m
              [33mrx[39m=[32m"2"[39m
              [33mwidth[39m=[32m"16"[39m
              [33mx[39m=[32m"4"[39m
              [33my[39m=[32m"8"[39m
            [36m/>[39m
            [36m<path[39m
              [33md[39m=[32m"M2 14h2"[39m
            [36m/>[39m
            [36m<path[39m
              [33md[39m=[32m"M20 14h2"[39m
            [36m/>[39m
            [36m<path[39m
              [33md[39m=[32m"M15 13v2"[39m
            [36m/>[39m
            [36m<path[39m
              [33md[39m=[32m"M9 13v2"[39m
            [36m/>[39m
          [36m</svg>[39m
        [36m</div>[39m
        [36m<span[39m
          [33mclass[39m=[32m"text-white"[39m
        [36m>[39m
          [0mMango[0m
          [36m<span[39m
            
[33mclass[39m=[32m"text-orange-400"[39m
          [36m>[39m
            [0mHelpdesk[0m
          [36m</span>[39m
        [36m</span>[39m
      [36m</div>[39m
      [36m<div[39m
        [33mclass[39m=[32m"hidden md:flex gap-6 
text-sm font-medium text-slate-400"[39m
      [36m>[39m
        [36m<button[39m
          [33mclass[39m=[32m"hover:text-orange-400 
transition-colors "[39m
        [36m>[39m
          [0mProblem[0m
        [36m</button>[39m
        [36m<button[39m
          [33mclass[39m=[32m"hover:text-orange-400 
transition-colors "[39m
        [36m>[39m
          [0mSolution[0m
        [36m</button>[39m
        [36m<button[39m
          [33mclass[39m=[32m"hover:text-orange-400 
transition-colors "[39m
        [36m>[39m
          [0mDemo[0m
        [36m</button>[39m
        [36m<button[39m
          [33mclass[39m=[32m"hover:text-orange-400 
transition-colors "[39m
        [36m>[39m
          [0mImpact[0m
        [36m</button>[39m
      [36m</div>[39m
      [36m<div[39m
        [33mclass[39m=[32m"text-xs font-mono 
text-slate-500 border border-slate-700 px-3 py-1 
rounded-full flex items-center gap-2"[39m
      [36m>[39m
        [36m<span[39m
          [33mclass[39m=[32m"w-2 h-2 rounded-full 
bg-green-500 animate-pulse"[39m
        [36m/>[39m
        [0mSystem Online v1.0.0[0m
      [36m</div>[39m
    [36m</div>[39m
  [36m</nav>[39m
  [36m<section[39m
    [33mclass[39m=[32m"relative z-10 pt-32 pb-20 
px-6 flex flex-col items-center justify-center 
text-center min-h-[90vh] bg-grid-pattern 
overflow-hidden"[39m
    [33mid[39m=[32m"hero"[39m
  [36m>[39m
    [36m<div[39m
      [33mclass[39m=[32m"absolute inset-0 
bg-gradient-to-b from-transparent via-[#0f172a]/50 
to-[#0f172a] pointer-events-none"[39m
    [36m/>[39m
    [36m<div[39m
      [33mclass[39m=[32m"absolute inset-0 
opacity-20 pointer-events-none"[39m
    [36m>[39m
      [36m<svg[39m
        [33mclass[39m=[32m"lucide lucide-database 
absolute top-[20%] left-[10%] w-16 h-16 
text-purple-500 animate-float delay-100"[39m
        [33mfill[39m=[32m"none"[39m
        [33mheight[39m=[32m"24"[39m
        [33mstroke[39m=[32m"currentColor"[39m
        [33mstroke-linecap[39m=[32m"round"[39m
        [33mstroke-linejoin[39m=[32m"round"[39m
        [33mstroke-width[39m=[32m"2"[39m
        [33mviewBox[39m=[32m"0 0 24 24"[39m
        [33mwidth[39m=[32m"24"[39m
        
[33mxmlns[39m=[32m"http://www.w3.org/2000/svg"[39m
      [36m>[39m
        [36m<ellipse[39m
          [33mcx[39m=[32m"12"[39m
          [33mcy[39m=[32m"5"[39m
          [33mrx[39m=[32m"9"[39m
          [33mry[39m=[32m"3"[39m
        [36m/>[39m
        [36m<path[39m
          [33md[39m=[32m"M3 5V19A9 3 0 0 0 21 
19V5"[39m
        [36m/>[39m
        [36m<path[39m
          [33md[39m=[32m"M3 12A9 3 0 0 0 21 
12"[39m
        [36m/>[39m
      [36m</svg>[39m
      [36m<svg[39m
        [33mclass[39m=[32m"lucide lucide-zap 
absolute top-[15%] right-[15%] w-12 h-12 
text-orange-500 animate-float delay-300"[39m
        [33mfill[39m=[32m"none"[39m
        [33mheight[39m=[32m"24"[39m
        [33mstroke[39m=[32m"currentColor"[39m
        [33mstroke-linecap[39m=[32m"round"[39m
        [33mstroke-linejoin[39m=[32m"round"[39m
        [33mstroke-width[39m=[32m"2"[39m
        [33mviewBox[39m=[32m"0 0 24 24"[39m
        [33mwidth[39m=[32m"24"[39m
        
[33mxmlns[39m=[32m"http://www.w3.org/2000/svg"[39m
      [36m>[39m
        [36m<polygon[39m
          [33mpoints[39m=[32m"13 2 3 14 12 14 11 
22 21 10 12 10 13 2"[39m
        [36m/>[39m
      [36m</svg>[39m
      [36m<svg[39m
        [33mclass[39m=[32m"lucide 
lucide-shield-alert absolute bottom-[30%] left-[20%] 
w-10 h-10 text-green-500 animate-float delay-500"[39m
        [33mfill[39m=[32m"none"[39m
        [33mheight[39m=[32m"24"[39m
        [33mstroke[39m=[32m"currentColor"[39m
        [33mstroke-linecap[39m=[32m"round"[39m
        [33mstroke-linejoin[39m=[32m"round"[39m
        [33mstroke-width[39m=[32m"2"[39m
        [33mviewBox[39m=[32m"0 0 24 24"[39m
        [33mwidth[39m=[32m"24"[39m
        
[33mxmlns[39m=[32m"http://www.w3.org/2000/svg"[39m
      [36m>[39m
        [36m<path[39m
          [33md[39m=[32m"M20 13c0 5-3.5 7.5-7.66 
8.95a1 1 0 0 1-.67-.01C7.5 20.5 4 18 4 13V6a1 1 0 0 1 
1-1c2 0 4.5-1.2 6.24-2.72a1.17 1.17 0 0 1 1.52 
0C14.51 3.81 17 5 19 5a1 1 0 0 1 1 1z"[39m
        [36m/>[39m
        [36m<p...

Ignored nodes: comments, script, style
[36m<nav[39m
  [33mclass[39m=[32m"fixed w-full z-50 glass-panel 
border-b-0 border-b-white/5 backdrop-blur-xl 
bg-slate-900/80"[39m
[36m>[39m
  [36m<div[39m
    [33mclass[39m=[32m"max-w-7xl mx-auto px-6 h-16 
flex items-center justify-between"[39m
  [36m>[39m
    [36m<div[39m
      [33mclass[39m=[32m"flex items-center gap-2 
font-bold text-xl tracking-tight cursor-pointer"[39m
    [36m>[39m
      [36m<div[39m
        [33mclass[39m=[32m"w-8 h-8 
bg-gradient-to-br from-orange-400 to-red-500 
rounded-lg flex items-center justify-center shadow-lg 
shadow-orange-500/20"[39m
      [36m>[39m
        [36m<svg[39m
          [33mclass[39m=[32m"lucide lucide-bot w-5 
h-5 text-white"[39m
          [33mfill[39m=[32m"none"[39m
          [33mheight[39m=[32m"24"[39m
          [33mstroke[39m=[32m"currentColor"[39m
          [33mstroke-linecap[39m=[32m"round"[39m
          [33mstroke-linejoin[39m=[32m"round"[39m
          [33mstroke-width[39m=[32m"2"[39m
          [33mviewBox[39m=[32m"0 0 24 24"[39m
          [33mwidth[39m=[32m"24"[39m
          
[33mxmlns[39m=[32m"http://www.w3.org/2000/svg"[39m
        [36m>[39m
          [36m<path[39m
            [33md[39m=[32m"M12 8V4H8"[39m
          [36m/>[39m
          [36m<rect[39m
            [33mheight[39m=[32m"12"[39m
            [33mrx[39m=[32m"2"[39m
            [33mwidth[39m=[32m"16"[39m
            [33mx[39m=[32m"4"[39m
            [33my[39m=[32m"8"[39m
          [36m/>[39m
          [36m<path[39m
            [33md[39m=[32m"M2 14h2"[39m
          [36m/>[39m
          [36m<path[39m
            [33md[39m=[32m"M20 14h2"[39m
          [36m/>[39m
          [36m<path[39m
            [33md[39m=[32m"M15 13v2"[39m
          [36m/>[39m
          [36m<path[39m
            [33md[39m=[32m"M9 13v2"[39m
          [36m/>[39m
        [36m</svg>[39m
      [36m</div>[39m
      [36m<span[39m
        [33mclass[39m=[32m"text-white"[39m
      [36m>[39m
        [0mMango[0m
        [36m<span[39m
          [33mclass[39m=[32m"text-orange-400"[39m
        [36m>[39m
          [0mHelpdesk[0m
        [36m</span>[39m
      [36m</span>[39m
    [36m</div>[39m
    [36m<div[39m
      [33mclass[39m=[32m"hidden md:flex gap-6 
text-sm font-medium text-slate-400"[39m
    [36m>[39m
      [36m<button[39m
        [33mclass[39m=[32m"hover:text-orange-400 
transition-colors "[39m
      [36m>[39m
        [0mProblem[0m
      [36m</button>[39m
      [36m<button[39m
        [33mclass[39m=[32m"hover:text-orange-400 
transition-colors "[39m
      [36m>[39m
        [0mSolution[0m
      [36m</button>[39m
      [36m<button[39m
        [33mclass[39m=[32m"hover:text-orange-400 
transition-colors "[39m
      [36m>[39m
        [0mDemo[0m
      [36m</button>[39m
      [36m<button[39m
        [33mclass[39m=[32m"hover:text-orange-400 
transition-colors "[39m
      [36m>[39m
        [0mImpact[0m
      [36m</button>[39m
    [36m</div>[39m
    [36m<div[39m
      [33mclass[39m=[32m"text-xs font-mono 
text-slate-500 border border-slate-700 px-3 py-1 
rounded-full flex items-center gap-2"[39m
    [36m>[39m
      [36m<span[39m
        [33mclass[39m=[32m"w-2 h-2 rounded-full 
bg-green-500 animate-pulse"[39m
      [36m/>[39m
      [0mSystem Online v1.0.0[0m
    [36m</div>[39m
  [36m</div>[39m
[36m</nav>[39m

Ignored nodes: comments, script, style
[36m<div[39m
  [33mclass[39m=[32m"max-w-7xl mx-auto px-6 h-16 
flex items-center justify-between"[39m
[36m>[39m
  [36m<div[39m
    [33mclass[39m=[32m"flex items-center gap-2 
font-bold text-xl tracking-tight cursor-pointer"[39m
  [36m>[39m
    [36m<div[39m
      [33mclass[39m=[32m"w-8 h-8 bg-gradient-to-br 
from-orange-400 to-red-500 rounded-lg flex 
items-center justify-center shadow-lg 
shadow-orange-500/20"[39m
    [36m>[39m
      [36m<svg[39m
        [33mclass[39m=[32m"lucide lucide-bot w-5 
h-5 text-white"[39m
        [33mfill[39m=[32m"none"[39m
        [33mheight[39m=[32m"24"[39m
        [33mstroke[39m=[32m"currentColor"[39m
        [33mstroke-linecap[39m=[32m"round"[39m
        [33mstroke-linejoin[39m=[32m"round"[39m
        [33mstroke-width[39m=[32m"2"[39m
        [33mviewBox[39m=[32m"0 0 24 24"[39m
        [33mwidth[39m=[32m"24"[39m
        
[33mxmlns[39m=[32m"http://www.w3.org/2000/svg"[39m
      [36m>[39m
        [36m<path[39m
          [33md[39m=[32m"M12 8V4H8"[39m
        [36m/>[39m
        [36m<rect[39m
          [33mheight[39m=[32m"12"[39m
          [33mrx[39m=[32m"2"[39m
          [33mwidth[39m=[32m"16"[39m
          [33mx[39m=[32m"4"[39m
          [33my[39m=[32m"8"[39m
        [36m/>[39m
        [36m<path[39m
          [33md[39m=[32m"M2 14h2"[39m
        [36m/>[39m
        [36m<path[39m
          [33md[39m=[32m"M20 14h2"[39m
        [36m/>[39m
        [36m<path[39m
          [33md[39m=[32m"M15 13v2"[39m
        [36m/>[39m
        [36m<path[39m
          [33md[39m=[32m"M9 13v2"[39m
        [36m/>[39m
      [36m</svg>[39m
    [36m</div>[39m
    [36m<span[39m
      [33mclass[39m=[32m"text-white"[39m
    [36m>[39m
      [0mMango[0m
      [36m<span[39m
        [33mclass[39m=[32m"text-orange-400"[39m
      [36m>[39m
        [0mHelpdesk[0m
      [36m</span>[39m
    [36m</span>[39m
  [36m</div>[39m
  [36m<div[39m
    [33mclass[39m=[32m"hidden md:flex gap-6 
text-sm font-medium text-slate-400"[39m
  [36m>[39m
    [36m<button[39m
      [33mclass[39m=[32m"hover:text-orange-400 
transition-colors "[39m
    [36m>[39m
      [0mProblem[0m
    [36m</button>[39m
    [36m<button[39m
      [33mclass[39m=[32m"hover:text-orange-400 
transition-colors "[39m
    [36m>[39m
      [0mSolution[0m
    [36m</button>[39m
    [36m<button[39m
      [33mclass[39m=[32m"hover:text-orange-400 
transition-colors "[39m
    [36m>[39m
      [0mDemo[0m
    [36m</button>[39m
    [36m<button[39m
      [33mclass[39m=[32m"hover:text-orange-400 
transition-colors "[39m
    [36m>[39m
      [0mImpact[0m
    [36m</button>[39m
  [36m</div>[39m
  [36m<div[39m
    [33mclass[39m=[32m"text-xs font-mono 
text-slate-500 border border-slate-700 px-3 py-1 
rounded-full flex items-center gap-2"[39m
  [36m>[39m
    [36m<span[39m
      [33mclass[39m=[32m"w-2 h-2 rounded-full 
bg-green-500 animate-pulse"[39m
    [36m/>[39m
    [0mSystem Online v1.0.0[0m
  [36m</div>[39m
[36m</div>[39m

Ignored nodes: comments, script, style
[36m<div[39m
  [33mclass[39m=[32m"flex items-center gap-2 
font-bold text-xl tracking-tight cursor-pointer"[39m
[36m>[39m
  [36m<div[39m
    [33mclass[39m=[32m"w-8 h-8 bg-gradient-to-br 
from-orange-400 to-red-500 rounded-lg flex 
items-center justify-center shadow-lg 
shadow-orange-500/20"[39m
  [36m>[39m
    [36m<svg[39m
      [33mclass[39m=[32m"lucide lucide-bot w-5 h-5 
text-white"[39m
      [33mfill[39m=[32m"none"[39m
      [33mheight[39m=[32m"24"[39m
      [33mstroke[39m=[32m"currentColor"[39m
      [33mstroke-linecap[39m=[32m"round"[39m
      [33mstroke-linejoin[39m=[32m"round"[39m
      [33mstroke-width[39m=[32m"2"[39m
      [33mviewBox[39m=[32m"0 0 24 24"[39m
      [33mwidth[39m=[32m"24"[39m
      
[33mxmlns[39m=[32m"http://www.w3.org/2000/svg"[39m
    [36m>[39m
      [36m<path[39m
        [33md[39m=[32m"M12 8V4H8"[39m
      [36m/>[39m
      [36m<rect[39m
        [33mheight[39m=[32m"12"[39m
        [33mrx[39m=[32m"2"[39m
        [33mwidth[39m=[32m"16"[39m
        [33mx[39m=[32m"4"[39m
        [33my[39m=[32m"8"[39m
      [36m/>[39m
      [36m<path[39m
        [33md[39m=[32m"M2 14h2"[39m
      [36m/>[39m
      [36m<path[39m
        [33md[39m=[32m"M20 14h2"[39m
      [36m/>[39m
      [36m<path[39m
        [33md[39m=[32m"M15 13v2"[39m
      [36m/>[39m
      [36m<path[39m
        [33md[39m=[32m"M9 13v2"[39m
      [36m/>[39m
    [36m</svg>[39m
  [36m</div>[39m
  [36m<span[39m
    [33mclass[39m=[32m"text-white"[39m
  [36m>[39m
    [0mMango[0m
    [36m<span[39m
      [33mclass[39m=[32m"text-orange-400"[39m
    [36m>[39m
      [0mHelpdesk[0m
    [36m</span>[39m
  [36m</span>[39m
[36m</div>[39m

Ignored nodes: comments, script, style
[36m<div[39m
  [33mclass[39m=[32m"w-8 h-8 bg-gradient-to-br 
from-orange-400 to-red-500 rounded-lg flex 
items-center justify-center shadow-lg 
shadow-orange-500/20"[39m
[36m>[39m
  [36m<svg[39m
    [33mclass[39m=[32m"lucide lucide-bot w-5 h-5 
text-white"[39m
    [33mfill[39m=[32m"none"[39m
    [33mheight[39m=[32m"24"[39m
    [33mstroke[39m=[32m"currentColor"[39m
    [33mstroke-linecap[39m=[32m"round"[39m
    [33mstroke-linejoin[39m=[32m"round"[39m
    [33mstroke-width[39m=[32m"2"[39m
    [33mviewBox[39m=[32m"0 0 24 24"[39m
    [33mwidth[39m=[32m"24"[39m
    
[33mxmlns[39m=[32m"http://www.w3.org/2000/svg"[39m
  [36m>[39m
    [36m<path[39m
      [33md[39m=[32m"M12 8V4H8"[39m
    [36m/>[39m
    [36m<rect[39m
      [33mheight[39m=[32m"12"[39m
      [33mrx[39m=[32m"2"[39m
      [33mwidth[39m=[32m"16"[39m
      [33mx[39m=[32m"4"[39m
      [33my[39m=[32m"8"[39m
    [36m/>[39m
    [36m<path[39m
      [33md[39m=[32m"M2 14h2"[39m
    [36m/>[39m
    [36m<path[39m
      [33md[39m=[32m"M20 14h2"[39m
    [36m/>[39m
    [36m<path[39m
      [33md[39m=[32m"M15 13v2"[39m
    [36m/>[39m
    [36m<path[39m
      [33md[39m=[32m"M9 13v2"[39m
    [36m/>[39m
  [36m</svg>[39m
[36m</div>[39m

Ignored nodes: comments, script, style
[36m<svg[39m
  [33mclass[39m=[32m"lucide lucide-bot w-5 h-5 
text-white"[39m
  [33mfill[39m=[32m"none"[39m
  [33mheight[39m=[32m"24"[39m
  [33mstroke[39m=[32m"currentColor"[39m
  [33mstroke-linecap[39m=[32m"round"[39m
  [33mstroke-linejoin[39m=[32m"round"[39m
  [33mstroke-width[39m=[32m"2"[39m
  [33mviewBox[39m=[32m"0 0 24 24"[39m
  [33mwidth[39m=[32m"24"[39m
  
[33mxmlns[39m=[32m"http://www.w3.org/2000/svg"[39m
[36m>[39m
  [36m<path[39m
    [33md[39m=[32m"M12 8V4H8"[39m
  [36m/>[39m
  [36m<rect[39m
    [33mheight[39m=[32m"12"[39m
    [33mrx[39m=[32m"2"[39m
    [33mwidth[39m=[32m"16"[39m
    [33mx[39m=[32m"4"[39m
    [33my[39m=[32m"8"[39m
  [36m/>[39m
  [36m<path[39m
    [33md[39m=[32m"M2 14h2"[39m
  [36m/>[39m
  [36m<path[39m
    [33md[39m=[32m"M20 14h2"[39m
  [36m/>[39m
  [36m<path[39m
    [33md[39m=[32m"M15 13v2"[39m
  [36m/>[39m
  [36m<path[39m
    [33md[39m=[32m"M9 13v2"[39m
  [36m/>[39m
[36m</svg>[39m

Ignored nodes: comments, script, style
[36m<path[39m
  [33md[39m=[32m"M12 8V4H8"[39m
[36m/>[39m

Ignored nodes: comments, script, style
[36m<rect[39m
  [33mheight[39m=[32m"12"[39m
  [33mrx[39m=[32m"2"[39m
  [33mwidth[39m=[32m"16"[39m
  [33mx[39m=[32m"4"[39m
  [33my[39m=[32m"8"[39m
[36m/>[39m

Ignored nodes: comments, script, style
[36m<path[39m
  [33md[39m=[32m"M2 14h2"[39m
[36m/>[39m

Ignored nodes: comments, script, style
[36m<path[39m
  [33md[39m=[32m"M20 14h2"[39m
[36m/>[39m

Ignored nodes: comments, script, style
[36m<path[39m
  [33md[39m=[32m"M15 13v2"[39m
[36m/>[39m

Ignored nodes: comments, script, style
[36m<path[39m
  [33md[39m=[32m"M9 13v2"[39m
[36m/>[39m

Ignored nodes: comments, script, style
[36m<div[39m
  [33mclass[39m=[32m"hidden md:flex gap-6 text-sm 
font-medium text-slate-400"[39m
[36m>[39m
  [36m<button[39m
    [33mclass[39m=[32m"hover:text-orange-400 
transition-colors "[39m
  [36m>[39m
    [0mProblem[0m
  [36m</button>[39m
  [36m<button[39m
    [33mclass[39m=[32m"hover:text-orange-400 
transition-colors "[39m
  [36m>[39m
    [0mSolution[0m
  [36m</button>[39m
  [36m<button[39m
    [33mclass[39m=[32m"hover:text-orange-400 
transition-colors "[39m
  [36m>[39m
    [0mDemo[0m
  [36m</button>[39m
  [36m<button[39m
    [33mclass[39m=[32m"hover:text-orange-400 
transition-colors "[39m
  [36m>[39m
    [0mImpact[0m
  [36m</button>[39m
[36m</div>[39m

Ignored nodes: comments, script, style
[36m<span[39m
  [33mclass[39m=[32m"w-2 h-2 rounded-full 
bg-green-500 animate-pulse"[39m
[36m/>[39m

Ignored nodes: comments, script, style
[36m<section[39m
  [33mclass[39m=[32m"relative z-10 pt-32 pb-20 
px-6 flex flex-col items-center justify-center 
text-center min-h-[90vh] bg-grid-pattern 
overflow-hidden"[39m
  [33mid[39m=[32m"hero"[39m
[36m>[39m
  [36m<div[39m
    [33mclass[39m=[32m"absolute inset-0 
bg-gradient-to-b from-transparent via-[#0f172a]/50 
to-[#0f172a] pointer-events-none"[39m
  [36m/>[39m
  [36m<div[39m
    [33mclass[39m=[32m"absolute inset-0 opacity-20 
pointer-events-none"[39m
  [36m>[39m
    [36m<svg[39m
      [33mclass[39m=[32m"lucide lucide-database 
absolute top-[20%] left-[10%] w-16 h-16 
text-purple-500 animate-float delay-100"[39m
      [33mfill[39m=[32m"none"[39m
      [33mheight[39m=[32m"24"[39m
      [33mstroke[39m=[32m"currentColor"[39m
      [33mstroke-linecap[39m=[32m"round"[39m
      [33mstroke-linejoin[39m=[32m"round"[39m
      [33mstroke-width[39m=[32m"2"[39m
      [33mviewBox[39m=[32m"0 0 24 24"[39m
      [33mwidth[39m=[32m"24"[39m
      
[33mxmlns[39m=[32m"http://www.w3.org/2000/svg"[39m
    [36m>[39m
      [36m<ellipse[39m
        [33mcx[39m=[32m"12"[39m
        [33mcy[39m=[32m"5"[39m
        [33mrx[39m=[32m"9"[39m
        [33mry[39m=[32m"3"[39m
      [36m/>[39m
      [36m<path[39m
        [33md[39m=[32m"M3 5V19A9 3 0 0 0 21 
19V5"[39m
      [36m/>[39m
      [36m<path[39m
        [33md[39m=[32m"M3 12A9 3 0 0 0 21 12"[39m
      [36m/>[39m
    [36m</svg>[39m
    [36m<svg[39m
      [33mclass[39m=[32m"lucide lucide-zap 
absolute top-[15%] right-[15%] w-12 h-12 
text-orange-500 animate-float delay-300"[39m
      [33mfill[39m=[32m"none"[39m
      [33mheight[39m=[32m"24"[39m
      [33mstroke[39m=[32m"currentColor"[39m
      [33mstroke-linecap[39m=[32m"round"[39m
      [33mstroke-linejoin[39m=[32m"round"[39m
      [33mstroke-width[39m=[32m"2"[39m
      [33mviewBox[39m=[32m"0 0 24 24"[39m
      [33mwidth[39m=[32m"24"[39m
      
[33mxmlns[39m=[32m"http://www.w3.org/2000/svg"[39m
    [36m>[39m
      [36m<polygon[39m
        [33mpoints[39m=[32m"13 2 3 14 12 14 11 22 
21 10 12 10 13 2"[39m
      [36m/>[39m
    [36m</svg>[39m
    [36m<svg[39m
      [33mclass[39m=[32m"lucide 
lucide-shield-alert absolute bottom-[30%] left-[20%] 
w-10 h-10 text-green-500 animate-float delay-500"[39m
      [33mfill[39m=[32m"none"[39m
      [33mheight[39m=[32m"24"[39m
      [33mstroke[39m=[32m"currentColor"[39m
      [33mstroke-linecap[39m=[32m"round"[39m
      [33mstroke-linejoin[39m=[32m"round"[39m
      [33mstroke-width[39m=[32m"2"[39m
      [33mviewBox[39m=[32m"0 0 24 24"[39m
      [33mwidth[39m=[32m"24"[39m
      
[33mxmlns[39m=[32m"http://www.w3.org/2000/svg"[39m
    [36m>[39m
      [36m<path[39m
        [33md[39m=[32m"M20 13c0 5-3.5 7.5-7.66 
8.95a1 1 0 0 1-.67-.01C7.5 20.5 4 18 4 13V6a1 1 0 0 1 
1-1c2 0 4.5-1.2 6.24-2.72a1.17 1.17 0 0 1 1.52 
0C14.51 3.81 17 5 19 5a1 1 0 0 1 1 1z"[39m
      [36m/>[39m
      [36m<path[39m
        [33md[39m=[32m"M12 8v4"[39m
      [36m/>[39m
      [36m<path[39m
        [33md[39m=[32m"M12 16h.01"[39m
      [36m/>[39m
    [36m</svg>[39m
    [36m<svg[39m
      [33mclass[39m=[32m"lucide lucide-code 
absolute bottom-[20%] right-[10%] w-14 h-14 
text-blue-500 animate-float delay-200"[39m
      [33mfill[39m=[32m"none"[39m
      [33mheight[39m=[32m"24"[39m
      [33mstroke[39m=[32m"currentColor"[39m
      [33mstroke-linecap[39m=[32m"round"[39m
      [33mstroke-linejoin[39m=[32m"round"[39m
      [33mstroke-width[39m=[32m"2"[39m
      [33mviewBox[39m=[32m"0 0 24 24"[39m
      [33mwidth[39m=[32m"24"[39m
      
[33mxmlns[39m=[32m"http://www.w3.org/2000/svg"[39m
    [36m>[39m
      [36m<polyline[39m
        [33mpoints[39m=[32m"16 18 22 12 16 6"[39m
      [36m/>[39m
      [36m<polyline[39m
        [33mpoints[39m=[32m"8 6 2 12 8 18"[39m
      [36m/>[39m
    [36m</svg>[39m
  [36m</div>[39m
  [36m<div[39m
    [33mclass[39m=[32m"hero-item inline-flex 
items-center gap-2 px-4 py-1.5 rounded-full 
bg-orange-500/10 border border-orange-500/20 
text-orange-400 text-xs font-bold uppercase 
tracking-wider mb-8 animate-fade-in-up"[39m
  [36m>[39m
    [0mPresented by WUT & WAY Team[0m
  [36m</div>[39m
  [36m<h1[39m
    [33mclass[39m=[32m"hero-item text-5xl 
md:text-7xl font-black tracking-tight mb-6 
leading-[1.1] text-white max-w-4xl mx-auto 
animate-fade-in-up delay-100"[39m
  [36m>[39m
    [0mRevolutionizing Support with [0m
    [36m<br />[39m
    [36m<span[39m
      [33mclass[39m=[32m"text-transparent 
bg-clip-text bg-gradient-to-r from-orange-400 
to-red-500"[39m
    [36m>[39m
      [0mIntelligent RAG[0m
    [36m</span>[39m
  [36m</h1>[39m
  [36m<p[39m
    [33mclass[39m=[32m"hero-item max-w-2xl text-lg 
md:text-xl text-slate-400 mb-10 leading-relaxed 
mx-auto animate-fade-in-up delay-200"[39m
  [36m>[39m
    [0mเธฃเธฐเธเธ Helpdesk AI 
เธ—เธตเนเน€เธเนเธฒเนเธเธเธฃเธดเธเธ—เธ
เธฒเธฉเธฒเนเธ—เธข เธฅเธ”เธ
เธฒเธฃเธฐเธเธฒเธเธเนเธณเธเนเธญเธ 
เนเธฅเธฐเธเธฅเธญเธ”เธเธฑเธขเธ”เนเธงเธข Business 
Rules เธชเธณเธซเธฃเธฑเธ Mango Consultant[0m
  [36m</p>[39m
  [36m<div[39m
    [33mclass[39m=[32m"hero-item flex flex-col 
sm:flex-row gap-4 relative z-20 animate-fade-in-up 
delay-300"[39m
  [36m>[39m
    [36m<button[39m
      [33mclass[39m=[32m"px-8 py-4 bg-orange-500 
hover:bg-orange-600 text-white font-bold rounded-xl 
shadow-lg shadow-orange-500/25 transition-all flex 
items-center gap-2 justify-center group 
hover:scale-105 active:scale-95"[39m
    [36m>[39m
      [36m<svg[39m
        [33mclass[39m=[32m"lucide lucide-terminal 
w-5 h-5 group-hover:rotate-12 
transition-transform"[39m
        [33mfill[39m=[32m"none"[39m
        [33mheight[39m=[32m"24"[39m
        [33mstroke[39m=[32m"currentColor"[39m
        [33mstroke-linecap[39m=[32m"round"[39m
        [33mstroke-linejoin[39m=[32m"round"[39m
        [33mstroke-width[39m=[32m"2"[39m
        [33mviewBox[39m=[32m"0 0 24 24"[39m
        [33mwidth[39m=[32m"24"[39m
        
[33mxmlns[39m=[32m"http://www.w3.org/2000/svg"[39m
      [36m>[39m
        [36m<polyline[39m
          [33mpoints[39m=[32m"4 17 10 11 4 5"[39m
        [36m/>[39m
        [36m<line[39m
          [33mx1[39m=[32m"12"[39m
          [33mx2[39m=[32m"20"[39m
          [33my1[39m=[32m"19"[39m
          [33my2[39m=[32m"19"[39m
        [36m/>[39m
      [36m</svg>[39m
      [0mTry Live Demo[0m
    [36m</button>[39m
    [36m<button[39m
      [33mclass[39m=[32m"px-8 py-4 glass-panel 
border-slate-700 text-slate-300 font-bold rounded-xl 
hover:bg-slate-800 transition-colors flex 
items-center gap-2 justify-center hover:scale-105 
active:scale-95"[39m
    [36m>[39m
      [0mView Architecture[0m
    [36m</button>[39m
  [36m</div>[39m
  [36m<div[39m
    [33mclass[39m=[32m"absolute bottom-10 
animate-bounce text-slate-600"[39m
  [36m>[39m
    [36m<svg[39m
      [33mclass[39m=[32m"lucide 
lucide-chevron-down w-6 h-6"[39m
      [33mfill[39m=[32m"none"[39m
      [33mheight[39m=[32m"24"[39m
      [33mstroke[39m=[32m"currentColor"[39m
      [33mstroke-linecap[39m=[32m"round"[39m
      [33mstroke-linejoin[39m=[32m"round"[39m
      [33mstroke-width[39m=[32m"2"[39m
      [33mviewBox[39m=[32m"0 0 24 24"[39m
      [33mwidth[39m=[32m"24"[39m
      
[33mxmlns[39m=[32m"http://www.w3.org/2000/svg"[39m
    [36m>[39m
      [36m<path[39m
        [33md[39m=[32m"m6 9 6 6 6-6"[39m
      [36m/>[39m
    [36m</svg>[39m
  [36m</div>[39m
[36m</section>[39m

Ignored nodes: comments, script, style
[36m<div[39m
  [33mclass[39m=[32m"absolute inset-0 
bg-gradient-to-b from-transparent via-[#0f172a]/50 
to-[#0f172a] pointer-events-none"[39m
[36m/>[39m

Ignored nodes: comments, script, style
[36m<div[39m
  [33mclass[39m=[32m"absolute inset-0 opacity-20 
pointer-events-none"[39m
[36m>[39m
  [36m<svg[39m
    [33mclass[39m=[32m"lucide lucide-database 
absolute top-[20%] left-[10%] w-16 h-16 
text-purple-500 animate-float delay-100"[39m
    [33mfill[39m=[32m"none"[39m
    [33mheight[39m=[32m"24"[39m
    [33mstroke[39m=[32m"currentColor"[39m
    [33mstroke-linecap[39m=[32m"round"[39m
    [33mstroke-linejoin[39m=[32m"round"[39m
    [33mstroke-width[39m=[32m"2"[39m
    [33mviewBox[39m=[32m"0 0 24 24"[39m
    [33mwidth[39m=[32m"24"[39m
    
[33mxmlns[39m=[32m"http://www.w3.org/2000/svg"[39m
  [36m>[39m
    [36m<ellipse[39m
      [33mcx[39m=[32m"12"[39m
      [33mcy[39m=[32m"5"[39m
      [33mrx[39m=[32m"9"[39m
      [33mry[39m=[32m"3"[39m
    [36m/>[39m
    [36m<path[39m
      [33md[39m=[32m"M3 5V19A9 3 0 0 0 21 
19V5"[39m
    [36m/>[39m
    [36m<path[39m
      [33md[39m=[32m"M3 12A9 3 0 0 0 21 12"[39m
    [36m/>[39m
  [36m</svg>[39m
  [36m<svg[39m
    [33mclass[39m=[32m"lucide lucide-zap absolute 
top-[15%] right-[15%] w-12 h-12 text-orange-500 
animate-float delay-300"[39m
    [33mfill[39m=[32m"none"[39m
    [33mheight[39m=[32m"24"[39m
    [33mstroke[39m=[32m"currentColor"[39m
    [33mstroke-linecap[39m=[32m"round"[39m
    [33mstroke-linejoin[39m=[32m"round"[39m
    [33mstroke-width[39m=[32m"2"[39m
    [33mviewBox[39m=[32m"0 0 24 24"[39m
    [33mwidth[39m=[32m"24"[39m
    
[33mxmlns[39m=[32m"http://www.w3.org/2000/svg"[39m
  [36m>[39m
    [36m<polygon[39m
      [33mpoints[39m=[32m"13 2 3 14 12 14 11 22 21 
10 12 10 13 2"[39m
    [36m/>[39m
  [36m</svg>[39m
  [36m<svg[39m
    [33mclass[39m=[32m"lucide lucide-shield-alert 
absolute bottom-[30%] left-[20%] w-10 h-10 
text-green-500 animate-float delay-500"[39m
    [33mfill[39m=[32m"none"[39m
    [33mheight[39m=[32m"24"[39m
    [33mstroke[39m=[32m"currentColor"[39m
    [33mstroke-linecap[39m=[32m"round"[39m
    [33mstroke-linejoin[39m=[32m"round"[39m
    [33mstroke-width[39m=[32m"2"[39m
    [33mviewBox[39m=[32m"0 0 24 24"[39m
    [33mwidth[39m=[32m"24"[39m
    
[33mxmlns[39m=[32m"http://www.w3.org/2000/svg"[39m
  [36m>[39m
    [36m<path[39m
      [33md[39m=[32m"M20 13c0 5-3.5 7.5-7.66 
8.95a1 1 0 0 1-.67-.01C7.5 20.5 4 18 4 13V6a1 1 0 0 1 
1-1c2 0 4.5-1.2 6.24-2.72a1.17 1.17 0 0 1 1.52 
0C14.51 3.81 17 5 19 5a1 1 0 0 1 1 1z"[39m
    [36m/>[39m
    [36m<path[39m
      [33md[39m=[32m"M12 8v4"[39m
    [36m/>[39m
    [36m<path[39m
      [33md[39m=[32m"M12 16h.01"[39m
    [36m/>[39m
  [36m</svg>[39m
  [36m<svg[39m
    [33mclass[39m=[32m"lucide lucide-code absolute 
bottom-[20%] right-[10%] w-14 h-14 text-blue-500 
animate-float delay-200"[39m
    [33mfill[39m=[32m"none"[39m
    [33mheight[39m=[32m"24"[39m
    [33mstroke[39m=[32m"currentColor"[39m
    [33mstroke-linecap[39m=[32m"round"[39m
    [33mstroke-linejoin[39m=[32m"round"[39m
    [33mstroke-width[39m=[32m"2"[39m
    [33mviewBox[39m=[32m"0 0 24 24"[39m
    [33mwidth[39m=[32m"24"[39m
    
[33mxmlns[39m=[32m"http://www.w3.org/2000/svg"[39m
  [36m>[39m
    [36m<polyline[39m
      [33mpoints[39m=[32m"16 18 22 12 16 6"[39m
    [36m/>[39m
    [36m<polyline[39m
      [33mpoints[39m=[32m"8 6 2 12 8 18"[39m
    [36m/>[39m
  [36m</svg>[39m
[36m</div>[39m

Ignored nodes: comments, script, style
[36m<svg[39m
  [33mclass[39m=[32m"lucide lucide-database 
absolute top-[20%] left-[10%] w-16 h-16 
text-purple-500 animate-float delay-100"[39m
  [33mfill[39m=[32m"none"[39m
  [33mheight[39m=[32m"24"[39m
  [33mstroke[39m=[32m"currentColor"[39m
  [33mstroke-linecap[39m=[32m"round"[39m
  [33mstroke-linejoin[39m=[32m"round"[39m
  [33mstroke-width[39m=[32m"2"[39m
  [33mviewBox[39m=[32m"0 0 24 24"[39m
  [33mwidth[39m=[32m"24"[39m
  
[33mxmlns[39m=[32m"http://www.w3.org/2000/svg"[39m
[36m>[39m
  [36m<ellipse[39m
    [33mcx[39m=[32m"12"[39m
    [33mcy[39m=[32m"5"[39m
    [33mrx[39m=[32m"9"[39m
    [33mry[39m=[32m"3"[39m
  [36m/>[39m
  [36m<path[39m
    [33md[39m=[32m"M3 5V19A9 3 0 0 0 21 19V5"[39m
  [36m/>[39m
  [36m<path[39m
    [33md[39m=[32m"M3 12A9 3 0 0 0 21 12"[39m
  [36m/>[39m
[36m</svg>[39m

Ignored nodes: comments, script, style
[36m<ellipse[39m
  [33mcx[39m=[32m"12"[39m
  [33mcy[39m=[32m"5"[39m
  [33mrx[39m=[32m"9"[39m
  [33mry[39m=[32m"3"[39m
[36m/>[39m

Ignored nodes: comments, script, style
[36m<path[39m
  [33md[39m=[32m"M3 5V19A9 3 0 0 0 21 19V5"[39m
[36m/>[39m

Ignored nodes: comments, script, style
[36m<path[39m
  [33md[39m=[32m"M3 12A9 3 0 0 0 21 12"[39m
[36m/>[39m

Ignored nodes: comments, script, style
[36m<svg[39m
  [33mclass[39m=[32m"lucide lucide-zap absolute 
top-[15%] right-[15%] w-12 h-12 text-orange-500 
animate-float delay-300"[39m
  [33mfill[39m=[32m"none"[39m
  [33mheight[39m=[32m"24"[39m
  [33mstroke[39m=[32m"currentColor"[39m
  [33mstroke-linecap[39m=[32m"round"[39m
  [33mstroke-linejoin[39m=[32m"round"[39m
  [33mstroke-width[39m=[32m"2"[39m
  [33mviewBox[39m=[32m"0 0 24 24"[39m
  [33mwidth[39m=[32m"24"[39m
  
[33mxmlns[39m=[32m"http://www.w3.org/2000/svg"[39m
[36m>[39m
  [36m<polygon[39m
    [33mpoints[39m=[32m"13 2 3 14 12 14 11 22 21 
10 12 10 13 2"[39m
  [36m/>[39m
[36m</svg>[39m

Ignored nodes: comments, script, style
[36m<polygon[39m
  [33mpoints[39m=[32m"13 2 3 14 12 14 11 22 21 10 
12 10 13 2"[39m
[36m/>[39m

Ignored nodes: comments, script, style
[36m<svg[39m
  [33mclass[39m=[32m"lucide lucide-shield-alert 
absolute bottom-[30%] left-[20%] w-10 h-10 
text-green-500 animate-float delay-500"[39m
  [33mfill[39m=[32m"none"[39m
  [33mheight[39m=[32m"24"[39m
  [33mstroke[39m=[32m"currentColor"[39m
  [33mstroke-linecap[39m=[32m"round"[39m
  [33mstroke-linejoin[39m=[32m"round"[39m
  [33mstroke-width[39m=[32m"2"[39m
  [33mviewBox[39m=[32m"0 0 24 24"[39m
  [33mwidth[39m=[32m"24"[39m
  
[33mxmlns[39m=[32m"http://www.w3.org/2000/svg"[39m
[36m>[39m
  [36m<path[39m
    [33md[39m=[32m"M20 13c0 5-3.5 7.5-7.66 8.95a1 
1 0 0 1-.67-.01C7.5 20.5 4 18 4 13V6a1 1 0 0 1 1-1c2 
0 4.5-1.2 6.24-2.72a1.17 1.17 0 0 1 1.52 0C14.51 3.81 
17 5 19 5a1 1 0 0 1 1 1z"[39m
  [36m/>[39m
  [36m<path[39m
    [33md[39m=[32m"M12 8v4"[39m
  [36m/>[39m
  [36m<path[39m
    [33md[39m=[32m"M12 16h.01"[39m
  [36m/>[39m
[36m</svg>[39m

Ignored nodes: comments, script, style
[36m<path[39m
  [33md[39m=[32m"M20 13c0 5-3.5 7.5-7.66 8.95a1 1 
0 0 1-.67-.01C7.5 20.5 4 18 4 13V6a1 1 0 0 1 1-1c2 0 
4.5-1.2 6.24-2.72a1.17 1.17 0 0 1 1.52 0C14.51 3.81 
17 5 19 5a1 1 0 0 1 1 1z"[39m
[36m/>[39m

Ignored nodes: comments, script, style
[36m<path[39m
  [33md[39m=[32m"M12 8v4"[39m
[36m/>[39m

Ignored nodes: comments, script, style
[36m<path[39m
  [33md[39m=[32m"M12 16h.01"[39m
[36m/>[39m

Ignored nodes: comments, script, style
[36m<svg[39m
  [33mclass[39m=[32m"lucide lucide-code absolute 
bottom-[20%] right-[10%] w-14 h-14 text-blue-500 
animate-float delay-200"[39m
  [33mfill[39m=[32m"none"[39m
  [33mheight[39m=[32m"24"[39m
  [33mstroke[39m=[32m"currentColor"[39m
  [33mstroke-linecap[39m=[32m"round"[39m
  [33mstroke-linejoin[39m=[32m"round"[39m
  [33mstroke-width[39m=[32m"2"[39m
  [33mviewBox[39m=[32m"0 0 24 24"[39m
  [33mwidth[39m=[32m"24"[39m
  
[33mxmlns[39m=[32m"http://www.w3.org/2000/svg"[39m
[36m>[39m
  [36m<polyline[39m
    [33mpoints[39m=[32m"16 18 22 12 16 6"[39m
  [36m/>[39m
  [36m<polyline[39m
    [33mpoints[39m=[32m"8 6 2 12 8 18"[39m
  [36m/>[39m
[36m</svg>[39m

Ignored nodes: comments, script, style
[36m<polyline[39m
  [33mpoints[39m=[32m"16 18 22 12 16 6"[39m
[36m/>[39m

Ignored nodes: comments, script, style
[36m<polyline[39m
  [33mpoints[39m=[32m"8 6 2 12 8 18"[39m
[36m/>[39m

Ignored nodes: comments, script, style
[36m<br />[39m

Ignored nodes: comments, script, style
[36m<div[39m
  [33mclass[39m=[32m"hero-item flex flex-col 
sm:flex-row gap-4 relative z-20 animate-fade-in-up 
delay-300"[39m
[36m>[39m
  [36m<button[39m
    [33mclass[39m=[32m"px-8 py-4 bg-orange-500 
hover:bg-orange-600 text-white font-bold rounded-xl 
shadow-lg shadow-orange-500/25 transition-all flex 
items-center gap-2 justify-center group 
hover:scale-105 active:scale-95"[39m
  [36m>[39m
    [36m<svg[39m
      [33mclass[39m=[32m"lucide lucide-terminal 
w-5 h-5 group-hover:rotate-12 
transition-transform"[39m
      [33mfill[39m=[32m"none"[39m
      [33mheight[39m=[32m"24"[39m
      [33mstroke[39m=[32m"currentColor"[39m
      [33mstroke-linecap[39m=[32m"round"[39m
      [33mstroke-linejoin[39m=[32m"round"[39m
      [33mstroke-width[39m=[32m"2"[39m
      [33mviewBox[39m=[32m"0 0 24 24"[39m
      [33mwidth[39m=[32m"24"[39m
      
[33mxmlns[39m=[32m"http://www.w3.org/2000/svg"[39m
    [36m>[39m
      [36m<polyline[39m
        [33mpoints[39m=[32m"4 17 10 11 4 5"[39m
      [36m/>[39m
      [36m<line[39m
        [33mx1[39m=[32m"12"[39m
        [33mx2[39m=[32m"20"[39m
        [33my1[39m=[32m"19"[39m
        [33my2[39m=[32m"19"[39m
      [36m/>[39m
    [36m</svg>[39m
    [0mTry Live Demo[0m
  [36m</button>[39m
  [36m<button[39m
    [33mclass[39m=[32m"px-8 py-4 glass-panel 
border-slate-700 text-slate-300 font-bold rounded-xl 
hover:bg-slate-800 transition-colors flex 
items-center gap-2 justify-center hover:scale-105 
active:scale-95"[39m
  [36m>[39m
    [0mView Architecture[0m
  [36m</button>[39m
[36m</div>[39m

Ignored nodes: comments, script, style
[36m<svg[39m
  [33mclass[39m=[32m"lucide lucide-terminal w-5 
h-5 group-hover:rotate-12 transition-transform"[39m
  [33mfill[39m=[32m"none"[39m
  [33mheight[39m=[32m"24"[39m
  [33mstroke[39m=[32m"currentColor"[39m
  [33mstroke-linecap[39m=[32m"round"[39m
  [33mstroke-linejoin[39m=[32m"round"[39m
  [33mstroke-width[39m=[32m"2"[39m
  [33mviewBox[39m=[32m"0 0 24 24"[39m
  [33mwidth[39m=[32m"24"[39m
  
[33mxmlns[39m=[32m"http://www.w3.org/2000/svg"[39m
[36m>[39m
  [36m<polyline[39m
    [33mpoints[39m=[32m"4 17 10 11 4 5"[39m
  [36m/>[39m
  [36m<line[39m
    [33mx1[39m=[32m"12"[39m
    [33mx2[39m=[32m"20"[39m
    [33my1[39m=[32m"19"[39m
    [33my2[39m=[32m"19"[39m
  [36m/>[39m
[36m</svg>[39m

Ignored nodes: comments, script, style
[36m<polyline[39m
  [33mpoints[39m=[32m"4 17 10 11 4 5"[39m
[36m/>[39m

Ignored nodes: comments, script, style
[36m<line[39m
  [33mx1[39m=[32m"12"[39m
  [33mx2[39m=[32m"20"[39m
  [33my1[39m=[32m"19"[39m
  [33my2[39m=[32m"19"[39m
[36m/>[39m

Ignored nodes: comments, script, style
[36m<div[39m
  [33mclass[39m=[32m"absolute bottom-10 
animate-bounce text-slate-600"[39m
[36m>[39m
  [36m<svg[39m
    [33mclass[39m=[32m"lucide lucide-chevron-down 
w-6 h-6"[39m
    [33mfill[39m=[32m"none"[39m
    [33mheight[39m=[32m"24"[39m
    [33mstroke[39m=[32m"currentColor"[39m
    [33mstroke-linecap[39m=[32m"round"[39m
    [33mstroke-linejoin[39m=[32m"round"[39m
    [33mstroke-width[39m=[32m"2"[39m
    [33mviewBox[39m=[32m"0 0 24 24"[39m
    [33mwidth[39m=[32m"24"[39m
    
[33mxmlns[39m=[32m"http://www.w3.org/2000/svg"[39m
  [36m>[39m
    [36m<path[39m
      [33md[39m=[32m"m6 9 6 6 6-6"[39m
    [36m/>[39m
  [36m</svg>[39m
[36m</div>[39m

Ignored nodes: comments, script, style
[36m<svg[39m
  [33mclass[39m=[32m"lucide lucide-chevron-down 
w-6 h-6"[39m
  [33mfill[39m=[32m"none"[39m
  [33mheight[39m=[32m"24"[39m
  [33mstroke[39m=[32m"currentColor"[39m
  [33mstroke-linecap[39m=[32m"round"[39m
  [33mstroke-linejoin[39m=[32m"round"[39m
  [33mstroke-width[39m=[32m"2"[39m
  [33mviewBox[39m=[32m"0 0 24 24"[39m
  [33mwidth[39m=[32m"24"[39m
  
[33mxmlns[39m=[32m"http://www.w3.org/2000/svg"[39m
[36m>[39m
  [36m<path[39m
    [33md[39m=[32m"m6 9 6 6 6-6"[39m
  [36m/>[39m
[36m</svg>[39m

Ignored nodes: comments, script, style
[36m<path[39m
  [33md[39m=[32m"m6 9 6 6 6-6"[39m
[36m/>[39m

Ignored nodes: comments, script, style
[36m<section[39m
  [33mclass[39m=[32m"relative z-10 py-24 px-6 
bg-slate-900/50"[39m
  [33mid[39m=[32m"problem"[39m
[36m>[39m
  [36m<div[39m
    [33mclass[39m=[32m"max-w-6xl mx-auto"[39m
  [36m>[39m
    [36m<div[39m
      [33mclass[39m=[32m"text-center mb-16"[39m
    [36m>[39m
      [36m<h2[39m
        [33mclass[39m=[32m"text-3xl md:text-4xl 
font-bold text-white mb-4"[39m
      [36m>[39m
        [0mThe Challenge at Mango Consultant[0m
      [36m</h2>[39m
      [36m<p[39m
        [33mclass[39m=[32m"text-slate-400"[39m
      [36m>[39m
        [0mเธฅเธนเธเธเนเธฒ 600-800 
เธเธฃเธดเธฉเธฑเธ—เธชเธฃเนเธฒเธเธเธฃเธดเธกเธฒเธ“ 
Ticket เธกเธซเธฒเธจเธฒเธฅ[0m
      [36m</p>[39m
    [36m</div>[39m
    [36m<div[39m
      [33mclass[39m=[32m"grid grid-cols-1 
md:grid-cols-3 gap-8"[39m
    [36m>[39m
      [36m<div[39m
        [33mclass[39m=[32m"p-8 rounded-2xl 
bg-slate-800/50 border border-slate-700/50 
hover:border-orange-500/30 transition-all group 
hover:-translate-y-2 duration-300"[39m
      [36m>[39m
        [36m<div[39m
          [33mclass[39m=[32m"w-14 h-14 
bg-red-500/10 rounded-xl flex items-center 
justify-center mb-6 group-hover:scale-110 
transition-transform duration-500"[39m
        [36m>[39m
          [36m<svg[39m
            [33mclass[39m=[32m"lucide lucide-clock 
w-7 h-7 text-red-500"[39m
            [33mfill[39m=[32m"none"[39m
            [33mheight[39m=[32m"24"[39m
            [33mstroke[39m=[32m"currentColor"[39m
            [33mstroke-linecap[39m=[32m"round"[39m
            
[33mstroke-linejoin[39m=[32m"round"[39m
            [33mstroke-width[39m=[32m"2"[39m
            [33mviewBox[39m=[32m"0 0 24 24"[39m
            [33mwidth[39m=[32m"24"[39m
            
[33mxmlns[39m=[32m"http://www.w3.org/2000/svg"[39m
          [36m>[39m
            [36m<circle[39m
              [33mcx[39m=[32m"12"[39m
              [33mcy[39m=[32m"12"[39m
              [33mr[39m=[32m"10"[39m
            [36m/>[39m
            [36m<polyline[39m
              [33mpoints[39m=[32m"12 6 12 12 16 
14"[39m
            [36m/>[39m
          [36m</svg>[39m
        [36m</div>[39m
        [36m<h3[39m
          [33mclass[39m=[32m"text-xl font-bold 
text-white mb-2"[39m
        [36m>[39m
          [0m4 Hours[0m
        [36m</h3>[39m
        [36m<p[39m
          [33mclass[39m=[32m"text-slate-400"[39m
        [36m>[39m
          [0mAverage Response Time[0m
          [36m<br />[39m
          [0mเธ—เธณเนเธซเนเธฅเธนเธเธเนเธฒเนเธกเ
นเธเธญเนเธ[0m
        [36m</p>[39m
      [36m</div>[39m
      [36m<div[39m
        [33mclass[39m=[32m"p-8 rounded-2xl 
bg-slate-800/50 border border-slate-700/50 
hover:border-orange-500/30 transition-all group 
hover:-translate-y-2 duration-300"[39m
      [36m>[39m
        [36m<div[39m
          [33mclass[39m=[32m"w-14 h-14 
bg-orange-500/10 rounded-xl flex items-center 
justify-center mb-6 group-hover:scale-110 
transition-transform duration-500"[39m
        [36m>[39m
          [36m<svg[39m
            [33mclass[39m=[32m"lucide 
lucide-alert-triangle w-7 h-7 text-orange-500"[39m
            [33mfill[39m=[32m"none"[39m
            [33mheight[39m=[32m"24"[39m
            [33mstroke[39m=[32m"currentColor"[39m
            [33mstroke-linecap[39m=[32m"round"[39m
            
[33mstroke-linejoin[39m=[32m"round"[39m
            [33mstroke-width[39m=[32m"2"[39m
            [33mviewBox[39m=[32m"0 0 24 24"[39m
            [33mwidth[39m=[32m"24"[39m
            
[33mxmlns[39m=[32m"http://www.w3.org/2000/svg"[39m
          [36m>[39m
            [36m<path[39m
              [33md[39m=[32m"m21.73 18-8-14a2 2 0 
0 0-3.48 0l-8 14A2 2 0 0 0 4 21h16a2 2 0 0 0 
1.73-3Z"[39m
            [36m/>[39m
            [36m<path[39m
              [33md[39m=[32m"M12 9v4"[39m
            [36m/>[39m
            [36m<path[39m
              [33md[39m=[32m"M12 17h.01"[39m
            [36m/>[39m
          [36m</svg>[39m
        [36m</div>[39m
        [36m<h3[39m
          [33mclass[39m=[32m"text-xl font-bold 
text-white mb-2"[39m
        [36m>[39m
          [0m60% Repetitive[0m
        [36m</h3>[39m
        [36m<p[39m
          [33mclass[39m=[32m"text-slate-400"[39m
        [36m>[39m
          [0mเธเธณเธ–เธฒเธกเน€เธ”เธดเธกเน 
เธเนเธณเธเธฒเธ[0m
          [36m<br />[39m
          [0m(Password, VPN, Leave)[0m
        [36m</p>[39m
      [36m</div>[39m
      [36m<div[39m
        [33mclass[39m=[32m"p-8 rounded-2xl 
bg-slate-800/50 border border-slate-700/50 
hover:border-orange-500/30 transition-all group 
hover:-translate-y-2 duration-300"[39m
      [36m>[39m
        [36m<div[39m
          [33mclass[39m=[32m"w-14 h-14 
bg-blue-500/10 rounded-xl flex items-center 
justify-center mb-6 group-hover:scale-110 
transition-transform duration-500"[39m
        [36m>[39m
          [36m<svg[39m
            [33mclass[39m=[32m"lucide 
lucide-dollar-sign w-7 h-7 text-blue-500"[39m
            [33mfill[39m=[32m"none"[39m
            [33mheight[39m=[32m"24"[39m
            [33mstroke[39m=[32m"currentColor"[39m
            [33mstroke-linecap[39m=[32m"round"[39m
            
[33mstroke-linejoin[39m=[32m"round"[39m
            [33mstroke-width[39m=[32m"2"[39m
            [33mviewBox[39m=[32m"0 0 24 24"[39m
            [33mwidth[39m=[32m"24"[39m
            
[33mxmlns[39m=[32m"http://www.w3.org/2000/svg"[39m
          [36m>[39m
            [36m<line[39m
              [33mx1[39m=[32m"12"[39m
              [33mx2[39m=[32m"12"[39m
              [33my1[39m=[32m"2"[39m
              [33my2[39m=[32m"22"[39m
            [36m/>[39m
            [36m<path[39m
              [33md[39m=[32m"M17 5H9.5a3.5 3.5 0 0 
0 0 7h5a3.5 3.5 0 0 1 0 7H6"[39m
            [36m/>[39m
          [36m</svg>[39m
        [36m</div>[39m
        [36m<h3[39m
          [33mclass[39m=[32m"text-xl font-bold 
text-white mb-2"[39m
        [36m>[39m
          [0m200K THB/mo[0m
        [36m</h3>[39m
        [36m<p[39m
          [33mclass[39m=[32m"text-slate-400"[39m
        [36m>[39m
          [0mSupport Operation Cost[0m
          [36m<br />[39m
          [0mเธ•เนเธเธ—เธธเธเธชเธนเธเนเธ•เนเธเ
ธฃเธฐเธชเธดเธ—เธเธดเธเธฒเธเธ•เนเธณ[0m
        [36m</p>[39m
      [36m</div>[39m
    [36m</div>[39m
  [36m</div>[39m
[36m</section>[39m

Ignored nodes: comments, script, style
[36m<div[39m
  [33mclass[39m=[32m"max-w-6xl mx-auto"[39m
[36m>[39m
  [36m<div[39m
    [33mclass[39m=[32m"text-center mb-16"[39m
  [36m>[39m
    [36m<h2[39m
      [33mclass[39m=[32m"text-3xl md:text-4xl 
font-bold text-white mb-4"[39m
    [36m>[39m
      [0mThe Challenge at Mango Consultant[0m
    [36m</h2>[39m
    [36m<p[39m
      [33mclass[39m=[32m"text-slate-400"[39m
    [36m>[39m
      [0mเธฅเธนเธเธเนเธฒ 600-800 
เธเธฃเธดเธฉเธฑเธ—เธชเธฃเนเธฒเธเธเธฃเธดเธกเธฒเธ“ 
Ticket เธกเธซเธฒเธจเธฒเธฅ[0m
    [36m</p>[39m
  [36m</div>[39m
  [36m<div[39m
    [33mclass[39m=[32m"grid grid-cols-1 
md:grid-cols-3 gap-8"[39m
  [36m>[39m
    [36m<div[39m
      [33mclass[39m=[32m"p-8 rounded-2xl 
bg-slate-800/50 border border-slate-700/50 
hover:border-orange-500/30 transition-all group 
hover:-translate-y-2 duration-300"[39m
    [36m>[39m
      [36m<div[39m
        [33mclass[39m=[32m"w-14 h-14 bg-red-500/10 
rounded-xl flex items-center justify-center mb-6 
group-hover:scale-110 transition-transform 
duration-500"[39m
      [36m>[39m
        [36m<svg[39m
          [33mclass[39m=[32m"lucide lucide-clock 
w-7 h-7 text-red-500"[39m
          [33mfill[39m=[32m"none"[39m
          [33mheight[39m=[32m"24"[39m
          [33mstroke[39m=[32m"currentColor"[39m
          [33mstroke-linecap[39m=[32m"round"[39m
          [33mstroke-linejoin[39m=[32m"round"[39m
          [33mstroke-width[39m=[32m"2"[39m
          [33mviewBox[39m=[32m"0 0 24 24"[39m
          [33mwidth[39m=[32m"24"[39m
          
[33mxmlns[39m=[32m"http://www.w3.org/2000/svg"[39m
        [36m>[39m
          [36m<circle[39m
            [33mcx[39m=[32m"12"[39m
            [33mcy[39m=[32m"12"[39m
            [33mr[39m=[32m"10"[39m
          [36m/>[39m
          [36m<polyline[39m
            [33mpoints[39m=[32m"12 6 12 12 16 
14"[39m
          [36m/>[39m
        [36m</svg>[39m
      [36m</div>[39m
      [36m<h3[39m
        [33mclass[39m=[32m"text-xl font-bold 
text-white mb-2"[39m
      [36m>[39m
        [0m4 Hours[0m
      [36m</h3>[39m
      [36m<p[39m
        [33mclass[39m=[32m"text-slate-400"[39m
      [36m>[39m
        [0mAverage Response Time[0m
        [36m<br />[39m
        [0mเธ—เธณเนเธซเนเธฅเธนเธเธเนเธฒเนเธกเน
เธเธญเนเธ[0m
      [36m</p>[39m
    [36m</div>[39m
    [36m<div[39m
      [33mclass[39m=[32m"p-8 rounded-2xl 
bg-slate-800/50 border border-slate-700/50 
hover:border-orange-500/30 transition-all group 
hover:-translate-y-2 duration-300"[39m
    [36m>[39m
      [36m<div[39m
        [33mclass[39m=[32m"w-14 h-14 
bg-orange-500/10 rounded-xl flex items-center 
justify-center mb-6 group-hover:scale-110 
transition-transform duration-500"[39m
      [36m>[39m
        [36m<svg[39m
          [33mclass[39m=[32m"lucide 
lucide-alert-triangle w-7 h-7 text-orange-500"[39m
          [33mfill[39m=[32m"none"[39m
          [33mheight[39m=[32m"24"[39m
          [33mstroke[39m=[32m"currentColor"[39m
          [33mstroke-linecap[39m=[32m"round"[39m
          [33mstroke-linejoin[39m=[32m"round"[39m
          [33mstroke-width[39m=[32m"2"[39m
          [33mviewBox[39m=[32m"0 0 24 24"[39m
          [33mwidth[39m=[32m"24"[39m
          
[33mxmlns[39m=[32m"http://www.w3.org/2000/svg"[39m
        [36m>[39m
          [36m<path[39m
            [33md[39m=[32m"m21.73 18-8-14a2 2 0 0 
0-3.48 0l-8 14A2 2 0 0 0 4 21h16a2 2 0 0 0 
1.73-3Z"[39m
          [36m/>[39m
          [36m<path[39m
            [33md[39m=[32m"M12 9v4"[39m
          [36m/>[39m
          [36m<path[39m
            [33md[39m=[32m"M12 17h.01"[39m
          [36m/>[39m
        [36m</svg>[39m
      [36m</div>[39m
      [36m<h3[39m
        [33mclass[39m=[32m"text-xl font-bold 
text-white mb-2"[39m
      [36m>[39m
        [0m60% Repetitive[0m
      [36m</h3>[39m
      [36m<p[39m
        [33mclass[39m=[32m"text-slate-400"[39m
      [36m>[39m
        [0mเธเธณเธ–เธฒเธกเน€เธ”เธดเธกเน 
เธเนเธณเธเธฒเธ[0m
        [36m<br />[39m
        [0m(Password, VPN, Leave)[0m
      [36m</p>[39m
    [36m</div>[39m
    [36m<div[39m
      [33mclass[39m=[32m"p-8 rounded-2xl 
bg-slate-800/50 border border-slate-700/50 
hover:border-orange-500/30 transition-all group 
hover:-translate-y-2 duration-300"[39m
    [36m>[39m
      [36m<div[39m
        [33mclass[39m=[32m"w-14 h-14 
bg-blue-500/10 rounded-xl flex items-center 
justify-center mb-6 group-hover:scale-110 
transition-transform duration-500"[39m
      [36m>[39m
        [36m<svg[39m
          [33mclass[39m=[32m"lucide 
lucide-dollar-sign w-7 h-7 text-blue-500"[39m
          [33mfill[39m=[32m"none"[39m
          [33mheight[39m=[32m"24"[39m
          [33mstroke[39m=[32m"currentColor"[39m
          [33mstroke-linecap[39m=[32m"round"[39m
          [33mstroke-linejoin[39m=[32m"round"[39m
          [33mstroke-width[39m=[32m"2"[39m
          [33mviewBox[39m=[32m"0 0 24 24"[39m
          [33mwidth[39m=[32m"24"[39m
          
[33mxmlns[39m=[32m"http://www.w3.org/2000/svg"[39m
        [36m>[39m
          [36m<line[39m
            [33mx1[39m=[32m"12"[39m
            [33mx2[39m=[32m"12"[39m
            [33my1[39m=[32m"2"[39m
            [33my2[39m=[32m"22"[39m
          [36m/>[39m
          [36m<path[39m
            [33md[39m=[32m"M17 5H9.5a3.5 3.5 0 0 0 
0 7h5a3.5 3.5 0 0 1 0 7H6"[39m
          [36m/>[39m
        [36m</svg>[39m
      [36m</div>[39m
      [36m<h3[39m
        [33mclass[39m=[32m"text-xl font-bold 
text-white mb-2"[39m
      [36m>[39m
        [0m200K THB/mo[0m
      [36m</h3>[39m
      [36m<p[39m
        [33mclass[39m=[32m"text-slate-400"[39m
      [36m>[39m
        [0mSupport Operation Cost[0m
        [36m<br />[39m
        [0mเธ•เนเธเธ—เธธเธเธชเธนเธเนเธ•เนเธเธฃ
เธฐเธชเธดเธ—เธเธดเธเธฒเธเธ•เนเธณ[0m
      [36m</p>[39m
    [36m</div>[39m
  [36m</div>[39m
[36m</div>[39m

Ignored nodes: comments, script, style
[36m<div[39m
  [33mclass[39m=[32m"text-center mb-16"[39m
[36m>[39m
  [36m<h2[39m
    [33mclass[39m=[32m"text-3xl md:text-4xl 
font-bold text-white mb-4"[39m
  [36m>[39m
    [0mThe Challenge at Mango Consultant[0m
  [36m</h2>[39m
  [36m<p[39m
    [33mclass[39m=[32m"text-slate-400"[39m
  [36m>[39m
    [0mเธฅเธนเธเธเนเธฒ 600-800 
เธเธฃเธดเธฉเธฑเธ—เธชเธฃเนเธฒเธเธเธฃเธดเธกเธฒเธ“ 
Ticket เธกเธซเธฒเธจเธฒเธฅ[0m
  [36m</p>[39m
[36m</div>[39m

Ignored nodes: comments, script, style
[36m<div[39m
  [33mclass[39m=[32m"grid grid-cols-1 
md:grid-cols-3 gap-8"[39m
[36m>[39m
  [36m<div[39m
    [33mclass[39m=[32m"p-8 rounded-2xl 
bg-slate-800/50 border border-slate-700/50 
hover:border-orange-500/30 transition-all group 
hover:-translate-y-2 duration-300"[39m
  [36m>[39m
    [36m<div[39m
      [33mclass[39m=[32m"w-14 h-14 bg-red-500/10 
rounded-xl flex items-center justify-center mb-6 
group-hover:scale-110 transition-transform 
duration-500"[39m
    [36m>[39m
      [36m<svg[39m
        [33mclass[39m=[32m"lucide lucide-clock w-7 
h-7 text-red-500"[39m
        [33mfill[39m=[32m"none"[39m
        [33mheight[39m=[32m"24"[39m
        [33mstroke[39m=[32m"currentColor"[39m
        [33mstroke-linecap[39m=[32m"round"[39m
        [33mstroke-linejoin[39m=[32m"round"[39m
        [33mstroke-width[39m=[32m"2"[39m
        [33mviewBox[39m=[32m"0 0 24 24"[39m
        [33mwidth[39m=[32m"24"[39m
        
[33mxmlns[39m=[32m"http://www.w3.org/2000/svg"[39m
      [36m>[39m
        [36m<circle[39m
          [33mcx[39m=[32m"12"[39m
          [33mcy[39m=[32m"12"[39m
          [33mr[39m=[32m"10"[39m
        [36m/>[39m
        [36m<polyline[39m
          [33mpoints[39m=[32m"12 6 12 12 16 
14"[39m
        [36m/>[39m
      [36m</svg>[39m
    [36m</div>[39m
    [36m<h3[39m
      [33mclass[39m=[32m"text-xl font-bold 
text-white mb-2"[39m
    [36m>[39m
      [0m4 Hours[0m
    [36m</h3>[39m
    [36m<p[39m
      [33mclass[39m=[32m"text-slate-400"[39m
    [36m>[39m
      [0mAverage Response Time[0m
      [36m<br />[39m
      [0mเธ—เธณเนเธซเนเธฅเธนเธเธเนเธฒเนเธกเนเธ
เธญเนเธ[0m
    [36m</p>[39m
  [36m</div>[39m
  [36m<div[39m
    [33mclass[39m=[32m"p-8 rounded-2xl 
bg-slate-800/50 border border-slate-700/50 
hover:border-orange-500/30 transition-all group 
hover:-translate-y-2 duration-300"[39m
  [36m>[39m
    [36m<div[39m
      [33mclass[39m=[32m"w-14 h-14 
bg-orange-500/10 rounded-xl flex items-center 
justify-center mb-6 group-hover:scale-110 
transition-transform duration-500"[39m
    [36m>[39m
      [36m<svg[39m
        [33mclass[39m=[32m"lucide 
lucide-alert-triangle w-7 h-7 text-orange-500"[39m
        [33mfill[39m=[32m"none"[39m
        [33mheight[39m=[32m"24"[39m
        [33mstroke[39m=[32m"currentColor"[39m
        [33mstroke-linecap[39m=[32m"round"[39m
        [33mstroke-linejoin[39m=[32m"round"[39m
        [33mstroke-width[39m=[32m"2"[39m
        [33mviewBox[39m=[32m"0 0 24 24"[39m
        [33mwidth[39m=[32m"24"[39m
        
[33mxmlns[39m=[32m"http://www.w3.org/2000/svg"[39m
      [36m>[39m
        [36m<path[39m
          [33md[39m=[32m"m21.73 18-8-14a2 2 0 0 
0-3.48 0l-8 14A2 2 0 0 0 4 21h16a2 2 0 0 0 
1.73-3Z"[39m
        [36m/>[39m
        [36m<path[39m
          [33md[39m=[32m"M12 9v4"[39m
        [36m/>[39m
        [36m<path[39m
          [33md[39m=[32m"M12 17h.01"[39m
        [36m/>[39m
      [36m</svg>[39m
    [36m</div>[39m
    [36m<h3[39m
      [33mclass[39m=[32m"text-xl font-bold 
text-white mb-2"[39m
    [36m>[39m
      [0m60% Repetitive[0m
    [36m</h3>[39m
    [36m<p[39m
      [33mclass[39m=[32m"text-slate-400"[39m
    [36m>[39m
      [0mเธเธณเธ–เธฒเธกเน€เธ”เธดเธกเน 
เธเนเธณเธเธฒเธ[0m
      [36m<br />[39m
      [0m(Password, VPN, Leave)[0m
    [36m</p>[39m
  [36m</div>[39m
  [36m<div[39m
    [33mclass[39m=[32m"p-8 rounded-2xl 
bg-slate-800/50 border border-slate-700/50 
hover:border-orange-500/30 transition-all group 
hover:-translate-y-2 duration-300"[39m
  [36m>[39m
    [36m<div[39m
      [33mclass[39m=[32m"w-14 h-14 bg-blue-500/10 
rounded-xl flex items-center justify-center mb-6 
group-hover:scale-110 transition-transform 
duration-500"[39m
    [36m>[39m
      [36m<svg[39m
        [33mclass[39m=[32m"lucide 
lucide-dollar-sign w-7 h-7 text-blue-500"[39m
        [33mfill[39m=[32m"none"[39m
        [33mheight[39m=[32m"24"[39m
        [33mstroke[39m=[32m"currentColor"[39m
        [33mstroke-linecap[39m=[32m"round"[39m
        [33mstroke-linejoin[39m=[32m"round"[39m
        [33mstroke-width[39m=[32m"2"[39m
        [33mviewBox[39m=[32m"0 0 24 24"[39m
        [33mwidth[39m=[32m"24"[39m
        
[33mxmlns[39m=[32m"http://www.w3.org/2000/svg"[39m
      [36m>[39m
        [36m<line[39m
          [33mx1[39m=[32m"12"[39m
          [33mx2[39m=[32m"12"[39m
          [33my1[39m=[32m"2"[39m
          [33my2[39m=[32m"22"[39m
        [36m/>[39m
        [36m<path[39m
          [33md[39m=[32m"M17 5H9.5a3.5 3.5 0 0 0 0 
7h5a3.5 3.5 0 0 1 0 7H6"[39m
        [36m/>[39m
      [36m</svg>[39m
    [36m</div>[39m
    [36m<h3[39m
      [33mclass[39m=[32m"text-xl font-bold 
text-white mb-2"[39m
    [36m>[39m
      [0m200K THB/mo[0m
    [36m</h3>[39m
    [36m<p[39m
      [33mclass[39m=[32m"text-slate-400"[39m
    [36m>[39m
      [0mSupport Operation Cost[0m
      [36m<br />[39m
      [0mเธ•เนเธเธ—เธธเธเธชเธนเธเนเธ•เนเธเธฃเธ
ฐเธชเธดเธ—เธเธดเธเธฒเธเธ•เนเธณ[0m
    [36m</p>[39m
  [36m</div>[39m
[36m</div>[39m

Ignored nodes: comments, script, style
[36m<div[39m
  [33mclass[39m=[32m"p-8 rounded-2xl 
bg-slate-800/50 border border-slate-700/50 
hover:border-orange-500/30 transition-all group 
hover:-translate-y-2 duration-300"[39m
[36m>[39m
  [36m<div[39m
    [33mclass[39m=[32m"w-14 h-14 bg-red-500/10 
rounded-xl flex items-center justify-center mb-6 
group-hover:scale-110 transition-transform 
duration-500"[39m
  [36m>[39m
    [36m<svg[39m
      [33mclass[39m=[32m"lucide lucide-clock w-7 
h-7 text-red-500"[39m
      [33mfill[39m=[32m"none"[39m
      [33mheight[39m=[32m"24"[39m
      [33mstroke[39m=[32m"currentColor"[39m
      [33mstroke-linecap[39m=[32m"round"[39m
      [33mstroke-linejoin[39m=[32m"round"[39m
      [33mstroke-width[39m=[32m"2"[39m
      [33mviewBox[39m=[32m"0 0 24 24"[39m
      [33mwidth[39m=[32m"24"[39m
      
[33mxmlns[39m=[32m"http://www.w3.org/2000/svg"[39m
    [36m>[39m
      [36m<circle[39m
        [33mcx[39m=[32m"12"[39m
        [33mcy[39m=[32m"12"[39m
        [33mr[39m=[32m"10"[39m
      [36m/>[39m
      [36m<polyline[39m
        [33mpoints[39m=[32m"12 6 12 12 16 14"[39m
      [36m/>[39m
    [36m</svg>[39m
  [36m</div>[39m
  [36m<h3[39m
    [33mclass[39m=[32m"text-xl font-bold 
text-white mb-2"[39m
  [36m>[39m
    [0m4 Hours[0m
  [36m</h3>[39m
  [36m<p[39m
    [33mclass[39m=[32m"text-slate-400"[39m
  [36m>[39m
    [0mAverage Response Time[0m
    [36m<br />[39m
    [0mเธ—เธณเนเธซเนเธฅเธนเธเธเนเธฒเนเธกเนเธเ
ธญเนเธ[0m
  [36m</p>[39m
[36m</div>[39m

Ignored nodes: comments, script, style
[36m<div[39m
  [33mclass[39m=[32m"w-14 h-14 bg-red-500/10 
rounded-xl flex items-center justify-center mb-6 
group-hover:scale-110 transition-transform 
duration-500"[39m
[36m>[39m
  [36m<svg[39m
    [33mclass[39m=[32m"lucide lucide-clock w-7 h-7 
text-red-500"[39m
    [33mfill[39m=[32m"none"[39m
    [33mheight[39m=[32m"24"[39m
    [33mstroke[39m=[32m"currentColor"[39m
    [33mstroke-linecap[39m=[32m"round"[39m
    [33mstroke-linejoin[39m=[32m"round"[39m
    [33mstroke-width[39m=[32m"2"[39m
    [33mviewBox[39m=[32m"0 0 24 24"[39m
    [33mwidth[39m=[32m"24"[39m
    
[33mxmlns[39m=[32m"http://www.w3.org/2000/svg"[39m
  [36m>[39m
    [36m<circle[39m
      [33mcx[39m=[32m"12"[39m
      [33mcy[39m=[32m"12"[39m
      [33mr[39m=[32m"10"[39m
    [36m/>[39m
    [36m<polyline[39m
      [33mpoints[39m=[32m"12 6 12 12 16 14"[39m
    [36m/>[39m
  [36m</svg>[39m
[36m</div>[39m

Ignored nodes: comments, script, style
[36m<svg[39m
  [33mclass[39m=[32m"lucide lucide-clock w-7 h-7 
text-red-500"[39m
  [33mfill[39m=[32m"none"[39m
  [33mheight[39m=[32m"24"[39m
  [33mstroke[39m=[32m"currentColor"[39m
  [33mstroke-linecap[39m=[32m"round"[39m
  [33mstroke-linejoin[39m=[32m"round"[39m
  [33mstroke-width[39m=[32m"2"[39m
  [33mviewBox[39m=[32m"0 0 24 24"[39m
  [33mwidth[39m=[32m"24"[39m
  
[33mxmlns[39m=[32m"http://www.w3.org/2000/svg"[39m
[36m>[39m
  [36m<circle[39m
    [33mcx[39m=[32m"12"[39m
    [33mcy[39m=[32m"12"[39m
    [33mr[39m=[32m"10"[39m
  [36m/>[39m
  [36m<polyline[39m
    [33mpoints[39m=[32m"12 6 12 12 16 14"[39m
  [36m/>[39m
[36m</svg>[39m

Ignored nodes: comments, script, style
[36m<circle[39m
  [33mcx[39m=[32m"12"[39m
  [33mcy[39m=[32m"12"[39m
  [33mr[39m=[32m"10"[39m
[36m/>[39m

Ignored nodes: comments, script, style
[36m<polyline[39m
  [33mpoints[39m=[32m"12 6 12 12 16 14"[39m
[36m/>[39m

Ignored nodes: comments, script, style
[36m<br />[39m

Ignored nodes: comments, script, style
[36m<div[39m
  [33mclass[39m=[32m"p-8 rounded-2xl 
bg-slate-800/50 border border-slate-700/50 
hover:border-orange-500/30 transition-all group 
hover:-translate-y-2 duration-300"[39m
[36m>[39m
  [36m<div[39m
    [33mclass[39m=[32m"w-14 h-14 bg-orange-500/10 
rounded-xl flex items-center justify-center mb-6 
group-hover:scale-110 transition-transform 
duration-500"[39m
  [36m>[39m
    [36m<svg[39m
      [33mclass[39m=[32m"lucide 
lucide-alert-triangle w-7 h-7 text-orange-500"[39m
      [33mfill[39m=[32m"none"[39m
      [33mheight[39m=[32m"24"[39m
      [33mstroke[39m=[32m"currentColor"[39m
      [33mstroke-linecap[39m=[32m"round"[39m
      [33mstroke-linejoin[39m=[32m"round"[39m
      [33mstroke-width[39m=[32m"2"[39m
      [33mviewBox[39m=[32m"0 0 24 24"[39m
      [33mwidth[39m=[32m"24"[39m
      
[33mxmlns[39m=[32m"http://www.w3.org/2000/svg"[39m
    [36m>[39m
      [36m<path[39m
        [33md[39m=[32m"m21.73 18-8-14a2 2 0 0 
0-3.48 0l-8 14A2 2 0 0 0 4 21h16a2 2 0 0 0 
1.73-3Z"[39m
      [36m/>[39m
      [36m<path[39m
        [33md[39m=[32m"M12 9v4"[39m
      [36m/>[39m
      [36m<path[39m
        [33md[39m=[32m"M12 17h.01"[39m
      [36m/>[39m
    [36m</svg>[39m
  [36m</div>[39m
  [36m<h3[39m
    [33mclass[39m=[32m"text-xl font-bold 
text-white mb-2"[39m
  [36m>[39m
    [0m60% Repetitive[0m
  [36m</h3>[39m
  [36m<p[39m
    [33mclass[39m=[32m"text-slate-400"[39m
  [36m>[39m
    [0mเธเธณเธ–เธฒเธกเน€เธ”เธดเธกเน 
เธเนเธณเธเธฒเธ[0m
    [36m<br />[39m
    [0m(Password, VPN, Leave)[0m
  [36m</p>[39m
[36m</div>[39m

Ignored nodes: comments, script, style
[36m<div[39m
  [33mclass[39m=[32m"w-14 h-14 bg-orange-500/10 
rounded-xl flex items-center justify-center mb-6 
group-hover:scale-110 transition-transform 
duration-500"[39m
[36m>[39m
  [36m<svg[39m
    [33mclass[39m=[32m"lucide 
lucide-alert-triangle w-7 h-7 text-orange-500"[39m
    [33mfill[39m=[32m"none"[39m
    [33mheight[39m=[32m"24"[39m
    [33mstroke[39m=[32m"currentColor"[39m
    [33mstroke-linecap[39m=[32m"round"[39m
    [33mstroke-linejoin[39m=[32m"round"[39m
    [33mstroke-width[39m=[32m"2"[39m
    [33mviewBox[39m=[32m"0 0 24 24"[39m
    [33mwidth[39m=[32m"24"[39m
    
[33mxmlns[39m=[32m"http://www.w3.org/2000/svg"[39m
  [36m>[39m
    [36m<path[39m
      [33md[39m=[32m"m21.73 18-8-14a2 2 0 0 0-3.48 
0l-8 14A2 2 0 0 0 4 21h16a2 2 0 0 0 1.73-3Z"[39m
    [36m/>[39m
    [36m<path[39m
      [33md[39m=[32m"M12 9v4"[39m
    [36m/>[39m
    [36m<path[39m
      [33md[39m=[32m"M12 17h.01"[39m
    [36m/>[39m
  [36m</svg>[39m
[36m</div>[39m

Ignored nodes: comments, script, style
[36m<svg[39m
  [33mclass[39m=[32m"lucide lucide-alert-triangle 
w-7 h-7 text-orange-500"[39m
  [33mfill[39m=[32m"none"[39m
  [33mheight[39m=[32m"24"[39m
  [33mstroke[39m=[32m"currentColor"[39m
  [33mstroke-linecap[39m=[32m"round"[39m
  [33mstroke-linejoin[39m=[32m"round"[39m
  [33mstroke-width[39m=[32m"2"[39m
  [33mviewBox[39m=[32m"0 0 24 24"[39m
  [33mwidth[39m=[32m"24"[39m
  
[33mxmlns[39m=[32m"http://www.w3.org/2000/svg"[39m
[36m>[39m
  [36m<path[39m
    [33md[39m=[32m"m21.73 18-8-14a2 2 0 0 0-3.48 
0l-8 14A2 2 0 0 0 4 21h16a2 2 0 0 0 1.73-3Z"[39m
  [36m/>[39m
  [36m<path[39m
    [33md[39m=[32m"M12 9v4"[39m
  [36m/>[39m
  [36m<path[39m
    [33md[39m=[32m"M12 17h.01"[39m
  [36m/>[39m
[36m</svg>[39m

Ignored nodes: comments, script, style
[36m<path[39m
  [33md[39m=[32m"m21.73 18-8-14a2 2 0 0 0-3.48 
0l-8 14A2 2 0 0 0 4 21h16a2 2 0 0 0 1.73-3Z"[39m
[36m/>[39m

Ignored nodes: comments, script, style
[36m<path[39m
  [33md[39m=[32m"M12 9v4"[39m
[36m/>[39m

Ignored nodes: comments, script, style
[36m<path[39m
  [33md[39m=[32m"M12 17h.01"[39m
[36m/>[39m

Ignored nodes: comments, script, style
[36m<br />[39m

Ignored nodes: comments, script, style
[36m<div[39m
  [33mclass[39m=[32m"p-8 rounded-2xl 
bg-slate-800/50 border border-slate-700/50 
hover:border-orange-500/30 transition-all group 
hover:-translate-y-2 duration-300"[39m
[36m>[39m
  [36m<div[39m
    [33mclass[39m=[32m"w-14 h-14 bg-blue-500/10 
rounded-xl flex items-center justify-center mb-6 
group-hover:scale-110 transition-transform 
duration-500"[39m
  [36m>[39m
    [36m<svg[39m
      [33mclass[39m=[32m"lucide lucide-dollar-sign 
w-7 h-7 text-blue-500"[39m
      [33mfill[39m=[32m"none"[39m
      [33mheight[39m=[32m"24"[39m
      [33mstroke[39m=[32m"currentColor"[39m
      [33mstroke-linecap[39m=[32m"round"[39m
      [33mstroke-linejoin[39m=[32m"round"[39m
      [33mstroke-width[39m=[32m"2"[39m
      [33mviewBox[39m=[32m"0 0 24 24"[39m
      [33mwidth[39m=[32m"24"[39m
      
[33mxmlns[39m=[32m"http://www.w3.org/2000/svg"[39m
    [36m>[39m
      [36m<line[39m
        [33mx1[39m=[32m"12"[39m
        [33mx2[39m=[32m"12"[39m
        [33my1[39m=[32m"2"[39m
        [33my2[39m=[32m"22"[39m
      [36m/>[39m
      [36m<path[39m
        [33md[39m=[32m"M17 5H9.5a3.5 3.5 0 0 0 0 
7h5a3.5 3.5 0 0 1 0 7H6"[39m
      [36m/>[39m
    [36m</svg>[39m
  [36m</div>[39m
  [36m<h3[39m
    [33mclass[39m=[32m"text-xl font-bold 
text-white mb-2"[39m
  [36m>[39m
    [0m200K THB/mo[0m
  [36m</h3>[39m
  [36m<p[39m
    [33mclass[39m=[32m"text-slate-400"[39m
  [36m>[39m
    [0mSupport Operation Cost[0m
    [36m<br />[39m
    [0mเธ•เนเธเธ—เธธเธเธชเธนเธเนเธ•เนเธเธฃเธฐเ
ธชเธดเธ—เธเธดเธเธฒเธเธ•เนเธณ[0m
  [36m</p>[39m
[36m</div>[39m

Ignored nodes: comments, script, style
[36m<div[39m
  [33mclass[39m=[32m"w-14 h-14 bg-blue-500/10 
rounded-xl flex items-center justify-center mb-6 
group-hover:scale-110 transition-transform 
duration-500"[39m
[36m>[39m
  [36m<svg[39m
    [33mclass[39m=[32m"lucide lucide-dollar-sign 
w-7 h-7 text-blue-500"[39m
    [33mfill[39m=[32m"none"[39m
    [33mheight[39m=[32m"24"[39m
    [33mstroke[39m=[32m"currentColor"[39m
    [33mstroke-linecap[39m=[32m"round"[39m
    [33mstroke-linejoin[39m=[32m"round"[39m
    [33mstroke-width[39m=[32m"2"[39m
    [33mviewBox[39m=[32m"0 0 24 24"[39m
    [33mwidth[39m=[32m"24"[39m
    
[33mxmlns[39m=[32m"http://www.w3.org/2000/svg"[39m
  [36m>[39m
    [36m<line[39m
      [33mx1[39m=[32m"12"[39m
      [33mx2[39m=[32m"12"[39m
      [33my1[39m=[32m"2"[39m
      [33my2[39m=[32m"22"[39m
    [36m/>[39m
    [36m<path[39m
      [33md[39m=[32m"M17 5H9.5a3.5 3.5 0 0 0 0 
7h5a3.5 3.5 0 0 1 0 7H6"[39m
    [36m/>[39m
  [36m</svg>[39m
[36m</div>[39m

Ignored nodes: comments, script, style
[36m<svg[39m
  [33mclass[39m=[32m"lucide lucide-dollar-sign w-7 
h-7 text-blue-500"[39m
  [33mfill[39m=[32m"none"[39m
  [33mheight[39m=[32m"24"[39m
  [33mstroke[39m=[32m"currentColor"[39m
  [33mstroke-linecap[39m=[32m"round"[39m
  [33mstroke-linejoin[39m=[32m"round"[39m
  [33mstroke-width[39m=[32m"2"[39m
  [33mviewBox[39m=[32m"0 0 24 24"[39m
  [33mwidth[39m=[32m"24"[39m
  
[33mxmlns[39m=[32m"http://www.w3.org/2000/svg"[39m
[36m>[39m
  [36m<line[39m
    [33mx1[39m=[32m"12"[39m
    [33mx2[39m=[32m"12"[39m
    [33my1[39m=[32m"2"[39m
    [33my2[39m=[32m"22"[39m
  [36m/>[39m
  [36m<path[39m
    [33md[39m=[32m"M17 5H9.5a3.5 3.5 0 0 0 0 
7h5a3.5 3.5 0 0 1 0 7H6"[39m
  [36m/>[39m
[36m</svg>[39m

Ignored nodes: comments, script, style
[36m<line[39m
  [33mx1[39m=[32m"12"[39m
  [33mx2[39m=[32m"12"[39m
  [33my1[39m=[32m"2"[39m
  [33my2[39m=[32m"22"[39m
[36m/>[39m

Ignored nodes: comments, script, style
[36m<path[39m
  [33md[39m=[32m"M17 5H9.5a3.5 3.5 0 0 0 0 7h5a3.5 
3.5 0 0 1 0 7H6"[39m
[36m/>[39m

Ignored nodes: comments, script, style
[36m<br />[39m

Ignored nodes: comments, script, style
[36m<section[39m
  [33mclass[39m=[32m"relative z-10 py-24 px-6 
bg-[#0f172a]"[39m
  [33mid[39m=[32m"solution"[39m
[36m>[39m
  [36m<div[39m
    [33mclass[39m=[32m"max-w-7xl mx-auto"[39m
  [36m>[39m
    [36m<div[39m
      [33mclass[39m=[32m"flex flex-col md:flex-row 
gap-12 items-center"[39m
    [36m>[39m
      [36m<div[39m
        [33mclass[39m=[32m"md:w-1/2"[39m
      [36m>[39m
        [36m<span[39m
          [33mclass[39m=[32m"text-orange-400 
font-bold tracking-widest text-sm uppercase mb-2 
block"[39m
        [36m>[39m
          [0mOur Solution[0m
        [36m</span>[39m
        [36m<h2[39m
          [33mclass[39m=[32m"text-3xl md:text-5xl 
font-bold text-white mb-6"[39m
        [36m>[39m
          [0mWUT + WAY Architecture[0m
        [36m</h2>[39m
        [36m<div[39m
          [33mclass[39m=[32m"space-y-6"[39m
        [36m>[39m
          [36m<div[39m
            [33mclass[39m=[32m"flex gap-4 group 
cursor-default"[39m
          [36m>[39m
            [36m<div[39m
              [33mclass[39m=[32m"w-12 h-12 
rounded-full bg-blue-900/50 flex items-center 
justify-center shrink-0 border border-blue-500/30 
group-hover:scale-110 transition-transform 
duration-300"[39m
            [36m>[39m
              [36m<svg[39m
                [33mclass[39m=[32m"lucide 
lucide-cpu w-6 h-6 text-blue-400"[39m
                [33mfill[39m=[32m"none"[39m
                [33mheight[39m=[32m"24"[39m
                
[33mstroke[39m=[32m"currentColor"[39m
                
[33mstroke-linecap[39m=[32m"round"[39m
                
[33mstroke-linejoin[39m=[32m"round"[39m
                [33mstroke-width[39m=[32m"2"[39m
                [33mviewBox[39m=[32m"0 0 24 
24"[39m
                [33mwidth[39m=[32m"24"[39m
                
[33mxmlns[39m=[32m"http://www.w3.org/2000/svg"[39m
              [36m>[39m
                [36m<rect[39m
                  [33mheight[39m=[32m"16"[39m
                  [33mrx[39m=[32m"2"[39m
                  [33mwidth[39m=[32m"16"[39m
                  [33mx[39m=[32m"4"[39m
                  [33my[39m=[32m"4"[39m
                [36m/>[39m
                [36m<rect[39m
                  [33mheight[39m=[32m"6"[39m
                  [33mwidth[39m=[32m"6"[39m
                  [33mx[39m=[32m"9"[39m
                  [33my[39m=[32m"9"[39m
                [36m/>[39m
                [36m<path[39m
                  [33md[39m=[32m"M15 2v2"[39m
                [36m/>[39m
                [36m<path[39m
                  [33md[39m=[32m"M15 20v2"[39m
                [36m/>[39m
                [36m<path[39m
                  [33md[39m=[32m"M2 15h2"[39m
                [36m/>[39m
                [36m<path[39m
                  [33md[39m=[32m"M2 9h2"[39m
                [36m/>[39m
                [36m<path[39m
                  [33md[39m=[32m"M20 15h2"[39m
                [36m/>[39m
                [36m<path[39m
                  [33md[39m=[32m"M20 9h2"[39m
                [36m/>[39m
                [36m<path[39m
                  [33md[39m=[32m"M9 2v2"[39m
                [36m/>[39m
                [36m<path[39m
                  [33md[39m=[32m"M9 20v2"[39m
                [36m/>[39m
              [36m</svg>[39m
            [36m</div>[39m
            [36m<div>[39m
              [36m<h3[39m
                [33mclass[39m=[32m"text-xl 
font-bold text-white group-hover:text-blue-400 
transition-colors"[39m
              [36m>[39m
                [0mWUT (Orchestrator)[0m
              [36m</h3>[39m
              [36m<p[39m
                [33mclass[39m=[32m"text-slate-400 
text-sm mt-1"[39m
              [36m>[39m
                
[0mเธชเธกเธญเธเธชเนเธงเธเธซเธเนเธฒ (Frontend 
logic) เธ—เธณเธซเธเนเธฒเธ—เธตเนเนเธขเธเนเธขเธฐเน
เธเธเธ (Classifier) 
เนเธฅเธฐเธ•เธฑเธ”เธชเธดเธเนเธ (Decision Engine) เธ
งเนเธฒเธเธฐเธ•เธญเธเน€เธญเธเธซเธฃเธทเธญเธชเนเธเธ
•เนเธญเนเธซเนเธเธ[0m
              [36m</p>[39m
            [36m</div>[39m
          [36m</div>[39m
          [36m<div[39m
            [33mclass[39m=[32m"flex gap-4 group 
cursor-default"[39m
          [36m>[39m
            [36m<div[39m
              [33mclass[39m=[32m"w-12 h-12 
rounded-full bg-purple-900/50 flex items-center 
justify-center shrink-0 border border-purple-500/30 
group-hover:scale-110 transition-transform 
duration-300"[39m
            [36m>[39m
              [36m<svg[39m
                [33mclass[39m=[32m"lucide 
lucide-database w-6 h-6 text-purple-400"[39m
                [33mfill[39m=[32m"none"[39m
                [33mheight[39m=[32m"24"[39m
                
[33mstroke[39m=[32m"currentColor"[39m
                
[33mstroke-linecap[39m=[32m"round"[39m
                
[33mstroke-linejoin[39m=[32m"round"[39m
                [33mstroke-width[39m=[32m"2"[39m
                [33mviewBox[39m=[32m"0 0 24 
24"[39m
                [33mwidth[39m=[32m"24"[39m
                
[33mxmlns[39m=[32m"http://www.w3.org/2000/svg"[39m
              [36m>[39m
                [36m<ellipse[39m
                  [33mcx[39m=[32m"12"[39m
                  [33mcy[39m=[32m"5"[39m
                  [33mrx[39m=[32m"9"[39m
                  [33mry[39m=[32m"3"[39m
                [36m/>[39m
                [36m<path[39m
                  [33md[39m=[32m"M3 5V19A9 3 0 0 0 
21 19V5"[39m
                [36m/>[39m
                [36m<path[39m
                  [33md[39m=[32m"M3 12A9 3 0 0 0 
21 12"[39m
                [36m/>[39m
              [36m</svg>[39m
            [36m</div>[39m
            [36m<div>[39m
              [36m<h3[39m
                [33mclass[39m=[32m"text-xl 
font-bold text-white group-hover:text-purple-400 
transition-colors"[39m
              [36m>[39m
                [0mWAY (RAG Engine)[0m
              [36m</h3>[39m
              [36m<p[39m
                [33mclass[39m=[32m"text-slate-400 
text-sm mt-1"[39m
              [36m>[39m
                
[0mเธชเธกเธญเธเธชเนเธงเธเธซเธฅเธฑเธ 
เธเนเธเธซเธฒเธเนเธญเธกเธนเธฅเธเธฒเธ Knowledge 
Base (Qdrant Vector DB) เนเธฅเธฐเธชเธฃเนเธฒเธเธเธณ
เธ•เธญเธเธ—เธตเนเนเธกเนเธเธขเธณเธ”เนเธงเธข Groq 
LLM (Llama 3.3 70B)[0m
              [36m</p>[39m
            [36m</div>[39m
          [36m</div>[39m
          [36m<div[39m
            [33mclass[39m=[32m"flex gap-4 group 
cursor-default"[39m
          [36m>[39m
            [36m<div[39m
              [33mclass[39m=[32m"w-12 h-12 
rounded-full bg-green-900/50 flex items-center 
justify-center shrink-0 border border-green-500/30 
group-hover:scale-110 transition-transform 
duration-300"[39m
            [36m>[39m
              [36m<svg[39m
                [33mclass[39m=[32m"lucide 
lucide-shield-alert w-6 h-6 text-green-400"[39m
                [33mfill[39m=[32m"none"[39m
                [33mheight[39m=[32m"24"[39m
                
[33mstroke[39m=[32m"currentColor"[39m
                
[33mstroke-linecap[39m=[32m"round"[39m
                
[33mstroke-linejoin[39m=[32m"round"[39m
                [33mstroke-width[39m=[32m"2"[39m
                [33mviewBox[39m=[32m"0 0 24 
24"[39m
                [33mwidth[39m=[32m"24"[39m
                
[33mxmlns[39m=[32m"http://www.w3.org/2000/svg"[39m
              [36m>[39m
                [36m<path[39m
                  [33md[39m=[32m"M20 13c0 5-3.5 
7.5-7.66 8.95a1 1 0 0 1-.67-.01C7.5 20.5 4 18 4 
13V6a1 1 0 0 1 1-1c2 0 4.5-1.2 6.24-2.72a1.17 1.17 0 
0 1 1.52 0C14.51 3.81 17 5 19 5a1 1 0 0 1 1 1z"[39m
                [36m/>[39m
                [36m<path[39m
                  [33md[39m=[32m"M12 8v4"[39m
                [36m/>[39m
                [36m<path[39m
                  [33md[39m=[32m"M12 16h.01"[39m
                [36m/>[39m
              [36m</svg>[39m
            [36m</div>[39m
            [36m<div>[39m
              [36m<h3[39m
                [33mclass[39m=[32m"text-xl 
font-bold text-white group-hover:text-green-400 
transition-colors"[39m
              [36m>[39m
                [0mSafety First[0m
              [36m</h3>[39m
              [36m<p[39m
                [33mclass[39m=[32m"text-slate-400 
text-sm mt-1"[39m
              [36m>[39m
                [0mเธเธเน€เธซเธฅเนเธ: 
เธซเนเธฒเธก AI เธญเธเธธเธกเธฑเธ•เธดเน€เธฃเธทเนเธญเธ
เน€เธเธดเธเนเธฅเธฐ HR Action 
เนเธ”เธขเน€เธ”เนเธ”เธเธฒเธ” 
เธ•เนเธญเธเธเนเธฒเธเธเธเน€เธชเธกเธญ 
(Human-in-the-loop)[0m
              [36m</p>[39m
            [36m</div>[39m
          [36m</div>[39m
        [36m</div>[39m
      [36m</div>[39m
      [36m<div[39m
        [33mclass[39m=[32m"md:w-1/2 bg-slate-800 
rounded-3xl p-6 border border-slate-700 shadow-2xl 
relative overflow-hidden group"[39m
      [36m>[39m
        [36m<div[39m
          [33mclass[39m=[32m"absolute top-0 
right-0 w-64 h-64 bg-orange-500/10 blur-3xl 
rounded-full group-hover:bg-orange-500/20 
transition-colors duration-700"[39m
        [36m/>[39m
        [36m<div[39m
          [33mclass[39m=[32m"relative z-10 flex 
flex-col items-center gap-4 text-sm font-mono"[39m
        [36m>[39m
          [36m<div[39m
            [33mclass[39m=[32m"p-3 bg-slate-700 
rounded-lg border border-slate-600 w-48 text-center 
text-white shadow-lg"[39m
          [36m>[39m
            [0mUser (Frontend)[0m
          [36m</div>[39m
          [36m<svg[39m
            [33mclass[39m=[32m"lucide 
lucide-arrow-right rotate-90 text-slate-500"[39m
            [33mfill[39m=[32m"none"[39m
            [33mheight[39m=[32m"24"[39m
            [33mstroke[39m=[32m"currentColor"[39m
            [33mstroke-linecap[39m=[32m"round"[39m
            
[33mstroke-linejoin[39m=[32m"round"[39m
            [33mstroke-width[39m=[32m"2"[39m
            [33mviewBox[39m=[32m"0 0 24 24"[39m
            [33mwidth[39m=[32m"24"[39m
            
[33mxmlns[39m=[32m"http://www.w3.org/2000/svg"[39m
          [36m>[39m
            [36m<path[39m
              [33md[39m=[32m"M5 12h14"[39m
            [36m/>[39m
            [36m<path[39m
              [33md[39m=[32m"m12 5 7 7-7 7"[39m
            [36m/>[39m
          [36m</svg>[39m
          [36m<div[39m
            [33mclass[39m=[32m"p-4 bg-blue-900/30 
rounded-xl border border-blue-500/50 w-full 
text-center shadow-lg hover:border-blue-400 
transition-colors"[39m
          [36m>[39m
            [36m<div[39m
              [33mclass[39m=[32m"text-blue-400 
font-bold mb-2"[39m
            [36m>[39m
              [0mWUT Orchestrator[0m
            [36m</div>[39m
            [36m<div[39m
              [33mclass[39m=[32m"flex gap-2 
justify-center"[39m
            [36m>[39m
              [36m<span[39m
                [33mclass[39m=[32m"bg-blue-900/50 
px-2 py-1 rounded text-xs"[39m
              [36m>[39m
                [0mClassifier[0m
              [36m</span>[39m
              [36m<span[39m
                [33mclass[39m=[32m"bg-blue-900/50 
px-2 py-1 rounded text-xs"[39m
              [36m>[39m
                [0mDecision Engine[0m
              [36m</span>[39m
            [36m</div>[39m
          [36m</div>[39m
          [36m<svg[39m
            [33mclass[39m=[32m"lucide 
lucide-arrow-right rotate-90 text-slate-500"[39m
            [33mfill[39m=[32m"none"[39m
            [33mheight[39m=[32m"24"[39m
            [33mstroke[39m=[32m"currentColor"[39m
            [33mstroke-linecap[39m=[32m"round"[39m
            
[33mstroke-linejoin[39m=[32m"round"[39m
            [33mstroke-width[39m=[32m"2"[39m
            [33mviewBox[39m=[32m"0 0 24 24"[39m
            [33mwidth[39m=[32m"24"[39m
            
[33mxmlns[39m=[32m"http://www.w3.org/2000/svg"[39m
          [36m>[39m
            [36m<path[39m
              [33md[39m=[32m"M5 12h14"[39m
            [36m/>[39m
            [36m<path[39m
              [33md[39m=[32m"m12 5 7 7-7 7"[39m
            [36m/>[39m
          [36m</svg>[39m
          [36m<div[39m
            [33mclass[39m=[32m"p-4 
bg-purple-900/30 rounded-xl border 
border-purple-500/50 w-full text-center shadow-lg 
hover:border-purple-400 transition-colors"[39m
          [36m>[39m
            [36m<div[39m
              [33mclass[39m=[32m"text-purple-400 
font-bold mb-2"[39m
            [36m>[39m
              [0mWAY RAG Engine[0m
            [36m</div>[39m
            [36m<div[39m
              [33mclass[39m=[32m"flex gap-2 
justify-center"[39m
            [36m>[39m
              [36m<span[39m
                
[33mclass[39m=[32m"bg-purple-900/50 px-2 py-1 
rounded text-xs"[39m
              [36m>[39m
                [0mVector Search[0m
              [36m</span>[39m
              [36m<span[39m
                
[33mclass[39m=[32m"bg-purple-900/50 px-2 py-1 
rounded text-xs"[39m
              [36m>[39m
                [0mGroq LLM[0m
              [36m</span>[39m
            [36m</div>[39m
          [36m</div>[39m
        [36m</div>[39m
      [36m</div>[39m
    [36m</div>[39m
  [36m</div>[39m
[36m</section>[39m

Ignored nodes: comments, script, style
[36m<div[39m
  [33mclass[39m=[32m"max-w-7xl mx-auto"[39m
[36m>[39m
  [36m<div[39m
    [33mclass[39m=[32m"flex flex-col md:flex-row 
gap-12 items-center"[39m
  [36m>[39m
    [36m<div[39m
      [33mclass[39m=[32m"md:w-1/2"[39m
    [36m>[39m
      [36m<span[39m
        [33mclass[39m=[32m"text-orange-400 
font-bold tracking-widest text-sm uppercase mb-2 
block"[39m
      [36m>[39m
        [0mOur Solution[0m
      [36m</span>[39m
      [36m<h2[39m
        [33mclass[39m=[32m"text-3xl md:text-5xl 
font-bold text-white mb-6"[39m
      [36m>[39m
        [0mWUT + WAY Architecture[0m
      [36m</h2>[39m
      [36m<div[39m
        [33mclass[39m=[32m"space-y-6"[39m
      [36m>[39m
        [36m<div[39m
          [33mclass[39m=[32m"flex gap-4 group 
cursor-default"[39m
        [36m>[39m
          [36m<div[39m
            [33mclass[39m=[32m"w-12 h-12 
rounded-full bg-blue-900/50 flex items-center 
justify-center shrink-0 border border-blue-500/30 
group-hover:scale-110 transition-transform 
duration-300"[39m
          [36m>[39m
            [36m<svg[39m
              [33mclass[39m=[32m"lucide lucide-cpu 
w-6 h-6 text-blue-400"[39m
              [33mfill[39m=[32m"none"[39m
              [33mheight[39m=[32m"24"[39m
              
[33mstroke[39m=[32m"currentColor"[39m
              
[33mstroke-linecap[39m=[32m"round"[39m
              
[33mstroke-linejoin[39m=[32m"round"[39m
              [33mstroke-width[39m=[32m"2"[39m
              [33mviewBox[39m=[32m"0 0 24 24"[39m
              [33mwidth[39m=[32m"24"[39m
              
[33mxmlns[39m=[32m"http://www.w3.org/2000/svg"[39m
            [36m>[39m
              [36m<rect[39m
                [33mheight[39m=[32m"16"[39m
                [33mrx[39m=[32m"2"[39m
                [33mwidth[39m=[32m"16"[39m
                [33mx[39m=[32m"4"[39m
                [33my[39m=[32m"4"[39m
              [36m/>[39m
              [36m<rect[39m
                [33mheight[39m=[32m"6"[39m
                [33mwidth[39m=[32m"6"[39m
                [33mx[39m=[32m"9"[39m
                [33my[39m=[32m"9"[39m
              [36m/>[39m
              [36m<path[39m
                [33md[39m=[32m"M15 2v2"[39m
              [36m/>[39m
              [36m<path[39m
                [33md[39m=[32m"M15 20v2"[39m
              [36m/>[39m
              [36m<path[39m
                [33md[39m=[32m"M2 15h2"[39m
              [36m/>[39m
              [36m<path[39m
                [33md[39m=[32m"M2 9h2"[39m
              [36m/>[39m
              [36m<path[39m
                [33md[39m=[32m"M20 15h2"[39m
              [36m/>[39m
              [36m<path[39m
                [33md[39m=[32m"M20 9h2"[39m
              [36m/>[39m
              [36m<path[39m
                [33md[39m=[32m"M9 2v2"[39m
              [36m/>[39m
              [36m<path[39m
                [33md[39m=[32m"M9 20v2"[39m
              [36m/>[39m
            [36m</svg>[39m
          [36m</div>[39m
          [36m<div>[39m
            [36m<h3[39m
              [33mclass[39m=[32m"text-xl font-bold 
text-white group-hover:text-blue-400 
transition-colors"[39m
            [36m>[39m
              [0mWUT (Orchestrator)[0m
            [36m</h3>[39m
            [36m<p[39m
              [33mclass[39m=[32m"text-slate-400 
text-sm mt-1"[39m
            [36m>[39m
              
[0mเธชเธกเธญเธเธชเนเธงเธเธซเธเนเธฒ (Frontend 
logic) เธ—เธณเธซเธเนเธฒเธ—เธตเนเนเธขเธเนเธขเธฐเน
เธเธเธ (Classifier) 
เนเธฅเธฐเธ•เธฑเธ”เธชเธดเธเนเธ (Decision Engine) เธ
งเนเธฒเธเธฐเธ•เธญเธเน€เธญเธเธซเธฃเธทเธญเธชเนเธเธ
•เนเธญเนเธซเนเธเธ[0m
            [36m</p>[39m
          [36m</div>[39m
        [36m</div>[39m
        [36m<div[39m
          [33mclass[39m=[32m"flex gap-4 group 
cursor-default"[39m
        [36m>[39m
          [36m<div[39m
            [33mclass[39m=[32m"w-12 h-12 
rounded-full bg-purple-900/50 flex items-center 
justify-center shrink-0 border border-purple-500/30 
group-hover:scale-110 transition-transform 
duration-300"[39m
          [36m>[39m
            [36m<svg[39m
              [33mclass[39m=[32m"lucide 
lucide-database w-6 h-6 text-purple-400"[39m
              [33mfill[39m=[32m"none"[39m
              [33mheight[39m=[32m"24"[39m
              
[33mstroke[39m=[32m"currentColor"[39m
              
[33mstroke-linecap[39m=[32m"round"[39m
              
[33mstroke-linejoin[39m=[32m"round"[39m
              [33mstroke-width[39m=[32m"2"[39m
              [33mviewBox[39m=[32m"0 0 24 24"[39m
              [33mwidth[39m=[32m"24"[39m
              
[33mxmlns[39m=[32m"http://www.w3.org/2000/svg"[39m
            [36m>[39m
              [36m<ellipse[39m
                [33mcx[39m=[32m"12"[39m
                [33mcy[39m=[32m"5"[39m
                [33mrx[39m=[32m"9"[39m
                [33mry[39m=[32m"3"[39m
              [36m/>[39m
              [36m<path[39m
                [33md[39m=[32m"M3 5V19A9 3 0 0 0 
21 19V5"[39m
              [36m/>[39m
              [36m<path[39m
                [33md[39m=[32m"M3 12A9 3 0 0 0 21 
12"[39m
              [36m/>[39m
            [36m</svg>[39m
          [36m</div>[39m
          [36m<div>[39m
            [36m<h3[39m
              [33mclass[39m=[32m"text-xl font-bold 
text-white group-hover:text-purple-400 
transition-colors"[39m
            [36m>[39m
              [0mWAY (RAG Engine)[0m
            [36m</h3>[39m
            [36m<p[39m
              [33mclass[39m=[32m"text-slate-400 
text-sm mt-1"[39m
            [36m>[39m
              
[0mเธชเธกเธญเธเธชเนเธงเธเธซเธฅเธฑเธ 
เธเนเธเธซเธฒเธเนเธญเธกเธนเธฅเธเธฒเธ Knowledge 
Base (Qdrant Vector DB) เนเธฅเธฐเธชเธฃเนเธฒเธเธเธณ
เธ•เธญเธเธ—เธตเนเนเธกเนเธเธขเธณเธ”เนเธงเธข Groq 
LLM (Llama 3.3 70B)[0m
            [36m</p>[39m
          [36m</div>[39m
        [36m</div>[39m
        [36m<div[39m
          [33mclass[39m=[32m"flex gap-4 group 
cursor-default"[39m
        [36m>[39m
          [36m<div[39m
            [33mclass[39m=[32m"w-12 h-12 
rounded-full bg-green-900/50 flex items-center 
justify-center shrink-0 border border-green-500/30 
group-hover:scale-110 transition-transform 
duration-300"[39m
          [36m>[39m
            [36m<svg[39m
              [33mclass[39m=[32m"lucide 
lucide-shield-alert w-6 h-6 text-green-400"[39m
              [33mfill[39m=[32m"none"[39m
              [33mheight[39m=[32m"24"[39m
              
[33mstroke[39m=[32m"currentColor"[39m
              
[33mstroke-linecap[39m=[32m"round"[39m
              
[33mstroke-linejoin[39m=[32m"round"[39m
              [33mstroke-width[39m=[32m"2"[39m
              [33mviewBox[39m=[32m"0 0 24 24"[39m
              [33mwidth[39m=[32m"24"[39m
              
[33mxmlns[39m=[32m"http://www.w3.org/2000/svg"[39m
            [36m>[39m
              [36m<path[39m
                [33md[39m=[32m"M20 13c0 5-3.5 
7.5-7.66 8.95a1 1 0 0 1-.67-.01C7.5 20.5 4 18 4 
13V6a1 1 0 0 1 1-1c2 0 4.5-1.2 6.24-2.72a1.17 1.17 0 
0 1 1.52 0C14.51 3.81 17 5 19 5a1 1 0 0 1 1 1z"[39m
              [36m/>[39m
              [36m<path[39m
                [33md[39m=[32m"M12 8v4"[39m
              [36m/>[39m
              [36m<path[39m
                [33md[39m=[32m"M12 16h.01"[39m
              [36m/>[39m
            [36m</svg>[39m
          [36m</div>[39m
          [36m<div>[39m
            [36m<h3[39m
              [33mclass[39m=[32m"text-xl font-bold 
text-white group-hover:text-green-400 
transition-colors"[39m
            [36m>[39m
              [0mSafety First[0m
            [36m</h3>[39m
            [36m<p[39m
              [33mclass[39m=[32m"text-slate-400 
text-sm mt-1"[39m
            [36m>[39m
              [0mเธเธเน€เธซเธฅเนเธ: เธซเนเธฒเธก 
AI เธญเธเธธเธกเธฑเธ•เธดเน€เธฃเธทเนเธญเธเน€เธเธดเธ
เนเธฅเธฐ HR Action เนเธ”เธขเน€เธ”เนเธ”เธเธฒเธ” 
เธ•เนเธญเธเธเนเธฒเธเธเธเน€เธชเธกเธญ 
(Human-in-the-loop)[0m
            [36m</p>[39m
          [36m</div>[39m
        [36m</div>[39m
      [36m</div>[39m
    [36m</div>[39m
    [36m<div[39m
      [33mclass[39m=[32m"md:w-1/2 bg-slate-800 
rounded-3xl p-6 border border-slate-700 shadow-2xl 
relative overflow-hidden group"[39m
    [36m>[39m
      [36m<div[39m
        [33mclass[39m=[32m"absolute top-0 right-0 
w-64 h-64 bg-orange-500/10 blur-3xl rounded-full 
group-hover:bg-orange-500/20 transition-colors 
duration-700"[39m
      [36m/>[39m
      [36m<div[39m
        [33mclass[39m=[32m"relative z-10 flex 
flex-col items-center gap-4 text-sm font-mono"[39m
      [36m>[39m
        [36m<div[39m
          [33mclass[39m=[32m"p-3 bg-slate-700 
rounded-lg border border-slate-600 w-48 text-center 
text-white shadow-lg"[39m
        [36m>[39m
          [0mUser (Frontend)[0m
        [36m</div>[39m
        [36m<svg[39m
          [33mclass[39m=[32m"lucide 
lucide-arrow-right rotate-90 text-slate-500"[39m
          [33mfill[39m=[32m"none"[39m
          [33mheight[39m=[32m"24"[39m
          [33mstroke[39m=[32m"currentColor"[39m
          [33mstroke-linecap[39m=[32m"round"[39m
          [33mstroke-linejoin[39m=[32m"round"[39m
          [33mstroke-width[39m=[32m"2"[39m
          [33mviewBox[39m=[32m"0 0 24 24"[39m
          [33mwidth[39m=[32m"24"[39m
          
[33mxmlns[39m=[32m"http://www.w3.org/2000/svg"[39m
        [36m>[39m
          [36m<path[39m
            [33md[39m=[32m"M5 12h14"[39m
          [36m/>[39m
          [36m<path[39m
            [33md[39m=[32m"m12 5 7 7-7 7"[39m
          [36m/>[39m
        [36m</svg>[39m
        [36m<div[39m
          [33mclass[39m=[32m"p-4 bg-blue-900/30 
rounded-xl border border-blue-500/50 w-full 
text-center shadow-lg hover:border-blue-400 
transition-colors"[39m
        [36m>[39m
          [36m<div[39m
            [33mclass[39m=[32m"text-blue-400 
font-bold mb-2"[39m
          [36m>[39m
            [0mWUT Orchestrator[0m
          [36m</div>[39m
          [36m<div[39m
            [33mclass[39m=[32m"flex gap-2 
justify-center"[39m
          [36m>[39m
            [36m<span[39m
              [33mclass[39m=[32m"bg-blue-900/50 
px-2 py-1 rounded text-xs"[39m
            [36m>[39m
              [0mClassifier[0m
            [36m</span>[39m
            [36m<span[39m
              [33mclass[39m=[32m"bg-blue-900/50 
px-2 py-1 rounded text-xs"[39m
            [36m>[39m
              [0mDecision Engine[0m
            [36m</span>[39m
          [36m</div>[39m
        [36m</div>[39m
        [36m<svg[39m
          [33mclass[39m=[32m"lucide 
lucide-arrow-right rotate-90 text-slate-500"[39m
          [33mfill[39m=[32m"none"[39m
          [33mheight[39m=[32m"24"[39m
          [33mstroke[39m=[32m"currentColor"[39m
          [33mstroke-linecap[39m=[32m"round"[39m
          [33mstroke-linejoin[39m=[32m"round"[39m
          [33mstroke-width[39m=[32m"2"[39m
          [33mviewBox[39m=[32m"0 0 24 24"[39m
          [33mwidth[39m=[32m"24"[39m
          
[33mxmlns[39m=[32m"http://www.w3.org/2000/svg"[39m
        [36m>[39m
          [36m<path[39m
            [33md[39m=[32m"M5 12h14"[39m
          [36m/>[39m
          [36m<path[39m
            [33md[39m=[32m"m12 5 7 7-7 7"[39m
          [36m/>[39m
        [36m</svg>[39m
        [36m<div[39m
          [33mclass[39m=[32m"p-4 bg-purple-900/30 
rounded-xl border border-purple-500/50 w-full 
text-center shadow-lg hover:border-purple-400 
transition-colors"[39m
        [36m>[39m
          [36m<div[39m
            [33mclass[39m=[32m"text-purple-400 
font-bold mb-2"[39m
          [36m>[39m
            [0mWAY RAG Engine[0m
          [36m</div>[39m
          [36m<div[39m
            [33mclass[39m=[32m"flex gap-2 
justify-center"[39m
          [36m>[39m
            [36m<span[39m
              [33mclass[39m=[32m"bg-purple-900/50 
px-2 py-1 rounded text-xs"[39m
            [36m>[39m
              [0mVector Search[0m
            [36m</span>[39m
            [36m<span[39m
              [33mclass[39m=[32m"bg-purple-900/50 
px-2 py-1 rounded text-xs"[39m
            [36m>[39m
              [0mGroq LLM[0m
            [36m</span>[39m
          [36m</div>[39m
        [36m</div>[39m
      [36m</div>[39m
    [36m</div>[39m
  [36m</div>[39m
[36m</div>[39m

Ignored nodes: comments, script, style
[36m<div[39m
  [33mclass[39m=[32m"flex flex-col md:flex-row 
gap-12 items-center"[39m
[36m>[39m
  [36m<div[39m
    [33mclass[39m=[32m"md:w-1/2"[39m
  [36m>[39m
    [36m<span[39m
      [33mclass[39m=[32m"text-orange-400 font-bold 
tracking-widest text-sm uppercase mb-2 block"[39m
    [36m>[39m
      [0mOur Solution[0m
    [36m</span>[39m
    [36m<h2[39m
      [33mclass[39m=[32m"text-3xl md:text-5xl 
font-bold text-white mb-6"[39m
    [36m>[39m
      [0mWUT + WAY Architecture[0m
    [36m</h2>[39m
    [36m<div[39m
      [33mclass[39m=[32m"space-y-6"[39m
    [36m>[39m
      [36m<div[39m
        [33mclass[39m=[32m"flex gap-4 group 
cursor-default"[39m
      [36m>[39m
        [36m<div[39m
          [33mclass[39m=[32m"w-12 h-12 
rounded-full bg-blue-900/50 flex items-center 
justify-center shrink-0 border border-blue-500/30 
group-hover:scale-110 transition-transform 
duration-300"[39m
        [36m>[39m
          [36m<svg[39m
            [33mclass[39m=[32m"lucide lucide-cpu 
w-6 h-6 text-blue-400"[39m
            [33mfill[39m=[32m"none"[39m
            [33mheight[39m=[32m"24"[39m
            [33mstroke[39m=[32m"currentColor"[39m
            [33mstroke-linecap[39m=[32m"round"[39m
            
[33mstroke-linejoin[39m=[32m"round"[39m
            [33mstroke-width[39m=[32m"2"[39m
            [33mviewBox[39m=[32m"0 0 24 24"[39m
            [33mwidth[39m=[32m"24"[39m
            
[33mxmlns[39m=[32m"http://www.w3.org/2000/svg"[39m
          [36m>[39m
            [36m<rect[39m
              [33mheight[39m=[32m"16"[39m
              [33mrx[39m=[32m"2"[39m
              [33mwidth[39m=[32m"16"[39m
              [33mx[39m=[32m"4"[39m
              [33my[39m=[32m"4"[39m
            [36m/>[39m
            [36m<rect[39m
              [33mheight[39m=[32m"6"[39m
              [33mwidth[39m=[32m"6"[39m
              [33mx[39m=[32m"9"[39m
              [33my[39m=[32m"9"[39m
            [36m/>[39m
            [36m<path[39m
              [33md[39m=[32m"M15 2v2"[39m
            [36m/>[39m
            [36m<path[39m
              [33md[39m=[32m"M15 20v2"[39m
            [36m/>[39m
            [36m<path[39m
              [33md[39m=[32m"M2 15h2"[39m
            [36m/>[39m
            [36m<path[39m
              [33md[39m=[32m"M2 9h2"[39m
            [36m/>[39m
            [36m<path[39m
              [33md[39m=[32m"M20 15h2"[39m
            [36m/>[39m
            [36m<path[39m
              [33md[39m=[32m"M20 9h2"[39m
            [36m/>[39m
            [36m<path[39m
              [33md[39m=[32m"M9 2v2"[39m
            [36m/>[39m
            [36m<path[39m
              [33md[39m=[32m"M9 20v2"[39m
            [36m/>[39m
          [36m</svg>[39m
        [36m</div>[39m
        [36m<div>[39m
          [36m<h3[39m
            [33mclass[39m=[32m"text-xl font-bold 
text-white group-hover:text-blue-400 
transition-colors"[39m
          [36m>[39m
            [0mWUT (Orchestrator)[0m
          [36m</h3>[39m
          [36m<p[39m
            [33mclass[39m=[32m"text-slate-400 
text-sm mt-1"[39m
          [36m>[39m
            [0mเธชเธกเธญเธเธชเนเธงเธเธซเธเนเธฒ 
(Frontend logic) เธ—เธณเธซเธเนเธฒเธ—เธตเนเนเธขเธเ
นเธขเธฐเนเธเธเธ (Classifier) 
เนเธฅเธฐเธ•เธฑเธ”เธชเธดเธเนเธ (Decision Engine) เธ
งเนเธฒเธเธฐเธ•เธญเธเน€เธญเธเธซเธฃเธทเธญเธชเนเธเธ
•เนเธญเนเธซเนเธเธ[0m
          [36m</p>[39m
        [36m</div>[39m
      [36m</div>[39m
      [36m<div[39m
        [33mclass[39m=[32m"flex gap-4 group 
cursor-default"[39m
      [36m>[39m
        [36m<div[39m
          [33mclass[39m=[32m"w-12 h-12 
rounded-full bg-purple-900/50 flex items-center 
justify-center shrink-0 border border-purple-500/30 
group-hover:scale-110 transition-transform 
duration-300"[39m
        [36m>[39m
          [36m<svg[39m
            [33mclass[39m=[32m"lucide 
lucide-database w-6 h-6 text-purple-400"[39m
            [33mfill[39m=[32m"none"[39m
            [33mheight[39m=[32m"24"[39m
            [33mstroke[39m=[32m"currentColor"[39m
            [33mstroke-linecap[39m=[32m"round"[39m
            
[33mstroke-linejoin[39m=[32m"round"[39m
            [33mstroke-width[39m=[32m"2"[39m
            [33mviewBox[39m=[32m"0 0 24 24"[39m
            [33mwidth[39m=[32m"24"[39m
            
[33mxmlns[39m=[32m"http://www.w3.org/2000/svg"[39m
          [36m>[39m
            [36m<ellipse[39m
              [33mcx[39m=[32m"12"[39m
              [33mcy[39m=[32m"5"[39m
              [33mrx[39m=[32m"9"[39m
              [33mry[39m=[32m"3"[39m
            [36m/>[39m
            [36m<path[39m
              [33md[39m=[32m"M3 5V19A9 3 0 0 0 21 
19V5"[39m
            [36m/>[39m
            [36m<path[39m
              [33md[39m=[32m"M3 12A9 3 0 0 0 21 
12"[39m
            [36m/>[39m
          [36m</svg>[39m
        [36m</div>[39m
        [36m<div>[39m
          [36m<h3[39m
            [33mclass[39m=[32m"text-xl font-bold 
text-white group-hover:text-purple-400 
transition-colors"[39m
          [36m>[39m
            [0mWAY (RAG Engine)[0m
          [36m</h3>[39m
          [36m<p[39m
            [33mclass[39m=[32m"text-slate-400 
text-sm mt-1"[39m
          [36m>[39m
            [0mเธชเธกเธญเธเธชเนเธงเธเธซเธฅเธฑเธ 
เธเนเธเธซเธฒเธเนเธญเธกเธนเธฅเธเธฒเธ Knowledge 
Base (Qdrant Vector DB) เนเธฅเธฐเธชเธฃเนเธฒเธเธเธณ
เธ•เธญเธเธ—เธตเนเนเธกเนเธเธขเธณเธ”เนเธงเธข Groq 
LLM (Llama 3.3 70B)[0m
          [36m</p>[39m
        [36m</div>[39m
      [36m</div>[39m
      [36m<div[39m
        [33mclass[39m=[32m"flex gap-4 group 
cursor-default"[39m
      [36m>[39m
        [36m<div[39m
          [33mclass[39m=[32m"w-12 h-12 
rounded-full bg-green-900/50 flex items-center 
justify-center shrink-0 border border-green-500/30 
group-hover:scale-110 transition-transform 
duration-300"[39m
        [36m>[39m
          [36m<svg[39m
            [33mclass[39m=[32m"lucide 
lucide-shield-alert w-6 h-6 text-green-400"[39m
            [33mfill[39m=[32m"none"[39m
            [33mheight[39m=[32m"24"[39m
            [33mstroke[39m=[32m"currentColor"[39m
            [33mstroke-linecap[39m=[32m"round"[39m
            
[33mstroke-linejoin[39m=[32m"round"[39m
            [33mstroke-width[39m=[32m"2"[39m
            [33mviewBox[39m=[32m"0 0 24 24"[39m
            [33mwidth[39m=[32m"24"[39m
            
[33mxmlns[39m=[32m"http://www.w3.org/2000/svg"[39m
          [36m>[39m
            [36m<path[39m
              [33md[39m=[32m"M20 13c0 5-3.5 
7.5-7.66 8.95a1 1 0 0 1-.67-.01C7.5 20.5 4 18 4 
13V6a1 1 0 0 1 1-1c2 0 4.5-1.2 6.24-2.72a1.17 1.17 0 
0 1 1.52 0C14.51 3.81 17 5 19 5a1 1 0 0 1 1 1z"[39m
            [36m/>[39m
            [36m<path[39m
              [33md[39m=[32m"M12 8v4"[39m
            [36m/>[39m
            [36m<path[39m
              [33md[39m=[32m"M12 16h.01"[39m
            [36m/>[39m
          [36m</svg>[39m
        [36m</div>[39m
        [36m<div>[39m
          [36m<h3[39m
            [33mclass[39m=[32m"text-xl font-bold 
text-white group-hover:text-green-400 
transition-colors"[39m
          [36m>[39m
            [0mSafety First[0m
          [36m</h3>[39m
          [36m<p[39m
            [33mclass[39m=[32m"text-slate-400 
text-sm mt-1"[39m
          [36m>[39m
            [0mเธเธเน€เธซเธฅเนเธ: เธซเนเธฒเธก 
AI เธญเธเธธเธกเธฑเธ•เธดเน€เธฃเธทเนเธญเธเน€เธเธดเธ
เนเธฅเธฐ HR Action เนเธ”เธขเน€เธ”เนเธ”เธเธฒเธ” 
เธ•เนเธญเธเธเนเธฒเธเธเธเน€เธชเธกเธญ 
(Human-in-the-loop)[0m
          [36m</p>[39m
        [36m</div>[39m
      [36m</div>[39m
    [36m</div>[39m
  [36m</div>[39m
  [36m<div[39m
    [33mclass[39m=[32m"md:w-1/2 bg-slate-800 
rounded-3xl p-6 border border-slate-700 shadow-2xl 
relative overflow-hidden group"[39m
  [36m>[39m
    [36m<div[39m
      [33mclass[39m=[32m"absolute top-0 right-0 
w-64 h-64 bg-orange-500/10 blur-3xl rounded-full 
group-hover:bg-orange-500/20 transition-colors 
duration-700"[39m
    [36m/>[39m
    [36m<div[39m
      [33mclass[39m=[32m"relative z-10 flex 
flex-col items-center gap-4 text-sm font-mono"[39m
    [36m>[39m
      [36m<div[39m
        [33mclass[39m=[32m"p-3 bg-slate-700 
rounded-lg border border-slate-600 w-48 text-center 
text-white shadow-lg"[39m
      [36m>[39m
        [0mUser (Frontend)[0m
      [36m</div>[39m
      [36m<svg[39m
        [33mclass[39m=[32m"lucide 
lucide-arrow-right rotate-90 text-slate-500"[39m
        [33mfill[39m=[32m"none"[39m
        [33mheight[39m=[32m"24"[39m
        [33mstroke[39m=[32m"currentColor"[39m
        [33mstroke-linecap[39m=[32m"round"[39m
        [33mstroke-linejoin[39m=[32m"round"[39m
        [33mstroke-width[39m=[32m"2"[39m
        [33mviewBox[39m=[32m"0 0 24 24"[39m
        [33mwidth[39m=[32m"24"[39m
        
[33mxmlns[39m=[32m"http://www.w3.org/2000/svg"[39m
      [36m>[39m
        [36m<path[39m
          [33md[39m=[32m"M5 12h14"[39m
        [36m/>[39m
        [36m<path[39m
          [33md[39m=[32m"m12 5 7 7-7 7"[39m
        [36m/>[39m
      [36m</svg>[39m
      [36m<div[39m
        [33mclass[39m=[32m"p-4 bg-blue-900/30 
rounded-xl border border-blue-500/50 w-full 
text-center shadow-lg hover:border-blue-400 
transition-colors"[39m
      [36m>[39m
        [36m<div[39m
          [33mclass[39m=[32m"text-blue-400 
font-bold mb-2"[39m
        [36m>[39m
          [0mWUT Orchestrator[0m
        [36m</div>[39m
        [36m<div[39m
          [33mclass[39m=[32m"flex gap-2 
justify-center"[39m
        [36m>[39m
          [36m<span[39m
            [33mclass[39m=[32m"bg-blue-900/50 px-2 
py-1 rounded text-xs"[39m
          [36m>[39m
            [0mClassifier[0m
          [36m</span>[39m
          [36m<span[39m
            [33mclass[39m=[32m"bg-blue-900/50 px-2 
py-1 rounded text-xs"[39m
          [36m>[39m
            [0mDecision Engine[0m
          [36m</span>[39m
        [36m</div>[39m
      [36m</div>[39m
      [36m<svg[39m
        [33mclass[39m=[32m"lucide 
lucide-arrow-right rotate-90 text-slate-500"[39m
        [33mfill[39m=[32m"none"[39m
        [33mheight[39m=[32m"24"[39m
        [33mstroke[39m=[32m"currentColor"[39m
        [33mstroke-linecap[39m=[32m"round"[39m
        [33mstroke-linejoin[39m=[32m"round"[39m
        [33mstroke-width[39m=[32m"2"[39m
        [33mviewBox[39m=[32m"0 0 24 24"[39m
        [33mwidth[39m=[32m"24"[39m
        
[33mxmlns[39m=[32m"http://www.w3.org/2000/svg"[39m
      [36m>[39m
        [36m<path[39m
          [33md[39m=[32m"M5 12h14"[39m
        [36m/>[39m
        [36m<path[39m
          [33md[39m=[32m"m12 5 7 7-7 7"[39m
        [36m/>[39m
      [36m</svg>[39m
      [36m<div[39m
        [33mclass[39m=[32m"p-4 bg-purple-900/30 
rounded-xl border border-purple-500/50 w-full 
text-center shadow-lg hover:border-purple-400 
transition-colors"[39m
      [36m>[39m
        [36m<div[39m
          [33mclass[39m=[32m"text-purple-400 
font-bold mb-2"[39m
        [36m>[39m
          [0mWAY RAG Engine[0m
        [36m</div>[39m
        [36m<div[39m
          [33mclass[39m=[32m"flex gap-2 
justify-center"[39m
        [36m>[39m
          [36m<span[39m
            [33mclass[39m=[32m"bg-purple-900/50 
px-2 py-1 rounded text-xs"[39m
          [36m>[39m
            [0mVector Search[0m
          [36m</span>[39m
          [36m<span[39m
            [33mclass[39m=[32m"bg-purple-900/50 
px-2 py-1 rounded text-xs"[39m
          [36m>[39m
            [0mGroq LLM[0m
          [36m</span>[39m
        [36m</div>[39m
      [36m</div>[39m
    [36m</div>[39m
  [36m</div>[39m
[36m</div>[39m

Ignored nodes: comments, script, style
[36m<div[39m
  [33mclass[39m=[32m"md:w-1/2"[39m
[36m>[39m
  [36m<span[39m
    [33mclass[39m=[32m"text-orange-400 font-bold 
tracking-widest text-sm uppercase mb-2 block"[39m
  [36m>[39m
    [0mOur Solution[0m
  [36m</span>[39m
  [36m<h2[39m
    [33mclass[39m=[32m"text-3xl md:text-5xl 
font-bold text-white mb-6"[39m
  [36m>[39m
    [0mWUT + WAY Architecture[0m
  [36m</h2>[39m
  [36m<div[39m
    [33mclass[39m=[32m"space-y-6"[39m
  [36m>[39m
    [36m<div[39m
      [33mclass[39m=[32m"flex gap-4 group 
cursor-default"[39m
    [36m>[39m
      [36m<div[39m
        [33mclass[39m=[32m"w-12 h-12 rounded-full 
bg-blue-900/50 flex items-center justify-center 
shrink-0 border border-blue-500/30 
group-hover:scale-110 transition-transform 
duration-300"[39m
      [36m>[39m
        [36m<svg[39m
          [33mclass[39m=[32m"lucide lucide-cpu w-6 
h-6 text-blue-400"[39m
          [33mfill[39m=[32m"none"[39m
          [33mheight[39m=[32m"24"[39m
          [33mstroke[39m=[32m"currentColor"[39m
          [33mstroke-linecap[39m=[32m"round"[39m
          [33mstroke-linejoin[39m=[32m"round"[39m
          [33mstroke-width[39m=[32m"2"[39m
          [33mviewBox[39m=[32m"0 0 24 24"[39m
          [33mwidth[39m=[32m"24"[39m
          
[33mxmlns[39m=[32m"http://www.w3.org/2000/svg"[39m
        [36m>[39m
          [36m<rect[39m
            [33mheight[39m=[32m"16"[39m
            [33mrx[39m=[32m"2"[39m
            [33mwidth[39m=[32m"16"[39m
            [33mx[39m=[32m"4"[39m
            [33my[39m=[32m"4"[39m
          [36m/>[39m
          [36m<rect[39m
            [33mheight[39m=[32m"6"[39m
            [33mwidth[39m=[32m"6"[39m
            [33mx[39m=[32m"9"[39m
            [33my[39m=[32m"9"[39m
          [36m/>[39m
          [36m<path[39m
            [33md[39m=[32m"M15 2v2"[39m
          [36m/>[39m
          [36m<path[39m
            [33md[39m=[32m"M15 20v2"[39m
          [36m/>[39m
          [36m<path[39m
            [33md[39m=[32m"M2 15h2"[39m
          [36m/>[39m
          [36m<path[39m
            [33md[39m=[32m"M2 9h2"[39m
          [36m/>[39m
          [36m<path[39m
            [33md[39m=[32m"M20 15h2"[39m
          [36m/>[39m
          [36m<path[39m
            [33md[39m=[32m"M20 9h2"[39m
          [36m/>[39m
          [36m<path[39m
            [33md[39m=[32m"M9 2v2"[39m
          [36m/>[39m
          [36m<path[39m
            [33md[39m=[32m"M9 20v2"[39m
          [36m/>[39m
        [36m</svg>[39m
      [36m</div>[39m
      [36m<div>[39m
        [36m<h3[39m
          [33mclass[39m=[32m"text-xl font-bold 
text-white group-hover:text-blue-400 
transition-colors"[39m
        [36m>[39m
          [0mWUT (Orchestrator)[0m
        [36m</h3>[39m
        [36m<p[39m
          [33mclass[39m=[32m"text-slate-400 
text-sm mt-1"[39m
        [36m>[39m
          [0mเธชเธกเธญเธเธชเนเธงเธเธซเธเนเธฒ 
(Frontend logic) เธ—เธณเธซเธเนเธฒเธ—เธตเนเนเธขเธเ
นเธขเธฐเนเธเธเธ (Classifier) 
เนเธฅเธฐเธ•เธฑเธ”เธชเธดเธเนเธ (Decision Engine) เธ
งเนเธฒเธเธฐเธ•เธญเธเน€เธญเธเธซเธฃเธทเธญเธชเนเธเธ
•เนเธญเนเธซเนเธเธ[0m
        [36m</p>[39m
      [36m</div>[39m
    [36m</div>[39m
    [36m<div[39m
      [33mclass[39m=[32m"flex gap-4 group 
cursor-default"[39m
    [36m>[39m
      [36m<div[39m
        [33mclass[39m=[32m"w-12 h-12 rounded-full 
bg-purple-900/50 flex items-center justify-center 
shrink-0 border border-purple-500/30 
group-hover:scale-110 transition-transform 
duration-300"[39m
      [36m>[39m
        [36m<svg[39m
          [33mclass[39m=[32m"lucide 
lucide-database w-6 h-6 text-purple-400"[39m
          [33mfill[39m=[32m"none"[39m
          [33mheight[39m=[32m"24"[39m
          [33mstroke[39m=[32m"currentColor"[39m
          [33mstroke-linecap[39m=[32m"round"[39m
          [33mstroke-linejoin[39m=[32m"round"[39m
          [33mstroke-width[39m=[32m"2"[39m
          [33mviewBox[39m=[32m"0 0 24 24"[39m
          [33mwidth[39m=[32m"24"[39m
          
[33mxmlns[39m=[32m"http://www.w3.org/2000/svg"[39m
        [36m>[39m
          [36m<ellipse[39m
            [33mcx[39m=[32m"12"[39m
            [33mcy[39m=[32m"5"[39m
            [33mrx[39m=[32m"9"[39m
            [33mry[39m=[32m"3"[39m
          [36m/>[39m
          [36m<path[39m
            [33md[39m=[32m"M3 5V19A9 3 0 0 0 21 
19V5"[39m
          [36m/>[39m
          [36m<path[39m
            [33md[39m=[32m"M3 12A9 3 0 0 0 21 
12"[39m
          [36m/>[39m
        [36m</svg>[39m
      [36m</div>[39m
      [36m<div>[39m
        [36m<h3[39m
          [33mclass[39m=[32m"text-xl font-bold 
text-white group-hover:text-purple-400 
transition-colors"[39m
        [36m>[39m
          [0mWAY (RAG Engine)[0m
        [36m</h3>[39m
        [36m<p[39m
          [33mclass[39m=[32m"text-slate-400 
text-sm mt-1"[39m
        [36m>[39m
          [0mเธชเธกเธญเธเธชเนเธงเธเธซเธฅเธฑเธ 
เธเนเธเธซเธฒเธเนเธญเธกเธนเธฅเธเธฒเธ Knowledge 
Base (Qdrant Vector DB) เนเธฅเธฐเธชเธฃเนเธฒเธเธเธณ
เธ•เธญเธเธ—เธตเนเนเธกเนเธเธขเธณเธ”เนเธงเธข Groq 
LLM (Llama 3.3 70B)[0m
        [36m</p>[39m
      [36m</div>[39m
    [36m</div>[39m
    [36m<div[39m
      [33mclass[39m=[32m"flex gap-4 group 
cursor-default"[39m
    [36m>[39m
      [36m<div[39m
        [33mclass[39m=[32m"w-12 h-12 rounded-full 
bg-green-900/50 flex items-center justify-center 
shrink-0 border border-green-500/30 
group-hover:scale-110 transition-transform 
duration-300"[39m
      [36m>[39m
        [36m<svg[39m
          [33mclass[39m=[32m"lucide 
lucide-shield-alert w-6 h-6 text-green-400"[39m
          [33mfill[39m=[32m"none"[39m
          [33mheight[39m=[32m"24"[39m
          [33mstroke[39m=[32m"currentColor"[39m
          [33mstroke-linecap[39m=[32m"round"[39m
          [33mstroke-linejoin[39m=[32m"round"[39m
          [33mstroke-width[39m=[32m"2"[39m
          [33mviewBox[39m=[32m"0 0 24 24"[39m
          [33mwidth[39m=[32m"24"[39m
          
[33mxmlns[39m=[32m"http://www.w3.org/2000/svg"[39m
        [36m>[39m
          [36m<path[39m
            [33md[39m=[32m"M20 13c0 5-3.5 7.5-7.66 
8.95a1 1 0 0 1-.67-.01C7.5 20.5 4 18 4 13V6a1 1 0 0 1 
1-1c2 0 4.5-1.2 6.24-2.72a1.17 1.17 0 0 1 1.52 
0C14.51 3.81 17 5 19 5a1 1 0 0 1 1 1z"[39m
          [36m/>[39m
          [36m<path[39m
            [33md[39m=[32m"M12 8v4"[39m
          [36m/>[39m
          [36m<path[39m
            [33md[39m=[32m"M12 16h.01"[39m
          [36m/>[39m
        [36m</svg>[39m
      [36m</div>[39m
      [36m<div>[39m
        [36m<h3[39m
          [33mclass[39m=[32m"text-xl font-bold 
text-white group-hover:text-green-400 
transition-colors"[39m
        [36m>[39m
          [0mSafety First[0m
        [36m</h3>[39m
        [36m<p[39m
          [33mclass[39m=[32m"text-slate-400 
text-sm mt-1"[39m
        [36m>[39m
          [0mเธเธเน€เธซเธฅเนเธ: เธซเนเธฒเธก AI เ
ธญเธเธธเธกเธฑเธ•เธดเน€เธฃเธทเนเธญเธเน€เธเธดเธเนเ
ธฅเธฐ HR Action เนเธ”เธขเน€เธ”เนเธ”เธเธฒเธ” 
เธ•เนเธญเธเธเนเธฒเธเธเธเน€เธชเธกเธญ 
(Human-in-the-loop)[0m
        [36m</p>[39m
      [36m</div>[39m
    [36m</div>[39m
  [36m</div>[39m
[36m</div>[39m

Ignored nodes: comments, script, style
[36m<div[39m
  [33mclass[39m=[32m"space-y-6"[39m
[36m>[39m
  [36m<div[39m
    [33mclass[39m=[32m"flex gap-4 group 
cursor-default"[39m
  [36m>[39m
    [36m<div[39m
      [33mclass[39m=[32m"w-12 h-12 rounded-full 
bg-blue-900/50 flex items-center justify-center 
shrink-0 border border-blue-500/30 
group-hover:scale-110 transition-transform 
duration-300"[39m
    [36m>[39m
      [36m<svg[39m
        [33mclass[39m=[32m"lucide lucide-cpu w-6 
h-6 text-blue-400"[39m
        [33mfill[39m=[32m"none"[39m
        [33mheight[39m=[32m"24"[39m
        [33mstroke[39m=[32m"currentColor"[39m
        [33mstroke-linecap[39m=[32m"round"[39m
        [33mstroke-linejoin[39m=[32m"round"[39m
        [33mstroke-width[39m=[32m"2"[39m
        [33mviewBox[39m=[32m"0 0 24 24"[39m
        [33mwidth[39m=[32m"24"[39m
        
[33mxmlns[39m=[32m"http://www.w3.org/2000/svg"[39m
      [36m>[39m
        [36m<rect[39m
          [33mheight[39m=[32m"16"[39m
          [33mrx[39m=[32m"2"[39m
          [33mwidth[39m=[32m"16"[39m
          [33mx[39m=[32m"4"[39m
          [33my[39m=[32m"4"[39m
        [36m/>[39m
        [36m<rect[39m
          [33mheight[39m=[32m"6"[39m
          [33mwidth[39m=[32m"6"[39m
          [33mx[39m=[32m"9"[39m
          [33my[39m=[32m"9"[39m
        [36m/>[39m
        [36m<path[39m
          [33md[39m=[32m"M15 2v2"[39m
        [36m/>[39m
        [36m<path[39m
          [33md[39m=[32m"M15 20v2"[39m
        [36m/>[39m
        [36m<path[39m
          [33md[39m=[32m"M2 15h2"[39m
        [36m/>[39m
        [36m<path[39m
          [33md[39m=[32m"M2 9h2"[39m
        [36m/>[39m
        [36m<path[39m
          [33md[39m=[32m"M20 15h2"[39m
        [36m/>[39m
        [36m<path[39m
          [33md[39m=[32m"M20 9h2"[39m
        [36m/>[39m
        [36m<path[39m
          [33md[39m=[32m"M9 2v2"[39m
        [36m/>[39m
        [36m<path[39m
          [33md[39m=[32m"M9 20v2"[39m
        [36m/>[39m
      [36m</svg>[39m
    [36m</div>[39m
    [36m<div>[39m
      [36m<h3[39m
        [33mclass[39m=[32m"text-xl font-bold 
text-white group-hover:text-blue-400 
transition-colors"[39m
      [36m>[39m
        [0mWUT (Orchestrator)[0m
      [36m</h3>[39m
      [36m<p[39m
        [33mclass[39m=[32m"text-slate-400 text-sm 
mt-1"[39m
      [36m>[39m
        [0mเธชเธกเธญเธเธชเนเธงเธเธซเธเนเธฒ 
(Frontend logic) เธ—เธณเธซเธเนเธฒเธ—เธตเนเนเธขเธเ
นเธขเธฐเนเธเธเธ (Classifier) 
เนเธฅเธฐเธ•เธฑเธ”เธชเธดเธเนเธ (Decision Engine) เธ
งเนเธฒเธเธฐเธ•เธญเธเน€เธญเธเธซเธฃเธทเธญเธชเนเธเธ
•เนเธญเนเธซเนเธเธ[0m
      [36m</p>[39m
    [36m</div>[39m
  [36m</div>[39m
  [36m<div[39m
    [33mclass[39m=[32m"flex gap-4 group 
cursor-default"[39m
  [36m>[39m
    [36m<div[39m
      [33mclass[39m=[32m"w-12 h-12 rounded-full 
bg-purple-900/50 flex items-center justify-center 
shrink-0 border border-purple-500/30 
group-hover:scale-110 transition-transform 
duration-300"[39m
    [36m>[39m
      [36m<svg[39m
        [33mclass[39m=[32m"lucide lucide-database 
w-6 h-6 text-purple-400"[39m
        [33mfill[39m=[32m"none"[39m
        [33mheight[39m=[32m"24"[39m
        [33mstroke[39m=[32m"currentColor"[39m
        [33mstroke-linecap[39m=[32m"round"[39m
        [33mstroke-linejoin[39m=[32m"round"[39m
        [33mstroke-width[39m=[32m"2"[39m
        [33mviewBox[39m=[32m"0 0 24 24"[39m
        [33mwidth[39m=[32m"24"[39m
        
[33mxmlns[39m=[32m"http://www.w3.org/2000/svg"[39m
      [36m>[39m
        [36m<ellipse[39m
          [33mcx[39m=[32m"12"[39m
          [33mcy[39m=[32m"5"[39m
          [33mrx[39m=[32m"9"[39m
          [33mry[39m=[32m"3"[39m
        [36m/>[39m
        [36m<path[39m
          [33md[39m=[32m"M3 5V19A9 3 0 0 0 21 
19V5"[39m
        [36m/>[39m
        [36m<path[39m
          [33md[39m=[32m"M3 12A9 3 0 0 0 21 
12"[39m
        [36m/>[39m
      [36m</svg>[39m
    [36m</div>[39m
    [36m<div>[39m
      [36m<h3[39m
        [33mclass[39m=[32m"text-xl font-bold 
text-white group-hover:text-purple-400 
transition-colors"[39m
      [36m>[39m
        [0mWAY (RAG Engine)[0m
      [36m</h3>[39m
      [36m<p[39m
        [33mclass[39m=[32m"text-slate-400 text-sm 
mt-1"[39m
      [36m>[39m
        [0mเธชเธกเธญเธเธชเนเธงเธเธซเธฅเธฑเธ 
เธเนเธเธซเธฒเธเนเธญเธกเธนเธฅเธเธฒเธ Knowledge 
Base (Qdrant Vector DB) เนเธฅเธฐเธชเธฃเนเธฒเธเธเธณ
เธ•เธญเธเธ—เธตเนเนเธกเนเธเธขเธณเธ”เนเธงเธข Groq 
LLM (Llama 3.3 70B)[0m
      [36m</p>[39m
    [36m</div>[39m
  [36m</div>[39m
  [36m<div[39m
    [33mclass[39m=[32m"flex gap-4 group 
cursor-default"[39m
  [36m>[39m
    [36m<div[39m
      [33mclass[39m=[32m"w-12 h-12 rounded-full 
bg-green-900/50 flex items-center justify-center 
shrink-0 border border-green-500/30 
group-hover:scale-110 transition-transform 
duration-300"[39m
    [36m>[39m
      [36m<svg[39m
        [33mclass[39m=[32m"lucide 
lucide-shield-alert w-6 h-6 text-green-400"[39m
        [33mfill[39m=[32m"none"[39m
        [33mheight[39m=[32m"24"[39m
        [33mstroke[39m=[32m"currentColor"[39m
        [33mstroke-linecap[39m=[32m"round"[39m
        [33mstroke-linejoin[39m=[32m"round"[39m
        [33mstroke-width[39m=[32m"2"[39m
        [33mviewBox[39m=[32m"0 0 24 24"[39m
        [33mwidth[39m=[32m"24"[39m
        
[33mxmlns[39m=[32m"http://www.w3.org/2000/svg"[39m
      [36m>[39m
        [36m<path[39m
          [33md[39m=[32m"M20 13c0 5-3.5 7.5-7.66 
8.95a1 1 0 0 1-.67-.01C7.5 20.5 4 18 4 13V6a1 1 0 0 1 
1-1c2 0 4.5-1.2 6.24-2.72a1.17 1.17 0 0 1 1.52 
0C14.51 3.81 17 5 19 5a1 1 0 0 1 1 1z"[39m
        [36m/>[39m
        [36m<path[39m
          [33md[39m=[32m"M12 8v4"[39m
        [36m/>[39m
        [36m<path[39m
          [33md[39m=[32m"M12 16h.01"[39m
        [36m/>[39m
      [36m</svg>[39m
    [36m</div>[39m
    [36m<div>[39m
      [36m<h3[39m
        [33mclass[39m=[32m"text-xl font-bold 
text-white group-hover:text-green-400 
transition-colors"[39m
      [36m>[39m
        [0mSafety First[0m
      [36m</h3>[39m
      [36m<p[39m
        [33mclass[39m=[32m"text-slate-400 text-sm 
mt-1"[39m
      [36m>[39m
        [0mเธเธเน€เธซเธฅเนเธ: เธซเนเธฒเธก AI เธญ
เธเธธเธกเธฑเธ•เธดเน€เธฃเธทเนเธญเธเน€เธเธดเธเนเธฅ
เธฐ HR Action เนเธ”เธขเน€เธ”เนเธ”เธเธฒเธ” 
เธ•เนเธญเธเธเนเธฒเธเธเธเน€เธชเธกเธญ 
(Human-in-the-loop)[0m
      [36m</p>[39m
    [36m</div>[39m
  [36m</div>[39m
[36m</div>[39m

Ignored nodes: comments, script, style
[36m<div[39m
  [33mclass[39m=[32m"flex gap-4 group 
cursor-default"[39m
[36m>[39m
  [36m<div[39m
    [33mclass[39m=[32m"w-12 h-12 rounded-full 
bg-blue-900/50 flex items-center justify-center 
shrink-0 border border-blue-500/30 
group-hover:scale-110 transition-transform 
duration-300"[39m
  [36m>[39m
    [36m<svg[39m
      [33mclass[39m=[32m"lucide lucide-cpu w-6 h-6 
text-blue-400"[39m
      [33mfill[39m=[32m"none"[39m
      [33mheight[39m=[32m"24"[39m
      [33mstroke[39m=[32m"currentColor"[39m
      [33mstroke-linecap[39m=[32m"round"[39m
      [33mstroke-linejoin[39m=[32m"round"[39m
      [33mstroke-width[39m=[32m"2"[39m
      [33mviewBox[39m=[32m"0 0 24 24"[39m
      [33mwidth[39m=[32m"24"[39m
      
[33mxmlns[39m=[32m"http://www.w3.org/2000/svg"[39m
    [36m>[39m
      [36m<rect[39m
        [33mheight[39m=[32m"16"[39m
        [33mrx[39m=[32m"2"[39m
        [33mwidth[39m=[32m"16"[39m
        [33mx[39m=[32m"4"[39m
        [33my[39m=[32m"4"[39m
      [36m/>[39m
      [36m<rect[39m
        [33mheight[39m=[32m"6"[39m
        [33mwidth[39m=[32m"6"[39m
        [33mx[39m=[32m"9"[39m
        [33my[39m=[32m"9"[39m
      [36m/>[39m
      [36m<path[39m
        [33md[39m=[32m"M15 2v2"[39m
      [36m/>[39m
      [36m<path[39m
        [33md[39m=[32m"M15 20v2"[39m
      [36m/>[39m
      [36m<path[39m
        [33md[39m=[32m"M2 15h2"[39m
      [36m/>[39m
      [36m<path[39m
        [33md[39m=[32m"M2 9h2"[39m
      [36m/>[39m
      [36m<path[39m
        [33md[39m=[32m"M20 15h2"[39m
      [36m/>[39m
      [36m<path[39m
        [33md[39m=[32m"M20 9h2"[39m
      [36m/>[39m
      [36m<path[39m
        [33md[39m=[32m"M9 2v2"[39m
      [36m/>[39m
      [36m<path[39m
        [33md[39m=[32m"M9 20v2"[39m
      [36m/>[39m
    [36m</svg>[39m
  [36m</div>[39m
  [36m<div>[39m
    [36m<h3[39m
      [33mclass[39m=[32m"text-xl font-bold 
text-white group-hover:text-blue-400 
transition-colors"[39m
    [36m>[39m
      [0mWUT (Orchestrator)[0m
    [36m</h3>[39m
    [36m<p[39m
      [33mclass[39m=[32m"text-slate-400 text-sm 
mt-1"[39m
    [36m>[39m
      [0mเธชเธกเธญเธเธชเนเธงเธเธซเธเนเธฒ 
(Frontend logic) เธ—เธณเธซเธเนเธฒเธ—เธตเนเนเธขเธเ
นเธขเธฐเนเธเธเธ (Classifier) 
เนเธฅเธฐเธ•เธฑเธ”เธชเธดเธเนเธ (Decision Engine) เธ
งเนเธฒเธเธฐเธ•เธญเธเน€เธญเธเธซเธฃเธทเธญเธชเนเธเธ
•เนเธญเนเธซเนเธเธ[0m
    [36m</p>[39m
  [36m</div>[39m
[36m</div>[39m

Ignored nodes: comments, script, style
[36m<div[39m
  [33mclass[39m=[32m"w-12 h-12 rounded-full 
bg-blue-900/50 flex items-center justify-center 
shrink-0 border border-blue-500/30 
group-hover:scale-110 transition-transform 
duration-300"[39m
[36m>[39m
  [36m<svg[39m
    [33mclass[39m=[32m"lucide lucide-cpu w-6 h-6 
text-blue-400"[39m
    [33mfill[39m=[32m"none"[39m
    [33mheight[39m=[32m"24"[39m
    [33mstroke[39m=[32m"currentColor"[39m
    [33mstroke-linecap[39m=[32m"round"[39m
    [33mstroke-linejoin[39m=[32m"round"[39m
    [33mstroke-width[39m=[32m"2"[39m
    [33mviewBox[39m=[32m"0 0 24 24"[39m
    [33mwidth[39m=[32m"24"[39m
    
[33mxmlns[39m=[32m"http://www.w3.org/2000/svg"[39m
  [36m>[39m
    [36m<rect[39m
      [33mheight[39m=[32m"16"[39m
      [33mrx[39m=[32m"2"[39m
      [33mwidth[39m=[32m"16"[39m
      [33mx[39m=[32m"4"[39m
      [33my[39m=[32m"4"[39m
    [36m/>[39m
    [36m<rect[39m
      [33mheight[39m=[32m"6"[39m
      [33mwidth[39m=[32m"6"[39m
      [33mx[39m=[32m"9"[39m
      [33my[39m=[32m"9"[39m
    [36m/>[39m
    [36m<path[39m
      [33md[39m=[32m"M15 2v2"[39m
    [36m/>[39m
    [36m<path[39m
      [33md[39m=[32m"M15 20v2"[39m
    [36m/>[39m
    [36m<path[39m
      [33md[39m=[32m"M2 15h2"[39m
    [36m/>[39m
    [36m<path[39m
      [33md[39m=[32m"M2 9h2"[39m
    [36m/>[39m
    [36m<path[39m
      [33md[39m=[32m"M20 15h2"[39m
    [36m/>[39m
    [36m<path[39m
      [33md[39m=[32m"M20 9h2"[39m
    [36m/>[39m
    [36m<path[39m
      [33md[39m=[32m"M9 2v2"[39m
    [36m/>[39m
    [36m<path[39m
      [33md[39m=[32m"M9 20v2"[39m
    [36m/>[39m
  [36m</svg>[39m
[36m</div>[39m

Ignored nodes: comments, script, style
[36m<svg[39m
  [33mclass[39m=[32m"lucide lucide-cpu w-6 h-6 
text-blue-400"[39m
  [33mfill[39m=[32m"none"[39m
  [33mheight[39m=[32m"24"[39m
  [33mstroke[39m=[32m"currentColor"[39m
  [33mstroke-linecap[39m=[32m"round"[39m
  [33mstroke-linejoin[39m=[32m"round"[39m
  [33mstroke-width[39m=[32m"2"[39m
  [33mviewBox[39m=[32m"0 0 24 24"[39m
  [33mwidth[39m=[32m"24"[39m
  
[33mxmlns[39m=[32m"http://www.w3.org/2000/svg"[39m
[36m>[39m
  [36m<rect[39m
    [33mheight[39m=[32m"16"[39m
    [33mrx[39m=[32m"2"[39m
    [33mwidth[39m=[32m"16"[39m
    [33mx[39m=[32m"4"[39m
    [33my[39m=[32m"4"[39m
  [36m/>[39m
  [36m<rect[39m
    [33mheight[39m=[32m"6"[39m
    [33mwidth[39m=[32m"6"[39m
    [33mx[39m=[32m"9"[39m
    [33my[39m=[32m"9"[39m
  [36m/>[39m
  [36m<path[39m
    [33md[39m=[32m"M15 2v2"[39m
  [36m/>[39m
  [36m<path[39m
    [33md[39m=[32m"M15 20v2"[39m
  [36m/>[39m
  [36m<path[39m
    [33md[39m=[32m"M2 15h2"[39m
  [36m/>[39m
  [36m<path[39m
    [33md[39m=[32m"M2 9h2"[39m
  [36m/>[39m
  [36m<path[39m
    [33md[39m=[32m"M20 15h2"[39m
  [36m/>[39m
  [36m<path[39m
    [33md[39m=[32m"M20 9h2"[39m
  [36m/>[39m
  [36m<path[39m
    [33md[39m=[32m"M9 2v2"[39m
  [36m/>[39m
  [36m<path[39m
    [33md[39m=[32m"M9 20v2"[39m
  [36m/>[39m
[36m</svg>[39m

Ignored nodes: comments, script, style
[36m<rect[39m
  [33mheight[39m=[32m"16"[39m
  [33mrx[39m=[32m"2"[39m
  [33mwidth[39m=[32m"16"[39m
  [33mx[39m=[32m"4"[39m
  [33my[39m=[32m"4"[39m
[36m/>[39m

Ignored nodes: comments, script, style
[36m<rect[39m
  [33mheight[39m=[32m"6"[39m
  [33mwidth[39m=[32m"6"[39m
  [33mx[39m=[32m"9"[39m
  [33my[39m=[32m"9"[39m
[36m/>[39m

Ignored nodes: comments, script, style
[36m<path[39m
  [33md[39m=[32m"M15 2v2"[39m
[36m/>[39m

Ignored nodes: comments, script, style
[36m<path[39m
  [33md[39m=[32m"M15 20v2"[39m
[36m/>[39m

Ignored nodes: comments, script, style
[36m<path[39m
  [33md[39m=[32m"M2 15h2"[39m
[36m/>[39m

Ignored nodes: comments, script, style
[36m<path[39m
  [33md[39m=[32m"M2 9h2"[39m
[36m/>[39m

Ignored nodes: comments, script, style
[36m<path[39m
  [33md[39m=[32m"M20 15h2"[39m
[36m/>[39m

Ignored nodes: comments, script, style
[36m<path[39m
  [33md[39m=[32m"M20 9h2"[39m
[36m/>[39m

Ignored nodes: comments, script, style
[36m<path[39m
  [33md[39m=[32m"M9 2v2"[39m
[36m/>[39m

Ignored nodes: comments, script, style
[36m<path[39m
  [33md[39m=[32m"M9 20v2"[39m
[36m/>[39m

Ignored nodes: comments, script, style
[36m<div>[39m
  [36m<h3[39m
    [33mclass[39m=[32m"text-xl font-bold 
text-white group-hover:text-blue-400 
transition-colors"[39m
  [36m>[39m
    [0mWUT (Orchestrator)[0m
  [36m</h3>[39m
  [36m<p[39m
    [33mclass[39m=[32m"text-slate-400 text-sm 
mt-1"[39m
  [36m>[39m
    [0mเธชเธกเธญเธเธชเนเธงเธเธซเธเนเธฒ 
(Frontend logic) เธ—เธณเธซเธเนเธฒเธ—เธตเนเนเธขเธเ
นเธขเธฐเนเธเธเธ (Classifier) 
เนเธฅเธฐเธ•เธฑเธ”เธชเธดเธเนเธ (Decision Engine) เธ
งเนเธฒเธเธฐเธ•เธญเธเน€เธญเธเธซเธฃเธทเธญเธชเนเธเธ
•เนเธญเนเธซเนเธเธ[0m
  [36m</p>[39m
[36m</div>[39m

Ignored nodes: comments, script, style
[36m<div[39m
  [33mclass[39m=[32m"flex gap-4 group 
cursor-default"[39m
[36m>[39m
  [36m<div[39m
    [33mclass[39m=[32m"w-12 h-12 rounded-full 
bg-purple-900/50 flex items-center justify-center 
shrink-0 border border-purple-500/30 
group-hover:scale-110 transition-transform 
duration-300"[39m
  [36m>[39m
    [36m<svg[39m
      [33mclass[39m=[32m"lucide lucide-database 
w-6 h-6 text-purple-400"[39m
      [33mfill[39m=[32m"none"[39m
      [33mheight[39m=[32m"24"[39m
      [33mstroke[39m=[32m"currentColor"[39m
      [33mstroke-linecap[39m=[32m"round"[39m
      [33mstroke-linejoin[39m=[32m"round"[39m
      [33mstroke-width[39m=[32m"2"[39m
      [33mviewBox[39m=[32m"0 0 24 24"[39m
      [33mwidth[39m=[32m"24"[39m
      
[33mxmlns[39m=[32m"http://www.w3.org/2000/svg"[39m
    [36m>[39m
      [36m<ellipse[39m
        [33mcx[39m=[32m"12"[39m
        [33mcy[39m=[32m"5"[39m
        [33mrx[39m=[32m"9"[39m
        [33mry[39m=[32m"3"[39m
      [36m/>[39m
      [36m<path[39m
        [33md[39m=[32m"M3 5V19A9 3 0 0 0 21 
19V5"[39m
      [36m/>[39m
      [36m<path[39m
        [33md[39m=[32m"M3 12A9 3 0 0 0 21 12"[39m
      [36m/>[39m
    [36m</svg>[39m
  [36m</div>[39m
  [36m<div>[39m
    [36m<h3[39m
      [33mclass[39m=[32m"text-xl font-bold 
text-white group-hover:text-purple-400 
transition-colors"[39m
    [36m>[39m
      [0mWAY (RAG Engine)[0m
    [36m</h3>[39m
    [36m<p[39m
      [33mclass[39m=[32m"text-slate-400 text-sm 
mt-1"[39m
    [36m>[39m
      [0mเธชเธกเธญเธเธชเนเธงเธเธซเธฅเธฑเธ 
เธเนเธเธซเธฒเธเนเธญเธกเธนเธฅเธเธฒเธ Knowledge 
Base (Qdrant Vector DB) เนเธฅเธฐเธชเธฃเนเธฒเธเธเธณ
เธ•เธญเธเธ—เธตเนเนเธกเนเธเธขเธณเธ”เนเธงเธข Groq 
LLM (Llama 3.3 70B)[0m
    [36m</p>[39m
  [36m</div>[39m
[36m</div>[39m

Ignored nodes: comments, script, style
[36m<div[39m
  [33mclass[39m=[32m"w-12 h-12 rounded-full 
bg-purple-900/50 flex items-center justify-center 
shrink-0 border border-purple-500/30 
group-hover:scale-110 transition-transform 
duration-300"[39m
[36m>[39m
  [36m<svg[39m
    [33mclass[39m=[32m"lucide lucide-database w-6 
h-6 text-purple-400"[39m
    [33mfill[39m=[32m"none"[39m
    [33mheight[39m=[32m"24"[39m
    [33mstroke[39m=[32m"currentColor"[39m
    [33mstroke-linecap[39m=[32m"round"[39m
    [33mstroke-linejoin[39m=[32m"round"[39m
    [33mstroke-width[39m=[32m"2"[39m
    [33mviewBox[39m=[32m"0 0 24 24"[39m
    [33mwidth[39m=[32m"24"[39m
    
[33mxmlns[39m=[32m"http://www.w3.org/2000/svg"[39m
  [36m>[39m
    [36m<ellipse[39m
      [33mcx[39m=[32m"12"[39m
      [33mcy[39m=[32m"5"[39m
      [33mrx[39m=[32m"9"[39m
      [33mry[39m=[32m"3"[39m
    [36m/>[39m
    [36m<path[39m
      [33md[39m=[32m"M3 5V19A9 3 0 0 0 21 
19V5"[39m
    [36m/>[39m
    [36m<path[39m
      [33md[39m=[32m"M3 12A9 3 0 0 0 21 12"[39m
    [36m/>[39m
  [36m</svg>[39m
[36m</div>[39m

Ignored nodes: comments, script, style
[36m<svg[39m
  [33mclass[39m=[32m"lucide lucide-database w-6 
h-6 text-purple-400"[39m
  [33mfill[39m=[32m"none"[39m
  [33mheight[39m=[32m"24"[39m
  [33mstroke[39m=[32m"currentColor"[39m
  [33mstroke-linecap[39m=[32m"round"[39m
  [33mstroke-linejoin[39m=[32m"round"[39m
  [33mstroke-width[39m=[32m"2"[39m
  [33mviewBox[39m=[32m"0 0 24 24"[39m
  [33mwidth[39m=[32m"24"[39m
  
[33mxmlns[39m=[32m"http://www.w3.org/2000/svg"[39m
[36m>[39m
  [36m<ellipse[39m
    [33mcx[39m=[32m"12"[39m
    [33mcy[39m=[32m"5"[39m
    [33mrx[39m=[32m"9"[39m
    [33mry[39m=[32m"3"[39m
  [36m/>[39m
  [36m<path[39m
    [33md[39m=[32m"M3 5V19A9 3 0 0 0 21 19V5"[39m
  [36m/>[39m
  [36m<path[39m
    [33md[39m=[32m"M3 12A9 3 0 0 0 21 12"[39m
  [36m/>[39m
[36m</svg>[39m

Ignored nodes: comments, script, style
[36m<ellipse[39m
  [33mcx[39m=[32m"12"[39m
  [33mcy[39m=[32m"5"[39m
  [33mrx[39m=[32m"9"[39m
  [33mry[39m=[32m"3"[39m
[36m/>[39m

Ignored nodes: comments, script, style
[36m<path[39m
  [33md[39m=[32m"M3 5V19A9 3 0 0 0 21 19V5"[39m
[36m/>[39m

Ignored nodes: comments, script, style
[36m<path[39m
  [33md[39m=[32m"M3 12A9 3 0 0 0 21 12"[39m
[36m/>[39m

Ignored nodes: comments, script, style
[36m<div>[39m
  [36m<h3[39m
    [33mclass[39m=[32m"text-xl font-bold 
text-white group-hover:text-purple-400 
transition-colors"[39m
  [36m>[39m
    [0mWAY (RAG Engine)[0m
  [36m</h3>[39m
  [36m<p[39m
    [33mclass[39m=[32m"text-slate-400 text-sm 
mt-1"[39m
  [36m>[39m
    [0mเธชเธกเธญเธเธชเนเธงเธเธซเธฅเธฑเธ 
เธเนเธเธซเธฒเธเนเธญเธกเธนเธฅเธเธฒเธ Knowledge 
Base (Qdrant Vector DB) เนเธฅเธฐเธชเธฃเนเธฒเธเธเธณ
เธ•เธญเธเธ—เธตเนเนเธกเนเธเธขเธณเธ”เนเธงเธข Groq 
LLM (Llama 3.3 70B)[0m
  [36m</p>[39m
[36m</div>[39m

Ignored nodes: comments, script, style
[36m<div[39m
  [33mclass[39m=[32m"flex gap-4 group 
cursor-default"[39m
[36m>[39m
  [36m<div[39m
    [33mclass[39m=[32m"w-12 h-12 rounded-full 
bg-green-900/50 flex items-center justify-center 
shrink-0 border border-green-500/30 
group-hover:scale-110 transition-transform 
duration-300"[39m
  [36m>[39m
    [36m<svg[39m
      [33mclass[39m=[32m"lucide 
lucide-shield-alert w-6 h-6 text-green-400"[39m
      [33mfill[39m=[32m"none"[39m
      [33mheight[39m=[32m"24"[39m
      [33mstroke[39m=[32m"currentColor"[39m
      [33mstroke-linecap[39m=[32m"round"[39m
      [33mstroke-linejoin[39m=[32m"round"[39m
      [33mstroke-width[39m=[32m"2"[39m
      [33mviewBox[39m=[32m"0 0 24 24"[39m
      [33mwidth[39m=[32m"24"[39m
      
[33mxmlns[39m=[32m"http://www.w3.org/2000/svg"[39m
    [36m>[39m
      [36m<path[39m
        [33md[39m=[32m"M20 13c0 5-3.5 7.5-7.66 
8.95a1 1 0 0 1-.67-.01C7.5 20.5 4 18 4 13V6a1 1 0 0 1 
1-1c2 0 4.5-1.2 6.24-2.72a1.17 1.17 0 0 1 1.52 
0C14.51 3.81 17 5 19 5a1 1 0 0 1 1 1z"[39m
      [36m/>[39m
      [36m<path[39m
        [33md[39m=[32m"M12 8v4"[39m
      [36m/>[39m
      [36m<path[39m
        [33md[39m=[32m"M12 16h.01"[39m
      [36m/>[39m
    [36m</svg>[39m
  [36m</div>[39m
  [36m<div>[39m
    [36m<h3[39m
      [33mclass[39m=[32m"text-xl font-bold 
text-white group-hover:text-green-400 
transition-colors"[39m
    [36m>[39m
      [0mSafety First[0m
    [36m</h3>[39m
    [36m<p[39m
      [33mclass[39m=[32m"text-slate-400 text-sm 
mt-1"[39m
    [36m>[39m
      [0mเธเธเน€เธซเธฅเนเธ: เธซเนเธฒเธก AI เธญเธ
เธธเธกเธฑเธ•เธดเน€เธฃเธทเนเธญเธเน€เธเธดเธเนเธฅเธ
ฐ HR Action เนเธ”เธขเน€เธ”เนเธ”เธเธฒเธ” 
เธ•เนเธญเธเธเนเธฒเธเธเธเน€เธชเธกเธญ 
(Human-in-the-loop)[0m
    [36m</p>[39m
  [36m</div>[39m
[36m</div>[39m

Ignored nodes: comments, script, style
[36m<div[39m
  [33mclass[39m=[32m"w-12 h-12 rounded-full 
bg-green-900/50 flex items-center justify-center 
shrink-0 border border-green-500/30 
group-hover:scale-110 transition-transform 
duration-300"[39m
[36m>[39m
  [36m<svg[39m
    [33mclass[39m=[32m"lucide lucide-shield-alert 
w-6 h-6 text-green-400"[39m
    [33mfill[39m=[32m"none"[39m
    [33mheight[39m=[32m"24"[39m
    [33mstroke[39m=[32m"currentColor"[39m
    [33mstroke-linecap[39m=[32m"round"[39m
    [33mstroke-linejoin[39m=[32m"round"[39m
    [33mstroke-width[39m=[32m"2"[39m
    [33mviewBox[39m=[32m"0 0 24 24"[39m
    [33mwidth[39m=[32m"24"[39m
    
[33mxmlns[39m=[32m"http://www.w3.org/2000/svg"[39m
  [36m>[39m
    [36m<path[39m
      [33md[39m=[32m"M20 13c0 5-3.5 7.5-7.66 
8.95a1 1 0 0 1-.67-.01C7.5 20.5 4 18 4 13V6a1 1 0 0 1 
1-1c2 0 4.5-1.2 6.24-2.72a1.17 1.17 0 0 1 1.52 
0C14.51 3.81 17 5 19 5a1 1 0 0 1 1 1z"[39m
    [36m/>[39m
    [36m<path[39m
      [33md[39m=[32m"M12 8v4"[39m
    [36m/>[39m
    [36m<path[39m
      [33md[39m=[32m"M12 16h.01"[39m
    [36m/>[39m
  [36m</svg>[39m
[36m</div>[39m

Ignored nodes: comments, script, style
[36m<svg[39m
  [33mclass[39m=[32m"lucide lucide-shield-alert 
w-6 h-6 text-green-400"[39m
  [33mfill[39m=[32m"none"[39m
  [33mheight[39m=[32m"24"[39m
  [33mstroke[39m=[32m"currentColor"[39m
  [33mstroke-linecap[39m=[32m"round"[39m
  [33mstroke-linejoin[39m=[32m"round"[39m
  [33mstroke-width[39m=[32m"2"[39m
  [33mviewBox[39m=[32m"0 0 24 24"[39m
  [33mwidth[39m=[32m"24"[39m
  
[33mxmlns[39m=[32m"http://www.w3.org/2000/svg"[39m
[36m>[39m
  [36m<path[39m
    [33md[39m=[32m"M20 13c0 5-3.5 7.5-7.66 8.95a1 
1 0 0 1-.67-.01C7.5 20.5 4 18 4 13V6a1 1 0 0 1 1-1c2 
0 4.5-1.2 6.24-2.72a1.17 1.17 0 0 1 1.52 0C14.51 3.81 
17 5 19 5a1 1 0 0 1 1 1z"[39m
  [36m/>[39m
  [36m<path[39m
    [33md[39m=[32m"M12 8v4"[39m
  [36m/>[39m
  [36m<path[39m
    [33md[39m=[32m"M12 16h.01"[39m
  [36m/>[39m
[36m</svg>[39m

Ignored nodes: comments, script, style
[36m<path[39m
  [33md[39m=[32m"M20 13c0 5-3.5 7.5-7.66 8.95a1 1 
0 0 1-.67-.01C7.5 20.5 4 18 4 13V6a1 1 0 0 1 1-1c2 0 
4.5-1.2 6.24-2.72a1.17 1.17 0 0 1 1.52 0C14.51 3.81 
17 5 19 5a1 1 0 0 1 1 1z"[39m
[36m/>[39m

Ignored nodes: comments, script, style
[36m<path[39m
  [33md[39m=[32m"M12 8v4"[39m
[36m/>[39m

Ignored nodes: comments, script, style
[36m<path[39m
  [33md[39m=[32m"M12 16h.01"[39m
[36m/>[39m

Ignored nodes: comments, script, style
[36m<div>[39m
  [36m<h3[39m
    [33mclass[39m=[32m"text-xl font-bold 
text-white group-hover:text-green-400 
transition-colors"[39m
  [36m>[39m
    [0mSafety First[0m
  [36m</h3>[39m
  [36m<p[39m
    [33mclass[39m=[32m"text-slate-400 text-sm 
mt-1"[39m
  [36m>[39m
    [0mเธเธเน€เธซเธฅเนเธ: เธซเนเธฒเธก AI เธญเธเ
ธธเธกเธฑเธ•เธดเน€เธฃเธทเนเธญเธเน€เธเธดเธเนเธฅเธฐ 
HR Action เนเธ”เธขเน€เธ”เนเธ”เธเธฒเธ” 
เธ•เนเธญเธเธเนเธฒเธเธเธเน€เธชเธกเธญ 
(Human-in-the-loop)[0m
  [36m</p>[39m
[36m</div>[39m

Ignored nodes: comments, script, style
[36m<div[39m
  [33mclass[39m=[32m"md:w-1/2 bg-slate-800 
rounded-3xl p-6 border border-slate-700 shadow-2xl 
relative overflow-hidden group"[39m
[36m>[39m
  [36m<div[39m
    [33mclass[39m=[32m"absolute top-0 right-0 w-64 
h-64 bg-orange-500/10 blur-3xl rounded-full 
group-hover:bg-orange-500/20 transition-colors 
duration-700"[39m
  [36m/>[39m
  [36m<div[39m
    [33mclass[39m=[32m"relative z-10 flex flex-col 
items-center gap-4 text-sm font-mono"[39m
  [36m>[39m
    [36m<div[39m
      [33mclass[39m=[32m"p-3 bg-slate-700 
rounded-lg border border-slate-600 w-48 text-center 
text-white shadow-lg"[39m
    [36m>[39m
      [0mUser (Frontend)[0m
    [36m</div>[39m
    [36m<svg[39m
      [33mclass[39m=[32m"lucide lucide-arrow-right 
rotate-90 text-slate-500"[39m
      [33mfill[39m=[32m"none"[39m
      [33mheight[39m=[32m"24"[39m
      [33mstroke[39m=[32m"currentColor"[39m
      [33mstroke-linecap[39m=[32m"round"[39m
      [33mstroke-linejoin[39m=[32m"round"[39m
      [33mstroke-width[39m=[32m"2"[39m
      [33mviewBox[39m=[32m"0 0 24 24"[39m
      [33mwidth[39m=[32m"24"[39m
      
[33mxmlns[39m=[32m"http://www.w3.org/2000/svg"[39m
    [36m>[39m
      [36m<path[39m
        [33md[39m=[32m"M5 12h14"[39m
      [36m/>[39m
      [36m<path[39m
        [33md[39m=[32m"m12 5 7 7-7 7"[39m
      [36m/>[39m
    [36m</svg>[39m
    [36m<div[39m
      [33mclass[39m=[32m"p-4 bg-blue-900/30 
rounded-xl border border-blue-500/50 w-full 
text-center shadow-lg hover:border-blue-400 
transition-colors"[39m
    [36m>[39m
      [36m<div[39m
        [33mclass[39m=[32m"text-blue-400 font-bold 
mb-2"[39m
      [36m>[39m
        [0mWUT Orchestrator[0m
      [36m</div>[39m
      [36m<div[39m
        [33mclass[39m=[32m"flex gap-2 
justify-center"[39m
      [36m>[39m
        [36m<span[39m
          [33mclass[39m=[32m"bg-blue-900/50 px-2 
py-1 rounded text-xs"[39m
        [36m>[39m
          [0mClassifier[0m
        [36m</span>[39m
        [36m<span[39m
          [33mclass[39m=[32m"bg-blue-900/50 px-2 
py-1 rounded text-xs"[39m
        [36m>[39m
          [0mDecision Engine[0m
        [36m</span>[39m
      [36m</div>[39m
    [36m</div>[39m
    [36m<svg[39m
      [33mclass[39m=[32m"lucide lucide-arrow-right 
rotate-90 text-slate-500"[39m
      [33mfill[39m=[32m"none"[39m
      [33mheight[39m=[32m"24"[39m
      [33mstroke[39m=[32m"currentColor"[39m
      [33mstroke-linecap[39m=[32m"round"[39m
      [33mstroke-linejoin[39m=[32m"round"[39m
      [33mstroke-width[39m=[32m"2"[39m
      [33mviewBox[39m=[32m"0 0 24 24"[39m
      [33mwidth[39m=[32m"24"[39m
      
[33mxmlns[39m=[32m"http://www.w3.org/2000/svg"[39m
    [36m>[39m
      [36m<path[39m
        [33md[39m=[32m"M5 12h14"[39m
      [36m/>[39m
      [36m<path[39m
        [33md[39m=[32m"m12 5 7 7-7 7"[39m
      [36m/>[39m
    [36m</svg>[39m
    [36m<div[39m
      [33mclass[39m=[32m"p-4 bg-purple-900/30 
rounded-xl border border-purple-500/50 w-full 
text-center shadow-lg hover:border-purple-400 
transition-colors"[39m
    [36m>[39m
      [36m<div[39m
        [33mclass[39m=[32m"text-purple-400 
font-bold mb-2"[39m
      [36m>[39m
        [0mWAY RAG Engine[0m
      [36m</div>[39m
      [36m<div[39m
        [33mclass[39m=[32m"flex gap-2 
justify-center"[39m
      [36m>[39m
        [36m<span[39m
          [33mclass[39m=[32m"bg-purple-900/50 px-2 
py-1 rounded text-xs"[39m
        [36m>[39m
          [0mVector Search[0m
        [36m</span>[39m
        [36m<span[39m
          [33mclass[39m=[32m"bg-purple-900/50 px-2 
py-1 rounded text-xs"[39m
        [36m>[39m
          [0mGroq LLM[0m
        [36m</span>[39m
      [36m</div>[39m
    [36m</div>[39m
  [36m</div>[39m
[36m</div>[39m

Ignored nodes: comments, script, style
[36m<div[39m
  [33mclass[39m=[32m"absolute top-0 right-0 w-64 
h-64 bg-orange-500/10 blur-3xl rounded-full 
group-hover:bg-orange-500/20 transition-colors 
duration-700"[39m
[36m/>[39m

Ignored nodes: comments, script, style
[36m<div[39m
  [33mclass[39m=[32m"relative z-10 flex flex-col 
items-center gap-4 text-sm font-mono"[39m
[36m>[39m
  [36m<div[39m
    [33mclass[39m=[32m"p-3 bg-slate-700 rounded-lg 
border border-slate-600 w-48 text-center text-white 
shadow-lg"[39m
  [36m>[39m
    [0mUser (Frontend)[0m
  [36m</div>[39m
  [36m<svg[39m
    [33mclass[39m=[32m"lucide lucide-arrow-right 
rotate-90 text-slate-500"[39m
    [33mfill[39m=[32m"none"[39m
    [33mheight[39m=[32m"24"[39m
    [33mstroke[39m=[32m"currentColor"[39m
    [33mstroke-linecap[39m=[32m"round"[39m
    [33mstroke-linejoin[39m=[32m"round"[39m
    [33mstroke-width[39m=[32m"2"[39m
    [33mviewBox[39m=[32m"0 0 24 24"[39m
    [33mwidth[39m=[32m"24"[39m
    
[33mxmlns[39m=[32m"http://www.w3.org/2000/svg"[39m
  [36m>[39m
    [36m<path[39m
      [33md[39m=[32m"M5 12h14"[39m
    [36m/>[39m
    [36m<path[39m
      [33md[39m=[32m"m12 5 7 7-7 7"[39m
    [36m/>[39m
  [36m</svg>[39m
  [36m<div[39m
    [33mclass[39m=[32m"p-4 bg-blue-900/30 
rounded-xl border border-blue-500/50 w-full 
text-center shadow-lg hover:border-blue-400 
transition-colors"[39m
  [36m>[39m
    [36m<div[39m
      [33mclass[39m=[32m"text-blue-400 font-bold 
mb-2"[39m
    [36m>[39m
      [0mWUT Orchestrator[0m
    [36m</div>[39m
    [36m<div[39m
      [33mclass[39m=[32m"flex gap-2 
justify-center"[39m
    [36m>[39m
      [36m<span[39m
        [33mclass[39m=[32m"bg-blue-900/50 px-2 
py-1 rounded text-xs"[39m
      [36m>[39m
        [0mClassifier[0m
      [36m</span>[39m
      [36m<span[39m
        [33mclass[39m=[32m"bg-blue-900/50 px-2 
py-1 rounded text-xs"[39m
      [36m>[39m
        [0mDecision Engine[0m
      [36m</span>[39m
    [36m</div>[39m
  [36m</div>[39m
  [36m<svg[39m
    [33mclass[39m=[32m"lucide lucide-arrow-right 
rotate-90 text-slate-500"[39m
    [33mfill[39m=[32m"none"[39m
    [33mheight[39m=[32m"24"[39m
    [33mstroke[39m=[32m"currentColor"[39m
    [33mstroke-linecap[39m=[32m"round"[39m
    [33mstroke-linejoin[39m=[32m"round"[39m
    [33mstroke-width[39m=[32m"2"[39m
    [33mviewBox[39m=[32m"0 0 24 24"[39m
    [33mwidth[39m=[32m"24"[39m
    
[33mxmlns[39m=[32m"http://www.w3.org/2000/svg"[39m
  [36m>[39m
    [36m<path[39m
      [33md[39m=[32m"M5 12h14"[39m
    [36m/>[39m
    [36m<path[39m
      [33md[39m=[32m"m12 5 7 7-7 7"[39m
    [36m/>[39m
  [36m</svg>[39m
  [36m<div[39m
    [33mclass[39m=[32m"p-4 bg-purple-900/30 
rounded-xl border border-purple-500/50 w-full 
text-center shadow-lg hover:border-purple-400 
transition-colors"[39m
  [36m>[39m
    [36m<div[39m
      [33mclass[39m=[32m"text-purple-400 font-bold 
mb-2"[39m
    [36m>[39m
      [0mWAY RAG Engine[0m
    [36m</div>[39m
    [36m<div[39m
      [33mclass[39m=[32m"flex gap-2 
justify-center"[39m
    [36m>[39m
      [36m<span[39m
        [33mclass[39m=[32m"bg-purple-900/50 px-2 
py-1 rounded text-xs"[39m
      [36m>[39m
        [0mVector Search[0m
      [36m</span>[39m
      [36m<span[39m
        [33mclass[39m=[32m"bg-purple-900/50 px-2 
py-1 rounded text-xs"[39m
      [36m>[39m
        [0mGroq LLM[0m
      [36m</span>[39m
    [36m</div>[39m
  [36m</div>[39m
[36m</div>[39m

Ignored nodes: comments, script, style
[36m<svg[39m
  [33mclass[39m=[32m"lucide lucide-arrow-right 
rotate-90 text-slate-500"[39m
  [33mfill[39m=[32m"none"[39m
  [33mheight[39m=[32m"24"[39m
  [33mstroke[39m=[32m"currentColor"[39m
  [33mstroke-linecap[39m=[32m"round"[39m
  [33mstroke-linejoin[39m=[32m"round"[39m
  [33mstroke-width[39m=[32m"2"[39m
  [33mviewBox[39m=[32m"0 0 24 24"[39m
  [33mwidth[39m=[32m"24"[39m
  
[33mxmlns[39m=[32m"http://www.w3.org/2000/svg"[39m
[36m>[39m
  [36m<path[39m
    [33md[39m=[32m"M5 12h14"[39m
  [36m/>[39m
  [36m<path[39m
    [33md[39m=[32m"m12 5 7 7-7 7"[39m
  [36m/>[39m
[36m</svg>[39m

Ignored nodes: comments, script, style
[36m<path[39m
  [33md[39m=[32m"M5 12h14"[39m
[36m/>[39m

Ignored nodes: comments, script, style
[36m<path[39m
  [33md[39m=[32m"m12 5 7 7-7 7"[39m
[36m/>[39m

Ignored nodes: comments, script, style
[36m<div[39m
  [33mclass[39m=[32m"p-4 bg-blue-900/30 rounded-xl 
border border-blue-500/50 w-full text-center 
shadow-lg hover:border-blue-400 
transition-colors"[39m
[36m>[39m
  [36m<div[39m
    [33mclass[39m=[32m"text-blue-400 font-bold 
mb-2"[39m
  [36m>[39m
    [0mWUT Orchestrator[0m
  [36m</div>[39m
  [36m<div[39m
    [33mclass[39m=[32m"flex gap-2 
justify-center"[39m
  [36m>[39m
    [36m<span[39m
      [33mclass[39m=[32m"bg-blue-900/50 px-2 py-1 
rounded text-xs"[39m
    [36m>[39m
      [0mClassifier[0m
    [36m</span>[39m
    [36m<span[39m
      [33mclass[39m=[32m"bg-blue-900/50 px-2 py-1 
rounded text-xs"[39m
    [36m>[39m
      [0mDecision Engine[0m
    [36m</span>[39m
  [36m</div>[39m
[36m</div>[39m

Ignored nodes: comments, script, style
[36m<div[39m
  [33mclass[39m=[32m"flex gap-2 
justify-center"[39m
[36m>[39m
  [36m<span[39m
    [33mclass[39m=[32m"bg-blue-900/50 px-2 py-1 
rounded text-xs"[39m
  [36m>[39m
    [0mClassifier[0m
  [36m</span>[39m
  [36m<span[39m
    [33mclass[39m=[32m"bg-blue-900/50 px-2 py-1 
rounded text-xs"[39m
  [36m>[39m
    [0mDecision Engine[0m
  [36m</span>[39m
[36m</div>[39m

Ignored nodes: comments, script, style
[36m<svg[39m
  [33mclass[39m=[32m"lucide lucide-arrow-right 
rotate-90 text-slate-500"[39m
  [33mfill[39m=[32m"none"[39m
  [33mheight[39m=[32m"24"[39m
  [33mstroke[39m=[32m"currentColor"[39m
  [33mstroke-linecap[39m=[32m"round"[39m
  [33mstroke-linejoin[39m=[32m"round"[39m
  [33mstroke-width[39m=[32m"2"[39m
  [33mviewBox[39m=[32m"0 0 24 24"[39m
  [33mwidth[39m=[32m"24"[39m
  
[33mxmlns[39m=[32m"http://www.w3.org/2000/svg"[39m
[36m>[39m
  [36m<path[39m
    [33md[39m=[32m"M5 12h14"[39m
  [36m/>[39m
  [36m<path[39m
    [33md[39m=[32m"m12 5 7 7-7 7"[39m
  [36m/>[39m
[36m</svg>[39m

Ignored nodes: comments, script, style
[36m<path[39m
  [33md[39m=[32m"M5 12h14"[39m
[36m/>[39m

Ignored nodes: comments, script, style
[36m<path[39m
  [33md[39m=[32m"m12 5 7 7-7 7"[39m
[36m/>[39m

Ignored nodes: comments, script, style
[36m<div[39m
  [33mclass[39m=[32m"p-4 bg-purple-900/30 
rounded-xl border border-purple-500/50 w-full 
text-center shadow-lg hover:border-purple-400 
transition-colors"[39m
[36m>[39m
  [36m<div[39m
    [33mclass[39m=[32m"text-purple-400 font-bold 
mb-2"[39m
  [36m>[39m
    [0mWAY RAG Engine[0m
  [36m</div>[39m
  [36m<div[39m
    [33mclass[39m=[32m"flex gap-2 
justify-center"[39m
  [36m>[39m
    [36m<span[39m
      [33mclass[39m=[32m"bg-purple-900/50 px-2 
py-1 rounded text-xs"[39m
    [36m>[39m
      [0mVector Search[0m
    [36m</span>[39m
    [36m<span[39m
      [33mclass[39m=[32m"bg-purple-900/50 px-2 
py-1 rounded text-xs"[39m
    [36m>[39m
      [0mGroq LLM[0m
    [36m</span>[39m
  [36m</div>[39m
[36m</div>[39m

Ignored nodes: comments, script, style
[36m<div[39m
  [33mclass[39m=[32m"flex gap-2 
justify-center"[39m
[36m>[39m
  [36m<span[39m
    [33mclass[39m=[32m"bg-purple-900/50 px-2 py-1 
rounded text-xs"[39m
  [36m>[39m
    [0mVector Search[0m
  [36m</span>[39m
  [36m<span[39m
    [33mclass[39m=[32m"bg-purple-900/50 px-2 py-1 
rounded text-xs"[39m
  [36m>[39m
    [0mGroq LLM[0m
  [36m</span>[39m
[36m</div>[39m

Ignored nodes: comments, script, style
[36m<section[39m
  [33mclass[39m=[32m"relative z-10 py-24 px-6 
bg-[#0a0f1c] border-y border-slate-800"[39m
  [33mid[39m=[32m"demo"[39m
[36m>[39m
  [36m<div[39m
    [33mclass[39m=[32m"max-w-7xl mx-auto"[39m
  [36m>[39m
    [36m<div[39m
      [33mclass[39m=[32m"flex flex-col md:flex-row 
items-end justify-between mb-8 gap-6"[39m
    [36m>[39m
      [36m<div[39m
        [33mclass[39m=[32m"flex items-center 
gap-4"[39m
      [36m>[39m
        [36m<button[39m
          [33mclass[39m=[32m"flex items-center 
gap-2 px-4 py-2 bg-slate-800 hover:bg-slate-700 
text-white rounded-xl border border-slate-700 
transition-all hover:scale-105 active:scale-95"[39m
        [36m>[39m
          [36m<svg[39m
            [33mclass[39m=[32m"lucide 
lucide-message-square w-4 h-4 text-orange-400"[39m
            [33mfill[39m=[32m"none"[39m
            [33mheight[39m=[32m"24"[39m
            [33mstroke[39m=[32m"currentColor"[39m
            [33mstroke-linecap[39m=[32m"round"[39m
            
[33mstroke-linejoin[39m=[32m"round"[39m
            [33mstroke-width[39m=[32m"2"[39m
            [33mviewBox[39m=[32m"0 0 24 24"[39m
            [33mwidth[39m=[32m"24"[39m
            
[33mxmlns[39m=[32m"http://www.w3.org/2000/svg"[39m
          [36m>[39m
            [36m<path[39m
              [33md[39m=[32m"M21 15a2 2 0 0 1-2 
2H7l-4 4V5a2 2 0 0 1 2-2h14a2 2 0 0 1 2 2z"[39m
            [36m/>[39m
          [36m</svg>[39m
          [36m<span[39m
            [33mclass[39m=[32m"text-sm 
font-medium"[39m
          [36m>[39m
            [0mChat History[0m
          [36m</span>[39m
          [36m<span[39m
            [33mclass[39m=[32m"px-1.5 py-0.5 
text-[10px] bg-orange-500 text-white 
rounded-full"[39m
          [36m>[39m
            [0m1[0m
          [36m</span>[39m
        [36m</button>[39m
        [36m<div>[39m
          [36m<h2[39m
            [33mclass[39m=[32m"text-3xl font-bold 
text-white flex items-center gap-2"[39m
          [36m>[39m
            [36m<svg[39m
              [33mclass[39m=[32m"lucide 
lucide-terminal text-orange-500"[39m
              [33mfill[39m=[32m"none"[39m
              [33mheight[39m=[32m"24"[39m
              
[33mstroke[39m=[32m"currentColor"[39m
              
[33mstroke-linecap[39m=[32m"round"[39m
              
[33mstroke-linejoin[39m=[32m"round"[39m
              [33mstroke-width[39m=[32m"2"[39m
              [33mviewBox[39m=[32m"0 0 24 24"[39m
              [33mwidth[39m=[32m"24"[39m
              
[33mxmlns[39m=[32m"http://www.w3.org/2000/svg"[39m
            [36m>[39m
              [36m<polyline[39m
                [33mpoints[39m=[32m"4 17 10 11 4 
5"[39m
              [36m/>[39m
              [36m<line[39m
                [33mx1[39m=[32m"12"[39m
                [33mx2[39m=[32m"20"[39m
                [33my1[39m=[32m"19"[39m
                [33my2[39m=[32m"19"[39m
              [36m/>[39m
            [36m</svg>[39m
            [0m Interactive Demo[0m
          [36m</h2>[39m
          [36m<p[39m
            [33mclass[39m=[32m"text-slate-400 
mt-2"[39m
          [36m>[39m
            [0mLive Situation Simulation: 
เธฅเธญเธเธเธ”เธเธธเนเธก Scenario เธ”เนเธฒเธเธฅเน
เธฒเธเน€เธเธทเนเธญเธ”เธนเธเธฒเธฃเธ—เธณเธเธฒเธ[
0m
          [36m</p>[39m
        [36m</div>[39m
      [36m</div>[39m
    [36m</div>[39m
    [36m<div[39m
      [33mclass[39m=[32m"grid grid-cols-1 
lg:grid-cols-3 gap-6 min-h-[600px] lg:h-[700px]"[39m
    [36m>[39m
      [36m<div[39m
        [33mclass[39m=[32m"lg:col-span-1 
bg-[#050911] rounded-2xl border border-slate-800 p-4 
flex flex-col font-mono text-xs overflow-hidden 
shadow-inner"[39m
      [36m>[39m
        [36m<div[39m
          [33mclass[39m=[32m"flex items-center 
justify-between mb-3 border-b border-slate-800 
pb-2"[39m
        [36m>[39m
          [36m<span[39m
            [33mclass[39m=[32m"text-slate-400 
font-bold flex items-center gap-2"[39m
          [36m>[39m
            [36m<svg[39m
              [33mclass[39m=[32m"lucide 
lucide-activity w-3 h-3"[39m
              [33mfill[39m=[32m"none"[39m
              [33mheight[39m=[32m"24"[39m
              
[33mstroke[39m=[32m"currentColor"[39m
              
[33mstroke-linecap[39m=[32m"round"[39m
              
[33mstroke-linejoin[39m=[32m"round"[39m
              [33mstroke-width[39m=[32m"2"[39m
              [33mviewBox[39m=[32m"0 0 24 24"[39m
              [33mwidth[39m=[32m"24"[39m
              
[33mxmlns[39m=[32m"http://www.w3.org/2000/svg"[39m
            [36m>[39m
              [36m<path[39m
                [33md[39m=[32m"M22 12h-4l-3 9L9 
3l-3 9H2"[39m
              [36m/>[39m
            [36m</svg>[39m
            [0m SYSTEM_LOGS[0m
          [36m</span>[39m
        [36m</div>[39m
        [36m<div[39m
          [33mclass[39m=[32m"flex-1 
overflow-y-auto space-y-2 custom-scrollbar 
text-slate-300"[39m
        [36m>[39m
          [36m<div[39m
            [33mclass[39m=[32m"text-slate-600 
italic text-center mt-10"[39m
          [36m>[39m
            [0mWaiting for requests...[0m
          [36m</div>[39m
          [36m<div />[39m
        [36m</div>[39m
      [36m</div>[39m
      [36m<div[39m
        [33mclass[39m=[32m"lg:col-span-2 
bg-slate-900 rounded-2xl border border-slate-700 flex 
flex-col overflow-hidden relative shadow-2xl"[39m
      [36m>[39m
        [36m<div[39m
          [33mclass[39m=[32m"absolute top-4 
right-4 z-30"[39m
        [36m>[39m
          [36m<button[39m
            [33mclass[39m=[32m"flex items-center 
gap-2 px-3 py-1.5 rounded-full text-xs font-bold 
border transition-all bg-slate-800 border-slate-600 
text-slate-400 hover:text-white"[39m
          [36m>[39m
            [36m<svg[39m
              [33mclass[39m=[32m"lucide 
lucide-eye-off w-3 h-3"[39m
              [33mfill[39m=[32m"none"[39m
              [33mheight[39m=[32m"24"[39m
              
[33mstroke[39m=[32m"currentColor"[39m
              
[33mstroke-linecap[39m=[32m"round"[39m
              
[33mstroke-linejoin[39m=[32m"round"[39m
              [33mstroke-width[39m=[32m"2"[39m
              [33mviewBox[39m=[32m"0 0 24 24"[39m
              [33mwidth[39m=[32m"24"[39m
              
[33mxmlns[39m=[32m"http://www.w3.org/2000/svg"[39m
            [36m>[39m
              [36m<path[39m
                [33md[39m=[32m"M9.88 9.88a3 3 0 1 
0 4.24 4.24"[39m
              [36m/>[39m
              [36m<path[39m
                [33md[39m=[32m"M10.73 5.08A10.43 
10.43 0 0 1 12 5c7 0 10 7 10 7a13.16 13.16 0 0 1-1.67 
2.68"[39m
              [36m/>[39m
              [36m<path[39m
                [33md[39m=[32m"M6.61 6.61A13.526 
13.526 0 0 0 2 12s3 7 10 7a9.74 9.74 0 0 0 
5.39-1.61"[39m
              [36m/>[39m
              [36m<line[39m
                [33mx1[39m=[32m"2"[39m
                ...

Ignored nodes: comments, script, style
[36m<div[39m
  [33mclass[39m=[32m"max-w-7xl mx-auto"[39m
[36m>[39m
  [36m<div[39m
    [33mclass[39m=[32m"flex flex-col md:flex-row 
items-end justify-between mb-8 gap-6"[39m
  [36m>[39m
    [36m<div[39m
      [33mclass[39m=[32m"flex items-center 
gap-4"[39m
    [36m>[39m
      [36m<button[39m
        [33mclass[39m=[32m"flex items-center gap-2 
px-4 py-2 bg-slate-800 hover:bg-slate-700 text-white 
rounded-xl border border-slate-700 transition-all 
hover:scale-105 active:scale-95"[39m
      [36m>[39m
        [36m<svg[39m
          [33mclass[39m=[32m"lucide 
lucide-message-square w-4 h-4 text-orange-400"[39m
          [33mfill[39m=[32m"none"[39m
          [33mheight[39m=[32m"24"[39m
          [33mstroke[39m=[32m"currentColor"[39m
          [33mstroke-linecap[39m=[32m"round"[39m
          [33mstroke-linejoin[39m=[32m"round"[39m
          [33mstroke-width[39m=[32m"2"[39m
          [33mviewBox[39m=[32m"0 0 24 24"[39m
          [33mwidth[39m=[32m"24"[39m
          
[33mxmlns[39m=[32m"http://www.w3.org/2000/svg"[39m
        [36m>[39m
          [36m<path[39m
            [33md[39m=[32m"M21 15a2 2 0 0 1-2 
2H7l-4 4V5a2 2 0 0 1 2-2h14a2 2 0 0 1 2 2z"[39m
          [36m/>[39m
        [36m</svg>[39m
        [36m<span[39m
          [33mclass[39m=[32m"text-sm 
font-medium"[39m
        [36m>[39m
          [0mChat History[0m
        [36m</span>[39m
        [36m<span[39m
          [33mclass[39m=[32m"px-1.5 py-0.5 
text-[10px] bg-orange-500 text-white 
rounded-full"[39m
        [36m>[39m
          [0m1[0m
        [36m</span>[39m
      [36m</button>[39m
      [36m<div>[39m
        [36m<h2[39m
          [33mclass[39m=[32m"text-3xl font-bold 
text-white flex items-center gap-2"[39m
        [36m>[39m
          [36m<svg[39m
            [33mclass[39m=[32m"lucide 
lucide-terminal text-orange-500"[39m
            [33mfill[39m=[32m"none"[39m
            [33mheight[39m=[32m"24"[39m
            [33mstroke[39m=[32m"currentColor"[39m
            [33mstroke-linecap[39m=[32m"round"[39m
            
[33mstroke-linejoin[39m=[32m"round"[39m
            [33mstroke-width[39m=[32m"2"[39m
            [33mviewBox[39m=[32m"0 0 24 24"[39m
            [33mwidth[39m=[32m"24"[39m
            
[33mxmlns[39m=[32m"http://www.w3.org/2000/svg"[39m
          [36m>[39m
            [36m<polyline[39m
              [33mpoints[39m=[32m"4 17 10 11 4 
5"[39m
            [36m/>[39m
            [36m<line[39m
              [33mx1[39m=[32m"12"[39m
              [33mx2[39m=[32m"20"[39m
              [33my1[39m=[32m"19"[39m
              [33my2[39m=[32m"19"[39m
            [36m/>[39m
          [36m</svg>[39m
          [0m Interactive Demo[0m
        [36m</h2>[39m
        [36m<p[39m
          [33mclass[39m=[32m"text-slate-400 
mt-2"[39m
        [36m>[39m
          [0mLive Situation Simulation: 
เธฅเธญเธเธเธ”เธเธธเนเธก Scenario เธ”เนเธฒเธเธฅเน
เธฒเธเน€เธเธทเนเธญเธ”เธนเธเธฒเธฃเธ—เธณเธเธฒเธ[
0m
        [36m</p>[39m
      [36m</div>[39m
    [36m</div>[39m
  [36m</div>[39m
  [36m<div[39m
    [33mclass[39m=[32m"grid grid-cols-1 
lg:grid-cols-3 gap-6 min-h-[600px] lg:h-[700px]"[39m
  [36m>[39m
    [36m<div[39m
      [33mclass[39m=[32m"lg:col-span-1 
bg-[#050911] rounded-2xl border border-slate-800 p-4 
flex flex-col font-mono text-xs overflow-hidden 
shadow-inner"[39m
    [36m>[39m
      [36m<div[39m
        [33mclass[39m=[32m"flex items-center 
justify-between mb-3 border-b border-slate-800 
pb-2"[39m
      [36m>[39m
        [36m<span[39m
          [33mclass[39m=[32m"text-slate-400 
font-bold flex items-center gap-2"[39m
        [36m>[39m
          [36m<svg[39m
            [33mclass[39m=[32m"lucide 
lucide-activity w-3 h-3"[39m
            [33mfill[39m=[32m"none"[39m
            [33mheight[39m=[32m"24"[39m
            [33mstroke[39m=[32m"currentColor"[39m
            [33mstroke-linecap[39m=[32m"round"[39m
            
[33mstroke-linejoin[39m=[32m"round"[39m
            [33mstroke-width[39m=[32m"2"[39m
            [33mviewBox[39m=[32m"0 0 24 24"[39m
            [33mwidth[39m=[32m"24"[39m
            
[33mxmlns[39m=[32m"http://www.w3.org/2000/svg"[39m
          [36m>[39m
            [36m<path[39m
              [33md[39m=[32m"M22 12h-4l-3 9L9 3l-3 
9H2"[39m
            [36m/>[39m
          [36m</svg>[39m
          [0m SYSTEM_LOGS[0m
        [36m</span>[39m
      [36m</div>[39m
      [36m<div[39m
        [33mclass[39m=[32m"flex-1 overflow-y-auto 
space-y-2 custom-scrollbar text-slate-300"[39m
      [36m>[39m
        [36m<div[39m
          [33mclass[39m=[32m"text-slate-600 italic 
text-center mt-10"[39m
        [36m>[39m
          [0mWaiting for requests...[0m
        [36m</div>[39m
        [36m<div />[39m
      [36m</div>[39m
    [36m</div>[39m
    [36m<div[39m
      [33mclass[39m=[32m"lg:col-span-2 
bg-slate-900 rounded-2xl border border-slate-700 flex 
flex-col overflow-hidden relative shadow-2xl"[39m
    [36m>[39m
      [36m<div[39m
        [33mclass[39m=[32m"absolute top-4 right-4 
z-30"[39m
      [36m>[39m
        [36m<button[39m
          [33mclass[39m=[32m"flex items-center 
gap-2 px-3 py-1.5 rounded-full text-xs font-bold 
border transition-all bg-slate-800 border-slate-600 
text-slate-400 hover:text-white"[39m
        [36m>[39m
          [36m<svg[39m
            [33mclass[39m=[32m"lucide 
lucide-eye-off w-3 h-3"[39m
            [33mfill[39m=[32m"none"[39m
            [33mheight[39m=[32m"24"[39m
            [33mstroke[39m=[32m"currentColor"[39m
            [33mstroke-linecap[39m=[32m"round"[39m
            
[33mstroke-linejoin[39m=[32m"round"[39m
            [33mstroke-width[39m=[32m"2"[39m
            [33mviewBox[39m=[32m"0 0 24 24"[39m
            [33mwidth[39m=[32m"24"[39m
            
[33mxmlns[39m=[32m"http://www.w3.org/2000/svg"[39m
          [36m>[39m
            [36m<path[39m
              [33md[39m=[32m"M9.88 9.88a3 3 0 1 0 
4.24 4.24"[39m
            [36m/>[39m
            [36m<path[39m
              [33md[39m=[32m"M10.73 5.08A10.43 
10.43 0 0 1 12 5c7 0 10 7 10 7a13.16 13.16 0 0 1-1.67 
2.68"[39m
            [36m/>[39m
            [36m<path[39m
              [33md[39m=[32m"M6.61 6.61A13.526 
13.526 0 0 0 2 12s3 7 10 7a9.74 9.74 0 0 0 
5.39-1.61"[39m
            [36m/>[39m
            [36m<line[39m
              [33mx1[39m=[32m"2"[39m
              [33mx2[39m=[32m"22"[39m
              [33my1[39m=[32m"2"[39m
              [33my2[39m=[32m"22"[39m
            [36m/>[39m
          [36m</svg>[39m
          [0mDev Mode: OFF[0m
        [36m</button>[39m
      [36m</div>[39m
      [36m<div[39m
        [33mclass[39m=[32m"flex-1 overflow-y-auto 
p-6 space-y-6 custom-scrollbar bg-slate-900/50"[39m
      [36m>[39m
        [36m<div[39m
          [33mclass[39m=[32m"space-y-6"...

Ignored nodes: comments, script, style
[36m<div[39m
  [33mclass[39m=[32m"flex flex-col md:flex-row 
items-end justify-between mb-8 gap-6"[39m
[36m>[39m
  [36m<div[39m
    [33mclass[39m=[32m"flex items-center 
gap-4"[39m
  [36m>[39m
    [36m<button[39m
      [33mclass[39m=[32m"flex items-center gap-2 
px-4 py-2 bg-slate-800 hover:bg-slate-700 text-white 
rounded-xl border border-slate-700 transition-all 
hover:scale-105 active:scale-95"[39m
    [36m>[39m
      [36m<svg[39m
        [33mclass[39m=[32m"lucide 
lucide-message-square w-4 h-4 text-orange-400"[39m
        [33mfill[39m=[32m"none"[39m
        [33mheight[39m=[32m"24"[39m
        [33mstroke[39m=[32m"currentColor"[39m
        [33mstroke-linecap[39m=[32m"round"[39m
        [33mstroke-linejoin[39m=[32m"round"[39m
        [33mstroke-width[39m=[32m"2"[39m
        [33mviewBox[39m=[32m"0 0 24 24"[39m
        [33mwidth[39m=[32m"24"[39m
        
[33mxmlns[39m=[32m"http://www.w3.org/2000/svg"[39m
      [36m>[39m
        [36m<path[39m
          [33md[39m=[32m"M21 15a2 2 0 0 1-2 2H7l-4 
4V5a2 2 0 0 1 2-2h14a2 2 0 0 1 2 2z"[39m
        [36m/>[39m
      [36m</svg>[39m
      [36m<span[39m
        [33mclass[39m=[32m"text-sm 
font-medium"[39m
      [36m>[39m
        [0mChat History[0m
      [36m</span>[39m
      [36m<span[39m
        [33mclass[39m=[32m"px-1.5 py-0.5 
text-[10px] bg-orange-500 text-white 
rounded-full"[39m
      [36m>[39m
        [0m1[0m
      [36m</span>[39m
    [36m</button>[39m
    [36m<div>[39m
      [36m<h2[39m
        [33mclass[39m=[32m"text-3xl font-bold 
text-white flex items-center gap-2"[39m
      [36m>[39m
        [36m<svg[39m
          [33mclass[39m=[32m"lucide 
lucide-terminal text-orange-500"[39m
          [33mfill[39m=[32m"none"[39m
          [33mheight[39m=[32m"24"[39m
          [33mstroke[39m=[32m"currentColor"[39m
          [33mstroke-linecap[39m=[32m"round"[39m
          [33mstroke-linejoin[39m=[32m"round"[39m
          [33mstroke-width[39m=[32m"2"[39m
          [33mviewBox[39m=[32m"0 0 24 24"[39m
          [33mwidth[39m=[32m"24"[39m
          
[33mxmlns[39m=[32m"http://www.w3.org/2000/svg"[39m
        [36m>[39m
          [36m<polyline[39m
            [33mpoints[39m=[32m"4 17 10 11 4 
5"[39m
          [36m/>[39m
          [36m<line[39m
            [33mx1[39m=[32m"12"[39m
            [33mx2[39m=[32m"20"[39m
            [33my1[39m=[32m"19"[39m
            [33my2[39m=[32m"19"[39m
          [36m/>[39m
        [36m</svg>[39m
        [0m Interactive Demo[0m
      [36m</h2>[39m
      [36m<p[39m
        [33mclass[39m=[32m"text-slate-400 
mt-2"[39m
      [36m>[39m
        [0mLive Situation Simulation: 
เธฅเธญเธเธเธ”เธเธธเนเธก Scenario เธ”เนเธฒเธเธฅเน
เธฒเธเน€เธเธทเนเธญเธ”เธนเธเธฒเธฃเธ—เธณเธเธฒเธ[
0m
      [36m</p>[39m
    [36m</div>[39m
  [36m</div>[39m
[36m</div>[39m

Ignored nodes: comments, script, style
[36m<div[39m
  [33mclass[39m=[32m"flex items-center gap-4"[39m
[36m>[39m
  [36m<button[39m
    [33mclass[39m=[32m"flex items-center gap-2 
px-4 py-2 bg-slate-800 hover:bg-slate-700 text-white 
rounded-xl border border-slate-700 transition-all 
hover:scale-105 active:scale-95"[39m
  [36m>[39m
    [36m<svg[39m
      [33mclass[39m=[32m"lucide 
lucide-message-square w-4 h-4 text-orange-400"[39m
      [33mfill[39m=[32m"none"[39m
      [33mheight[39m=[32m"24"[39m
      [33mstroke[39m=[32m"currentColor"[39m
      [33mstroke-linecap[39m=[32m"round"[39m
      [33mstroke-linejoin[39m=[32m"round"[39m
      [33mstroke-width[39m=[32m"2"[39m
      [33mviewBox[39m=[32m"0 0 24 24"[39m
      [33mwidth[39m=[32m"24"[39m
      
[33mxmlns[39m=[32m"http://www.w3.org/2000/svg"[39m
    [36m>[39m
      [36m<path[39m
        [33md[39m=[32m"M21 15a2 2 0 0 1-2 2H7l-4 
4V5a2 2 0 0 1 2-2h14a2 2 0 0 1 2 2z"[39m
      [36m/>[39m
    [36m</svg>[39m
    [36m<span[39m
      [33mclass[39m=[32m"text-sm font-medium"[39m
    [36m>[39m
      [0mChat History[0m
    [36m</span>[39m
    [36m<span[39m
      [33mclass[39m=[32m"px-1.5 py-0.5 text-[10px] 
bg-orange-500 text-white rounded-full"[39m
    [36m>[39m
      [0m1[0m
    [36m</span>[39m
  [36m</button>[39m
  [36m<div>[39m
    [36m<h2[39m
      [33mclass[39m=[32m"text-3xl font-bold 
text-white flex items-center gap-2"[39m
    [36m>[39m
      [36m<svg[39m
        [33mclass[39m=[32m"lucide lucide-terminal 
text-orange-500"[39m
        [33mfill[39m=[32m"none"[39m
        [33mheight[39m=[32m"24"[39m
        [33mstroke[39m=[32m"currentColor"[39m
        [33mstroke-linecap[39m=[32m"round"[39m
        [33mstroke-linejoin[39m=[32m"round"[39m
        [33mstroke-width[39m=[32m"2"[39m
        [33mviewBox[39m=[32m"0 0 24 24"[39m
        [33mwidth[39m=[32m"24"[39m
        
[33mxmlns[39m=[32m"http://www.w3.org/2000/svg"[39m
      [36m>[39m
        [36m<polyline[39m
          [33mpoints[39m=[32m"4 17 10 11 4 5"[39m
        [36m/>[39m
        [36m<line[39m
          [33mx1[39m=[32m"12"[39m
          [33mx2[39m=[32m"20"[39m
          [33my1[39m=[32m"19"[39m
          [33my2[39m=[32m"19"[39m
        [36m/>[39m
      [36m</svg>[39m
      [0m Interactive Demo[0m
    [36m</h2>[39m
    [36m<p[39m
      [33mclass[39m=[32m"text-slate-400 mt-2"[39m
    [36m>[39m
      [0mLive Situation Simulation: 
เธฅเธญเธเธเธ”เธเธธเนเธก Scenario เธ”เนเธฒเธเธฅเน
เธฒเธเน€เธเธทเนเธญเธ”เธนเธเธฒเธฃเธ—เธณเธเธฒเธ[
0m
    [36m</p>[39m
  [36m</div>[39m
[36m</div>[39m

Ignored nodes: comments, script, style
[36m<button[39m
  [33mclass[39m=[32m"flex items-center gap-2 px-4 
py-2 bg-slate-800 hover:bg-slate-700 text-white 
rounded-xl border border-slate-700 transition-all 
hover:scale-105 active:scale-95"[39m
[36m>[39m
  [36m<svg[39m
    [33mclass[39m=[32m"lucide 
lucide-message-square w-4 h-4 text-orange-400"[39m
    [33mfill[39m=[32m"none"[39m
    [33mheight[39m=[32m"24"[39m
    [33mstroke[39m=[32m"currentColor"[39m
    [33mstroke-linecap[39m=[32m"round"[39m
    [33mstroke-linejoin[39m=[32m"round"[39m
    [33mstroke-width[39m=[32m"2"[39m
    [33mviewBox[39m=[32m"0 0 24 24"[39m
    [33mwidth[39m=[32m"24"[39m
    
[33mxmlns[39m=[32m"http://www.w3.org/2000/svg"[39m
  [36m>[39m
    [36m<path[39m
      [33md[39m=[32m"M21 15a2 2 0 0 1-2 2H7l-4 
4V5a2 2 0 0 1 2-2h14a2 2 0 0 1 2 2z"[39m
    [36m/>[39m
  [36m</svg>[39m
  [36m<span[39m
    [33mclass[39m=[32m"text-sm font-medium"[39m
  [36m>[39m
    [0mChat History[0m
  [36m</span>[39m
  [36m<span[39m
    [33mclass[39m=[32m"px-1.5 py-0.5 text-[10px] 
bg-orange-500 text-white rounded-full"[39m
  [36m>[39m
    [0m1[0m
  [36m</span>[39m
[36m</button>[39m

Ignored nodes: comments, script, style
[36m<svg[39m
  [33mclass[39m=[32m"lucide lucide-message-square 
w-4 h-4 text-orange-400"[39m
  [33mfill[39m=[32m"none"[39m
  [33mheight[39m=[32m"24"[39m
  [33mstroke[39m=[32m"currentColor"[39m
  [33mstroke-linecap[39m=[32m"round"[39m
  [33mstroke-linejoin[39m=[32m"round"[39m
  [33mstroke-width[39m=[32m"2"[39m
  [33mviewBox[39m=[32m"0 0 24 24"[39m
  [33mwidth[39m=[32m"24"[39m
  
[33mxmlns[39m=[32m"http://www.w3.org/2000/svg"[39m
[36m>[39m
  [36m<path[39m
    [33md[39m=[32m"M21 15a2 2 0 0 1-2 2H7l-4 4V5a2 
2 0 0 1 2-2h14a2 2 0 0 1 2 2z"[39m
  [36m/>[39m
[36m</svg>[39m

Ignored nodes: comments, script, style
[36m<path[39m
  [33md[39m=[32m"M21 15a2 2 0 0 1-2 2H7l-4 4V5a2 2 
0 0 1 2-2h14a2 2 0 0 1 2 2z"[39m
[36m/>[39m

Ignored nodes: comments, script, style
[36m<div>[39m
  [36m<h2[39m
    [33mclass[39m=[32m"text-3xl font-bold 
text-white flex items-center gap-2"[39m
  [36m>[39m
    [36m<svg[39m
      [33mclass[39m=[32m"lucide lucide-terminal 
text-orange-500"[39m
      [33mfill[39m=[32m"none"[39m
      [33mheight[39m=[32m"24"[39m
      [33mstroke[39m=[32m"currentColor"[39m
      [33mstroke-linecap[39m=[32m"round"[39m
      [33mstroke-linejoin[39m=[32m"round"[39m
      [33mstroke-width[39m=[32m"2"[39m
      [33mviewBox[39m=[32m"0 0 24 24"[39m
      [33mwidth[39m=[32m"24"[39m
      
[33mxmlns[39m=[32m"http://www.w3.org/2000/svg"[39m
    [36m>[39m
      [36m<polyline[39m
        [33mpoints[39m=[32m"4 17 10 11 4 5"[39m
      [36m/>[39m
      [36m<line[39m
        [33mx1[39m=[32m"12"[39m
        [33mx2[39m=[32m"20"[39m
        [33my1[39m=[32m"19"[39m
        [33my2[39m=[32m"19"[39m
      [36m/>[39m
    [36m</svg>[39m
    [0m Interactive Demo[0m
  [36m</h2>[39m
  [36m<p[39m
    [33mclass[39m=[32m"text-slate-400 mt-2"[39m
  [36m>[39m
    [0mLive Situation Simulation: 
เธฅเธญเธเธเธ”เธเธธเนเธก Scenario เธ”เนเธฒเธเธฅเน
เธฒเธเน€เธเธทเนเธญเธ”เธนเธเธฒเธฃเธ—เธณเธเธฒเธ[
0m
  [36m</p>[39m
[36m</div>[39m

Ignored nodes: comments, script, style
[36m<svg[39m
  [33mclass[39m=[32m"lucide lucide-terminal 
text-orange-500"[39m
  [33mfill[39m=[32m"none"[39m
  [33mheight[39m=[32m"24"[39m
  [33mstroke[39m=[32m"currentColor"[39m
  [33mstroke-linecap[39m=[32m"round"[39m
  [33mstroke-linejoin[39m=[32m"round"[39m
  [33mstroke-width[39m=[32m"2"[39m
  [33mviewBox[39m=[32m"0 0 24 24"[39m
  [33mwidth[39m=[32m"24"[39m
  
[33mxmlns[39m=[32m"http://www.w3.org/2000/svg"[39m
[36m>[39m
  [36m<polyline[39m
    [33mpoints[39m=[32m"4 17 10 11 4 5"[39m
  [36m/>[39m
  [36m<line[39m
    [33mx1[39m=[32m"12"[39m
    [33mx2[39m=[32m"20"[39m
    [33my1[39m=[32m"19"[39m
    [33my2[39m=[32m"19"[39m
  [36m/>[39m
[36m</svg>[39m

Ignored nodes: comments, script, style
[36m<polyline[39m
  [33mpoints[39m=[32m"4 17 10 11 4 5"[39m
[36m/>[39m

Ignored nodes: comments, script, style
[36m<line[39m
  [33mx1[39m=[32m"12"[39m
  [33mx2[39m=[32m"20"[39m
  [33my1[39m=[32m"19"[39m
  [33my2[39m=[32m"19"[39m
[36m/>[39m

Ignored nodes: comments, script, style
[36m<div[39m
  [33mclass[39m=[32m"grid grid-cols-1 
lg:grid-cols-3 gap-6 min-h-[600px] lg:h-[700px]"[39m
[36m>[39m
  [36m<div[39m
    [33mclass[39m=[32m"lg:col-span-1 bg-[#050911] 
rounded-2xl border border-slate-800 p-4 flex flex-col 
font-mono text-xs overflow-hidden shadow-inner"[39m
  [36m>[39m
    [36m<div[39m
      [33mclass[39m=[32m"flex items-center 
justify-between mb-3 border-b border-slate-800 
pb-2"[39m
    [36m>[39m
      [36m<span[39m
        [33mclass[39m=[32m"text-slate-400 
font-bold flex items-center gap-2"[39m
      [36m>[39m
        [36m<svg[39m
          [33mclass[39m=[32m"lucide 
lucide-activity w-3 h-3"[39m
          [33mfill[39m=[32m"none"[39m
          [33mheight[39m=[32m"24"[39m
          [33mstroke[39m=[32m"currentColor"[39m
          [33mstroke-linecap[39m=[32m"round"[39m
          [33mstroke-linejoin[39m=[32m"round"[39m
          [33mstroke-width[39m=[32m"2"[39m
          [33mviewBox[39m=[32m"0 0 24 24"[39m
          [33mwidth[39m=[32m"24"[39m
          
[33mxmlns[39m=[32m"http://www.w3.org/2000/svg"[39m
        [36m>[39m
          [36m<path[39m
            [33md[39m=[32m"M22 12h-4l-3 9L9 3l-3 
9H2"[39m
          [36m/>[39m
        [36m</svg>[39m
        [0m SYSTEM_LOGS[0m
      [36m</span>[39m
    [36m</div>[39m
    [36m<div[39m
      [33mclass[39m=[32m"flex-1 overflow-y-auto 
space-y-2 custom-scrollbar text-slate-300"[39m
    [36m>[39m
      [36m<div[39m
        [33mclass[39m=[32m"text-slate-600 italic 
text-center mt-10"[39m
      [36m>[39m
        [0mWaiting for requests...[0m
      [36m</div>[39m
      [36m<div />[39m
    [36m</div>[39m
  [36m</div>[39m
  [36m<div[39m
    [33mclass[39m=[32m"lg:col-span-2 bg-slate-900 
rounded-2xl border border-slate-700 flex flex-col 
overflow-hidden relative shadow-2xl"[39m
  [36m>[39m
    [36m<div[39m
      [33mclass[39m=[32m"absolute top-4 right-4 
z-30"[39m
    [36m>[39m
      [36m<button[39m
        [33mclass[39m=[32m"flex items-center gap-2 
px-3 py-1.5 rounded-full text-xs font-bold border 
transition-all bg-slate-800 border-slate-600 
text-slate-400 hover:text-white"[39m
      [36m>[39m
        [36m<svg[39m
          [33mclass[39m=[32m"lucide lucide-eye-off 
w-3 h-3"[39m
          [33mfill[39m=[32m"none"[39m
          [33mheight[39m=[32m"24"[39m
          [33mstroke[39m=[32m"currentColor"[39m
          [33mstroke-linecap[39m=[32m"round"[39m
          [33mstroke-linejoin[39m=[32m"round"[39m
          [33mstroke-width[39m=[32m"2"[39m
          [33mviewBox[39m=[32m"0 0 24 24"[39m
          [33mwidth[39m=[32m"24"[39m
          
[33mxmlns[39m=[32m"http://www.w3.org/2000/svg"[39m
        [36m>[39m
          [36m<path[39m
            [33md[39m=[32m"M9.88 9.88a3 3 0 1 0 
4.24 4.24"[39m
          [36m/>[39m
          [36m<path[39m
            [33md[39m=[32m"M10.73 5.08A10.43 10.43 
0 0 1 12 5c7 0 10 7 10 7a13.16 13.16 0 0 1-1.67 
2.68"[39m
          [36m/>[39m
          [36m<path[39m
            [33md[39m=[32m"M6.61 6.61A13.526 
13.526 0 0 0 2 12s3 7 10 7a9.74 9.74 0 0 0 
5.39-1.61"[39m
          [36m/>[39m
          [36m<line[39m
            [33mx1[39m=[32m"2"[39m
            [33mx2[39m=[32m"22"[39m
            [33my1[39m=[32m"2"[39m
            [33my2[39m=[32m"22"[39m
          [36m/>[39m
        [36m</svg>[39m
        [0mDev Mode: OFF[0m
      [36m</button>[39m
    [36m</div>[39m
    [36m<div[39m
      [33mclass[39m=[32m"flex-1 overflow-y-auto 
p-6 space-y-6 custom-scrollbar bg-slate-900/50"[39m
    [36m>[39m
      [36m<div[39m
        [33mclass[39m=[32m"space-y-6"[39m
      [36m>[39m
        [36m<div[39m
          [33mclass[39m=[32m"message-bubble flex 
gap-4 animate-pop-in justify-start "[39m
        [36m>[39m
          [36m<div[39m
            [33mclass[39m=[32m"w-10 h-10 
rounded-xl flex items-center justify-center shrink-0 
shadow-lg bg-gradient-to-br from-blue-600 
to-purple-600"[39m
          [36m>[39m
            [36m<svg[39m
              [33mclass[39m=[32m"lucide lucide-bot 
w-6 h-6 text-white"[39m
              [33mfill[39m=[32m"none"[39m
              [33mheight[39m=[32m"24"[39m
              
[33mstroke[39m=[32m"currentColor"[39m
              
[33mstroke-linecap[39m=[32m"round"[39m
              
[33mstroke-linejoin[39m=[32m"round"[39m
              [33mstroke-width[39m=[32m"2"[39m
              [33mviewBox[39m=[32m"0 0 24 24"[39m
              [33mwidth[39m=[32m"24"[39m
              
[33mxmlns[39m=[32m"http://www.w3.org/2000/svg"[39m
            [36m>[39m
              [36m<path[39m
                [33md[39m=[32m"M12 8V4H8"[39m
              [36m/>[39m
              [36m<rect[39m
                [33mheight[39m=[32m"12"[39m
                [33mrx[39m=[32m"2"[39m
                [33mwidth[39m=[32m"16"[39m
                [33mx[39m=[32m"4"[39m
                [33my[39m=[32m"8"[39m
              [36m/>[39m
              [36m<path[39m
                [33md[39m=[32m"M2 14h2"[39m
              [36m/>[39m
              [36m<path[39m
                [33md[39m=[32m"M20 14h2"[39m
              [36m/>[39m
              [36m<path[39m
                [33md[39m=[32m"M15 13v2"[39m
              [36m/>[39m
              [36m<path[39m
                [33md[39m=[32m"M9 13v2"[39m
              [36m/>[39m
            [36m</svg>[39m
          [36m</div>[39m
          [36m<div[39m
            [33mclass[39m=[32m"max-w-[85%]"[39m
          [36m>[39m
            [36m<div[39m
              [33mclass[39m=[32m"p-4 rounded-2xl 
text-sm leading-relaxed shadow-sm overflow-hidden 
bg-slate-800 border border-slate-700 text-slate-200 
rounded-tl-none"[39m
            [36m>[39m
              [36m<div[39m
                
[33mclass[39m=[32m"whitespace-pre-line"[39m
              [36m>[39m
                [0mเธชเธงเธฑเธชเธ”เธตเธเธฃเธฑเธ 
เธเธกเธเธทเธญ AI Helpdesk เธชเธณเธซเธฃเธฑเธ Mango 
Consultant เธเธฃเนเธญเธกเธเนเธงเธขเน€เธซเธฅเธทเธญเ
ธเธฃเธฑเธ (เธฃเธฐเธเธเธเธณเธฅเธญเธ)[0m
              [36m</div>[39m
            [36m</div>[39m
          [36m</div>[39m
        [36m</div>[39m
      [36m</div>[39m
      [36m<div />[39m
    [36m</div>[39m
    [36m<div[39m
      [33mclass[39m=[32m"p-4 bg-slate-800 border-t 
border-slate-700 z-20"[39m
    [36m>[39m
      [36m<div[39m
        [33mclass[39m=[32m"flex gap-2 mb-3 
overflow-x-auto pb-1"[39m
      [36m>[39m
        [36m<button[39m
          [33mclass[39m=[32m"whitespace-nowrap 
px-3 py-1 text-xs bg-slate-700 hover:bg-slate-600 
text-white rounded-full border border-slate-600 
transition-colors flex items-center gap-1 
hover:scale-105 active:scale-95"[39m
        [36m>[39m
          [36m<svg[39m
            [33mclass[39m=[32m"lucide lucide-zap 
w-3 h-3 text-orange-400"[39m
            [33mfill[39m=[32m"none"[39m
            [33mheight[39m=[32m"24"[39m
   ...

Ignored nodes: comments, script, style
[36m<div[39m
  [33mclass[39m=[32m"lg:col-span-1 bg-[#050911] 
rounded-2xl border border-slate-800 p-4 flex flex-col 
font-mono text-xs overflow-hidden shadow-inner"[39m
[36m>[39m
  [36m<div[39m
    [33mclass[39m=[32m"flex items-center 
justify-between mb-3 border-b border-slate-800 
pb-2"[39m
  [36m>[39m
    [36m<span[39m
      [33mclass[39m=[32m"text-slate-400 font-bold 
flex items-center gap-2"[39m
    [36m>[39m
      [36m<svg[39m
        [33mclass[39m=[32m"lucide lucide-activity 
w-3 h-3"[39m
        [33mfill[39m=[32m"none"[39m
        [33mheight[39m=[32m"24"[39m
        [33mstroke[39m=[32m"currentColor"[39m
        [33mstroke-linecap[39m=[32m"round"[39m
        [33mstroke-linejoin[39m=[32m"round"[39m
        [33mstroke-width[39m=[32m"2"[39m
        [33mviewBox[39m=[32m"0 0 24 24"[39m
        [33mwidth[39m=[32m"24"[39m
        
[33mxmlns[39m=[32m"http://www.w3.org/2000/svg"[39m
      [36m>[39m
        [36m<path[39m
          [33md[39m=[32m"M22 12h-4l-3 9L9 3l-3 
9H2"[39m
        [36m/>[39m
      [36m</svg>[39m
      [0m SYSTEM_LOGS[0m
    [36m</span>[39m
  [36m</div>[39m
  [36m<div[39m
    [33mclass[39m=[32m"flex-1 overflow-y-auto 
space-y-2 custom-scrollbar text-slate-300"[39m
  [36m>[39m
    [36m<div[39m
      [33mclass[39m=[32m"text-slate-600 italic 
text-center mt-10"[39m
    [36m>[39m
      [0mWaiting for requests...[0m
    [36m</div>[39m
    [36m<div />[39m
  [36m</div>[39m
[36m</div>[39m

Ignored nodes: comments, script, style
[36m<div[39m
  [33mclass[39m=[32m"flex items-center 
justify-between mb-3 border-b border-slate-800 
pb-2"[39m
[36m>[39m
  [36m<span[39m
    [33mclass[39m=[32m"text-slate-400 font-bold 
flex items-center gap-2"[39m
  [36m>[39m
    [36m<svg[39m
      [33mclass[39m=[32m"lucide lucide-activity 
w-3 h-3"[39m
      [33mfill[39m=[32m"none"[39m
      [33mheight[39m=[32m"24"[39m
      [33mstroke[39m=[32m"currentColor"[39m
      [33mstroke-linecap[39m=[32m"round"[39m
      [33mstroke-linejoin[39m=[32m"round"[39m
      [33mstroke-width[39m=[32m"2"[39m
      [33mviewBox[39m=[32m"0 0 24 24"[39m
      [33mwidth[39m=[32m"24"[39m
      
[33mxmlns[39m=[32m"http://www.w3.org/2000/svg"[39m
    [36m>[39m
      [36m<path[39m
        [33md[39m=[32m"M22 12h-4l-3 9L9 3l-3 
9H2"[39m
      [36m/>[39m
    [36m</svg>[39m
    [0m SYSTEM_LOGS[0m
  [36m</span>[39m
[36m</div>[39m

Ignored nodes: comments, script, style
[36m<svg[39m
  [33mclass[39m=[32m"lucide lucide-activity w-3 
h-3"[39m
  [33mfill[39m=[32m"none"[39m
  [33mheight[39m=[32m"24"[39m
  [33mstroke[39m=[32m"currentColor"[39m
  [33mstroke-linecap[39m=[32m"round"[39m
  [33mstroke-linejoin[39m=[32m"round"[39m
  [33mstroke-width[39m=[32m"2"[39m
  [33mviewBox[39m=[32m"0 0 24 24"[39m
  [33mwidth[39m=[32m"24"[39m
  
[33mxmlns[39m=[32m"http://www.w3.org/2000/svg"[39m
[36m>[39m
  [36m<path[39m
    [33md[39m=[32m"M22 12h-4l-3 9L9 3l-3 9H2"[39m
  [36m/>[39m
[36m</svg>[39m

Ignored nodes: comments, script, style
[36m<path[39m
  [33md[39m=[32m"M22 12h-4l-3 9L9 3l-3 9H2"[39m
[36m/>[39m

Ignored nodes: comments, script, style
[36m<div[39m
  [33mclass[39m=[32m"flex-1 overflow-y-auto 
space-y-2 custom-scrollbar text-slate-300"[39m
[36m>[39m
  [36m<div[39m
    [33mclass[39m=[32m"text-slate-600 italic 
text-center mt-10"[39m
  [36m>[39m
    [0mWaiting for requests...[0m
  [36m</div>[39m
  [36m<div />[39m
[36m</div>[39m

Ignored nodes: comments, script, style
[36m<div />[39m

Ignored nodes: comments, script, style
[36m<div[39m
  [33mclass[39m=[32m"lg:col-span-2 bg-slate-900 
rounded-2xl border border-slate-700 flex flex-col 
overflow-hidden relative shadow-2xl"[39m
[36m>[39m
  [36m<div[39m
    [33mclass[39m=[32m"absolute top-4 right-4 
z-30"[39m
  [36m>[39m
    [36m<button[39m
      [33mclass[39m=[32m"flex items-center gap-2 
px-3 py-1.5 rounded-full text-xs font-bold border 
transition-all bg-slate-800 border-slate-600 
text-slate-400 hover:text-white"[39m
    [36m>[39m
      [36m<svg[39m
        [33mclass[39m=[32m"lucide lucide-eye-off 
w-3 h-3"[39m
        [33mfill[39m=[32m"none"[39m
        [33mheight[39m=[32m"24"[39m
        [33mstroke[39m=[32m"currentColor"[39m
        [33mstroke-linecap[39m=[32m"round"[39m
        [33mstroke-linejoin[39m=[32m"round"[39m
        [33mstroke-width[39m=[32m"2"[39m
        [33mviewBox[39m=[32m"0 0 24 24"[39m
        [33mwidth[39m=[32m"24"[39m
        
[33mxmlns[39m=[32m"http://www.w3.org/2000/svg"[39m
      [36m>[39m
        [36m<path[39m
          [33md[39m=[32m"M9.88 9.88a3 3 0 1 0 4.24 
4.24"[39m
        [36m/>[39m
        [36m<path[39m
          [33md[39m=[32m"M10.73 5.08A10.43 10.43 0 
0 1 12 5c7 0 10 7 10 7a13.16 13.16 0 0 1-1.67 
2.68"[39m
        [36m/>[39m
        [36m<path[39m
          [33md[39m=[32m"M6.61 6.61A13.526 13.526 
0 0 0 2 12s3 7 10 7a9.74 9.74 0 0 0 5.39-1.61"[39m
        [36m/>[39m
        [36m<line[39m
          [33mx1[39m=[32m"2"[39m
          [33mx2[39m=[32m"22"[39m
          [33my1[39m=[32m"2"[39m
          [33my2[39m=[32m"22"[39m
        [36m/>[39m
      [36m</svg>[39m
      [0mDev Mode: OFF[0m
    [36m</button>[39m
  [36m</div>[39m
  [36m<div[39m
    [33mclass[39m=[32m"flex-1 overflow-y-auto p-6 
space-y-6 custom-scrollbar bg-slate-900/50"[39m
  [36m>[39m
    [36m<div[39m
      [33mclass[39m=[32m"space-y-6"[39m
    [36m>[39m
      [36m<div[39m
        [33mclass[39m=[32m"message-bubble flex 
gap-4 animate-pop-in justify-start "[39m
      [36m>[39m
        [36m<div[39m
          [33mclass[39m=[32m"w-10 h-10 rounded-xl 
flex items-center justify-center shrink-0 shadow-lg 
bg-gradient-to-br from-blue-600 to-purple-600"[39m
        [36m>[39m
          [36m<svg[39m
            [33mclass[39m=[32m"lucide lucide-bot 
w-6 h-6 text-white"[39m
            [33mfill[39m=[32m"none"[39m
            [33mheight[39m=[32m"24"[39m
            [33mstroke[39m=[32m"currentColor"[39m
            [33mstroke-linecap[39m=[32m"round"[39m
            
[33mstroke-linejoin[39m=[32m"round"[39m
            [33mstroke-width[39m=[32m"2"[39m
            [33mviewBox[39m=[32m"0 0 24 24"[39m
            [33mwidth[39m=[32m"24"[39m
            
[33mxmlns[39m=[32m"http://www.w3.org/2000/svg"[39m
          [36m>[39m
            [36m<path[39m
              [33md[39m=[32m"M12 8V4H8"[39m
            [36m/>[39m
            [36m<rect[39m
              [33mheight[39m=[32m"12"[39m
              [33mrx[39m=[32m"2"[39m
              [33mwidth[39m=[32m"16"[39m
              [33mx[39m=[32m"4"[39m
              [33my[39m=[32m"8"[39m
            [36m/>[39m
            [36m<path[39m
              [33md[39m=[32m"M2 14h2"[39m
            [36m/>[39m
            [36m<path[39m
              [33md[39m=[32m"M20 14h2"[39m
            [36m/>[39m
            [36m<path[39m
              [33md[39m=[32m"M15 13v2"[39m
            [36m/>[39m
            [36m<path[39m
              [33md[39m=[32m"M9 13v2"[39m
            [36m/>[39m
          [36m</svg>[39m
        [36m</div>[39m
        [36m<div[39m
          [33mclass[39m=[32m"max-w-[85%]"[39m
        [36m>[39m
          [36m<div[39m
            [33mclass[39m=[32m"p-4 rounded-2xl 
text-sm leading-relaxed shadow-sm overflow-hidden 
bg-slate-800 border border-slate-700 text-slate-200 
rounded-tl-none"[39m
          [36m>[39m
            [36m<div[39m
              
[33mclass[39m=[32m"whitespace-pre-line"[39m
            [36m>[39m
              [0mเธชเธงเธฑเธชเธ”เธตเธเธฃเธฑเธ 
เธเธกเธเธทเธญ AI Helpdesk เธชเธณเธซเธฃเธฑเธ Mango 
Consultant เธเธฃเนเธญเธกเธเนเธงเธขเน€เธซเธฅเธทเธญเ
ธเธฃเธฑเธ (เธฃเธฐเธเธเธเธณเธฅเธญเธ)[0m
            [36m</div>[39m
          [36m</div>[39m
        [36m</div>[39m
      [36m</div>[39m
    [36m</div>[39m
    [36m<div />[39m
  [36m</div>[39m
  [36m<div[39m
    [33mclass[39m=[32m"p-4 bg-slate-800 border-t 
border-slate-700 z-20"[39m
  [36m>[39m
    [36m<div[39m
      [33mclass[39m=[32m"flex gap-2 mb-3 
overflow-x-auto pb-1"[39m
    [36m>[39m
      [36m<button[39m
        [33mclass[39m=[32m"whitespace-nowrap px-3 
py-1 text-xs bg-slate-700 hover:bg-slate-600 
text-white rounded-full border border-slate-600 
transition-colors flex items-center gap-1 
hover:scale-105 active:scale-95"[39m
      [36m>[39m
        [36m<svg[39m
          [33mclass[39m=[32m"lucide lucide-zap w-3 
h-3 text-orange-400"[39m
          [33mfill[39m=[32m"none"[39m
          [33mheight[39m=[32m"24"[39m
          [33mstroke[39m=[32m"currentColor"[39m
          [33mstroke-linecap[39m=[32m"round"[39m
          [33mstroke-linejoin[39m=[32m"round"[39m
          [33mstroke-width[39m=[32m"2"[39m
          [33mviewBox[39m=[32m"0 0 24 24"[39m
          [33mwidth[39m=[32m"24"[39m
          
[33mxmlns[39m=[32m"http://www.w3.org/2000/svg"[39m
        [36m>[39m
          [36m<polygon[39m
            [33mpoints[39m=[32m"13 2 3 14 12 14 11 
22 21 10 12 10 13 2"[39m
          [36m/>[39m
        [36m</svg>[39m
        [0m [0m
        [0m1. Auto-Resolve (IT)[0m
      [36m</button>[39m
      [36m<button[39m
        [33mclass[39m=[32m"whitespace-nowrap px-3 
py-1 text-xs bg-slate-700 hover:bg-slate-600 
text-white rounded-full border border-slate-600 
transition-colors flex items-center gap-1 
hover:scale-105 active:scale-95"[39m
      [36m>[39m
        [36m<svg[39m
          [33mclass[39m=[32m"lucide lucide-zap w-3 
h-3 text-orange-400"[39m
          [33mfill[39m=[32m"none"[39m
          [33mheight[39m=[32m"24"[39m
          [33mstroke[39m=[32m"currentColor"[39m
          [33mstroke-linecap[39m=[32m"round"[39m
          [33mstroke-linejoin[39m=[32m"round"[39m
          [33mstroke-width[39m=[32m"2"[39m
          [33mviewBox[39m=[32m"0 0 24 24"[39m
          [33mwidth[39m=[32m"24"[39m
          
[33mxmlns[39m=[32m"http://www.w3.org/2000/svg"[39m
        [36m>[39m
          [36m<polygon[39m
            [33mpoints[39m=[32m"13 2 3 14 12 14 11 
22 21 10 12 10 13 2"[39m
          [36m/>[39m
        [36m</svg>[39m
        [0m [0m
        [0m2. Ticket (HR)[0m
      [36m</button>[39m
      [36m<button[39m
        [33mclass[39m=[32m"whitespace-nowrap px-3 
py-1 text-xs bg-slate-700 hover:bg-slate-600 
text-white rounded-full border border-slate-600 
transition-colors flex items-center gap-1 
hover:scale-105 active:scale-95"[39m
      [36m>[39m
        [36m<svg[39m
          [33mclass[39m=[32m"lucide lucide-zap w-3 
h-3 text-orange-400"[39m
          [33mfill[39m=[32m"none"[39m
          [33mheight[39m=[32m"24"[39m
          [33mstroke[39m=[32m"currentColor"[39m
          [33mstroke-linecap[39m=[32m"round"[39m
          [33mstroke-linejoin[39m=[32m"round"[39m
          [33mstroke-width[39m=[32m"2"[39m
          [33mviewBox[39m=[32m"0 0 24 24"[39m
          [33mwidth[39m=[32m"24"[39m
          
[33mxmlns[39m=[32m"http://www.w3.org/2000/svg"[39m
        [36m>[39m
          [36m<polygon[39m
            [33mpoints[39m=[32m"13 2 3 14 12 14 11 
22 21 10 12 10 13 2"[39m
          [36m/>[39m
        [36m</svg>[39m
        [0m [0m
        [0m3. Safety Stop (Acc)[0m
      [36m</button>[39m
      [36m<button[39m
        [33mclass[39m=[32m"whitespace-nowrap px-3 
py-1 text-xs bg-slate-700 hover:bg-slate-600 
text-white rounded-full border border-slate-600 
transition-colors flex items-center gap-1 
hover:scale-105 active:scale-95"[39m
      [36m>[39m
        [36m<svg[39m
          [33mclass[39m=[32m"lucide lucide-zap w-3 
h-3 text-orange-400"[39m
          [33mfill[39m=[32m"none"[39m
          [33mheight[39m=[32m"24"[39m
          [33mstroke[39m=[32m"currentColor"[39m
          [33mstroke-linecap[39m=[32m"round"[39m
          [33mstroke-linejoin[39m=[32m"round"[39m
          [33mstroke-width[39m=[32m"2"[39m
          [33mviewBox[39m=[32m"0 0 24 24"[39m
          [33mwidth[39m=[32m"24"[39m
          
[33mxmlns[39m=[32m"http://www.w3.org/2000/svg"[39m
        [36m>[39m
          [36m<polygon[39m
            [33mpoints[39m=[32m"13 2 3 14 12 14 11 
22 21 10 12 10 13 2"[39m
          [36m/>[39m
        [36m</svg>[39m
        [0m [0m
        [0m4. VPN Issue[0m
      [36m</button>[39m
      [36m<button[39m
        [33mclass[39m=[32m"whitespace-nowrap px-3 
py-1 text-xs bg-slate-700 hover:bg-slate-600 
text-white rounded-full border border-slate-600 
transition-colors flex items-center gap-1 
hover:scale-105 active:scale-95"[39m
      [36m>[39m
        [36m<svg[39m
          [33mclass[39m=[32m"lucide lucide-zap w-3 
h-3 text-orange-400"[39m
          [33mfill[39m=[32m"none"[39m
          [33mheight[39m=[32m"24"[39m
          [33mstroke[39m=[32m"currentColor"[39m
          [33mstroke-linecap[39m=[32m"round"[39m
          [33mstroke-linejoin[39m=[32m"round"[39m
          [33mstroke-width[39m=[32m"2"[39m
          [33mviewBox[39m=[32m"0 0 24 24"[39m
          [33mwidth[39m=[32m"24"[39m
          
[33mxmlns[39m=[32m"http://www.w3.org/2000/svg"[39m
        [36m>[39m
          [36m<polygon[39m
            [33mpoints[39m=[32m"13 2 3 14 12 14 11 
22 21 10 12 10 13 2"[39m
          [36m/>[39m
        [36m</svg>[39m
        [0m [0m
        [0m5. Payslip[0m
      [36m</button>[39m
      [36m<button[39m
        [33mclass[39m=[32m"whitespace-nowrap px-3 
py-1 text-xs bg-slate-700 hover:bg-slate-600 
text-white rounded-full border border-slate-600 
transition-colors flex items-center gap-1 
hover:scale-105 active:scale-95"[39m
      [36m>[39m
        [36m<svg[39m
          [33mclass[39m=[32m"lucide lucide-zap w-3 
h-3 text-orange-400"[39m
          [33mfill[39m=[32m"none"[39m
          [33mheight[39m=[32m"24"[39m
          [33mstroke[39m=[32m"currentColor"[39m
          [33mstroke-linecap[39m=[32m"round"[39m
          [33mstroke-linejoin[39m=[32m"round"[39m
          [33mstroke-width[39m=[32m"2"[39m
          [33mviewBox[39m=[32m"0 0 24 24"[39m
          [33mwidth[39m=[32m"24"[39m
          
[33mxmlns[39m=[32m"http://www.w3.org/2000/svg"[39m
        [36m>[39m
          [36m<polygon[39m
            [33mpoints[39m=[32m"13 2 3 14 12 14 11 
22 21 10 12 10 13 2"[39m
          [36m/>[39m
        [36m</svg>[39m
        [0m [0m
        [0m6. Expense[0m
      [36m</button>[39m
    [36m</div>[39m
    [36m<form[39m
      [33mclass[39m=[32m"relative"[39m
    [36m>[39m
      [36m<input[39m
        [33mclass[39m=[32m"w-full bg-slate-900 
border border-slate-700 rounded-xl py-4 pl-6 pr-14 
text-white placeholder-slate-500 focus:outline-none 
focus:border-orange-500 transition-colors"[39m
        [33mplaceholder[39m=[32m"เธเธดเธกเธเนเธ
เธณเธ–เธฒเธก... (เน€เธเนเธ 
เธฃเธซเธฑเธชเธเนเธฒเธเธซเธฒเธข, 
เธเธญเธฅเธฒเธเธฑเธเธฃเนเธญเธ)"[39m
        [33mtype[39m=[32m"text"[39m
        [33mvalue[39m=[32m""[39m
      [36m/>[39m
      [36m<button[39m
        [33maria-label[39m=[32m"Send message"[39m
        [33mclass[39m=[32m"absolute right-2 top-2 
p-2 bg-orange-500 hover:bg-orange-600 rounded-lg 
text-white disabled:opacity-50 
disabled:cursor-not-allowed transition-colors 
hover:scale-105 active:scale-95"[39m
        [33mdisabled[39m=[32m""[39m
        [33mtype[39m=[32m"submit"[39m
      [36m>[39m
        [36m<svg[39m
          [33mclass[39m=[32m"lucide lucide-send 
w-5 h-5"[39m
          [33mfill[39m=[32m"none"[39m
          [33mheight[39m=[32m"24"[39m
          [33mstroke[39m=[32m"currentColor"[39m
          [33mstroke-linecap[39m=[32m"round"[39m
          [33mstroke-linejoin[39m=[32m"round"[39m
          [33mstroke-width[39m=[32m"2"[39m
          [33mviewBox[39m=[32m"0 0 24 24"[39m
          [33mwidth[39m=[32m"24"[39m
          
[33mxmlns[39m=[32m"http://www.w3.org/2000/svg"[39m
        [36m>[39m
          [36m<path[39m
            [33md[39m=[32m"m22 2-7 
20-4-9-9-4Z"[39m
          [36m/>[39m
          [36m<path[39m
            [33md[39m=[32m"M22 2 11 13"[39m
          [36m/>[39m
        [36m</svg>[39m
      [36m</button>[39m
    [36m</form>[39m
    [36m<div[39m
      [33mclass[39m=[32m"flex justify-between mt-2 
px-2"[39m
    [36m>[39m
      [36m<span[39m
        [33mclass[39m=[32m"text-[10px] 
text-slate-600"[39m
      [36m>[39m
        [0mSimulated Environment for Interview 
Demo[0m
      [36m</span>[39m
      [36m<button[39m
        [33mclass[39m=[32m"text-[10px] 
text-slate-500 hover:text-white flex items-center 
gap-1 disabled:opacity-50 
disabled:cursor-not-allowed"[39m
      [36m>[39m
        [36m<svg[39m
          [33mclass[39m=[32m"lucide 
lucide-refresh-ccw w-3 h-3"[39m
          [33mfill[39m=[32m"none"[39m
          [33mheight[39m=[32m"24"[39m
          [33mstroke[39m=[32m"currentColor"[39m
          [33mstroke-linecap[39m=[32m"round"[39m
          [33mstroke-linejoin[39m=[32m"round"[39m
          [33mstroke-width[39m=[32m"2"[39m
          [33mviewBox[39m=[32m"0 0 24 24"[39m
          [33mwidth[39m=[32m"24"[39m
          
[33mxmlns[39m=[32m"http://www.w3.org/2000/svg"[39m
        [36m>[39m
          [36m<path[39m
            [33md[39m=[32m"M21 12a9 9 0 0 0-9-9 
9.75 9.75 0 0 0-6.74 2.74L3 8"[39m
          [36m/>[39m
          [36m<path[39m
            [33md[39m=[32m"M3 3v5h5"[39m
          [36m/>[39m
          [36m<path[39m
            [33md[39m=[32m"M3 12a9 9 0 0 0 9 9 
9.75 9.75 0 0 0 6.74-2.74L21 16"[39m
          [36m/>[39m
          [36m<path[39m
            [33md[39m=[32m"M16 16h5v5"[39m
          [36m/>[39m
        [36m</svg>[39m
        [0m Reset Chat & Stats[0m
      [36m</button>[39m
    [36m</div>[39m
  [36m</div>[39m
[36m</div>[39m

Ignored nodes: comments, script, style
[36m<div[39m
  [33mclass[39m=[32m"absolute top-4 right-4 
z-30"[39m
[36m>[39m
  [36m<button[39m
    [33mclass[39m=[32m"flex items-center gap-2 
px-3 py-1.5 rounded-full text-xs font-bold border 
transition-all bg-slate-800 border-slate-600 
text-slate-400 hover:text-white"[39m
  [36m>[39m
    [36m<svg[39m
      [33mclass[39m=[32m"lucide lucide-eye-off w-3 
h-3"[39m
      [33mfill[39m=[32m"none"[39m
      [33mheight[39m=[32m"24"[39m
      [33mstroke[39m=[32m"currentColor"[39m
      [33mstroke-linecap[39m=[32m"round"[39m
      [33mstroke-linejoin[39m=[32m"round"[39m
      [33mstroke-width[39m=[32m"2"[39m
      [33mviewBox[39m=[32m"0 0 24 24"[39m
      [33mwidth[39m=[32m"24"[39m
      
[33mxmlns[39m=[32m"http://www.w3.org/2000/svg"[39m
    [36m>[39m
      [36m<path[39m
        [33md[39m=[32m"M9.88 9.88a3 3 0 1 0 4.24 
4.24"[39m
      [36m/>[39m
      [36m<path[39m
        [33md[39m=[32m"M10.73 5.08A10.43 10.43 0 0 
1 12 5c7 0 10 7 10 7a13.16 13.16 0 0 1-1.67 2.68"[39m
      [36m/>[39m
      [36m<path[39m
        [33md[39m=[32m"M6.61 6.61A13.526 13.526 0 
0 0 2 12s3 7 10 7a9.74 9.74 0 0 0 5.39-1.61"[39m
      [36m/>[39m
      [36m<line[39m
        [33mx1[39m=[32m"2"[39m
        [33mx2[39m=[32m"22"[39m
        [33my1[39m=[32m"2"[39m
        [33my2[39m=[32m"22"[39m
      [36m/>[39m
    [36m</svg>[39m
    [0mDev Mode: OFF[0m
  [36m</button>[39m
[36m</div>[39m

Ignored nodes: comments, script, style
[36m<svg[39m
  [33mclass[39m=[32m"lucide lucide-eye-off w-3 
h-3"[39m
  [33mfill[39m=[32m"none"[39m
  [33mheight[39m=[32m"24"[39m
  [33mstroke[39m=[32m"currentColor"[39m
  [33mstroke-linecap[39m=[32m"round"[39m
  [33mstroke-linejoin[39m=[32m"round"[39m
  [33mstroke-width[39m=[32m"2"[39m
  [33mviewBox[39m=[32m"0 0 24 24"[39m
  [33mwidth[39m=[32m"24"[39m
  
[33mxmlns[39m=[32m"http://www.w3.org/2000/svg"[39m
[36m>[39m
  [36m<path[39m
    [33md[39m=[32m"M9.88 9.88a3 3 0 1 0 4.24 
4.24"[39m
  [36m/>[39m
  [36m<path[39m
    [33md[39m=[32m"M10.73 5.08A10.43 10.43 0 0 1 
12 5c7 0 10 7 10 7a13.16 13.16 0 0 1-1.67 2.68"[39m
  [36m/>[39m
  [36m<path[39m
    [33md[39m=[32m"M6.61 6.61A13.526 13.526 0 0 0 
2 12s3 7 10 7a9.74 9.74 0 0 0 5.39-1.61"[39m
  [36m/>[39m
  [36m<line[39m
    [33mx1[39m=[32m"2"[39m
    [33mx2[39m=[32m"22"[39m
    [33my1[39m=[32m"2"[39m
    [33my2[39m=[32m"22"[39m
  [36m/>[39m
[36m</svg>[39m

Ignored nodes: comments, script, style
[36m<path[39m
  [33md[39m=[32m"M9.88 9.88a3 3 0 1 0 4.24 
4.24"[39m
[36m/>[39m

Ignored nodes: comments, script, style
[36m<path[39m
  [33md[39m=[32m"M10.73 5.08A10.43 10.43 0 0 1 12 
5c7 0 10 7 10 7a13.16 13.16 0 0 1-1.67 2.68"[39m
[36m/>[39m

Ignored nodes: comments, script, style
[36m<path[39m
  [33md[39m=[32m"M6.61 6.61A13.526 13.526 0 0 0 2 
12s3 7 10 7a9.74 9.74 0 0 0 5.39-1.61"[39m
[36m/>[39m

Ignored nodes: comments, script, style
[36m<line[39m
  [33mx1[39m=[32m"2"[39m
  [33mx2[39m=[32m"22"[39m
  [33my1[39m=[32m"2"[39m
  [33my2[39m=[32m"22"[39m
[36m/>[39m

Ignored nodes: comments, script, style
[36m<div[39m
  [33mclass[39m=[32m"flex-1 overflow-y-auto p-6 
space-y-6 custom-scrollbar bg-slate-900/50"[39m
[36m>[39m
  [36m<div[39m
    [33mclass[39m=[32m"space-y-6"[39m
  [36m>[39m
    [36m<div[39m
      [33mclass[39m=[32m"message-bubble flex gap-4 
animate-pop-in justify-start "[39m
    [36m>[39m
      [36m<div[39m
        [33mclass[39m=[32m"w-10 h-10 rounded-xl 
flex items-center justify-center shrink-0 shadow-lg 
bg-gradient-to-br from-blue-600 to-purple-600"[39m
      [36m>[39m
        [36m<svg[39m
          [33mclass[39m=[32m"lucide lucide-bot w-6 
h-6 text-white"[39m
          [33mfill[39m=[32m"none"[39m
          [33mheight[39m=[32m"24"[39m
          [33mstroke[39m=[32m"currentColor"[39m
          [33mstroke-linecap[39m=[32m"round"[39m
          [33mstroke-linejoin[39m=[32m"round"[39m
          [33mstroke-width[39m=[32m"2"[39m
          [33mviewBox[39m=[32m"0 0 24 24"[39m
          [33mwidth[39m=[32m"24"[39m
          
[33mxmlns[39m=[32m"http://www.w3.org/2000/svg"[39m
        [36m>[39m
          [36m<path[39m
            [33md[39m=[32m"M12 8V4H8"[39m
          [36m/>[39m
          [36m<rect[39m
            [33mheight[39m=[32m"12"[39m
            [33mrx[39m=[32m"2"[39m
            [33mwidth[39m=[32m"16"[39m
            [33mx[39m=[32m"4"[39m
            [33my[39m=[32m"8"[39m
          [36m/>[39m
          [36m<path[39m
            [33md[39m=[32m"M2 14h2"[39m
          [36m/>[39m
          [36m<path[39m
            [33md[39m=[32m"M20 14h2"[39m
          [36m/>[39m
          [36m<path[39m
            [33md[39m=[32m"M15 13v2"[39m
          [36m/>[39m
          [36m<path[39m
            [33md[39m=[32m"M9 13v2"[39m
          [36m/>[39m
        [36m</svg>[39m
      [36m</div>[39m
      [36m<div[39m
        [33mclass[39m=[32m"max-w-[85%]"[39m
      [36m>[39m
        [36m<div[39m
          [33mclass[39m=[32m"p-4 rounded-2xl 
text-sm leading-relaxed shadow-sm overflow-hidden 
bg-slate-800 border border-slate-700 text-slate-200 
rounded-tl-none"[39m
        [36m>[39m
          [36m<div[39m
            
[33mclass[39m=[32m"whitespace-pre-line"[39m
          [36m>[39m
            [0mเธชเธงเธฑเธชเธ”เธตเธเธฃเธฑเธ 
เธเธกเธเธทเธญ AI Helpdesk เธชเธณเธซเธฃเธฑเธ Mango 
Consultant เธเธฃเนเธญเธกเธเนเธงเธขเน€เธซเธฅเธทเธญเ
ธเธฃเธฑเธ (เธฃเธฐเธเธเธเธณเธฅเธญเธ)[0m
          [36m</div>[39m
        [36m</div>[39m
      [36m</div>[39m
    [36m</div>[39m
  [36m</div>[39m
  [36m<div />[39m
[36m</div>[39m

Ignored nodes: comments, script, style
[36m<div[39m
  [33mclass[39m=[32m"space-y-6"[39m
[36m>[39m
  [36m<div[39m
    [33mclass[39m=[32m"message-bubble flex gap-4 
animate-pop-in justify-start "[39m
  [36m>[39m
    [36m<div[39m
      [33mclass[39m=[32m"w-10 h-10 rounded-xl flex 
items-center justify-center shrink-0 shadow-lg 
bg-gradient-to-br from-blue-600 to-purple-600"[39m
    [36m>[39m
      [36m<svg[39m
        [33mclass[39m=[32m"lucide lucide-bot w-6 
h-6 text-white"[39m
        [33mfill[39m=[32m"none"[39m
        [33mheight[39m=[32m"24"[39m
        [33mstroke[39m=[32m"currentColor"[39m
        [33mstroke-linecap[39m=[32m"round"[39m
        [33mstroke-linejoin[39m=[32m"round"[39m
        [33mstroke-width[39m=[32m"2"[39m
        [33mviewBox[39m=[32m"0 0 24 24"[39m
        [33mwidth[39m=[32m"24"[39m
        
[33mxmlns[39m=[32m"http://www.w3.org/2000/svg"[39m
      [36m>[39m
        [36m<path[39m
          [33md[39m=[32m"M12 8V4H8"[39m
        [36m/>[39m
        [36m<rect[39m
          [33mheight[39m=[32m"12"[39m
          [33mrx[39m=[32m"2"[39m
          [33mwidth[39m=[32m"16"[39m
          [33mx[39m=[32m"4"[39m
          [33my[39m=[32m"8"[39m
        [36m/>[39m
        [36m<path[39m
          [33md[39m=[32m"M2 14h2"[39m
        [36m/>[39m
        [36m<path[39m
          [33md[39m=[32m"M20 14h2"[39m
        [36m/>[39m
        [36m<path[39m
          [33md[39m=[32m"M15 13v2"[39m
        [36m/>[39m
        [36m<path[39m
          [33md[39m=[32m"M9 13v2"[39m
        [36m/>[39m
      [36m</svg>[39m
    [36m</div>[39m
    [36m<div[39m
      [33mclass[39m=[32m"max-w-[85%]"[39m
    [36m>[39m
      [36m<div[39m
        [33mclass[39m=[32m"p-4 rounded-2xl text-sm 
leading-relaxed shadow-sm overflow-hidden 
bg-slate-800 border border-slate-700 text-slate-200 
rounded-tl-none"[39m
      [36m>[39m
        [36m<div[39m
          
[33mclass[39m=[32m"whitespace-pre-line"[39m
        [36m>[39m
          [0mเธชเธงเธฑเธชเธ”เธตเธเธฃเธฑเธ 
เธเธกเธเธทเธญ AI Helpdesk เธชเธณเธซเธฃเธฑเธ Mango 
Consultant เธเธฃเนเธญเธกเธเนเธงเธขเน€เธซเธฅเธทเธญเ
ธเธฃเธฑเธ (เธฃเธฐเธเธเธเธณเธฅเธญเธ)[0m
        [36m</div>[39m
      [36m</div>[39m
    [36m</div>[39m
  [36m</div>[39m
[36m</div>[39m

Ignored nodes: comments, script, style
[36m<div[39m
  [33mclass[39m=[32m"message-bubble flex gap-4 
animate-pop-in justify-start "[39m
[36m>[39m
  [36m<div[39m
    [33mclass[39m=[32m"w-10 h-10 rounded-xl flex 
items-center justify-center shrink-0 shadow-lg 
bg-gradient-to-br from-blue-600 to-purple-600"[39m
  [36m>[39m
    [36m<svg[39m
      [33mclass[39m=[32m"lucide lucide-bot w-6 h-6 
text-white"[39m
      [33mfill[39m=[32m"none"[39m
      [33mheight[39m=[32m"24"[39m
      [33mstroke[39m=[32m"currentColor"[39m
      [33mstroke-linecap[39m=[32m"round"[39m
      [33mstroke-linejoin[39m=[32m"round"[39m
      [33mstroke-width[39m=[32m"2"[39m
      [33mviewBox[39m=[32m"0 0 24 24"[39m
      [33mwidth[39m=[32m"24"[39m
      
[33mxmlns[39m=[32m"http://www.w3.org/2000/svg"[39m
    [36m>[39m
      [36m<path[39m
        [33md[39m=[32m"M12 8V4H8"[39m
      [36m/>[39m
      [36m<rect[39m
        [33mheight[39m=[32m"12"[39m
        [33mrx[39m=[32m"2"[39m
        [33mwidth[39m=[32m"16"[39m
        [33mx[39m=[32m"4"[39m
        [33my[39m=[32m"8"[39m
      [36m/>[39m
      [36m<path[39m
        [33md[39m=[32m"M2 14h2"[39m
      [36m/>[39m
      [36m<path[39m
        [33md[39m=[32m"M20 14h2"[39m
      [36m/>[39m
      [36m<path[39m
        [33md[39m=[32m"M15 13v2"[39m
      [36m/>[39m
      [36m<path[39m
        [33md[39m=[32m"M9 13v2"[39m
      [36m/>[39m
    [36m</svg>[39m
  [36m</div>[39m
  [36m<div[39m
    [33mclass[39m=[32m"max-w-[85%]"[39m
  [36m>[39m
    [36m<div[39m
      [33mclass[39m=[32m"p-4 rounded-2xl text-sm 
leading-relaxed shadow-sm overflow-hidden 
bg-slate-800 border border-slate-700 text-slate-200 
rounded-tl-none"[39m
    [36m>[39m
      [36m<div[39m
        
[33mclass[39m=[32m"whitespace-pre-line"[39m
      [36m>[39m
        [0mเธชเธงเธฑเธชเธ”เธตเธเธฃเธฑเธ 
เธเธกเธเธทเธญ AI Helpdesk เธชเธณเธซเธฃเธฑเธ Mango 
Consultant เธเธฃเนเธญเธกเธเนเธงเธขเน€เธซเธฅเธทเธญเ
ธเธฃเธฑเธ (เธฃเธฐเธเธเธเธณเธฅเธญเธ)[0m
      [36m</div>[39m
    [36m</div>[39m
  [36m</div>[39m
[36m</div>[39m

Ignored nodes: comments, script, style
[36m<div[39m
  [33mclass[39m=[32m"w-10 h-10 rounded-xl flex 
items-center justify-center shrink-0 shadow-lg 
bg-gradient-to-br from-blue-600 to-purple-600"[39m
[36m>[39m
  [36m<svg[39m
    [33mclass[39m=[32m"lucide lucide-bot w-6 h-6 
text-white"[39m
    [33mfill[39m=[32m"none"[39m
    [33mheight[39m=[32m"24"[39m
    [33mstroke[39m=[32m"currentColor"[39m
    [33mstroke-linecap[39m=[32m"round"[39m
    [33mstroke-linejoin[39m=[32m"round"[39m
    [33mstroke-width[39m=[32m"2"[39m
    [33mviewBox[39m=[32m"0 0 24 24"[39m
    [33mwidth[39m=[32m"24"[39m
    
[33mxmlns[39m=[32m"http://www.w3.org/2000/svg"[39m
  [36m>[39m
    [36m<path[39m
      [33md[39m=[32m"M12 8V4H8"[39m
    [36m/>[39m
    [36m<rect[39m
      [33mheight[39m=[32m"12"[39m
      [33mrx[39m=[32m"2"[39m
      [33mwidth[39m=[32m"16"[39m
      [33mx[39m=[32m"4"[39m
      [33my[39m=[32m"8"[39m
    [36m/>[39m
    [36m<path[39m
      [33md[39m=[32m"M2 14h2"[39m
    [36m/>[39m
    [36m<path[39m
      [33md[39m=[32m"M20 14h2"[39m
    [36m/>[39m
    [36m<path[39m
      [33md[39m=[32m"M15 13v2"[39m
    [36m/>[39m
    [36m<path[39m
      [33md[39m=[32m"M9 13v2"[39m
    [36m/>[39m
  [36m</svg>[39m
[36m</div>[39m

Ignored nodes: comments, script, style
[36m<svg[39m
  [33mclass[39m=[32m"lucide lucide-bot w-6 h-6 
text-white"[39m
  [33mfill[39m=[32m"none"[39m
  [33mheight[39m=[32m"24"[39m
  [33mstroke[39m=[32m"currentColor"[39m
  [33mstroke-linecap[39m=[32m"round"[39m
  [33mstroke-linejoin[39m=[32m"round"[39m
  [33mstroke-width[39m=[32m"2"[39m
  [33mviewBox[39m=[32m"0 0 24 24"[39m
  [33mwidth[39m=[32m"24"[39m
  
[33mxmlns[39m=[32m"http://www.w3.org/2000/svg"[39m
[36m>[39m
  [36m<path[39m
    [33md[39m=[32m"M12 8V4H8"[39m
  [36m/>[39m
  [36m<rect[39m
    [33mheight[39m=[32m"12"[39m
    [33mrx[39m=[32m"2"[39m
    [33mwidth[39m=[32m"16"[39m
    [33mx[39m=[32m"4"[39m
    [33my[39m=[32m"8"[39m
  [36m/>[39m
  [36m<path[39m
    [33md[39m=[32m"M2 14h2"[39m
  [36m/>[39m
  [36m<path[39m
    [33md[39m=[32m"M20 14h2"[39m
  [36m/>[39m
  [36m<path[39m
    [33md[39m=[32m"M15 13v2"[39m
  [36m/>[39m
  [36m<path[39m
    [33md[39m=[32m"M9 13v2"[39m
  [36m/>[39m
[36m</svg>[39m

Ignored nodes: comments, script, style
[36m<path[39m
  [33md[39m=[32m"M12 8V4H8"[39m
[36m/>[39m

Ignored nodes: comments, script, style
[36m<rect[39m
  [33mheight[39m=[32m"12"[39m
  [33mrx[39m=[32m"2"[39m
  [33mwidth[39m=[32m"16"[39m
  [33mx[39m=[32m"4"[39m
  [33my[39m=[32m"8"[39m
[36m/>[39m

Ignored nodes: comments, script, style
[36m<path[39m
  [33md[39m=[32m"M2 14h2"[39m
[36m/>[39m

Ignored nodes: comments, script, style
[36m<path[39m
  [33md[39m=[32m"M20 14h2"[39m
[36m/>[39m

Ignored nodes: comments, script, style
[36m<path[39m
  [33md[39m=[32m"M15 13v2"[39m
[36m/>[39m

Ignored nodes: comments, script, style
[36m<path[39m
  [33md[39m=[32m"M9 13v2"[39m
[36m/>[39m

Ignored nodes: comments, script, style
[36m<div[39m
  [33mclass[39m=[32m"max-w-[85%]"[39m
[36m>[39m
  [36m<div[39m
    [33mclass[39m=[32m"p-4 rounded-2xl text-sm 
leading-relaxed shadow-sm overflow-hidden 
bg-slate-800 border border-slate-700 text-slate-200 
rounded-tl-none"[39m
  [36m>[39m
    [36m<div[39m
      [33mclass[39m=[32m"whitespace-pre-line"[39m
    [36m>[39m
      [0mเธชเธงเธฑเธชเธ”เธตเธเธฃเธฑเธ 
เธเธกเธเธทเธญ AI Helpdesk เธชเธณเธซเธฃเธฑเธ Mango 
Consultant เธเธฃเนเธญเธกเธเนเธงเธขเน€เธซเธฅเธทเธญเ
ธเธฃเธฑเธ (เธฃเธฐเธเธเธเธณเธฅเธญเธ)[0m
    [36m</div>[39m
  [36m</div>[39m
[36m</div>[39m

Ignored nodes: comments, script, style
[36m<div[39m
  [33mclass[39m=[32m"p-4 rounded-2xl text-sm 
leading-relaxed shadow-sm overflow-hidden 
bg-slate-800 border border-slate-700 text-slate-200 
rounded-tl-none"[39m
[36m>[39m
  [36m<div[39m
    [33mclass[39m=[32m"whitespace-pre-line"[39m
  [36m>[39m
    [0mเธชเธงเธฑเธชเธ”เธตเธเธฃเธฑเธ 
เธเธกเธเธทเธญ AI Helpdesk เธชเธณเธซเธฃเธฑเธ Mango 
Consultant เธเธฃเนเธญเธกเธเนเธงเธขเน€เธซเธฅเธทเธญเ
ธเธฃเธฑเธ (เธฃเธฐเธเธเธเธณเธฅเธญเธ)[0m
  [36m</div>[39m
[36m</div>[39m

Ignored nodes: comments, script, style
[36m<div />[39m

Ignored nodes: comments, script, style
[36m<div[39m
  [33mclass[39m=[32m"p-4 bg-slate-800 border-t 
border-slate-700 z-20"[39m
[36m>[39m
  [36m<div[39m
    [33mclass[39m=[32m"flex gap-2 mb-3 
overflow-x-auto pb-1"[39m
  [36m>[39m
    [36m<button[39m
      [33mclass[39m=[32m"whitespace-nowrap px-3 
py-1 text-xs bg-slate-700 hover:bg-slate-600 
text-white rounded-full border border-slate-600 
transition-colors flex items-center gap-1 
hover:scale-105 active:scale-95"[39m
    [36m>[39m
      [36m<svg[39m
        [33mclass[39m=[32m"lucide lucide-zap w-3 
h-3 text-orange-400"[39m
        [33mfill[39m=[32m"none"[39m
        [33mheight[39m=[32m"24"[39m
        [33mstroke[39m=[32m"currentColor"[39m
        [33mstroke-linecap[39m=[32m"round"[39m
        [33mstroke-linejoin[39m=[32m"round"[39m
        [33mstroke-width[39m=[32m"2"[39m
        [33mviewBox[39m=[32m"0 0 24 24"[39m
        [33mwidth[39m=[32m"24"[39m
        
[33mxmlns[39m=[32m"http://www.w3.org/2000/svg"[39m
      [36m>[39m
        [36m<polygon[39m
          [33mpoints[39m=[32m"13 2 3 14 12 14 11 
22 21 10 12 10 13 2"[39m
        [36m/>[39m
      [36m</svg>[39m
      [0m [0m
      [0m1. Auto-Resolve (IT)[0m
    [36m</button>[39m
    [36m<button[39m
      [33mclass[39m=[32m"whitespace-nowrap px-3 
py-1 text-xs bg-slate-700 hover:bg-slate-600 
text-white rounded-full border border-slate-600 
transition-colors flex items-center gap-1 
hover:scale-105 active:scale-95"[39m
    [36m>[39m
      [36m<svg[39m
        [33mclass[39m=[32m"lucide lucide-zap w-3 
h-3 text-orange-400"[39m
        [33mfill[39m=[32m"none"[39m
        [33mheight[39m=[32m"24"[39m
        [33mstroke[39m=[32m"currentColor"[39m
        [33mstroke-linecap[39m=[32m"round"[39m
        [33mstroke-linejoin[39m=[32m"round"[39m
        [33mstroke-width[39m=[32m"2"[39m
        [33mviewBox[39m=[32m"0 0 24 24"[39m
        [33mwidth[39m=[32m"24"[39m
        
[33mxmlns[39m=[32m"http://www.w3.org/2000/svg"[39m
      [36m>[39m
        [36m<polygon[39m
          [33mpoints[39m=[32m"13 2 3 14 12 14 11 
22 21 10 12 10 13 2"[39m
        [36m/>[39m
      [36m</svg>[39m
      [0m [0m
      [0m2. Ticket (HR)[0m
    [36m</button>[39m
    [36m<button[39m
      [33mclass[39m=[32m"whitespace-nowrap px-3 
py-1 text-xs bg-slate-700 hover:bg-slate-600 
text-white rounded-full border border-slate-600 
transition-colors flex items-center gap-1 
hover:scale-105 active:scale-95"[39m
    [36m>[39m
      [36m<svg[39m
        [33mclass[39m=[32m"lucide lucide-zap w-3 
h-3 text-orange-400"[39m
        [33mfill[39m=[32m"none"[39m
        [33mheight[39m=[32m"24"[39m
        [33mstroke[39m=[32m"currentColor"[39m
        [33mstroke-linecap[39m=[32m"round"[39m
        [33mstroke-linejoin[39m=[32m"round"[39m
        [33mstroke-width[39m=[32m"2"[39m
        [33mviewBox[39m=[32m"0 0 24 24"[39m
        [33mwidth[39m=[32m"24"[39m
        
[33mxmlns[39m=[32m"http://www.w3.org/2000/svg"[39m
      [36m>[39m
        [36m<polygon[39m
          [33mpoints[39m=[32m"13 2 3 14 12 14 11 
22 21 10 12 10 13 2"[39m
        [36m/>[39m
      [36m</svg>[39m
      [0m [0m
      [0m3. Safety Stop (Acc)[0m
    [36m</button>[39m
    [36m<button[39m
      [33mclass[39m=[32m"whitespace-nowrap px-3 
py-1 text-xs bg-slate-700 hover:bg-slate-600 
text-white rounded-full border border-slate-600 
transition-colors flex items-center gap-1 
hover:scale-105 active:scale-95"[39m
    [36m>[39m
      [36m<svg[39m
        [33mclass[39m=[32m"lucide lucide-zap w-3 
h-3 text-orange-400"[39m
        [33mfill[39m=[32m"none"[39m
        [33mheight[39m=[32m"24"[39m
        [33mstroke[39m=[32m"currentColor"[39m
        [33mstroke-linecap[39m=[32m"round"[39m
        [33mstroke-linejoin[39m=[32m"round"[39m
        [33mstroke-width[39m=[32m"2"[39m
        [33mviewBox[39m=[32m"0 0 24 24"[39m
        [33mwidth[39m=[32m"24"[39m
        
[33mxmlns[39m=[32m"http://www.w3.org/2000/svg"[39m
      [36m>[39m
        [36m<polygon[39m
          [33mpoints[39m=[32m"13 2 3 14 12 14 11 
22 21 10 12 10 13 2"[39m
        [36m/>[39m
      [36m</svg>[39m
      [0m [0m
      [0m4. VPN Issue[0m
    [36m</button>[39m
    [36m<button[39m
      [33mclass[39m=[32m"whitespace-nowrap px-3 
py-1 text-xs bg-slate-700 hover:bg-slate-600 
text-white rounded-full border border-slate-600 
transition-colors flex items-center gap-1 
hover:scale-105 active:scale-95"[39m
    [36m>[39m
      [36m<svg[39m
        [33mclass[39m=[32m"lucide lucide-zap w-3 
h-3 text-orange-400"[39m
        [33mfill[39m=[32m"none"[39m
        [33mheight[39m=[32m"24"[39m
        [33mstroke[39m=[32m"currentColor"[39m
        [33mstroke-linecap[39m=[32m"round"[39m
        [33mstroke-linejoin[39m=[32m"round"[39m
        [33mstroke-width[39m=[32m"2"[39m
        [33mviewBox[39m=[32m"0 0 24 24"[39m
        [33mwidth[39m=[32m"24"[39m
        
[33mxmlns[39m=[32m"http://www.w3.org/2000/svg"[39m
      [36m>[39m
        [36m<polygon[39m
          [33mpoints[39m=[32m"13 2 3 14 12 14 11 
22 21 10 12 10 13 2"[39m
        [36m/>[39m
      [36m</svg>[39m
      [0m [0m
      [0m5. Payslip[0m
    [36m</button>[39m
    [36m<button[39m
      [33mclass[39m=[32m"whitespace-nowrap px-3 
py-1 text-xs bg-slate-700 hover:bg-slate-600 
text-white rounded-full border border-slate-600 
transition-colors flex items-center gap-1 
hover:scale-105 active:scale-95"[39m
    [36m>[39m
      [36m<svg[39m
        [33mclass[39m=[32m"lucide lucide-zap w-3 
h-3 text-orange-400"[39m
        [33mfill[39m=[32m"none"[39m
        [33mheight[39m=[32m"24"[39m
        [33mstroke[39m=[32m"currentColor"[39m
        [33mstroke-linecap[39m=[32m"round"[39m
        [33mstroke-linejoin[39m=[32m"round"[39m
        [33mstroke-width[39m=[32m"2"[39m
        [33mviewBox[39m=[32m"0 0 24 24"[39m
        [33mwidth[39m=[32m"24"[39m
        
[33mxmlns[39m=[32m"http://www.w3.org/2000/svg"[39m
      [36m>[39m
        [36m<polygon[39m
          [33mpoints[39m=[32m"13 2 3 14 12 14 11 
22 21 10 12 10 13 2"[39m
        [36m/>[39m
      [36m</svg>[39m
      [0m [0m
      [0m6. Expense[0m
    [36m</button>[39m
  [36m</div>[39m
  [36m<form[39m
    [33mclass[39m=[32m"relative"[39m
  [36m>[39m
    [36m<input[39m
      [33mclass[39m=[32m"w-full bg-slate-900 
border border-slate-700 rounded-xl py-4 pl-6 pr-14 
text-white placeholder-slate-500 focus:outline-none 
focus:border-orange-500 transition-colors"[39m
      [33mplaceholder[39m=[32m"เธเธดเธกเธเนเธเธ
ณเธ–เธฒเธก... (เน€เธเนเธ 
เธฃเธซเธฑเธชเธเนเธฒเธเธซเธฒเธข, 
เธเธญเธฅเธฒเธเธฑเธเธฃเนเธญเธ)"[39m
      [33mtype[39m=[32m"text"[39m
      [33mvalue[39m=[32m""[39m
    [36m/>[39m
    [36m<button[39m
      [33maria-label[39m=[32m"Send message"[39m
      [33mclass[39m=[32m"absolute right-2 top-2 
p-2 bg-orange-500 hover:bg-orange-600 rounded-lg 
text-white disabled:opacity-50 
disabled:cursor-not-allowed transition-colors 
hover:scale-105 active:scale-95"[39m
      [33mdisabled[39m=[32m""[39m
      [33mtype[39m=[32m"submit"[39m
    [36m>[39m
      [36m<svg[39m
        [33mclass[39m=[32m"lucide lucide-send w-5 
h-5"[39m
        [33mfill[39m=[32m"none"[39m
        [33mheight[39m=[32m"24"[39m
        [33mstroke[39m=[32m"currentColor"[39m
        [33mstroke-linecap[39m=[32m"round"[39m
        [33mstroke-linejoin[39m=[32m"round"[39m
        [33mstroke-width[39m=[32m"2"[39m
        [33mviewBox[39m=[32m"0 0 24 24"[39m
        [33mwidth[39m=[32m"24"[39m
        
[33mxmlns[39m=[32m"http://www.w3.org/2000/svg"[39m
      [36m>[39m
        [36m<path[39m
          [33md[39m=[32m"m22 2-7 20-4-9-9-4Z"[39m
        [36m/>[39m
        [36m<path[39m
          [33md[39m=[32m"M22 2 11 13"[39m
        [36m/>[39m
      [36m</svg>[39m
    [36m</button>[39m
  [36m</form>[39m
  [36m<div[39m
    [33mclass[39m=[32m"flex justify-between mt-2 
px-2"[39m
  [36m>[39m
    [36m<span[39m
      [33mclass[39m=[32m"text-[10px] 
text-slate-600"[39m
    [36m>[39m
      [0mSimulated Environment for Interview Demo[0m
    [36m</span>[39m
    [36m<button[39m
      [33mclass[39m=[32m"text-[10px] 
text-slate-500 hover:text-white flex items-center 
gap-1 disabled:opacity-50 
disabled:cursor-not-allowed"[39m
    [36m>[39m
      [36m<svg[39m
        [33mclass[39m=[32m"lucide 
lucide-refresh-ccw w-3 h-3"[39m
        [33mfill[39m=[32m"none"[39m
        [33mheight[39m=[32m"24"[39m
        [33mstroke[39m=[32m"currentColor"[39m
        [33mstroke-linecap[39m=[32m"round"[39m
        [33mstroke-linejoin[39m=[32m"round"[39m
        [33mstroke-width[39m=[32m"2"[39m
        [33mviewBox[39m=[32m"0 0 24 24"[39m
        [33mwidth[39m=[32m"24"[39m
        
[33mxmlns[39m=[32m"http://www.w3.org/2000/svg"[39m
      [36m>[39m
        [36m<path[39m
          [33md[39m=[32m"M21 12a9 9 0 0 0-9-9 9.75 
9.75 0 0 0-6.74 2.74L3 8"[39m
        [36m/>[39m
        [36m<path[39m
          [33md[39m=[32m"M3 3v5h5"[39m
        [36m/>[39m
        [36m<path[39m
          [33md[39m=[32m"M3 12a9 9 0 0 0 9 9 9.75 
9.75 0 0 0 6.74-2.74L21 16"[39m
        [36m/>[39m
        [36m<path[39m
          [33md[39m=[32m"M16 16h5v5"[39m
        [36m/>[39m
      [36m</svg>[39m
      [0m Reset Chat & Stats[0m
    [36m</button>[39m
  [36m</div>[39m
[36m</div>[39m

Ignored nodes: comments, script, style
[36m<div[39m
  [33mclass[39m=[32m"flex gap-2 mb-3 
overflow-x-auto pb-1"[39m
[36m>[39m
  [36m<button[39m
    [33mclass[39m=[32m"whitespace-nowrap px-3 py-1 
text-xs bg-slate-700 hover:bg-slate-600 text-white 
rounded-full border border-slate-600 
transition-colors flex items-center gap-1 
hover:scale-105 active:scale-95"[39m
  [36m>[39m
    [36m<svg[39m
      [33mclass[39m=[32m"lucide lucide-zap w-3 h-3 
text-orange-400"[39m
      [33mfill[39m=[32m"none"[39m
      [33mheight[39m=[32m"24"[39m
      [33mstroke[39m=[32m"currentColor"[39m
      [33mstroke-linecap[39m=[32m"round"[39m
      [33mstroke-linejoin[39m=[32m"round"[39m
      [33mstroke-width[39m=[32m"2"[39m
      [33mviewBox[39m=[32m"0 0 24 24"[39m
      [33mwidth[39m=[32m"24"[39m
      
[33mxmlns[39m=[32m"http://www.w3.org/2000/svg"[39m
    [36m>[39m
      [36m<polygon[39m
        [33mpoints[39m=[32m"13 2 3 14 12 14 11 22 
21 10 12 10 13 2"[39m
      [36m/>[39m
    [36m</svg>[39m
    [0m [0m
    [0m1. Auto-Resolve (IT)[0m
  [36m</button>[39m
  [36m<button[39m
    [33mclass[39m=[32m"whitespace-nowrap px-3 py-1 
text-xs bg-slate-700 hover:bg-slate-600 text-white 
rounded-full border border-slate-600 
transition-colors flex items-center gap-1 
hover:scale-105 active:scale-95"[39m
  [36m>[39m
    [36m<svg[39m
      [33mclass[39m=[32m"lucide lucide-zap w-3 h-3 
text-orange-400"[39m
      [33mfill[39m=[32m"none"[39m
      [33mheight[39m=[32m"24"[39m
      [33mstroke[39m=[32m"currentColor"[39m
      [33mstroke-linecap[39m=[32m"round"[39m
      [33mstroke-linejoin[39m=[32m"round"[39m
      [33mstroke-width[39m=[32m"2"[39m
      [33mviewBox[39m=[32m"0 0 24 24"[39m
      [33mwidth[39m=[32m"24"[39m
      
[33mxmlns[39m=[32m"http://www.w3.org/2000/svg"[39m
    [36m>[39m
      [36m<polygon[39m
        [33mpoints[39m=[32m"13 2 3 14 12 14 11 22 
21 10 12 10 13 2"[39m
      [36m/>[39m
    [36m</svg>[39m
    [0m [0m
    [0m2. Ticket (HR)[0m
  [36m</button>[39m
  [36m<button[39m
    [33mclass[39m=[32m"whitespace-nowrap px-3 py-1 
text-xs bg-slate-700 hover:bg-slate-600 text-white 
rounded-full border border-slate-600 
transition-colors flex items-center gap-1 
hover:scale-105 active:scale-95"[39m
  [36m>[39m
    [36m<svg[39m
      [33mclass[39m=[32m"lucide lucide-zap w-3 h-3 
text-orange-400"[39m
      [33mfill[39m=[32m"none"[39m
      [33mheight[39m=[32m"24"[39m
      [33mstroke[39m=[32m"currentColor"[39m
      [33mstroke-linecap[39m=[32m"round"[39m
      [33mstroke-linejoin[39m=[32m"round"[39m
      [33mstroke-width[39m=[32m"2"[39m
      [33mviewBox[39m=[32m"0 0 24 24"[39m
      [33mwidth[39m=[32m"24"[39m
      
[33mxmlns[39m=[32m"http://www.w3.org/2000/svg"[39m
    [36m>[39m
      [36m<polygon[39m
        [33mpoints[39m=[32m"13 2 3 14 12 14 11 22 
21 10 12 10 13 2"[39m
      [36m/>[39m
    [36m</svg>[39m
    [0m [0m
    [0m3. Safety Stop (Acc)[0m
  [36m</button>[39m
  [36m<button[39m
    [33mclass[39m=[32m"whitespace-nowrap px-3 py-1 
text-xs bg-slate-700 hover:bg-slate-600 text-white 
rounded-full border border-slate-600 
transition-colors flex items-center gap-1 
hover:scale-105 active:scale-95"[39m
  [36m>[39m
    [36m<svg[39m
      [33mclass[39m=[32m"lucide lucide-zap w-3 h-3 
text-orange-400"[39m
      [33mfill[39m=[32m"none"[39m
      [33mheight[39m=[32m"24"[39m
      [33mstroke[39m=[32m"currentColor"[39m
      [33mstroke-linecap[39m=[32m"round"[39m
      [33mstroke-linejoin[39m=[32m"round"[39m
      [33mstroke-width[39m=[32m"2"[39m
      [33mviewBox[39m=[32m"0 0 24 24"[39m
      [33mwidth[39m=[32m"24"[39m
      
[33mxmlns[39m=[32m"http://www.w3.org/2000/svg"[39m
    [36m>[39m
      [36m<polygon[39m
        [33mpoints[39m=[32m"13 2 3 14 12 14 11 22 
21 10 12 10 13 2"[39m
      [36m/>[39m
    [36m</svg>[39m
    [0m [0m
    [0m4. VPN Issue[0m
  [36m</button>[39m
  [36m<button[39m
    [33mclass[39m=[32m"whitespace-nowrap px-3 py-1 
text-xs bg-slate-700 hover:bg-slate-600 text-white 
rounded-full border border-slate-600 
transition-colors flex items-center gap-1 
hover:scale-105 active:scale-95"[39m
  [36m>[39m
    [36m<svg[39m
      [33mclass[39m=[32m"lucide lucide-zap w-3 h-3 
text-orange-400"[39m
      [33mfill[39m=[32m"none"[39m
      [33mheight[39m=[32m"24"[39m
      [33mstroke[39m=[32m"currentColor"[39m
      [33mstroke-linecap[39m=[32m"round"[39m
      [33mstroke-linejoin[39m=[32m"round"[39m
      [33mstroke-width[39m=[32m"2"[39m
      [33mviewBox[39m=[32m"0 0 24 24"[39m
      [33mwidth[39m=[32m"24"[39m
      
[33mxmlns[39m=[32m"http://www.w3.org/2000/svg"[39m
    [36m>[39m
      [36m<polygon[39m
        [33mpoints[39m=[32m"13 2 3 14 12 14 11 22 
21 10 12 10 13 2"[39m
      [36m/>[39m
    [36m</svg>[39m
    [0m [0m
    [0m5. Payslip[0m
  [36m</button>[39m
  [36m<button[39m
    [33mclass[39m=[32m"whitespace-nowrap px-3 py-1 
text-xs bg-slate-700 hover:bg-slate-600 text-white 
rounded-full border border-slate-600 
transition-colors flex items-center gap-1 
hover:scale-105 active:scale-95"[39m
  [36m>[39m
    [36m<svg[39m
      [33mclass[39m=[32m"lucide lucide-zap w-3 h-3 
text-orange-400"[39m
      [33mfill[39m=[32m"none"[39m
      [33mheight[39m=[32m"24"[39m
      [33mstroke[39m=[32m"currentColor"[39m
      [33mstroke-linecap[39m=[32m"round"[39m
      [33mstroke-linejoin[39m=[32m"round"[39m
      [33mstroke-width[39m=[32m"2"[39m
      [33mviewBox[39m=[32m"0 0 24 24"[39m
      [33mwidth[39m=[32m"24"[39m
      
[33mxmlns[39m=[32m"http://www.w3.org/2000/svg"[39m
    [36m>[39m
      [36m<polygon[39m
        [33mpoints[39m=[32m"13 2 3 14 12 14 11 22 
21 10 12 10 13 2"[39m
      [36m/>[39m
    [36m</svg>[39m
    [0m [0m
    [0m6. Expense[0m
  [36m</button>[39m
[36m</div>[39m

Ignored nodes: comments, script, style
[36m<svg[39m
  [33mclass[39m=[32m"lucide lucide-zap w-3 h-3 
text-orange-400"[39m
  [33mfill[39m=[32m"none"[39m
  [33mheight[39m=[32m"24"[39m
  [33mstroke[39m=[32m"currentColor"[39m
  [33mstroke-linecap[39m=[32m"round"[39m
  [33mstroke-linejoin[39m=[32m"round"[39m
  [33mstroke-width[39m=[32m"2"[39m
  [33mviewBox[39m=[32m"0 0 24 24"[39m
  [33mwidth[39m=[32m"24"[39m
  
[33mxmlns[39m=[32m"http://www.w3.org/2000/svg"[39m
[36m>[39m
  [36m<polygon[39m
    [33mpoints[39m=[32m"13 2 3 14 12 14 11 22 21 
10 12 10 13 2"[39m
  [36m/>[39m
[36m</svg>[39m

Ignored nodes: comments, script, style
[36m<polygon[39m
  [33mpoints[39m=[32m"13 2 3 14 12 14 11 22 21 10 
12 10 13 2"[39m
[36m/>[39m

Ignored nodes: comments, script, style
[36m<svg[39m
  [33mclass[39m=[32m"lucide lucide-zap w-3 h-3 
text-orange-400"[39m
  [33mfill[39m=[32m"none"[39m
  [33mheight[39m=[32m"24"[39m
  [33mstroke[39m=[32m"currentColor"[39m
  [33mstroke-linecap[39m=[32m"round"[39m
  [33mstroke-linejoin[39m=[32m"round"[39m
  [33mstroke-width[39m=[32m"2"[39m
  [33mviewBox[39m=[32m"0 0 24 24"[39m
  [33mwidth[39m=[32m"24"[39m
  
[33mxmlns[39m=[32m"http://www.w3.org/2000/svg"[39m
[36m>[39m
  [36m<polygon[39m
    [33mpoints[39m=[32m"13 2 3 14 12 14 11 22 21 
10 12 10 13 2"[39m
  [36m/>[39m
[36m</svg>[39m

Ignored nodes: comments, script, style
[36m<polygon[39m
  [33mpoints[39m=[32m"13 2 3 14 12 14 11 22 21 10 
12 10 13 2"[39m
[36m/>[39m

Ignored nodes: comments, script, style
[36m<svg[39m
  [33mclass[39m=[32m"lucide lucide-zap w-3 h-3 
text-orange-400"[39m
  [33mfill[39m=[32m"none"[39m
  [33mheight[39m=[32m"24"[39m
  [33mstroke[39m=[32m"currentColor"[39m
  [33mstroke-linecap[39m=[32m"round"[39m
  [33mstroke-linejoin[39m=[32m"round"[39m
  [33mstroke-width[39m=[32m"2"[39m
  [33mviewBox[39m=[32m"0 0 24 24"[39m
  [33mwidth[39m=[32m"24"[39m
  
[33mxmlns[39m=[32m"http://www.w3.org/2000/svg"[39m
[36m>[39m
  [36m<polygon[39m
    [33mpoints[39m=[32m"13 2 3 14 12 14 11 22 21 
10 12 10 13 2"[39m
  [36m/>[39m
[36m</svg>[39m

Ignored nodes: comments, script, style
[36m<polygon[39m
  [33mpoints[39m=[32m"13 2 3 14 12 14 11 22 21 10 
12 10 13 2"[39m
[36m/>[39m

Ignored nodes: comments, script, style
[36m<svg[39m
  [33mclass[39m=[32m"lucide lucide-zap w-3 h-3 
text-orange-400"[39m
  [33mfill[39m=[32m"none"[39m
  [33mheight[39m=[32m"24"[39m
  [33mstroke[39m=[32m"currentColor"[39m
  [33mstroke-linecap[39m=[32m"round"[39m
  [33mstroke-linejoin[39m=[32m"round"[39m
  [33mstroke-width[39m=[32m"2"[39m
  [33mviewBox[39m=[32m"0 0 24 24"[39m
  [33mwidth[39m=[32m"24"[39m
  
[33mxmlns[39m=[32m"http://www.w3.org/2000/svg"[39m
[36m>[39m
  [36m<polygon[39m
    [33mpoints[39m=[32m"13 2 3 14 12 14 11 22 21 
10 12 10 13 2"[39m
  [36m/>[39m
[36m</svg>[39m

Ignored nodes: comments, script, style
[36m<polygon[39m
  [33mpoints[39m=[32m"13 2 3 14 12 14 11 22 21 10 
12 10 13 2"[39m
[36m/>[39m

Ignored nodes: comments, script, style
[36m<svg[39m
  [33mclass[39m=[32m"lucide lucide-zap w-3 h-3 
text-orange-400"[39m
  [33mfill[39m=[32m"none"[39m
  [33mheight[39m=[32m"24"[39m
  [33mstroke[39m=[32m"currentColor"[39m
  [33mstroke-linecap[39m=[32m"round"[39m
  [33mstroke-linejoin[39m=[32m"round"[39m
  [33mstroke-width[39m=[32m"2"[39m
  [33mviewBox[39m=[32m"0 0 24 24"[39m
  [33mwidth[39m=[32m"24"[39m
  
[33mxmlns[39m=[32m"http://www.w3.org/2000/svg"[39m
[36m>[39m
  [36m<polygon[39m
    [33mpoints[39m=[32m"13 2 3 14 12 14 11 22 21 
10 12 10 13 2"[39m
  [36m/>[39m
[36m</svg>[39m

Ignored nodes: comments, script, style
[36m<polygon[39m
  [33mpoints[39m=[32m"13 2 3 14 12 14 11 22 21 10 
12 10 13 2"[39m
[36m/>[39m

Ignored nodes: comments, script, style
[36m<svg[39m
  [33mclass[39m=[32m"lucide lucide-zap w-3 h-3 
text-orange-400"[39m
  [33mfill[39m=[32m"none"[39m
  [33mheight[39m=[32m"24"[39m
  [33mstroke[39m=[32m"currentColor"[39m
  [33mstroke-linecap[39m=[32m"round"[39m
  [33mstroke-linejoin[39m=[32m"round"[39m
  [33mstroke-width[39m=[32m"2"[39m
  [33mviewBox[39m=[32m"0 0 24 24"[39m
  [33mwidth[39m=[32m"24"[39m
  
[33mxmlns[39m=[32m"http://www.w3.org/2000/svg"[39m
[36m>[39m
  [36m<polygon[39m
    [33mpoints[39m=[32m"13 2 3 14 12 14 11 22 21 
10 12 10 13 2"[39m
  [36m/>[39m
[36m</svg>[39m

Ignored nodes: comments, script, style
[36m<polygon[39m
  [33mpoints[39m=[32m"13 2 3 14 12 14 11 22 21 10 
12 10 13 2"[39m
[36m/>[39m

Ignored nodes: comments, script, style
[36m<form[39m
  [33mclass[39m=[32m"relative"[39m
[36m>[39m
  [36m<input[39m
    [33mclass[39m=[32m"w-full bg-slate-900 border 
border-slate-700 rounded-xl py-4 pl-6 pr-14 
text-white placeholder-slate-500 focus:outline-none 
focus:border-orange-500 transition-colors"[39m
    [33mplaceholder[39m=[32m"เธเธดเธกเธเนเธเธณเ
ธ–เธฒเธก... (เน€เธเนเธ 
เธฃเธซเธฑเธชเธเนเธฒเธเธซเธฒเธข, 
เธเธญเธฅเธฒเธเธฑเธเธฃเนเธญเธ)"[39m
    [33mtype[39m=[32m"text"[39m
    [33mvalue[39m=[32m""[39m
  [36m/>[39m
  [36m<button[39m
    [33maria-label[39m=[32m"Send message"[39m
    [33mclass[39m=[32m"absolute right-2 top-2 p-2 
bg-orange-500 hover:bg-orange-600 rounded-lg 
text-white disabled:opacity-50 
disabled:cursor-not-allowed transition-colors 
hover:scale-105 active:scale-95"[39m
    [33mdisabled[39m=[32m""[39m
    [33mtype[39m=[32m"submit"[39m
  [36m>[39m
    [36m<svg[39m
      [33mclass[39m=[32m"lucide lucide-send w-5 
h-5"[39m
      [33mfill[39m=[32m"none"[39m
      [33mheight[39m=[32m"24"[39m
      [33mstroke[39m=[32m"currentColor"[39m
      [33mstroke-linecap[39m=[32m"round"[39m
      [33mstroke-linejoin[39m=[32m"round"[39m
      [33mstroke-width[39m=[32m"2"[39m
      [33mviewBox[39m=[32m"0 0 24 24"[39m
      [33mwidth[39m=[32m"24"[39m
      
[33mxmlns[39m=[32m"http://www.w3.org/2000/svg"[39m
    [36m>[39m
      [36m<path[39m
        [33md[39m=[32m"m22 2-7 20-4-9-9-4Z"[39m
      [36m/>[39m
      [36m<path[39m
        [33md[39m=[32m"M22 2 11 13"[39m
      [36m/>[39m
    [36m</svg>[39m
  [36m</button>[39m
[36m</form>[39m

Ignored nodes: comments, script, style
[36m<input[39m
  [33mclass[39m=[32m"w-full bg-slate-900 border 
border-slate-700 rounded-xl py-4 pl-6 pr-14 
text-white placeholder-slate-500 focus:outline-none 
focus:border-orange-500 transition-colors"[39m
  [33mplaceholder[39m=[32m"เธเธดเธกเธเนเธเธณเธ–
เธฒเธก... (เน€เธเนเธ 
เธฃเธซเธฑเธชเธเนเธฒเธเธซเธฒเธข, 
เธเธญเธฅเธฒเธเธฑเธเธฃเนเธญเธ)"[39m
  [33mtype[39m=[32m"text"[39m
  [33mvalue[39m=[32m""[39m
[36m/>[39m

Ignored nodes: comments, script, style
[36m<button[39m
  [33maria-label[39m=[32m"Send message"[39m
  [33mclass[39m=[32m"absolute right-2 top-2 p-2 
bg-orange-500 hover:bg-orange-600 rounded-lg 
text-white disabled:opacity-50 
disabled:cursor-not-allowed transition-colors 
hover:scale-105 active:scale-95"[39m
  [33mdisabled[39m=[32m""[39m
  [33mtype[39m=[32m"submit"[39m
[36m>[39m
  [36m<svg[39m
    [33mclass[39m=[32m"lucide lucide-send w-5 
h-5"[39m
    [33mfill[39m=[32m"none"[39m
    [33mheight[39m=[32m"24"[39m
    [33mstroke[39m=[32m"currentColor"[39m
    [33mstroke-linecap[39m=[32m"round"[39m
    [33mstroke-linejoin[39m=[32m"round"[39m
    [33mstroke-width[39m=[32m"2"[39m
    [33mviewBox[39m=[32m"0 0 24 24"[39m
    [33mwidth[39m=[32m"24"[39m
    
[33mxmlns[39m=[32m"http://www.w3.org/2000/svg"[39m
  [36m>[39m
    [36m<path[39m
      [33md[39m=[32m"m22 2-7 20-4-9-9-4Z"[39m
    [36m/>[39m
    [36m<path[39m
      [33md[39m=[32m"M22 2 11 13"[39m
    [36m/>[39m
  [36m</svg>[39m
[36m</button>[39m

Ignored nodes: comments, script, style
[36m<svg[39m
  [33mclass[39m=[32m"lucide lucide-send w-5 
h-5"[39m
  [33mfill[39m=[32m"none"[39m
  [33mheight[39m=[32m"24"[39m
  [33mstroke[39m=[32m"currentColor"[39m
  [33mstroke-linecap[39m=[32m"round"[39m
  [33mstroke-linejoin[39m=[32m"round"[39m
  [33mstroke-width[39m=[32m"2"[39m
  [33mviewBox[39m=[32m"0 0 24 24"[39m
  [33mwidth[39m=[32m"24"[39m
  
[33mxmlns[39m=[32m"http://www.w3.org/2000/svg"[39m
[36m>[39m
  [36m<path[39m
    [33md[39m=[32m"m22 2-7 20-4-9-9-4Z"[39m
  [36m/>[39m
  [36m<path[39m
    [33md[39m=[32m"M22 2 11 13"[39m
  [36m/>[39m
[36m</svg>[39m

Ignored nodes: comments, script, style
[36m<path[39m
  [33md[39m=[32m"m22 2-7 20-4-9-9-4Z"[39m
[36m/>[39m

Ignored nodes: comments, script, style
[36m<path[39m
  [33md[39m=[32m"M22 2 11 13"[39m
[36m/>[39m

Ignored nodes: comments, script, style
[36m<div[39m
  [33mclass[39m=[32m"flex justify-between mt-2 
px-2"[39m
[36m>[39m
  [36m<span[39m
    [33mclass[39m=[32m"text-[10px] 
text-slate-600"[39m
  [36m>[39m
    [0mSimulated Environment for Interview Demo[0m
  [36m</span>[39m
  [36m<button[39m
    [33mclass[39m=[32m"text-[10px] text-slate-500 
hover:text-white flex items-center gap-1 
disabled:opacity-50 disabled:cursor-not-allowed"[39m
  [36m>[39m
    [36m<svg[39m
      [33mclass[39m=[32m"lucide lucide-refresh-ccw 
w-3 h-3"[39m
      [33mfill[39m=[32m"none"[39m
      [33mheight[39m=[32m"24"[39m
      [33mstroke[39m=[32m"currentColor"[39m
      [33mstroke-linecap[39m=[32m"round"[39m
      [33mstroke-linejoin[39m=[32m"round"[39m
      [33mstroke-width[39m=[32m"2"[39m
      [33mviewBox[39m=[32m"0 0 24 24"[39m
      [33mwidth[39m=[32m"24"[39m
      
[33mxmlns[39m=[32m"http://www.w3.org/2000/svg"[39m
    [36m>[39m
      [36m<path[39m
        [33md[39m=[32m"M21 12a9 9 0 0 0-9-9 9.75 
9.75 0 0 0-6.74 2.74L3 8"[39m
      [36m/>[39m
      [36m<path[39m
        [33md[39m=[32m"M3 3v5h5"[39m
      [36m/>[39m
      [36m<path[39m
        [33md[39m=[32m"M3 12a9 9 0 0 0 9 9 9.75 
9.75 0 0 0 6.74-2.74L21 16"[39m
      [36m/>[39m
      [36m<path[39m
        [33md[39m=[32m"M16 16h5v5"[39m
      [36m/>[39m
    [36m</svg>[39m
    [0m Reset Chat & Stats[0m
  [36m</button>[39m
[36m</div>[39m

Ignored nodes: comments, script, style
[36m<svg[39m
  [33mclass[39m=[32m"lucide lucide-refresh-ccw w-3 
h-3"[39m
  [33mfill[39m=[32m"none"[39m
  [33mheight[39m=[32m"24"[39m
  [33mstroke[39m=[32m"currentColor"[39m
  [33mstroke-linecap[39m=[32m"round"[39m
  [33mstroke-linejoin[39m=[32m"round"[39m
  [33mstroke-width[39m=[32m"2"[39m
  [33mviewBox[39m=[32m"0 0 24 24"[39m
  [33mwidth[39m=[32m"24"[39m
  
[33mxmlns[39m=[32m"http://www.w3.org/2000/svg"[39m
[36m>[39m
  [36m<path[39m
    [33md[39m=[32m"M21 12a9 9 0 0 0-9-9 9.75 9.75 
0 0 0-6.74 2.74L3 8"[39m
  [36m/>[39m
  [36m<path[39m
    [33md[39m=[32m"M3 3v5h5"[39m
  [36m/>[39m
  [36m<path[39m
    [33md[39m=[32m"M3 12a9 9 0 0 0 9 9 9.75 9.75 0 
0 0 6.74-2.74L21 16"[39m
  [36m/>[39m
  [36m<path[39m
    [33md[39m=[32m"M16 16h5v5"[39m
  [36m/>[39m
[36m</svg>[39m

Ignored nodes: comments, script, style
[36m<path[39m
  [33md[39m=[32m"M21 12a9 9 0 0 0-9-9 9.75 9.75 0 
0 0-6.74 2.74L3 8"[39m
[36m/>[39m

Ignored nodes: comments, script, style
[36m<path[39m
  [33md[39m=[32m"M3 3v5h5"[39m
[36m/>[39m

Ignored nodes: comments, script, style
[36m<path[39m
  [33md[39m=[32m"M3 12a9 9 0 0 0 9 9 9.75 9.75 0 0 
0 6.74-2.74L21 16"[39m
[36m/>[39m

Ignored nodes: comments, script, style
[36m<path[39m
  [33md[39m=[32m"M16 16h5v5"[39m
[36m/>[39m

Ignored nodes: comments, script, style
[36m<section[39m
  [33mclass[39m=[32m"relative z-10 py-24 px-6 
bg-slate-900 text-center"[39m
  [33mid[39m=[32m"impact"[39m
[36m>[39m
  [36m<div[39m
    [33mclass[39m=[32m"max-w-5xl mx-auto"[39m
  [36m>[39m
    [36m<h2[39m
      [33mclass[39m=[32m"text-4xl font-bold 
text-white mb-12 animate-fade-in-up"[39m
    [36m>[39m
      [0mProjected Business Impact[0m
    [36m</h2>[39m
    [36m<div[39m
      [33mclass[39m=[32m"bg-slate-800 rounded-3xl 
p-8 border border-slate-700 shadow-xl overflow-hidden 
relative animate-fade-in-up delay-200"[39m
    [36m>[39m
      [36m<div[39m
        [33mclass[39m=[32m"grid grid-cols-1 
md:grid-cols-2 lg:grid-cols-4 gap-8 relative 
z-10"[39m
      [36m>[39m
        [36m<div[39m
          [33mclass[39m=[32m"impact-card"[39m
        [36m>[39m
          [36m<div[39m
            [33mclass[39m=[32m"text-slate-400 
text-sm uppercase tracking-wider mb-2"[39m
          [36m>[39m
            [0mAuto-Resolution[0m
          [36m</div>[39m
          [36m<div[39m
            [33mclass[39m=[32m"text-5xl font-black 
text-green-400 mb-2 flex justify-center"[39m
          [36m>[39m
            [0m0[0m
            [0m%[0m
          [36m</div>[39m
          [36m<div[39m
            [33mclass[39m=[32m"text-sm 
text-slate-500"[39m
          [36m>[39m
            [0mOf total tickets[0m
          [36m</div>[39m
        [36m</div>[39m
        [36m<div[39m
          [33mclass[39m=[32m"impact-card"[39m
        [36m>[39m
          [36m<div[39m
            [33mclass[39m=[32m"text-slate-400 
text-sm uppercase tracking-wider mb-2"[39m
          [36m>[39m
            [0mResponse Time[0m
          [36m</div>[39m
          [36m<div[39m
            [33mclass[39m=[32m"text-5xl font-black 
text-blue-400 mb-2"[39m
          [36m>[39m
            [0m&lt;1 min[0m
          [36m</div>[39m
          [36m<div[39m
            [33mclass[39m=[32m"text-sm 
text-slate-500"[39m
          [36m>[39m
            [0mFrom 4 hours[0m
          [36m</div>[39m
        [36m</div>[39m
        [36m<div[39m
          [33mclass[39m=[32m"impact-card"[39m
        [36m>[39m
          [36m<div[39m
            [33mclass[39m=[32m"text-slate-400 
text-sm uppercase tracking-wider mb-2"[39m
          [36m>[39m
            [0mCost Saving[0m
          [36m</div>[39m
          [36m<div[39m
            [33mclass[39m=[32m"text-5xl font-black 
text-orange-400 mb-2 flex justify-center"[39m
          [36m>[39m
            [0m0[0m
            [0mK[0m
          [36m</div>[39m
          [36m<div[39m
            [33mclass[39m=[32m"text-sm 
text-slate-500"[39m
          [36m>[39m
            [0mTHB / Month[0m
          [36m</div>[39m
        [36m</div>[39m
        [36m<div[39m
          [33mclass[39m=[32m"impact-card"[39m
        [36m>[39m
          [36m<div[39m
            [33mclass[39m=[32m"text-slate-400 
text-sm uppercase tracking-wider mb-2"[39m
          [36m>[39m
            [0mPayback Period[0m
          [36m</div>[39m
          [36m<div[39m
            [33mclass[39m=[32m"text-5xl font-black 
text-purple-400 mb-2 flex justify-center"[39m
          [36m>[39m
            [0m0.0[0m
          [36m</div>[39m
          [36m<div[39m
            [33mclass[39m=[32m"text-sm 
text-slate-500"[39m
          [36m>[39m
            [0mMonths ROI[0m
          [36m</div>[39m
        [36m</div>[39m
      [36m</div>[39m
      [36m<div[39m
        [33mclass[39m=[32m"absolute top-0 left-0 
w-full h-1 bg-gradient-to-r from-green-500 
via-blue-500 to-orange-500"[39m
      [36m/>[39m
    [36m</div>[39m
    [36m<div[39m
      [33mclass[39m=[32m"mt-16 flex justify-center 
animate-fade-in-up delay-300"[39m
    [36m>[39m
      [36m<div[39m
        [33mclass[39m=[32m"text-left max-w-2xl 
bg-slate-800/50 p-6 rounded-xl border 
border-slate-700"[39m
      [36m>[39m
        [36m<h3[39m
          [33mclass[39m=[32m"text-xl font-bold 
text-white mb-4 flex items-center gap-2"[39m
        [36m>[39m
          [36m<svg[39m
            [33mclass[39m=[32m"lucide 
lucide-check-circle2 text-green-500"[39m
            [33mfill[39m=[32m"none"[39m
            [33mheight[39m=[32m"24"[39m
            [33mstroke[39m=[32m"currentColor"[39m
            [33mstroke-linecap[39m=[32m"round"[39m
            
[33mstroke-linejoin[39m=[32m"round"[39m
            [33mstroke-width[39m=[32m"2"[39m
            [33mviewBox[39m=[32m"0 0 24 24"[39m
            [33mwidth[39m=[32m"24"[39m
            
[33mxmlns[39m=[32m"http://www.w3.org/2000/svg"[39m
          [36m>[39m
            [36m<circle[39m
              [33mcx[39m=[32m"12"[39m
              [33mcy[39m=[32m"12"[39m
              [33mr[39m=[32m"10"[39m
            [36m/>[39m
            [36m<path[39m
              [33md[39m=[32m"m9 12 2 2 4-4"[39m
            [36m/>[39m
          [36m</svg>[39m
          [0mWhy This Project Stands Out?[0m
        [36m</h3>[39m
        [36m<ul[39m
          [33mclass[39m=[32m"space-y-3 
text-slate-300"[39m
        [36m>[39m
          [36m<li[39m
            [33mclass[39m=[32m"flex gap-2"[39m
          [36m>[39m
            [36m<span[39m
              
[33mclass[39m=[32m"text-orange-500"[39m
            [36m>[39m
              [0mโ€ข[0m
            [36m</span>[39m
            [36m<span>[39m
              [36m<b>[39m
                [0mReal Business Impact:[0m
              [36m</b>[39m
              [0m 
เนเธเนเธเธฑเธเธซเธฒเธเธญเธเธงเธ” 60% 
เธเธญเธเธญเธเธเนเธเธฃเนเธ”เนเธเธฃเธดเธ[0m
            [36m</span>[39m
          [36m</li>[39m
          [36m<li[39m
            [33mclass[39m=[32m"flex gap-2"[39m
          [36m>[39m
            [36m<span[39m
              
[33mclass[39m=[32m"text-orange-500"[39m
            [36m>[39m
              [0mโ€ข[0m
            [36m</span>[39m
            [36m<span>[39m
              [36m<b>[39m
                [0mSafety-First:[0m
              [36m</b>[39m
              [0m เธกเธตเธฃเธฐเธเธเธเนเธญเธเธเธ
ฑเธเธเธงเธฒเธกเน€เธชเธตเนเธขเธเน€เธฃเธทเนเธญเธเน
€เธเธดเธเนเธฅเธฐ HR Action[0m
            [36m</span>[39m
          [36m</li>[39m
          [36m<li[39m
            [33mclass[39m=[32m"flex gap-2"[39m
          [36m>[39m
            [36m<span[39m
              
[33mclass[39m=[32m"text-orange-500"[39m
            [36m>[39m
              [0mโ€ข[0m
            [36m</span>[39m
            [36m<span>[39m
              [36m<b>[39m
                [0mScalable:[0m
              [36m</b>[39m
              [0m เธญเธญเธเนเธเธ Architecture 
เนเธขเธเธชเนเธงเธ (WUT/WAY) 
เธฃเธญเธเธฃเธฑเธเธเธฒเธฃเธเธขเธฒเธขเธ•เธฑเธง[0m
            [36m</span>[39m
          [36m</li>[39m
        [36m</ul>[39m
      [36m</div>[39m
    [36m</div>[39m
  [36m</div>[39m
[36m</section>[39m

Ignored nodes: comments, script, style
[36m<div[39m
  [33mclass[39m=[32m"max-w-5xl mx-auto"[39m
[36m>[39m
  [36m<h2[39m
    [33mclass[39m=[32m"text-4xl font-bold 
text-white mb-12 animate-fade-in-up"[39m
  [36m>[39m
    [0mProjected Business Impact[0m
  [36m</h2>[39m
  [36m<div[39m
    [33mclass[39m=[32m"bg-slate-800 rounded-3xl 
p-8 border border-slate-700 shadow-xl overflow-hidden 
relative animate-fade-in-up delay-200"[39m
  [36m>[39m
    [36m<div[39m
      [33mclass[39m=[32m"grid grid-cols-1 
md:grid-cols-2 lg:grid-cols-4 gap-8 relative 
z-10"[39m
    [36m>[39m
      [36m<div[39m
        [33mclass[39m=[32m"impact-card"[39m
      [36m>[39m
        [36m<div[39m
          [33mclass[39m=[32m"text-slate-400 
text-sm uppercase tracking-wider mb-2"[39m
        [36m>[39m
          [0mAuto-Resolution[0m
        [36m</div>[39m
        [36m<div[39m
          [33mclass[39m=[32m"text-5xl font-black 
text-green-400 mb-2 flex justify-center"[39m
        [36m>[39m
          [0m0[0m
          [0m%[0m
        [36m</div>[39m
        [36m<div[39m
          [33mclass[39m=[32m"text-sm 
text-slate-500"[39m
        [36m>[39m
          [0mOf total tickets[0m
        [36m</div>[39m
      [36m</div>[39m
      [36m<div[39m
        [33mclass[39m=[32m"impact-card"[39m
      [36m>[39m
        [36m<div[39m
          [33mclass[39m=[32m"text-slate-400 
text-sm uppercase tracking-wider mb-2"[39m
        [36m>[39m
          [0mResponse Time[0m
        [36m</div>[39m
        [36m<div[39m
          [33mclass[39m=[32m"text-5xl font-black 
text-blue-400 mb-2"[39m
        [36m>[39m
          [0m&lt;1 min[0m
        [36m</div>[39m
        [36m<div[39m
          [33mclass[39m=[32m"text-sm 
text-slate-500"[39m
        [36m>[39m
          [0mFrom 4 hours[0m
        [36m</div>[39m
      [36m</div>[39m
      [36m<div[39m
        [33mclass[39m=[32m"impact-card"[39m
      [36m>[39m
        [36m<div[39m
          [33mclass[39m=[32m"text-slate-400 
text-sm uppercase tracking-wider mb-2"[39m
        [36m>[39m
          [0mCost Saving[0m
        [36m</div>[39m
        [36m<div[39m
          [33mclass[39m=[32m"text-5xl font-black 
text-orange-400 mb-2 flex justify-center"[39m
        [36m>[39m
          [0m0[0m
          [0mK[0m
        [36m</div>[39m
        [36m<div[39m
          [33mclass[39m=[32m"text-sm 
text-slate-500"[39m
        [36m>[39m
          [0mTHB / Month[0m
        [36m</div>[39m
      [36m</div>[39m
      [36m<div[39m
        [33mclass[39m=[32m"impact-card"[39m
      [36m>[39m
        [36m<div[39m
          [33mclass[39m=[32m"text-slate-400 
text-sm uppercase tracking-wider mb-2"[39m
        [36m>[39m
          [0mPayback Period[0m
        [36m</div>[39m
        [36m<div[39m
          [33mclass[39m=[32m"text-5xl font-black 
text-purple-400 mb-2 flex justify-center"[39m
        [36m>[39m
          [0m0.0[0m
        [36m</div>[39m
        [36m<div[39m
          [33mclass[39m=[32m"text-sm 
text-slate-500"[39m
        [36m>[39m
          [0mMonths ROI[0m
        [36m</div>[39m
      [36m</div>[39m
    [36m</div>[39m
    [36m<div[39m
      [33mclass[39m=[32m"absolute top-0 left-0 
w-full h-1 bg-gradient-to-r from-green-500 
via-blue-500 to-orange-500"[39m
    [36m/>[39m
  [36m</div>[39m
  [36m<div[39m
    [33mclass[39m=[32m"mt-16 flex justify-center 
animate-fade-in-up delay-300"[39m
  [36m>[39m
    [36m<div[39m
      [33mclass[39m=[32m"text-left max-w-2xl 
bg-slate-800/50 p-6 rounded-xl border 
border-slate-700"[39m
    [36m>[39m
      [36m<h3[39m
        [33mclass[39m=[32m"text-xl font-bold 
text-white mb-4 flex items-center gap-2"[39m
      [36m>[39m
        [36m<svg[39m
          [33mclass[39m=[32m"lucide 
lucide-check-circle2 text-green-500"[39m
          [33mfill[39m=[32m"none"[39m
          [33mheight[39m=[32m"24"[39m
          [33mstroke[39m=[32m"currentColor"[39m
          [33mstroke-linecap[39m=[32m"round"[39m
          [33mstroke-linejoin[39m=[32m"round"[39m
          [33mstroke-width[39m=[32m"2"[39m
          [33mviewBox[39m=[32m"0 0 24 24"[39m
          [33mwidth[39m=[32m"24"[39m
          
[33mxmlns[39m=[32m"http://www.w3.org/2000/svg"[39m
        [36m>[39m
          [36m<circle[39m
            [33mcx[39m=[32m"12"[39m
            [33mcy[39m=[32m"12"[39m
            [33mr[39m=[32m"10"[39m
          [36m/>[39m
          [36m<path[39m
            [33md[39m=[32m"m9 12 2 2 4-4"[39m
          [36m/>[39m
        [36m</svg>[39m
        [0mWhy This Project Stands Out?[0m
      [36m</h3>[39m
      [36m<ul[39m
        [33mclass[39m=[32m"space-y-3 
text-slate-300"[39m
      [36m>[39m
        [36m<li[39m
          [33mclass[39m=[32m"flex gap-2"[39m
        [36m>[39m
          [36m<span[39m
            
[33mclass[39m=[32m"text-orange-500"[39m
          [36m>[39m
            [0mโ€ข[0m
          [36m</span>[39m
          [36m<span>[39m
            [36m<b>[39m
              [0mReal Business Impact:[0m
            [36m</b>[39m
            [0m 
เนเธเนเธเธฑเธเธซเธฒเธเธญเธเธงเธ” 60% 
เธเธญเธเธญเธเธเนเธเธฃเนเธ”เนเธเธฃเธดเธ[0m
          [36m</span>[39m
        [36m</li>[39m
        [36m<li[39m
          [33mclass[39m=[32m"flex gap-2"[39m
        [36m>[39m
          [36m<span[39m
            
[33mclass[39m=[32m"text-orange-500"[39m
          [36m>[39m
            [0mโ€ข[0m
          [36m</span>[39m
          [36m<span>[39m
            [36m<b>[39m
              [0mSafety-First:[0m
            [36m</b>[39m
            [0m เธกเธตเธฃเธฐเธเธเธเนเธญเธเธเธฑเ
ธเธเธงเธฒเธกเน€เธชเธตเนเธขเธเน€เธฃเธทเนเธญเธเน€เ
ธเธดเธเนเธฅเธฐ HR Action[0m
          [36m</span>[39m
        [36m</li>[39m
        [36m<li[39m
          [33mclass[39m=[32m"flex gap-2"[39m
        [36m>[39m
          [36m<span[39m
            
[33mclass[39m=[32m"text-orange-500"[39m
          [36m>[39m
            [0mโ€ข[0m
          [36m</span>[39m
          [36m<span>[39m
            [36m<b>[39m
              [0mScalable:[0m
            [36m</b>[39m
            [0m เธญเธญเธเนเธเธ Architecture 
เนเธขเธเธชเนเธงเธ (WUT/WAY) 
เธฃเธญเธเธฃเธฑเธเธเธฒเธฃเธเธขเธฒเธขเธ•เธฑเธง[0m
          [36m</span>[39m
        [36m</li>[39m
      [36m</ul>[39m
    [36m</div>[39m
  [36m</div>[39m
[36m</div>[39m

Ignored nodes: comments, script, style
[36m<div[39m
  [33mclass[39m=[32m"bg-slate-800 rounded-3xl p-8 
border border-slate-700 shadow-xl overflow-hidden 
relative animate-fade-in-up delay-200"[39m
[36m>[39m
  [36m<div[39m
    [33mclass[39m=[32m"grid grid-cols-1 
md:grid-cols-2 lg:grid-cols-4 gap-8 relative 
z-10"[39m
  [36m>[39m
    [36m<div[39m
      [33mclass[39m=[32m"impact-card"[39m
    [36m>[39m
      [36m<div[39m
        [33mclass[39m=[32m"text-slate-400 text-sm 
uppercase tracking-wider mb-2"[39m
      [36m>[39m
        [0mAuto-Resolution[0m
      [36m</div>[39m
      [36m<div[39m
        [33mclass[39m=[32m"text-5xl font-black 
text-green-400 mb-2 flex justify-center"[39m
      [36m>[39m
        [0m0[0m
        [0m%[0m
      [36m</div>[39m
      [36m<div[39m
        [33mclass[39m=[32m"text-sm 
text-slate-500"[39m
      [36m>[39m
        [0mOf total tickets[0m
      [36m</div>[39m
    [36m</div>[39m
    [36m<div[39m
      [33mclass[39m=[32m"impact-card"[39m
    [36m>[39m
      [36m<div[39m
        [33mclass[39m=[32m"text-slate-400 text-sm 
uppercase tracking-wider mb-2"[39m
      [36m>[39m
        [0mResponse Time[0m
      [36m</div>[39m
      [36m<div[39m
        [33mclass[39m=[32m"text-5xl font-black 
text-blue-400 mb-2"[39m
      [36m>[39m
        [0m&lt;1 min[0m
      [36m</div>[39m
      [36m<div[39m
        [33mclass[39m=[32m"text-sm 
text-slate-500"[39m
      [36m>[39m
        [0mFrom 4 hours[0m
      [36m</div>[39m
    [36m</div>[39m
    [36m<div[39m
      [33mclass[39m=[32m"impact-card"[39m
    [36m>[39m
      [36m<div[39m
        [33mclass[39m=[32m"text-slate-400 text-sm 
uppercase tracking-wider mb-2"[39m
      [36m>[39m
        [0mCost Saving[0m
      [36m</div>[39m
      [36m<div[39m
        [33mclass[39m=[32m"text-5xl font-black 
text-orange-400 mb-2 flex justify-center"[39m
      [36m>[39m
        [0m0[0m
        [0mK[0m
      [36m</div>[39m
      [36m<div[39m
        [33mclass[39m=[32m"text-sm 
text-slate-500"[39m
      [36m>[39m
        [0mTHB / Month[0m
      [36m</div>[39m
    [36m</div>[39m
    [36m<div[39m
      [33mclass[39m=[32m"impact-card"[39m
    [36m>[39m
      [36m<div[39m
        [33mclass[39m=[32m"text-slate-400 text-sm 
uppercase tracking-wider mb-2"[39m
      [36m>[39m
        [0mPayback Period[0m
      [36m</div>[39m
      [36m<div[39m
        [33mclass[39m=[32m"text-5xl font-black 
text-purple-400 mb-2 flex justify-center"[39m
      [36m>[39m
        [0m0.0[0m
      [36m</div>[39m
      [36m<div[39m
        [33mclass[39m=[32m"text-sm 
text-slate-500"[39m
      [36m>[39m
        [0mMonths ROI[0m
      [36m</div>[39m
    [36m</div>[39m
  [36m</div>[39m
  [36m<div[39m
    [33mclass[39m=[32m"absolute top-0 left-0 
w-full h-1 bg-gradient-to-r from-green-500 
via-blue-500 to-orange-500"[39m
  [36m/>[39m
[36m</div>[39m

Ignored nodes: comments, script, style
[36m<div[39m
  [33mclass[39m=[32m"grid grid-cols-1 
md:grid-cols-2 lg:grid-cols-4 gap-8 relative 
z-10"[39m
[36m>[39m
  [36m<div[39m
    [33mclass[39m=[32m"impact-card"[39m
  [36m>[39m
    [36m<div[39m
      [33mclass[39m=[32m"text-slate-400 text-sm 
uppercase tracking-wider mb-2"[39m
    [36m>[39m
      [0mAuto-Resolution[0m
    [36m</div>[39m
    [36m<div[39m
      [33mclass[39m=[32m"text-5xl font-black 
text-green-400 mb-2 flex justify-center"[39m
    [36m>[39m
      [0m0[0m
      [0m%[0m
    [36m</div>[39m
    [36m<div[39m
      [33mclass[39m=[32m"text-sm 
text-slate-500"[39m
    [36m>[39m
      [0mOf total tickets[0m
    [36m</div>[39m
  [36m</div>[39m
  [36m<div[39m
    [33mclass[39m=[32m"impact-card"[39m
  [36m>[39m
    [36m<div[39m
      [33mclass[39m=[32m"text-slate-400 text-sm 
uppercase tracking-wider mb-2"[39m
    [36m>[39m
      [0mResponse Time[0m
    [36m</div>[39m
    [36m<div[39m
      [33mclass[39m=[32m"text-5xl font-black 
text-blue-400 mb-2"[39m
    [36m>[39m
      [0m&lt;1 min[0m
    [36m</div>[39m
    [36m<div[39m
      [33mclass[39m=[32m"text-sm 
text-slate-500"[39m
    [36m>[39m
      [0mFrom 4 hours[0m
    [36m</div>[39m
  [36m</div>[39m
  [36m<div[39m
    [33mclass[39m=[32m"impact-card"[39m
  [36m>[39m
    [36m<div[39m
      [33mclass[39m=[32m"text-slate-400 text-sm 
uppercase tracking-wider mb-2"[39m
    [36m>[39m
      [0mCost Saving[0m
    [36m</div>[39m
    [36m<div[39m
      [33mclass[39m=[32m"text-5xl font-black 
text-orange-400 mb-2 flex justify-center"[39m
    [36m>[39m
      [0m0[0m
      [0mK[0m
    [36m</div>[39m
    [36m<div[39m
      [33mclass[39m=[32m"text-sm 
text-slate-500"[39m
    [36m>[39m
      [0mTHB / Month[0m
    [36m</div>[39m
  [36m</div>[39m
  [36m<div[39m
    [33mclass[39m=[32m"impact-card"[39m
  [36m>[39m
    [36m<div[39m
      [33mclass[39m=[32m"text-slate-400 text-sm 
uppercase tracking-wider mb-2"[39m
    [36m>[39m
      [0mPayback Period[0m
    [36m</div>[39m
    [36m<div[39m
      [33mclass[39m=[32m"text-5xl font-black 
text-purple-400 mb-2 flex justify-center"[39m
    [36m>[39m
      [0m0.0[0m
    [36m</div>[39m
    [36m<div[39m
      [33mclass[39m=[32m"text-sm 
text-slate-500"[39m
    [36m>[39m
      [0mMonths ROI[0m
    [36m</div>[39m
  [36m</div>[39m
[36m</div>[39m

Ignored nodes: comments, script, style
[36m<div[39m
  [33mclass[39m=[32m"impact-card"[39m
[36m>[39m
  [36m<div[39m
    [33mclass[39m=[32m"text-slate-400 text-sm 
uppercase tracking-wider mb-2"[39m
  [36m>[39m
    [0mAuto-Resolution[0m
  [36m</div>[39m
  [36m<div[39m
    [33mclass[39m=[32m"text-5xl font-black 
text-green-400 mb-2 flex justify-center"[39m
  [36m>[39m
    [0m0[0m
    [0m%[0m
  [36m</div>[39m
  [36m<div[39m
    [33mclass[39m=[32m"text-sm text-slate-500"[39m
  [36m>[39m
    [0mOf total tickets[0m
  [36m</div>[39m
[36m</div>[39m

Ignored nodes: comments, script, style
[36m<div[39m
  [33mclass[39m=[32m"impact-card"[39m
[36m>[39m
  [36m<div[39m
    [33mclass[39m=[32m"text-slate-400 text-sm 
uppercase tracking-wider mb-2"[39m
  [36m>[39m
    [0mResponse Time[0m
  [36m</div>[39m
  [36m<div[39m
    [33mclass[39m=[32m"text-5xl font-black 
text-blue-400 mb-2"[39m
  [36m>[39m
    [0m&lt;1 min[0m
  [36m</div>[39m
  [36m<div[39m
    [33mclass[39m=[32m"text-sm text-slate-500"[39m
  [36m>[39m
    [0mFrom 4 hours[0m
  [36m</div>[39m
[36m</div>[39m

Ignored nodes: comments, script, style
[36m<div[39m
  [33mclass[39m=[32m"impact-card"[39m
[36m>[39m
  [36m<div[39m
    [33mclass[39m=[32m"text-slate-400 text-sm 
uppercase tracking-wider mb-2"[39m
  [36m>[39m
    [0mCost Saving[0m
  [36m</div>[39m
  [36m<div[39m
    [33mclass[39m=[32m"text-5xl font-black 
text-orange-400 mb-2 flex justify-center"[39m
  [36m>[39m
    [0m0[0m
    [0mK[0m
  [36m</div>[39m
  [36m<div[39m
    [33mclass[39m=[32m"text-sm text-slate-500"[39m
  [36m>[39m
    [0mTHB / Month[0m
  [36m</div>[39m
[36m</div>[39m

Ignored nodes: comments, script, style
[36m<div[39m
  [33mclass[39m=[32m"impact-card"[39m
[36m>[39m
  [36m<div[39m
    [33mclass[39m=[32m"text-slate-400 text-sm 
uppercase tracking-wider mb-2"[39m
  [36m>[39m
    [0mPayback Period[0m
  [36m</div>[39m
  [36m<div[39m
    [33mclass[39m=[32m"text-5xl font-black 
text-purple-400 mb-2 flex justify-center"[39m
  [36m>[39m
    [0m0.0[0m
  [36m</div>[39m
  [36m<div[39m
    [33mclass[39m=[32m"text-sm text-slate-500"[39m
  [36m>[39m
    [0mMonths ROI[0m
  [36m</div>[39m
[36m</div>[39m

Ignored nodes: comments, script, style
[36m<div[39m
  [33mclass[39m=[32m"absolute top-0 left-0 w-full 
h-1 bg-gradient-to-r from-green-500 via-blue-500 
to-orange-500"[39m
[36m/>[39m

Ignored nodes: comments, script, style
[36m<div[39m
  [33mclass[39m=[32m"mt-16 flex justify-center 
animate-fade-in-up delay-300"[39m
[36m>[39m
  [36m<div[39m
    [33mclass[39m=[32m"text-left max-w-2xl 
bg-slate-800/50 p-6 rounded-xl border 
border-slate-700"[39m
  [36m>[39m
    [36m<h3[39m
      [33mclass[39m=[32m"text-xl font-bold 
text-white mb-4 flex items-center gap-2"[39m
    [36m>[39m
      [36m<svg[39m
        [33mclass[39m=[32m"lucide 
lucide-check-circle2 text-green-500"[39m
        [33mfill[39m=[32m"none"[39m
        [33mheight[39m=[32m"24"[39m
        [33mstroke[39m=[32m"currentColor"[39m
        [33mstroke-linecap[39m=[32m"round"[39m
        [33mstroke-linejoin[39m=[32m"round"[39m
        [33mstroke-width[39m=[32m"2"[39m
        [33mviewBox[39m=[32m"0 0 24 24"[39m
        [33mwidth[39m=[32m"24"[39m
        
[33mxmlns[39m=[32m"http://www.w3.org/2000/svg"[39m
      [36m>[39m
        [36m<circle[39m
          [33mcx[39m=[32m"12"[39m
          [33mcy[39m=[32m"12"[39m
          [33mr[39m=[32m"10"[39m
        [36m/>[39m
        [36m<path[39m
          [33md[39m=[32m"m9 12 2 2 4-4"[39m
        [36m/>[39m
      [36m</svg>[39m
      [0mWhy This Project Stands Out?[0m
    [36m</h3>[39m
    [36m<ul[39m
      [33mclass[39m=[32m"space-y-3 
text-slate-300"[39m
    [36m>[39m
      [36m<li[39m
        [33mclass[39m=[32m"flex gap-2"[39m
      [36m>[39m
        [36m<span[39m
          [33mclass[39m=[32m"text-orange-500"[39m
        [36m>[39m
          [0mโ€ข[0m
        [36m</span>[39m
        [36m<span>[39m
          [36m<b>[39m
            [0mReal Business Impact:[0m
          [36m</b>[39m
          [0m 
เนเธเนเธเธฑเธเธซเธฒเธเธญเธเธงเธ” 60% 
เธเธญเธเธญเธเธเนเธเธฃเนเธ”เนเธเธฃเธดเธ[0m
        [36m</span>[39m
      [36m</li>[39m
      [36m<li[39m
        [33mclass[39m=[32m"flex gap-2"[39m
      [36m>[39m
        [36m<span[39m
          [33mclass[39m=[32m"text-orange-500"[39m
        [36m>[39m
          [0mโ€ข[0m
        [36m</span>[39m
        [36m<span>[39m
          [36m<b>[39m
            [0mSafety-First:[0m
          [36m</b>[39m
          [0m เธกเธตเธฃเธฐเธเธเธเนเธญเธเธเธฑเธ
เธเธงเธฒเธกเน€เธชเธตเนเธขเธเน€เธฃเธทเนเธญเธเน€เธ
เธดเธเนเธฅเธฐ HR Action[0m
        [36m</span>[39m
      [36m</li>[39m
      [36m<li[39m
        [33mclass[39m=[32m"flex gap-2"[39m
      [36m>[39m
        [36m<span[39m
          [33mclass[39m=[32m"text-orange-500"[39m
        [36m>[39m
          [0mโ€ข[0m
        [36m</span>[39m
        [36m<span>[39m
          [36m<b>[39m
            [0mScalable:[0m
          [36m</b>[39m
          [0m เธญเธญเธเนเธเธ Architecture 
เนเธขเธเธชเนเธงเธ (WUT/WAY) 
เธฃเธญเธเธฃเธฑเธเธเธฒเธฃเธเธขเธฒเธขเธ•เธฑเธง[0m
        [36m</span>[39m
      [36m</li>[39m
    [36m</ul>[39m
  [36m</div>[39m
[36m</div>[39m

Ignored nodes: comments, script, style
[36m<div[39m
  [33mclass[39m=[32m"text-left max-w-2xl 
bg-slate-800/50 p-6 rounded-xl border 
border-slate-700"[39m
[36m>[39m
  [36m<h3[39m
    [33mclass[39m=[32m"text-xl font-bold 
text-white mb-4 flex items-center gap-2"[39m
  [36m>[39m
    [36m<svg[39m
      [33mclass[39m=[32m"lucide 
lucide-check-circle2 text-green-500"[39m
      [33mfill[39m=[32m"none"[39m
      [33mheight[39m=[32m"24"[39m
      [33mstroke[39m=[32m"currentColor"[39m
      [33mstroke-linecap[39m=[32m"round"[39m
      [33mstroke-linejoin[39m=[32m"round"[39m
      [33mstroke-width[39m=[32m"2"[39m
      [33mviewBox[39m=[32m"0 0 24 24"[39m
      [33mwidth[39m=[32m"24"[39m
      
[33mxmlns[39m=[32m"http://www.w3.org/2000/svg"[39m
    [36m>[39m
      [36m<circle[39m
        [33mcx[39m=[32m"12"[39m
        [33mcy[39m=[32m"12"[39m
        [33mr[39m=[32m"10"[39m
      [36m/>[39m
      [36m<path[39m
        [33md[39m=[32m"m9 12 2 2 4-4"[39m
      [36m/>[39m
    [36m</svg>[39m
    [0mWhy This Project Stands Out?[0m
  [36m</h3>[39m
  [36m<ul[39m
    [33mclass[39m=[32m"space-y-3 
text-slate-300"[39m
  [36m>[39m
    [36m<li[39m
      [33mclass[39m=[32m"flex gap-2"[39m
    [36m>[39m
      [36m<span[39m
        [33mclass[39m=[32m"text-orange-500"[39m
      [36m>[39m
        [0mโ€ข[0m
      [36m</span>[39m
      [36m<span>[39m
        [36m<b>[39m
          [0mReal Business Impact:[0m
        [36m</b>[39m
        [0m เนเธเนเธเธฑเธเธซเธฒเธเธญเธเธงเธ” 
60% 
เธเธญเธเธญเธเธเนเธเธฃเนเธ”เนเธเธฃเธดเธ[0m
      [36m</span>[39m
    [36m</li>[39m
    [36m<li[39m
      [33mclass[39m=[32m"flex gap-2"[39m
    [36m>[39m
      [36m<span[39m
        [33mclass[39m=[32m"text-orange-500"[39m
      [36m>[39m
        [0mโ€ข[0m
      [36m</span>[39m
      [36m<span>[39m
        [36m<b>[39m
          [0mSafety-First:[0m
        [36m</b>[39m
        [0m เธกเธตเธฃเธฐเธเธเธเนเธญเธเธเธฑเธเธ
เธงเธฒเธกเน€เธชเธตเนเธขเธเน€เธฃเธทเนเธญเธเน€เธเธ
ดเธเนเธฅเธฐ HR Action[0m
      [36m</span>[39m
    [36m</li>[39m
    [36m<li[39m
      [33mclass[39m=[32m"flex gap-2"[39m
    [36m>[39m
      [36m<span[39m
        [33mclass[39m=[32m"text-orange-500"[39m
      [36m>[39m
        [0mโ€ข[0m
      [36m</span>[39m
      [36m<span>[39m
        [36m<b>[39m
          [0mScalable:[0m
        [36m</b>[39m
        [0m เธญเธญเธเนเธเธ Architecture 
เนเธขเธเธชเนเธงเธ (WUT/WAY) 
เธฃเธญเธเธฃเธฑเธเธเธฒเธฃเธเธขเธฒเธขเธ•เธฑเธง[0m
      [36m</span>[39m
    [36m</li>[39m
  [36m</ul>[39m
[36m</div>[39m

Ignored nodes: comments, script, style
[36m<svg[39m
  [33mclass[39m=[32m"lucide lucide-check-circle2 
text-green-500"[39m
  [33mfill[39m=[32m"none"[39m
  [33mheight[39m=[32m"24"[39m
  [33mstroke[39m=[32m"currentColor"[39m
  [33mstroke-linecap[39m=[32m"round"[39m
  [33mstroke-linejoin[39m=[32m"round"[39m
  [33mstroke-width[39m=[32m"2"[39m
  [33mviewBox[39m=[32m"0 0 24 24"[39m
  [33mwidth[39m=[32m"24"[39m
  
[33mxmlns[39m=[32m"http://www.w3.org/2000/svg"[39m
[36m>[39m
  [36m<circle[39m
    [33mcx[39m=[32m"12"[39m
    [33mcy[39m=[32m"12"[39m
    [33mr[39m=[32m"10"[39m
  [36m/>[39m
  [36m<path[39m
    [33md[39m=[32m"m9 12 2 2 4-4"[39m
  [36m/>[39m
[36m</svg>[39m

Ignored nodes: comments, script, style
[36m<circle[39m
  [33mcx[39m=[32m"12"[39m
  [33mcy[39m=[32m"12"[39m
  [33mr[39m=[32m"10"[39m
[36m/>[39m

Ignored nodes: comments, script, style
[36m<path[39m
  [33md[39m=[32m"m9 12 2 2 4-4"[39m
[36m/>[39m

Ignored nodes: comments, script, style
[36m<ul[39m
  [33mclass[39m=[32m"space-y-3 text-slate-300"[39m
[36m>[39m
  [36m<li[39m
    [33mclass[39m=[32m"flex gap-2"[39m
  [36m>[39m
    [36m<span[39m
      [33mclass[39m=[32m"text-orange-500"[39m
    [36m>[39m
      [0mโ€ข[0m
    [36m</span>[39m
    [36m<span>[39m
      [36m<b>[39m
        [0mReal Business Impact:[0m
      [36m</b>[39m
      [0m เนเธเนเธเธฑเธเธซเธฒเธเธญเธเธงเธ” 
60% 
เธเธญเธเธญเธเธเนเธเธฃเนเธ”เนเธเธฃเธดเธ[0m
    [36m</span>[39m
  [36m</li>[39m
  [36m<li[39m
    [33mclass[39m=[32m"flex gap-2"[39m
  [36m>[39m
    [36m<span[39m
      [33mclass[39m=[32m"text-orange-500"[39m
    [36m>[39m
      [0mโ€ข[0m
    [36m</span>[39m
    [36m<span>[39m
      [36m<b>[39m
        [0mSafety-First:[0m
      [36m</b>[39m
      [0m เธกเธตเธฃเธฐเธเธเธเนเธญเธเธเธฑเธเธเ
ธงเธฒเธกเน€เธชเธตเนเธขเธเน€เธฃเธทเนเธญเธเน€เธเธดเ
ธเนเธฅเธฐ HR Action[0m
    [36m</span>[39m
  [36m</li>[39m
  [36m<li[39m
    [33mclass[39m=[32m"flex gap-2"[39m
  [36m>[39m
    [36m<span[39m
      [33mclass[39m=[32m"text-orange-500"[39m
    [36m>[39m
      [0mโ€ข[0m
    [36m</span>[39m
    [36m<span>[39m
      [36m<b>[39m
        [0mScalable:[0m
      [36m</b>[39m
      [0m เธญเธญเธเนเธเธ Architecture 
เนเธขเธเธชเนเธงเธ (WUT/WAY) 
เธฃเธญเธเธฃเธฑเธเธเธฒเธฃเธเธขเธฒเธขเธ•เธฑเธง[0m
    [36m</span>[39m
  [36m</li>[39m
[36m</ul>[39m

Ignored nodes: comments, script, style
[36m<li[39m
  [33mclass[39m=[32m"flex gap-2"[39m
[36m>[39m
  [36m<span[39m
    [33mclass[39m=[32m"text-orange-500"[39m
  [36m>[39m
    [0mโ€ข[0m
  [36m</span>[39m
  [36m<span>[39m
    [36m<b>[39m
      [0mReal Business Impact:[0m
    [36m</b>[39m
    [0m เนเธเนเธเธฑเธเธซเธฒเธเธญเธเธงเธ” 60% 
เธเธญเธเธญเธเธเนเธเธฃเนเธ”เนเธเธฃเธดเธ[0m
  [36m</span>[39m
[36m</li>[39m

Ignored nodes: comments, script, style
[36m<li[39m
  [33mclass[39m=[32m"flex gap-2"[39m
[36m>[39m
  [36m<span[39m
    [33mclass[39m=[32m"text-orange-500"[39m
  [36m>[39m
    [0mโ€ข[0m
  [36m</span>[39m
  [36m<span>[39m
    [36m<b>[39m
      [0mSafety-First:[0m
    [36m</b>[39m
    [0m เธกเธตเธฃเธฐเธเธเธเนเธญเธเธเธฑเธเธเธง
เธฒเธกเน€เธชเธตเนเธขเธเน€เธฃเธทเนเธญเธเน€เธเธดเธ
เนเธฅเธฐ HR Action[0m
  [36m</span>[39m
[36m</li>[39m

Ignored nodes: comments, script, style
[36m<li[39m
  [33mclass[39m=[32m"flex gap-2"[39m
[36m>[39m
  [36m<span[39m
    [33mclass[39m=[32m"text-orange-500"[39m
  [36m>[39m
    [0mโ€ข[0m
  [36m</span>[39m
  [36m<span>[39m
    [36m<b>[39m
      [0mScalable:[0m
    [36m</b>[39m
    [0m เธญเธญเธเนเธเธ Architecture 
เนเธขเธเธชเนเธงเธ (WUT/WAY) 
เธฃเธญเธเธฃเธฑเธเธเธฒเธฃเธเธขเธฒเธขเธ•เธฑเธง[0m
  [36m</span>[39m
[36m</li>[39m

Ignored nodes: comments, script, style
[36m<footer[39m
  [33mclass[39m=[32m"py-8 text-center 
text-slate-600 text-sm bg-[#050911] border-t 
border-slate-800"[39m
[36m>[39m
  [36m<p>[39m
    [0mPrepared for Mango Consultant Interview โ€ข 
Jan 15, 2026[0m
  [36m</p>[39m
  [36m<p[39m
    [33mclass[39m=[32m"mt-1 opacity-50"[39m
  [36m>[39m
    [0mWUT & WAY Team[0m
  [36m</p>[39m
[36m</footer>[39m

(If this is intentional, then use the `*AllBy*` 
variant of the query (like `queryAllByText`, 
`getAllByText`, or `findAllByText`)).

Ignored nodes: comments, script, style
[36m<body>[39m
  [36m<div>[39m
    [36m<div[39m
      [33mclass[39m=[32m"min-h-screen bg-[#0f172a] 
text-slate-200 font-sans selection:bg-orange-500 
selection:text-white overflow-x-hidden relative"[39m
    [36m>[39m
      [36m<nav[39m
        [33mclass[39m=[32m"fixed w-full z-50 
glass-panel border-b-0 border-b-white/5 
backdrop-blur-xl bg-slate-900/80"[39m
      [36m>[39m
        [36m<div[39m
          [33mclass[39m=[32m"max-w-7xl mx-auto 
px-6 h-16 flex items-center justify-between"[39m
        [36m>[39m
          [36m<div[39m
            [33mclass[39m=[32m"flex items-center 
gap-2 font-bold text-xl tracking-tight 
cursor-pointer"[39m
          [36m>[39m
            [36m<div[39m
              [33mclass[39m=[32m"w-8 h-8 
bg-gradient-to-br from-orange-400 to-red-500 
rounded-lg flex items-center justify-center shadow-lg 
shadow-orange-500/20"[39m
            [36m>[39m
              [36m<svg[39m
                [33mclass[39m=[32m"lucide 
lucide-bot w-5 h-5 text-white"[39m
                [33mfill[39m=[32m"none"[39m
                [33mheight[39m=[32m"24"[39m
                
[33mstroke[39m=[32m"currentColor"[39m
                
[33mstroke-linecap[39m=[32m"round"[39m
                
[33mstroke-linejoin[39m=[32m"round"[39m
                [33mstroke-width[39m=[32m"2"[39m
                [33mviewBox[39m=[32m"0 0 24 
24"[39m
                [33mwidth[39m=[32m"24"[39m
                
[33mxmlns[39m=[32m"http://www.w3.org/2000/svg"[39m
              [36m>[39m
                [36m<path[39m
                  [33md[39m=[32m"M12 8V4H8"[39m
                [36m/>[39m
                [36m<rect[39m
                  [33mheight[39m=[32m"12"[39m
                  [33mrx[39m=[32m"2"[39m
                  [33mwidth[39m=[32m"16"[39m
                  [33mx[39m=[32m"4"[39m
                  [33my[39m=[32m"8"[39m
                [36m/>[39m
                [36m<path[39m
                  [33md[39m=[32m"M2 14h2"[39m
                [36m/>[39m
                [36m<path[39m
                  [33md[39m=[32m"M20 14h2"[39m
                [36m/>[39m
                [36m<path[39m
                  [33md[39m=[32m"M15 13v2"[39m
                [36m/>[39m
                [36m<path[39m
                  [33md[39m=[32m"M9 13v2"[39m
                [36m/>[39m
              [36m</svg>[39m
            [36m</div>[39m
            [36m<span[39m
              [33mclass[39m=[32m"text-white"[39m
            [36m>[39m
              [0mMango[0m
              [36m<span[39m
                
[33mclass[39m=[32m"text-orange-400"[39m
              [36m>[39m
                [0mHelpdesk[0m
              [36m</span>[39m
            [36m</span>[39m
          [36m</div>[39m
          [36m<div[39m
            [33mclass[39m=[32m"hidden md:flex 
gap-6 text-sm font-medium text-slate-400"[39m
          [36m>[39m
            [36m<button[39m
              
[33mclass[39m=[32m"hover:text-orange-400 
transition-colors "[39m
            [36m>[39m
              [0mProblem[0m
            [36m</button>[39m
            [36m<button[39m
              
[33mclass[39m=[32m"hover:text-orange-400 
transition-colors "[39m
            [36m>[39m
              [0mSolution[0m
            [36m</button>[39m
            [36m<button[39m
              
[33mclass[39m=[32m"hover:text-orange-400 
transition-colors "[39m
            [36m>[39m
              [0mDemo[0m
            [36m</button>[39m
            [36m<button[39m
              
[33mclass[39m=[32m"hover:text-orange-400 
transition-colors "[39m
            [36m>[39m
              [0mImpact[0m
            [36m</button>[39m
          [36m</div>[39m
          [36m<div[39m
            [33mclass[39m=[32m"text-xs font-mono 
text-slate-500 border border-slate-700 px-3 py-1 
rounded-full flex items-center gap-2"[39m
          [36m>[39m
            [36m<span[39m
              [33mclass[39m=[32m"w-2 h-2 
rounded-full bg-green-500 animate-pulse"[39m
            [36m/>[39m
            [0mSystem Online v1.0.0[0m
          [36m</div>[39m
        [36m</div>[39m
      [36m</nav>[39m
      [36m<section[39m
        [33mclass[39m=[32m"relative z-10 pt-32 
pb-20 px-6 flex flex-col items-center justify-center 
text-center min-h-[90vh] bg-grid-pattern 
overflow-hidden"[39m
        [33mid[39m=[32m"hero"[39m
      [36m>[39m
        [36m<div[39m
          [33mclass[39m=[32m"absolute inset-0 
bg-gradient-to-b from-transparent via-[#0f172a]/50 
to-[#0f172a] pointer-events-none"[39m
        [36m/>[39m
        [36m<div[39m
          [33mclass[39m=[32m"absolute inset-0 
opacity-20 pointer-events-none"[39m
        [36m>[39m
          [36m<svg[39m
            [33mclass[39m=[32m"lucide 
lucide-database absolute top-[20%] left-[10%] w-16 
h-16 text-purple-500 animate-float delay-100"[39m
            [33mfill[39m=[32m"none"[39m
            [33mheight[39m=[32m"24"[39m
            [33mstroke[39m=[32m"currentColor"[39m
            [33mstroke-linecap[39m=[32m"round"[39m
            
[33mstroke-linejoin[39m=[32m"round"[39m
            [33mstroke-width[39m=[32m"2"[39m
            [33mviewBox[39m=[32m"0 0 24 24"[39m
            [33mwidth[39m=[32m"24"[39m
            
[33mxmlns[39m=[32m"http://www.w3.org/2000/svg"[39m
          [36m>[39m
            [36m<ellipse[39m
              [33mcx[39m=[32m"12"[39m
              [33mcy[39m=[32m"5"[39m
              [33mrx[39m=[32m"9"[39m
              [33mry[39m=[32m"3"[39m
            [36m/>[39m
            [36m<path[39m
              [33md[39m=[32m"M3 5V19A9 3 0 0 0 21 
19V5"[39m
            [36m/>[39m
            [36m<path[39m
              [33md[39m=[32m"M3 12A9 3 0 0 0 21 
12"[39m
            [36m/>[39m
          [36m</svg>[39m
          [36m<svg[39m
            [33mclass[39m=[32m"lucide lucide-zap 
absolute top-[15%] right-[15%] w-12 h-12 
text-orange-500 animate-float delay-300"[39m
            [33mfill[39m=[32m"none"[39m
            [33mheight[39m=[32m"24"[39m
            [33mstroke[39m=[32m"currentColor"[39m
            [33mstroke-linecap[39m=[32m"round"[39m
            
[33mstroke-linejoin[39m=[32m"round"[39m
            [33mstroke-width[39m=[32m"2"[39m
            [33mviewBox[39m=[32m"0 0 24 24"[39m
            [33mwidth[39m=[32m"24"[39m
            
[33mxmlns[39m=[32m"http://www.w3.org/2000/svg"[39m
          [36m>[39m
            [36m<polygon[39m
              [33mpoints[39m=[32m"13 2 3 14 12 14 
11 22 21 10 12 10 13 2"[39m
            [36m/>[39m
          [36m</svg>[39m
          [36m<svg[39m
            [33mclass[39m=[32m"lucide 
lucide-shield-alert absolute bottom-[30%] left-[20%] 
w-10 h-10 text-green-500 animate-float delay-500"[39m
            [33mfill[39m=[32m"none"[39m
            [33mheight[39m...

Ignored nodes: comments, script, style
[36m<html[39m
  [33mclass[39m=[32m"lenis"[39m
[36m>[39m
  [36m<head />[39m
  [36m<body>[39m
    [36m<div>[39m
      [36m<div[39m
        [33mclass[39m=[32m"min-h-screen 
bg-[#0f172a] text-slate-200 font-sans 
selection:bg-orange-500 selection:text-white 
overflow-x-hidden relative"[39m
      [36m>[39m
        [36m<nav[39m
          [33mclass[39m=[32m"fixed w-full z-50 
glass-panel border-b-0 border-b-white/5 
backdrop-blur-xl bg-slate-900/80"[39m
        [36m>[39m
          [36m<div[39m
            [33mclass[39m=[32m"max-w-7xl mx-auto 
px-6 h-16 flex items-center justify-between"[39m
          [36m>[39m
            [36m<div[39m
              [33mclass[39m=[32m"flex items-center 
gap-2 font-bold text-xl tracking-tight 
cursor-pointer"[39m
            [36m>[39m
              [36m<div[39m
                [33mclass[39m=[32m"w-8 h-8 
bg-gradient-to-br from-orange-400 to-red-500 
rounded-lg flex items-center justify-center shadow-lg 
shadow-orange-500/20"[39m
              [36m>[39m
                [36m<svg[39m
                  [33mclass[39m=[32m"lucide 
lucide-bot w-5 h-5 text-white"[39m
                  [33mfill[39m=[32m"none"[39m
                  [33mheight[39m=[32m"24"[39m
                  
[33mstroke[39m=[32m"currentColor"[39m
                  
[33mstroke-linecap[39m=[32m"round"[39m
                  
[33mstroke-linejoin[39m=[32m"round"[39m
                  [33mstroke-width[39m=[32m"2"[39m
                  [33mviewBox[39m=[32m"0 0 24 
24"[39m
                  [33mwidth[39m=[32m"24"[39m
                  
[33mxmlns[39m=[32m"http://www.w3.org/2000/svg"[39m
                [36m>[39m
                  [36m<path[39m
                    [33md[39m=[32m"M12 8V4H8"[39m
                  [36m/>[39m
                  [36m<rect[39m
                    [33mheight[39m=[32m"12"[39m
                    [33mrx[39m=[32m"2"[39m
                    [33mwidth[39m=[32m"16"[39m
                    [33mx[39m=[32m"4"[39m
                    [33my[39m=[32m"8"[39m
                  [36m/>[39m
                  [36m<path[39m
                    [33md[39m=[32m"M2 14h2"[39m
                  [36m/>[39m
                  [36m<path[39m
                    [33md[39m=[32m"M20 14h2"[39m
                  [36m/>[39m
                  [36m<path[39m
                    [33md[39m=[32m"M15 13v2"[39m
                  [36m/>[39m
                  [36m<path[39m
                    [33md[39m=[32m"M9 13v2"[39m
                  [36m/>[39m
                [36m</svg>[39m
              [36m</div>[39m
              [36m<span[39m
                [33mclass[39m=[32m"text-white"[39m
              [36m>[39m
                [0mMango[0m
                [36m<span[39m
                  
[33mclass[39m=[32m"text-orange-400"[39m
                [36m>[39m
                  [0mHelpdesk[0m
                [36m</span>[39m
              [36m</span>[39m
            [36m</div>[39m
            [36m<div[39m
              [33mclass[39m=[32m"hidden md:flex 
gap-6 text-sm font-medium text-slate-400"[39m
            [36m>[39m
              [36m<button[39m
                
[33mclass[39m=[32m"hover:text-orange-400 
transition-colors "[39m
              [36m>[39m
                [0mProblem[0m
              [36m</button>[39m
              [36m<button[39m
                
[33mclass[39m=[32m"hover:text-orange-400 
transition-colors "[39m
              [36m>[39m
                [0mSolution[0m
              [36m</button>[39m
              [36m<button[39m
                
[33mclass[39m=[32m"hover:text-orange-400 
transition-colors "[39m
              [36m>[39m
                [0mDemo[0m
              [36m</button>[39m
              [36m<button[39m
                
[33mclass[39m=[32m"hover:text-orange-400 
transition-colors "[39m
              [36m>[39m
                [0mImpact[0m
              [36m</button>[39m
            [36m</div>[39m
            [36m<div[39m
              [33mclass[39m=[32m"text-xs font-mono 
text-slate-500 border border-slate-700 px-3 py-1 
rounded-full flex items-center gap-2"[39m
            [36m>[39m
              [36m<span[39m
                [33mclass[39m=[32m"w-2 h-2 
rounded-full bg-green-500 animate-pulse"[39m
              [36m/>[39m
              [0mSystem Online v1.0.0[0m
            [36m</div>[39m
          [36m</div>[39m
        [36m</nav>[39m
        [36m<section[39m
          [33mclass[39m=[32m"relative z-10 pt-32 
pb-20 px-6 flex flex-col items-center justify-center 
text-center min-h-[90vh] bg-grid-pattern 
overflow-hidden"[39m
          [33mid[39m=[32m"hero"[39m
        [36m>[39m
          [36m<div[39m
            [33mclass[39m=[32m"absolute inset-0 
bg-gradient-to-b from-transparent via-[#0f172a]/50 
to-[#0f172a] pointer-events-none"[39m
          [36m/>[39m
          [36m<div[39m
            [33mclass[39m=[32m"absolute inset-0 
opacity-20 pointer-events-none"[39m
          [36m>[39m
            [36m<svg[39m
              [33mclass[39m=[32m"lucide 
lucide-database absolute top-[20%] left-[10%] w-16 
h-16 text-purple-500 animate-float delay-100"[39m
              [33mfill[39m=[32m"none"[39m
              [33mheight[39m=[32m"24"[39m
              
[33mstroke[39m=[32m"currentColor"[39m
              
[33mstroke-linecap[39m=[32m"round"[39m
              
[33mstroke-linejoin[39m=[32m"round"[39m
              [33mstroke-width[39m=[32m"2"[39m
              [33mviewBox[39m=[32m"0 0 24 24"[39m
              [33mwidth[39m=[32m"24"[39m
              
[33mxmlns[39m=[32m"http://www.w3.org/2000/svg"[39m
            [36m>[39m
              [36m<ellipse[39m
                [33mcx[39m=[32m"12"[39m
                [33mcy[39m=[32m"5"[39m
                [33mrx[39m=[32m"9"[39m
                [33mry[39m=[32m"3"[39m
              [36m/>[39m
              [36m<path[39m
                [33md[39m=[32m"M3 5V19A9 3 0 0 0 
21 19V5"[39m
              [36m/>[39m
              [36m<path[39m
                [33md[39m=[32m"M3 12A9 3 0 0 0 21 
12"[39m
              [36m/>[39m
            [36m</svg>[39m
            [36m<svg[39m
              [33mclass[39m=[32m"lucide lucide-zap 
absolute top-[15%] right-[15%] w-12 h-12 
text-orange-500 animate-float delay-300"[39m
              [33mfill[39m=[32m"none"[39m
              [33mheight[39m=[32m"24"[39m
              
[33mstroke[39m=[32m"currentColor"[39m
              
[33mstroke-linecap[39m=[32m"round"[39m
              
[33mstroke-linejoin[39m=[32m"round"[39m
              [33mstroke-width[39m=[32m"2"[39m
              [33mviewBox[39m=[32m"0 0 24 24"[39m
              [33mwidth[39m=[32m"24"[39m
              
[33mxmlns[39m=[32m"http://www.w3.org/2000/svg"[39m
            [36m>[39m
              [36m<polygon[39m
   ...
[90m [2mโฏ[22m Proxy.waitForWrapper node_modules/@
testing-library/react/node_modules/@testing-library/do
m/dist/wait-for.js:[2m163:27[22m[39m
[36m [2mโฏ[22m src/__tests__/unit/components/App.p
aranoid.test.jsx:[2m81:19[22m[39m
    [90m 79| [39m
    [90m 80| [39m            [90m// Should not add 
any user message[39m
    [90m 81| [39m            [35mawait[39m 
[34mwaitFor[39m(() [33m=>[39m {
    [90m   | [39m                  [31m^[39m
    [90m 82| [39m                [34mexpect[39m(sc
reen[33m.[39m[34mqueryByText[39m([36m/^$/[39m))
[33m.[39mnot[33m.[39m[34mtoBeInTheDocument[39mโ€ฆ
    [90m 83| [39m            })[33m;[39m

[31m[2mโฏโฏโฏโฏโฏโฏโฏโฏโฏโฏโฏโฏโฏโฏโฏ
โฏโฏโฏโฏโฏโฏโฏโฏ[1/25]โฏ[22m[39m

[31m[1m[7m FAIL [27m[22m[39m src/__tests__/unit/
components/App.paranoid.test.jsx[2m > [22mApp 
Component - PARANOID MODE[2m > [22mInput Validation 
- PARANOID[2m > [22mshould reject whitespace-only 
messages
[31m[1mError[22m[39m: [2mexpect([22m[31melement
[39m[2m).toHaveValue()[22m

Expected the element to have value:
[32m[39m
Received:
[31m   	  [39m

Ignored nodes: comments, script, style
[36m<html[39m
  [33mclass[39m=[32m"lenis"[39m
[36m>[39m
  [36m<head />[39m
  [36m<body>[39m
    [36m<div>[39m
      [36m<div[39m
        [33mclass[39m=[32m"min-h-screen 
bg-[#0f172a] text-slate-200 font-sans 
selection:bg-orange-500 selection:text-white 
overflow-x-hidden relative"[39m
      [36m>[39m
        [36m<nav[39m
          [33mclass[39m=[32m"fixed w-full z-50 
glass-panel border-b-0 border-b-white/5 
backdrop-blur-xl bg-slate-900/80"[39m
        [36m>[39m
          [36m<div[39m
            [33mclass[39m=[32m"max-w-7xl mx-auto 
px-6 h-16 flex items-center justify-between"[39m
          [36m>[39m
            [36m<div[39m
              [33mclass[39m=[32m"flex items-center 
gap-2 font-bold text-xl tracking-tight 
cursor-pointer"[39m
            [36m>[39m
              [36m<div[39m
                [33mclass[39m=[32m"w-8 h-8 
bg-gradient-to-br from-orange-400 to-red-500 
rounded-lg flex items-center justify-center shadow-lg 
shadow-orange-500/20"[39m
              [36m>[39m
                [36m<svg[39m
                  [33mclass[39m=[32m"lucide 
lucide-bot w-5 h-5 text-white"[39m
                  [33mfill[39m=[32m"none"[39m
                  [33mheight[39m=[32m"24"[39m
                  
[33mstroke[39m=[32m"currentColor"[39m
                  
[33mstroke-linecap[39m=[32m"round"[39m
                  
[33mstroke-linejoin[39m=[32m"round"[39m
                  [33mstroke-width[39m=[32m"2"[39m
                  [33mviewBox[39m=[32m"0 0 24 
24"[39m
                  [33mwidth[39m=[32m"24"[39m
                  
[33mxmlns[39m=[32m"http://www.w3.org/2000/svg"[39m
                [36m>[39m
                  [36m<path[39m
                    [33md[39m=[32m"M12 8V4H8"[39m
                  [36m/>[39m
                  [36m<rect[39m
                    [33mheight[39m=[32m"12"[39m
                    [33mrx[39m=[32m"2"[39m
                    [33mwidth[39m=[32m"16"[39m
                    [33mx[39m=[32m"4"[39m
                    [33my[39m=[32m"8"[39m
                  [36m/>[39m
                  [36m<path[39m
                    [33md[39m=[32m"M2 14h2"[39m
                  [36m/>[39m
                  [36m<path[39m
                    [33md[39m=[32m"M20 14h2"[39m
                  [36m/>[39m
                  [36m<path[39m
                    [33md[39m=[32m"M15 13v2"[39m
                  [36m/>[39m
                  [36m<path[39m
                    [33md[39m=[32m"M9 13v2"[39m
                  [36m/>[39m
                [36m</svg>[39m
              [36m</div>[39m
              [36m<span[39m
                [33mclass[39m=[32m"text-white"[39m
              [36m>[39m
                [0mMango[0m
                [36m<span[39m
                  
[33mclass[39m=[32m"text-orange-400"[39m
                [36m>[39m
                  [0mHelpdesk[0m
                [36m</span>[39m
              [36m</span>[39m
            [36m</div>[39m
            [36m<div[39m
              [33mclass[39m=[32m"hidden md:flex 
gap-6 text-sm font-medium text-slate-400"[39m
            [36m>[39m
              [36m<button[39m
                
[33mclass[39m=[32m"hover:text-orange-400 
transition-colors "[39m
              [36m>[39m
                [0mProblem[0m
              [36m</button>[39m
              [36m<button[39m
                
[33mclass[39m=[32m"hover:text-orange-400 
transition-colors "[39m
              [36m>[39m
                [0mSolution[0m
              [36m</button>[39m
              [36m<button[39m
                
[33mclass[39m=[32m"hover:text-orange-400 
transition-colors "[39m
              [36m>[39m
                [0mDemo[0m
              [36m</button>[39m
              [36m<button[39m
                
[33mclass[39m=[32m"hover:text-orange-400 
transition-colors "[39m
              [36m>[39m
                [0mImpact[0m
              [36m</button>[39m
            [36m</div>[39m
            [36m<div[39m
              [33mclass[39m=[32m"text-xs font-mono 
text-slate-500 border border-slate-700 px-3 py-1 
rounded-full flex items-center gap-2"[39m
            [36m>[39m
              [36m<span[39m
                [33mclass[39m=[32m"w-2 h-2 
rounded-full bg-green-500 animate-pulse"[39m
              [36m/>[39m
              [0mSystem Online v1.0.0[0m
            [36m</div>[39m
          [36m</div>[39m
        [36m</nav>[39m
        [36m<section[39m
          [33mclass[39m=[32m"relative z-10 pt-32 
pb-20 px-6 flex flex-col items-center justify-center 
text-center min-h-[90vh] bg-grid-pattern 
overflow-hidden"[39m
          [33mid[39m=[32m"hero"[39m
        [36m>[39m
          [36m<div[39m
            [33mclass[39m=[32m"absolute inset-0 
bg-gradient-to-b from-transparent via-[#0f172a]/50 
to-[#0f172a] pointer-events-none"[39m
          [36m/>[39m
          [36m<div[39m
            [33mclass[39m=[32m"absolute inset-0 
opacity-20 pointer-events-none"[39m
          [36m>[39m
            [36m<svg[39m
              [33mclass[39m=[32m"lucide 
lucide-database absolute top-[20%] left-[10%] w-16 
h-16 text-purple-500 animate-float delay-100"[39m
              [33mfill[39m=[32m"none"[39m
              [33mheight[39m=[32m"24"[39m
              
[33mstroke[39m=[32m"currentColor"[39m
              
[33mstroke-linecap[39m=[32m"round"[39m
              
[33mstroke-linejoin[39m=[32m"round"[39m
              [33mstroke-width[39m=[32m"2"[39m
              [33mviewBox[39m=[32m"0 0 24 24"[39m
              [33mwidth[39m=[32m"24"[39m
              
[33mxmlns[39m=[32m"http://www.w3.org/2000/svg"[39m
            [36m>[39m
              [36m<ellipse[39m
                [33mcx[39m=[32m"12"[39m
                [33mcy[39m=[32m"5"[39m
                [33mrx[39m=[32m"9"[39m
                [33mry[39m=[32m"3"[39m
              [36m/>[39m
              [36m<path[39m
                [33md[39m=[32m"M3 5V19A9 3 0 0 0 
21 19V5"[39m
              [36m/>[39m
              [36m<path[39m
                [33md[39m=[32m"M3 12A9 3 0 0 0 21 
12"[39m
              [36m/>[39m
            [36m</svg>[39m
            [36m<svg[39m
              [33mclass[39m=[32m"lucide lucide-zap 
absolute top-[15%] right-[15%] w-12 h-12 
text-orange-500 animate-float delay-300"[39m
              [33mfill[39m=[32m"none"[39m
              [33mheight[39m=[32m"24"[39m
              
[33mstroke[39m=[32m"currentColor"[39m
              
[33mstroke-linecap[39m=[32m"round"[39m
              
[33mstroke-linejoin[39m=[32m"round"[39m
              [33mstroke-width[39m=[32m"2"[39m
              [33mviewBox[39m=[32m"0 0 24 24"[39m
              [33mwidth[39m=[32m"24"[39m
              
[33mxmlns[39m=[32m"http://www.w3.org/2000/svg"[39m
            [36m>[39m
              [36m<polygon[39m
   ...
[36m [2mโฏ[22m src/__tests__/unit/components/App.p
aranoid.test.jsx:[2m96:31[22m[39m
    [90m 94| [39m            [90m// Input should 
be cleared but no message sent[39m
    [90m 95| [39m            [35mawait[39m 
[34mwaitFor[39m(() [33m=>[39m {
    [90m 96| [39m                [34mexpect[39m(in
put)[33m.[39m[34mtoHaveValue[39m([32m''[39m)[33
m;[39m
    [90m   | [39m                              
[31m^[39m
    [90m 97| [39m            })[33m;[39m
    [90m 98| [39m        })[33m;[39m
[90m [2mโฏ[22m 
runWithExpensiveErrorDiagnosticsDisabled node_modules/
@testing-library/react/node_modules/@testing-library/d
om/dist/config.js:[2m47:12[22m[39m
[90m [2mโฏ[22m checkCallback node_modules/@testing
-library/react/node_modules/@testing-library/dom/dist/
wait-for.js:[2m124:77[22m[39m
[90m [2mโฏ[22m Timeout.checkRealTimersCallback nod
e_modules/@testing-library/react/node_modules/@testing
-library/dom/dist/wait-for.js:[2m118:16[22m[39m

[31m[2mโฏโฏโฏโฏโฏโฏโฏโฏโฏโฏโฏโฏโฏโฏโฏ
โฏโฏโฏโฏโฏโฏโฏโฏ[2/25]โฏ[22m[39m

[31m[1m[7m FAIL [27m[22m[39m src/__tests__/unit/
components/App.paranoid.test.jsx[2m > [22mApp 
Component - PARANOID MODE[2m > [22mInput Validation 
- PARANOID[2m > [22mshould handle very long 
messages (10000+ chars)
[31m[1mError[22m: Test timed out in 10000ms.
If this is a long-running test, pass a timeout value 
as the last argument or configure it globally with 
"testTimeout".[39m
[31m[2mโฏโฏโฏโฏโฏโฏโฏโฏโฏโฏโฏโฏโฏโฏโฏ
โฏโฏโฏโฏโฏโฏโฏโฏ[3/25]โฏ[22m[39m

[31m[1m[7m FAIL [27m[22m[39m src/__tests__/unit/
components/App.paranoid.test.jsx[2m > [22mApp 
Component - PARANOID MODE[2m > [22mInput Validation 
- PARANOID[2m > [22mshould handle special 
characters safely
[31m[1mTestingLibraryElementError[22m[39m: Unable 
to find an element with the text: /script/i. This 
could be because the text is broken up by multiple 
elements. In this case, you can provide a function 
for your text matcher to make your matcher more 
flexible.

Ignored nodes: comments, script, style
[36m<body>[39m
  [36m<div>[39m
    [36m<div[39m
      [33mclass[39m=[32m"min-h-screen bg-[#0f172a] 
text-slate-200 font-sans selection:bg-orange-500 
selection:text-white overflow-x-hidden relative"[39m
    [36m>[39m
      [36m<nav[39m
        [33mclass[39m=[32m"fixed w-full z-50 
glass-panel border-b-0 border-b-white/5 
backdrop-blur-xl bg-slate-900/80"[39m
      [36m>[39m
        [36m<div[39m
          [33mclass[39m=[32m"max-w-7xl mx-auto 
px-6 h-16 flex items-center justify-between"[39m
        [36m>[39m
          [36m<div[39m
            [33mclass[39m=[32m"flex items-center 
gap-2 font-bold text-xl tracking-tight 
cursor-pointer"[39m
          [36m>[39m
            [36m<div[39m
              [33mclass[39m=[32m"w-8 h-8 
bg-gradient-to-br from-orange-400 to-red-500 
rounded-lg flex items-center justify-center shadow-lg 
shadow-orange-500/20"[39m
            [36m>[39m
              [36m<svg[39m
                [33mclass[39m=[32m"lucide 
lucide-bot w-5 h-5 text-white"[39m
                [33mfill[39m=[32m"none"[39m
                [33mheight[39m=[32m"24"[39m
                
[33mstroke[39m=[32m"currentColor"[39m
                
[33mstroke-linecap[39m=[32m"round"[39m
                
[33mstroke-linejoin[39m=[32m"round"[39m
                [33mstroke-width[39m=[32m"2"[39m
                [33mviewBox[39m=[32m"0 0 24 
24"[39m
                [33mwidth[39m=[32m"24"[39m
                
[33mxmlns[39m=[32m"http://www.w3.org/2000/svg"[39m
              [36m>[39m
                [36m<path[39m
                  [33md[39m=[32m"M12 8V4H8"[39m
                [36m/>[39m
                [36m<rect[39m
                  [33mheight[39m=[32m"12"[39m
                  [33mrx[39m=[32m"2"[39m
                  [33mwidth[39m=[32m"16"[39m
                  [33mx[39m=[32m"4"[39m
                  [33my[39m=[32m"8"[39m
                [36m/>[39m
                [36m<path[39m
                  [33md[39m=[32m"M2 14h2"[39m
                [36m/>[39m
                [36m<path[39m
                  [33md[39m=[32m"M20 14h2"[39m
                [36m/>[39m
                [36m<path[39m
                  [33md[39m=[32m"M15 13v2"[39m
                [36m/>[39m
                [36m<path[39m
                  [33md[39m=[32m"M9 13v2"[39m
                [36m/>[39m
              [36m</svg>[39m
            [36m</div>[39m
            [36m<span[39m
              [33mclass[39m=[32m"text-white"[39m
            [36m>[39m
              [0mMango[0m
              [36m<span[39m
                
[33mclass[39m=[32m"text-orange-400"[39m
              [36m>[39m
                [0mHelpdesk[0m
              [36m</span>[39m
            [36m</span>[39m
          [36m</div>[39m
          [36m<div[39m
            [33mclass[39m=[32m"hidden md:flex 
gap-6 text-sm font-medium text-slate-400"[39m
          [36m>[39m
            [36m<button[39m
              
[33mclass[39m=[32m"hover:text-orange-400 
transition-colors "[39m
            [36m>[39m
              [0mProblem[0m
            [36m</button>[39m
            [36m<button[39m
              
[33mclass[39m=[32m"hover:text-orange-400 
transition-colors "[39m
            [36m>[39m
              [0mSolution[0m
            [36m</button>[39m
            [36m<button[39m
              
[33mclass[39m=[32m"hover:text-orange-400 
transition-colors "[39m
            [36m>[39m
              [0mDemo[0m
            [36m</button>[39m
            [36m<button[39m
              
[33mclass[39m=[32m"hover:text-orange-400 
transition-colors "[39m
            [36m>[39m
              [0mImpact[0m
            [36m</button>[39m
          [36m</div>[39m
          [36m<div[39m
            [33mclass[39m=[32m"text-xs font-mono 
text-slate-500 border border-slate-700 px-3 py-1 
rounded-full flex items-center gap-2"[39m
          [36m>[39m
            [36m<span[39m
              [33mclass[39m=[32m"w-2 h-2 
rounded-full bg-green-500 animate-pulse"[39m
            [36m/>[39m
            [0mSystem Online v1.0.0[0m
          [36m</div>[39m
        [36m</div>[39m
      [36m</nav>[39m
      [36m<section[39m
        [33mclass[39m=[32m"relative z-10 pt-32 
pb-20 px-6 flex flex-col items-center justify-center 
text-center min-h-[90vh] bg-grid-pattern 
overflow-hidden"[39m
        [33mid[39m=[32m"hero"[39m
      [36m>[39m
        [36m<div[39m
          [33mclass[39m=[32m"absolute inset-0 
bg-gradient-to-b from-transparent via-[#0f172a]/50 
to-[#0f172a] pointer-events-none"[39m
        [36m/>[39m
        [36m<div[39m
          [33mclass[39m=[32m"absolute inset-0 
opacity-20 pointer-events-none"[39m
        [36m>[39m
          [36m<svg[39m
            [33mclass[39m=[32m"lucide 
lucide-database absolute top-[20%] left-[10%] w-16 
h-16 text-purple-500 animate-float delay-100"[39m
            [33mfill[39m=[32m"none"[39m
            [33mheight[39m=[32m"24"[39m
            [33mstroke[39m=[32m"currentColor"[39m
            [33mstroke-linecap[39m=[32m"round"[39m
            
[33mstroke-linejoin[39m=[32m"round"[39m
            [33mstroke-width[39m=[32m"2"[39m
            [33mviewBox[39m=[32m"0 0 24 24"[39m
            [33mwidth[39m=[32m"24"[39m
            
[33mxmlns[39m=[32m"http://www.w3.org/2000/svg"[39m
          [36m>[39m
            [36m<ellipse[39m
              [33mcx[39m=[32m"12"[39m
              [33mcy[39m=[32m"5"[39m
              [33mrx[39m=[32m"9"[39m
              [33mry[39m=[32m"3"[39m
            [36m/>[39m
            [36m<path[39m
              [33md[39m=[32m"M3 5V19A9 3 0 0 0 21 
19V5"[39m
            [36m/>[39m
            [36m<path[39m
              [33md[39m=[32m"M3 12A9 3 0 0 0 21 
12"[39m
            [36m/>[39m
          [36m</svg>[39m
          [36m<svg[39m
            [33mclass[39m=[32m"lucide lucide-zap 
absolute top-[15%] right-[15%] w-12 h-12 
text-orange-500 animate-float delay-300"[39m
            [33mfill[39m=[32m"none"[39m
            [33mheight[39m=[32m"24"[39m
            [33mstroke[39m=[32m"currentColor"[39m
            [33mstroke-linecap[39m=[32m"round"[39m
            
[33mstroke-linejoin[39m=[32m"round"[39m
            [33mstroke-width[39m=[32m"2"[39m
            [33mviewBox[39m=[32m"0 0 24 24"[39m
            [33mwidth[39m=[32m"24"[39m
            
[33mxmlns[39m=[32m"http://www.w3.org/2000/svg"[39m
          [36m>[39m
            [36m<polygon[39m
              [33mpoints[39m=[32m"13 2 3 14 12 14 
11 22 21 10 12 10 13 2"[39m
            [36m/>[39m
          [36m</svg>[39m
          [36m<svg[39m
            [33mclass[39m=[32m"lucide 
lucide-shield-alert absolute bottom-[30%] left-[20%] 
w-10 h-10 text-green-500 animate-float delay-500"[39m
            [33mfill[39m=[32m"none"[39m
            [33mheight[39m...

Ignored nodes: comments, script, style
[36m<html[39m
  [33mclass[39m=[32m"lenis"[39m
[36m>[39m
  [36m<head />[39m
  [36m<body>[39m
    [36m<div>[39m
      [36m<div[39m
        [33mclass[39m=[32m"min-h-screen 
bg-[#0f172a] text-slate-200 font-sans 
selection:bg-orange-500 selection:text-white 
overflow-x-hidden relative"[39m
      [36m>[39m
        [36m<nav[39m
          [33mclass[39m=[32m"fixed w-full z-50 
glass-panel border-b-0 border-b-white/5 
backdrop-blur-xl bg-slate-900/80"[39m
        [36m>[39m
          [36m<div[39m
            [33mclass[39m=[32m"max-w-7xl mx-auto 
px-6 h-16 flex items-center justify-between"[39m
          [36m>[39m
            [36m<div[39m
              [33mclass[39m=[32m"flex items-center 
gap-2 font-bold text-xl tracking-tight 
cursor-pointer"[39m
            [36m>[39m
              [36m<div[39m
                [33mclass[39m=[32m"w-8 h-8 
bg-gradient-to-br from-orange-400 to-red-500 
rounded-lg flex items-center justify-center shadow-lg 
shadow-orange-500/20"[39m
              [36m>[39m
                [36m<svg[39m
                  [33mclass[39m=[32m"lucide 
lucide-bot w-5 h-5 text-white"[39m
                  [33mfill[39m=[32m"none"[39m
                  [33mheight[39m=[32m"24"[39m
                  
[33mstroke[39m=[32m"currentColor"[39m
                  
[33mstroke-linecap[39m=[32m"round"[39m
                  
[33mstroke-linejoin[39m=[32m"round"[39m
                  [33mstroke-width[39m=[32m"2"[39m
                  [33mviewBox[39m=[32m"0 0 24 
24"[39m
                  [33mwidth[39m=[32m"24"[39m
                  
[33mxmlns[39m=[32m"http://www.w3.org/2000/svg"[39m
                [36m>[39m
                  [36m<path[39m
                    [33md[39m=[32m"M12 8V4H8"[39m
                  [36m/>[39m
                  [36m<rect[39m
                    [33mheight[39m=[32m"12"[39m
                    [33mrx[39m=[32m"2"[39m
                    [33mwidth[39m=[32m"16"[39m
                    [33mx[39m=[32m"4"[39m
                    [33my[39m=[32m"8"[39m
                  [36m/>[39m
                  [36m<path[39m
                    [33md[39m=[32m"M2 14h2"[39m
                  [36m/>[39m
                  [36m<path[39m
                    [33md[39m=[32m"M20 14h2"[39m
                  [36m/>[39m
                  [36m<path[39m
                    [33md[39m=[32m"M15 13v2"[39m
                  [36m/>[39m
                  [36m<path[39m
                    [33md[39m=[32m"M9 13v2"[39m
                  [36m/>[39m
                [36m</svg>[39m
              [36m</div>[39m
              [36m<span[39m
                [33mclass[39m=[32m"text-white"[39m
              [36m>[39m
                [0mMango[0m
                [36m<span[39m
                  
[33mclass[39m=[32m"text-orange-400"[39m
                [36m>[39m
                  [0mHelpdesk[0m
                [36m</span>[39m
              [36m</span>[39m
            [36m</div>[39m
            [36m<div[39m
              [33mclass[39m=[32m"hidden md:flex 
gap-6 text-sm font-medium text-slate-400"[39m
            [36m>[39m
              [36m<button[39m
                
[33mclass[39m=[32m"hover:text-orange-400 
transition-colors "[39m
              [36m>[39m
                [0mProblem[0m
              [36m</button>[39m
              [36m<button[39m
                
[33mclass[39m=[32m"hover:text-orange-400 
transition-colors "[39m
              [36m>[39m
                [0mSolution[0m
              [36m</button>[39m
              [36m<button[39m
                
[33mclass[39m=[32m"hover:text-orange-400 
transition-colors "[39m
              [36m>[39m
                [0mDemo[0m
              [36m</button>[39m
              [36m<button[39m
                
[33mclass[39m=[32m"hover:text-orange-400 
transition-colors "[39m
              [36m>[39m
                [0mImpact[0m
              [36m</button>[39m
            [36m</div>[39m
            [36m<div[39m
              [33mclass[39m=[32m"text-xs font-mono 
text-slate-500 border border-slate-700 px-3 py-1 
rounded-full flex items-center gap-2"[39m
            [36m>[39m
              [36m<span[39m
                [33mclass[39m=[32m"w-2 h-2 
rounded-full bg-green-500 animate-pulse"[39m
              [36m/>[39m
              [0mSystem Online v1.0.0[0m
            [36m</div>[39m
          [36m</div>[39m
        [36m</nav>[39m
        [36m<section[39m
          [33mclass[39m=[32m"relative z-10 pt-32 
pb-20 px-6 flex flex-col items-center justify-center 
text-center min-h-[90vh] bg-grid-pattern 
overflow-hidden"[39m
          [33mid[39m=[32m"hero"[39m
        [36m>[39m
          [36m<div[39m
            [33mclass[39m=[32m"absolute inset-0 
bg-gradient-to-b from-transparent via-[#0f172a]/50 
to-[#0f172a] pointer-events-none"[39m
          [36m/>[39m
          [36m<div[39m
            [33mclass[39m=[32m"absolute inset-0 
opacity-20 pointer-events-none"[39m
          [36m>[39m
            [36m<svg[39m
              [33mclass[39m=[32m"lucide 
lucide-database absolute top-[20%] left-[10%] w-16 
h-16 text-purple-500 animate-float delay-100"[39m
              [33mfill[39m=[32m"none"[39m
              [33mheight[39m=[32m"24"[39m
              
[33mstroke[39m=[32m"currentColor"[39m
              
[33mstroke-linecap[39m=[32m"round"[39m
              
[33mstroke-linejoin[39m=[32m"round"[39m
              [33mstroke-width[39m=[32m"2"[39m
              [33mviewBox[39m=[32m"0 0 24 24"[39m
              [33mwidth[39m=[32m"24"[39m
              
[33mxmlns[39m=[32m"http://www.w3.org/2000/svg"[39m
            [36m>[39m
              [36m<ellipse[39m
                [33mcx[39m=[32m"12"[39m
                [33mcy[39m=[32m"5"[39m
                [33mrx[39m=[32m"9"[39m
                [33mry[39m=[32m"3"[39m
              [36m/>[39m
              [36m<path[39m
                [33md[39m=[32m"M3 5V19A9 3 0 0 0 
21 19V5"[39m
              [36m/>[39m
              [36m<path[39m
                [33md[39m=[32m"M3 12A9 3 0 0 0 21 
12"[39m
              [36m/>[39m
            [36m</svg>[39m
            [36m<svg[39m
              [33mclass[39m=[32m"lucide lucide-zap 
absolute top-[15%] right-[15%] w-12 h-12 
text-orange-500 animate-float delay-300"[39m
              [33mfill[39m=[32m"none"[39m
              [33mheight[39m=[32m"24"[39m
              
[33mstroke[39m=[32m"currentColor"[39m
              
[33mstroke-linecap[39m=[32m"round"[39m
              
[33mstroke-linejoin[39m=[32m"round"[39m
              [33mstroke-width[39m=[32m"2"[39m
              [33mviewBox[39m=[32m"0 0 24 24"[39m
              [33mwidth[39m=[32m"24"[39m
              
[33mxmlns[39m=[32m"http://www.w3.org/2000/svg"[39m
            [36m>[39m
              [36m<polygon[39m
   ...
[90m [2mโฏ[22m Proxy.waitForWrapper node_modules/@
testing-library/react/node_modules/@testing-library/do
m/dist/wait-for.js:[2m163:27[22m[39m
[36m [2mโฏ[22m src/__tests__/unit/components/App.p
aranoid.test.jsx:[2m138:19[22m[39m
    [90m136| [39m
    [90m137| [39m            [90m// Should display 
as plain text, not execute[39m
    [90m138| [39m            [35mawait[39m 
[34mwaitFor[39m(() [33m=>[39m {
    [90m   | [39m                  [31m^[39m
    [90m139| [39m                [35mconst[39m 
messages [33m=[39m screen[33m.[39m[34mgetAllByTex
t[39m([36m/script/i[39m)[33m;[39m
    [90m140| [39m                
messages[33m.[39m[34mforEach[39m(msg [33m=>[39m 
{

[31m[2mโฏโฏโฏโฏโฏโฏโฏโฏโฏโฏโฏโฏโฏโฏโฏ
โฏโฏโฏโฏโฏโฏโฏโฏ[4/25]โฏ[22m[39m

[31m[1m[7m FAIL [27m[22m[39m src/__tests__/unit/
components/App.paranoid.test.jsx[2m > [22mApp 
Component - PARANOID MODE[2m > [22mInput Validation 
- PARANOID[2m > [22mshould handle emoji and unicode 
correctly
[31m[1mTestingLibraryElementError[22m[39m: Unable 
to find an element with the text: /๐€ 
เธชเธงเธฑเธชเธ”เธต ๐ฅญ 
เธเธญเธฃเธตเน€เธเนเธ•เธฃเธซเธฑเธช ๐”’/i. This 
could be because the text is broken up by multiple 
elements. In this case, you can provide a function 
for your text matcher to make your matcher more 
flexible.

Ignored nodes: comments, script, style
[36m<body>[39m
  [36m<div>[39m
    [36m<div[39m
      [33mclass[39m=[32m"min-h-screen bg-[#0f172a] 
text-slate-200 font-sans selection:bg-orange-500 
selection:text-white overflow-x-hidden relative"[39m
    [36m>[39m
      [36m<nav[39m
        [33mclass[39m=[32m"fixed w-full z-50 
glass-panel border-b-0 border-b-white/5 
backdrop-blur-xl bg-slate-900/80"[39m
      [36m>[39m
        [36m<div[39m
          [33mclass[39m=[32m"max-w-7xl mx-auto 
px-6 h-16 flex items-center justify-between"[39m
        [36m>[39m
          [36m<div[39m
            [33mclass[39m=[32m"flex items-center 
gap-2 font-bold text-xl tracking-tight 
cursor-pointer"[39m
          [36m>[39m
            [36m<div[39m
              [33mclass[39m=[32m"w-8 h-8 
bg-gradient-to-br from-orange-400 to-red-500 
rounded-lg flex items-center justify-center shadow-lg 
shadow-orange-500/20"[39m
            [36m>[39m
              [36m<svg[39m
                [33mclass[39m=[32m"lucide 
lucide-bot w-5 h-5 text-white"[39m
                [33mfill[39m=[32m"none"[39m
                [33mheight[39m=[32m"24"[39m
                
[33mstroke[39m=[32m"currentColor"[39m
                
[33mstroke-linecap[39m=[32m"round"[39m
                
[33mstroke-linejoin[39m=[32m"round"[39m
                [33mstroke-width[39m=[32m"2"[39m
                [33mviewBox[39m=[32m"0 0 24 
24"[39m
                [33mwidth[39m=[32m"24"[39m
                
[33mxmlns[39m=[32m"http://www.w3.org/2000/svg"[39m
              [36m>[39m
                [36m<path[39m
                  [33md[39m=[32m"M12 8V4H8"[39m
                [36m/>[39m
                [36m<rect[39m
                  [33mheight[39m=[32m"12"[39m
                  [33mrx[39m=[32m"2"[39m
                  [33mwidth[39m=[32m"16"[39m
                  [33mx[39m=[32m"4"[39m
                  [33my[39m=[32m"8"[39m
                [36m/>[39m
                [36m<path[39m
                  [33md[39m=[32m"M2 14h2"[39m
                [36m/>[39m
                [36m<path[39m
                  [33md[39m=[32m"M20 14h2"[39m
                [36m/>[39m
                [36m<path[39m
                  [33md[39m=[32m"M15 13v2"[39m
                [36m/>[39m
                [36m<path[39m
                  [33md[39m=[32m"M9 13v2"[39m
                [36m/>[39m
              [36m</svg>[39m
            [36m</div>[39m
            [36m<span[39m
              [33mclass[39m=[32m"text-white"[39m
            [36m>[39m
              [0mMango[0m
              [36m<span[39m
                
[33mclass[39m=[32m"text-orange-400"[39m
              [36m>[39m
                [0mHelpdesk[0m
              [36m</span>[39m
            [36m</span>[39m
          [36m</div>[39m
          [36m<div[39m
            [33mclass[39m=[32m"hidden md:flex 
gap-6 text-sm font-medium text-slate-400"[39m
          [36m>[39m
            [36m<button[39m
              
[33mclass[39m=[32m"hover:text-orange-400 
transition-colors "[39m
            [36m>[39m
              [0mProblem[0m
            [36m</button>[39m
            [36m<button[39m
              
[33mclass[39m=[32m"hover:text-orange-400 
transition-colors "[39m
            [36m>[39m
              [0mSolution[0m
            [36m</button>[39m
            [36m<button[39m
              
[33mclass[39m=[32m"hover:text-orange-400 
transition-colors "[39m
            [36m>[39m
              [0mDemo[0m
            [36m</button>[39m
            [36m<button[39m
              
[33mclass[39m=[32m"hover:text-orange-400 
transition-colors "[39m
            [36m>[39m
              [0mImpact[0m
            [36m</button>[39m
          [36m</div>[39m
          [36m<div[39m
            [33mclass[39m=[32m"text-xs font-mono 
text-slate-500 border border-slate-700 px-3 py-1 
rounded-full flex items-center gap-2"[39m
          [36m>[39m
            [36m<span[39m
              [33mclass[39m=[32m"w-2 h-2 
rounded-full bg-green-500 animate-pulse"[39m
            [36m/>[39m
            [0mSystem Online v1.0.0[0m
          [36m</div>[39m
        [36m</div>[39m
      [36m</nav>[39m
      [36m<section[39m
        [33mclass[39m=[32m"relative z-10 pt-32 
pb-20 px-6 flex flex-col items-center justify-center 
text-center min-h-[90vh] bg-grid-pattern 
overflow-hidden"[39m
        [33mid[39m=[32m"hero"[39m
      [36m>[39m
        [36m<div[39m
          [33mclass[39m=[32m"absolute inset-0 
bg-gradient-to-b from-transparent via-[#0f172a]/50 
to-[#0f172a] pointer-events-none"[39m
        [36m/>[39m
        [36m<div[39m
          [33mclass[39m=[32m"absolute inset-0 
opacity-20 pointer-events-none"[39m
        [36m>[39m
          [36m<svg[39m
            [33mclass[39m=[32m"lucide 
lucide-database absolute top-[20%] left-[10%] w-16 
h-16 text-purple-500 animate-float delay-100"[39m
            [33mfill[39m=[32m"none"[39m
            [33mheight[39m=[32m"24"[39m
            [33mstroke[39m=[32m"currentColor"[39m
            [33mstroke-linecap[39m=[32m"round"[39m
            
[33mstroke-linejoin[39m=[32m"round"[39m
            [33mstroke-width[39m=[32m"2"[39m
            [33mviewBox[39m=[32m"0 0 24 24"[39m
            [33mwidth[39m=[32m"24"[39m
            
[33mxmlns[39m=[32m"http://www.w3.org/2000/svg"[39m
          [36m>[39m
            [36m<ellipse[39m
              [33mcx[39m=[32m"12"[39m
              [33mcy[39m=[32m"5"[39m
              [33mrx[39m=[32m"9"[39m
              [33mry[39m=[32m"3"[39m
            [36m/>[39m
            [36m<path[39m
              [33md[39m=[32m"M3 5V19A9 3 0 0 0 21 
19V5"[39m
            [36m/>[39m
            [36m<path[39m
              [33md[39m=[32m"M3 12A9 3 0 0 0 21 
12"[39m
            [36m/>[39m
          [36m</svg>[39m
          [36m<svg[39m
            [33mclass[39m=[32m"lucide lucide-zap 
absolute top-[15%] right-[15%] w-12 h-12 
text-orange-500 animate-float delay-300"[39m
            [33mfill[39m=[32m"none"[39m
            [33mheight[39m=[32m"24"[39m
            [33mstroke[39m=[32m"currentColor"[39m
            [33mstroke-linecap[39m=[32m"round"[39m
            
[33mstroke-linejoin[39m=[32m"round"[39m
            [33mstroke-width[39m=[32m"2"[39m
            [33mviewBox[39m=[32m"0 0 24 24"[39m
            [33mwidth[39m=[32m"24"[39m
            
[33mxmlns[39m=[32m"http://www.w3.org/2000/svg"[39m
          [36m>[39m
            [36m<polygon[39m
              [33mpoints[39m=[32m"13 2 3 14 12 14 
11 22 21 10 12 10 13 2"[39m
            [36m/>[39m
          [36m</svg>[39m
          [36m<svg[39m
            [33mclass[39m=[32m"lucide 
lucide-shield-alert absolute bottom-[30%] left-[20%] 
w-10 h-10 text-green-500 animate-float delay-500"[39m
            [33mfill[39m=[32m"none"[39m
            [33mheight[39m...

Ignored nodes: comments, script, style
[36m<html[39m
  [33mclass[39m=[32m"lenis"[39m
[36m>[39m
  [36m<head />[39m
  [36m<body>[39m
    [36m<div>[39m
      [36m<div[39m
        [33mclass[39m=[32m"min-h-screen 
bg-[#0f172a] text-slate-200 font-sans 
selection:bg-orange-500 selection:text-white 
overflow-x-hidden relative"[39m
      [36m>[39m
        [36m<nav[39m
          [33mclass[39m=[32m"fixed w-full z-50 
glass-panel border-b-0 border-b-white/5 
backdrop-blur-xl bg-slate-900/80"[39m
        [36m>[39m
          [36m<div[39m
            [33mclass[39m=[32m"max-w-7xl mx-auto 
px-6 h-16 flex items-center justify-between"[39m
          [36m>[39m
            [36m<div[39m
              [33mclass[39m=[32m"flex items-center 
gap-2 font-bold text-xl tracking-tight 
cursor-pointer"[39m
            [36m>[39m
              [36m<div[39m
                [33mclass[39m=[32m"w-8 h-8 
bg-gradient-to-br from-orange-400 to-red-500 
rounded-lg flex items-center justify-center shadow-lg 
shadow-orange-500/20"[39m
              [36m>[39m
                [36m<svg[39m
                  [33mclass[39m=[32m"lucide 
lucide-bot w-5 h-5 text-white"[39m
                  [33mfill[39m=[32m"none"[39m
                  [33mheight[39m=[32m"24"[39m
                  
[33mstroke[39m=[32m"currentColor"[39m
                  
[33mstroke-linecap[39m=[32m"round"[39m
                  
[33mstroke-linejoin[39m=[32m"round"[39m
                  [33mstroke-width[39m=[32m"2"[39m
                  [33mviewBox[39m=[32m"0 0 24 
24"[39m
                  [33mwidth[39m=[32m"24"[39m
                  
[33mxmlns[39m=[32m"http://www.w3.org/2000/svg"[39m
                [36m>[39m
                  [36m<path[39m
                    [33md[39m=[32m"M12 8V4H8"[39m
                  [36m/>[39m
                  [36m<rect[39m
                    [33mheight[39m=[32m"12"[39m
                    [33mrx[39m=[32m"2"[39m
                    [33mwidth[39m=[32m"16"[39m
                    [33mx[39m=[32m"4"[39m
                    [33my[39m=[32m"8"[39m
                  [36m/>[39m
                  [36m<path[39m
                    [33md[39m=[32m"M2 14h2"[39m
                  [36m/>[39m
                  [36m<path[39m
                    [33md[39m=[32m"M20 14h2"[39m
                  [36m/>[39m
                  [36m<path[39m
                    [33md[39m=[32m"M15 13v2"[39m
                  [36m/>[39m
                  [36m<path[39m
                    [33md[39m=[32m"M9 13v2"[39m
                  [36m/>[39m
                [36m</svg>[39m
              [36m</div>[39m
              [36m<span[39m
                [33mclass[39m=[32m"text-white"[39m
              [36m>[39m
                [0mMango[0m
                [36m<span[39m
                  
[33mclass[39m=[32m"text-orange-400"[39m
                [36m>[39m
                  [0mHelpdesk[0m
                [36m</span>[39m
              [36m</span>[39m
            [36m</div>[39m
            [36m<div[39m
              [33mclass[39m=[32m"hidden md:flex 
gap-6 text-sm font-medium text-slate-400"[39m
            [36m>[39m
              [36m<button[39m
                
[33mclass[39m=[32m"hover:text-orange-400 
transition-colors "[39m
              [36m>[39m
                [0mProblem[0m
              [36m</button>[39m
              [36m<button[39m
                
[33mclass[39m=[32m"hover:text-orange-400 
transition-colors "[39m
              [36m>[39m
                [0mSolution[0m
              [36m</button>[39m
              [36m<button[39m
                
[33mclass[39m=[32m"hover:text-orange-400 
transition-colors "[39m
              [36m>[39m
                [0mDemo[0m
              [36m</button>[39m
              [36m<button[39m
                
[33mclass[39m=[32m"hover:text-orange-400 
transition-colors "[39m
              [36m>[39m
                [0mImpact[0m
              [36m</button>[39m
            [36m</div>[39m
            [36m<div[39m
              [33mclass[39m=[32m"text-xs font-mono 
text-slate-500 border border-slate-700 px-3 py-1 
rounded-full flex items-center gap-2"[39m
            [36m>[39m
              [36m<span[39m
                [33mclass[39m=[32m"w-2 h-2 
rounded-full bg-green-500 animate-pulse"[39m
              [36m/>[39m
              [0mSystem Online v1.0.0[0m
            [36m</div>[39m
          [36m</div>[39m
        [36m</nav>[39m
        [36m<section[39m
          [33mclass[39m=[32m"relative z-10 pt-32 
pb-20 px-6 flex flex-col items-center justify-center 
text-center min-h-[90vh] bg-grid-pattern 
overflow-hidden"[39m
          [33mid[39m=[32m"hero"[39m
        [36m>[39m
          [36m<div[39m
            [33mclass[39m=[32m"absolute inset-0 
bg-gradient-to-b from-transparent via-[#0f172a]/50 
to-[#0f172a] pointer-events-none"[39m
          [36m/>[39m
          [36m<div[39m
            [33mclass[39m=[32m"absolute inset-0 
opacity-20 pointer-events-none"[39m
          [36m>[39m
            [36m<svg[39m
              [33mclass[39m=[32m"lucide 
lucide-database absolute top-[20%] left-[10%] w-16 
h-16 text-purple-500 animate-float delay-100"[39m
              [33mfill[39m=[32m"none"[39m
              [33mheight[39m=[32m"24"[39m
              
[33mstroke[39m=[32m"currentColor"[39m
              
[33mstroke-linecap[39m=[32m"round"[39m
              
[33mstroke-linejoin[39m=[32m"round"[39m
              [33mstroke-width[39m=[32m"2"[39m
              [33mviewBox[39m=[32m"0 0 24 24"[39m
              [33mwidth[39m=[32m"24"[39m
              
[33mxmlns[39m=[32m"http://www.w3.org/2000/svg"[39m
            [36m>[39m
              [36m<ellipse[39m
                [33mcx[39m=[32m"12"[39m
                [33mcy[39m=[32m"5"[39m
                [33mrx[39m=[32m"9"[39m
                [33mry[39m=[32m"3"[39m
              [36m/>[39m
              [36m<path[39m
                [33md[39m=[32m"M3 5V19A9 3 0 0 0 
21 19V5"[39m
              [36m/>[39m
              [36m<path[39m
                [33md[39m=[32m"M3 12A9 3 0 0 0 21 
12"[39m
              [36m/>[39m
            [36m</svg>[39m
            [36m<svg[39m
              [33mclass[39m=[32m"lucide lucide-zap 
absolute top-[15%] right-[15%] w-12 h-12 
text-orange-500 animate-float delay-300"[39m
              [33mfill[39m=[32m"none"[39m
              [33mheight[39m=[32m"24"[39m
              
[33mstroke[39m=[32m"currentColor"[39m
              
[33mstroke-linecap[39m=[32m"round"[39m
              
[33mstroke-linejoin[39m=[32m"round"[39m
              [33mstroke-width[39m=[32m"2"[39m
              [33mviewBox[39m=[32m"0 0 24 24"[39m
              [33mwidth[39m=[32m"24"[39m
              
[33mxmlns[39m=[32m"http://www.w3.org/2000/svg"[39m
            [36m>[39m
              [36m<polygon[39m
   ...
[90m [2mโฏ[22m Proxy.waitForWrapper node_modules/@
testing-library/react/node_modules/@testing-library/do
m/dist/wait-for.js:[2m163:27[22m[39m
[36m [2mโฏ[22m src/__tests__/unit/components/App.p
aranoid.test.jsx:[2m154:19[22m[39m
    [90m152| [39m            [35mawait[39m userEve
nt[33m.[39m[34mclick[39m(screen[33m.[39m[34mget
ByRole[39m([32m'button'[39m[33m,[39m { 
name[33m:[39m [36m/[39mโ€ฆ
    [90m153| [39m
    [90m154| [39m            [35mawait[39m 
[34mwaitFor[39m(() [33m=>[39m {
    [90m   | [39m                  [31m^[39m
    [90m155| [39m                [34mexpect[39m(sc
reen[33m.[39m[34mgetByText[39m([36m/๐€ 
เธชเธงเธฑเธชเธ”เธต ๐ฅญ 
เธเธญเธฃเธตเน€เธเนเธ•เธฃเธซเธฑเธช ๐”’/i[39m))โ€ฆ
    [90m156| [39m            })[33m;[39m

[31m[2mโฏโฏโฏโฏโฏโฏโฏโฏโฏโฏโฏโฏโฏโฏโฏ
โฏโฏโฏโฏโฏโฏโฏโฏ[5/25]โฏ[22m[39m

[31m[1m[7m FAIL [27m[22m[39m src/__tests__/unit/
components/App.paranoid.test.jsx[2m > [22mApp 
Component - PARANOID MODE[2m > [22mInput Validation 
- PARANOID[2m > [22mshould handle Thai combining 
characters
[31m[1mError[22m[39m: [2mexpect([22m[31melement
[39m[2m).toHaveValue([22m[32mStringContaining[39m
[2m)[22m

Expected the element to have value:
[32m  StringContaining "เธชเธนเธ•เธฃ"[39m
Received:
[31m  AเธAเธญAเธชAเธนAเธนAเธ•AเธฃAเธ—AเธณAเธAเนAเธ
ฒAเธงAเธกAเธฑAเธAเนAเธAเนAAAAAAAAAAAAAAAAAAAAAAAAA
AAAAAAAAAAAAAAAAAAAAAAAAAAAAAAAAAAAAAAAAAAAAAAAAAAA[3
9m

Ignored nodes: comments, script, style
[36m<html[39m
  [33mclass[39m=[32m"lenis"[39m
[36m>[39m
  [36m<head />[39m
  [36m<body>[39m
    [36m<div>[39m
      [36m<div[39m
        [33mclass[39m=[32m"min-h-screen 
bg-[#0f172a] text-slate-200 font-sans 
selection:bg-orange-500 selection:text-white 
overflow-x-hidden relative"[39m
      [36m>[39m
        [36m<nav[39m
          [33mclass[39m=[32m"fixed w-full z-50 
glass-panel border-b-0 border-b-white/5 
backdrop-blur-xl bg-slate-900/80"[39m
        [36m>[39m
          [36m<div[39m
            [33mclass[39m=[32m"max-w-7xl mx-auto 
px-6 h-16 flex items-center justify-between"[39m
          [36m>[39m
            [36m<div[39m
              [33mclass[39m=[32m"flex items-center 
gap-2 font-bold text-xl tracking-tight 
cursor-pointer"[39m
            [36m>[39m
              [36m<div[39m
                [33mclass[39m=[32m"w-8 h-8 
bg-gradient-to-br from-orange-400 to-red-500 
rounded-lg flex items-center justify-center shadow-lg 
shadow-orange-500/20"[39m
              [36m>[39m
                [36m<svg[39m
                  [33mclass[39m=[32m"lucide 
lucide-bot w-5 h-5 text-white"[39m
                  [33mfill[39m=[32m"none"[39m
                  [33mheight[39m=[32m"24"[39m
                  
[33mstroke[39m=[32m"currentColor"[39m
                  
[33mstroke-linecap[39m=[32m"round"[39m
                  
[33mstroke-linejoin[39m=[32m"round"[39m
                  [33mstroke-width[39m=[32m"2"[39m
                  [33mviewBox[39m=[32m"0 0 24 
24"[39m
                  [33mwidth[39m=[32m"24"[39m
                  
[33mxmlns[39m=[32m"http://www.w3.org/2000/svg"[39m
                [36m>[39m
                  [36m<path[39m
                    [33md[39m=[32m"M12 8V4H8"[39m
                  [36m/>[39m
                  [36m<rect[39m
                    [33mheight[39m=[32m"12"[39m
                    [33mrx[39m=[32m"2"[39m
                    [33mwidth[39m=[32m"16"[39m
                    [33mx[39m=[32m"4"[39m
                    [33my[39m=[32m"8"[39m
                  [36m/>[39m
                  [36m<path[39m
                    [33md[39m=[32m"M2 14h2"[39m
                  [36m/>[39m
                  [36m<path[39m
                    [33md[39m=[32m"M20 14h2"[39m
                  [36m/>[39m
                  [36m<path[39m
                    [33md[39m=[32m"M15 13v2"[39m
                  [36m/>[39m
                  [36m<path[39m
                    [33md[39m=[32m"M9 13v2"[39m
                  [36m/>[39m
                [36m</svg>[39m
              [36m</div>[39m
              [36m<span[39m
                [33mclass[39m=[32m"text-white"[39m
              [36m>[39m
                [0mMango[0m
                [36m<span[39m
                  
[33mclass[39m=[32m"text-orange-400"[39m
                [36m>[39m
                  [0mHelpdesk[0m
                [36m</span>[39m
              [36m</span>[39m
            [36m</div>[39m
            [36m<div[39m
              [33mclass[39m=[32m"hidden md:flex 
gap-6 text-sm font-medium text-slate-400"[39m
            [36m>[39m
              [36m<button[39m
                
[33mclass[39m=[32m"hover:text-orange-400 
transition-colors "[39m
              [36m>[39m
                [0mProblem[0m
              [36m</button>[39m
              [36m<button[39m
                
[33mclass[39m=[32m"hover:text-orange-400 
transition-colors "[39m
              [36m>[39m
                [0mSolution[0m
              [36m</button>[39m
              [36m<button[39m
                
[33mclass[39m=[32m"hover:text-orange-400 
transition-colors "[39m
              [36m>[39m
                [0mDemo[0m
              [36m</button>[39m
              [36m<button[39m
                
[33mclass[39m=[32m"hover:text-orange-400 
transition-colors "[39m
              [36m>[39m
                [0mImpact[0m
              [36m</button>[39m
            [36m</div>[39m
            [36m<div[39m
              [33mclass[39m=[32m"text-xs font-mono 
text-slate-500 border border-slate-700 px-3 py-1 
rounded-full flex items-center gap-2"[39m
            [36m>[39m
              [36m<span[39m
                [33mclass[39m=[32m"w-2 h-2 
rounded-full bg-green-500 animate-pulse"[39m
              [36m/>[39m
              [0mSystem Online v1.0.0[0m
            [36m</div>[39m
          [36m</div>[39m
        [36m</nav>[39m
        [36m<section[39m
          [33mclass[39m=[32m"relative z-10 pt-32 
pb-20 px-6 flex flex-col items-center justify-center 
text-center min-h-[90vh] bg-grid-pattern 
overflow-hidden"[39m
          [33mid[39m=[32m"hero"[39m
        [36m>[39m
          [36m<div[39m
            [33mclass[39m=[32m"absolute inset-0 
bg-gradient-to-b from-transparent via-[#0f172a]/50 
to-[#0f172a] pointer-events-none"[39m
          [36m/>[39m
          [36m<div[39m
            [33mclass[39m=[32m"absolute inset-0 
opacity-20 pointer-events-none"[39m
          [36m>[39m
            [36m<svg[39m
              [33mclass[39m=[32m"lucide 
lucide-database absolute top-[20%] left-[10%] w-16 
h-16 text-purple-500 animate-float delay-100"[39m
              [33mfill[39m=[32m"none"[39m
              [33mheight[39m=[32m"24"[39m
              
[33mstroke[39m=[32m"currentColor"[39m
              
[33mstroke-linecap[39m=[32m"round"[39m
              
[33mstroke-linejoin[39m=[32m"round"[39m
              [33mstroke-width[39m=[32m"2"[39m
              [33mviewBox[39m=[32m"0 0 24 24"[39m
              [33mwidth[39m=[32m"24"[39m
              
[33mxmlns[39m=[32m"http://www.w3.org/2000/svg"[39m
            [36m>[39m
              [36m<ellipse[39m
                [33mcx[39m=[32m"12"[39m
                [33mcy[39m=[32m"5"[39m
                [33mrx[39m=[32m"9"[39m
                [33mry[39m=[32m"3"[39m
              [36m/>[39m
              [36m<path[39m
                [33md[39m=[32m"M3 5V19A9 3 0 0 0 
21 19V5"[39m
              [36m/>[39m
              [36m<path[39m
                [33md[39m=[32m"M3 12A9 3 0 0 0 21 
12"[39m
              [36m/>[39m
            [36m</svg>[39m
            [36m<svg[39m
              [33mclass[39m=[32m"lucide lucide-zap 
absolute top-[15%] right-[15%] w-12 h-12 
text-orange-500 animate-float delay-300"[39m
              [33mfill[39m=[32m"none"[39m
              [33mheight[39m=[32m"24"[39m
              
[33mstroke[39m=[32m"currentColor"[39m
              
[33mstroke-linecap[39m=[32m"round"[39m
              
[33mstroke-linejoin[39m=[32m"round"[39m
              [33mstroke-width[39m=[32m"2"[39m
              [33mviewBox[39m=[32m"0 0 24 24"[39m
              [33mwidth[39m=[32m"24"[39m
              
[33mxmlns[39m=[32m"http://www.w3.org/2000/svg"[39m
            [36m>[39m
              [36m<polygon[39m
   ...
[36m [2mโฏ[22m src/__tests__/unit/components/App.p
aranoid.test.jsx:[2m168:31[22m[39m
    [90m166| [39m
    [90m167| [39m            [35mawait[39m 
[34mwaitFor[39m(() [33m=>[39m {
    [90m168| [39m                [34mexpect[39m(in
put)[33m.[39m[34mtoHaveValue[39m(expect[33m.[39m
[34mstringContaining[39m([32m'เธชเธนเธ•[39mโ€ฆ
    [90m   | [39m                              
[31m^[39m
    [90m169| [39m                [34mexpect[39m(in
put)[33m.[39m[34mtoHaveValue[39m(expect[33m.[39m
[34mstringContaining[39m([32m'เธเนเธฒ[39mโ€ฆ
    [90m170| [39m                [90m// Use button 
enablement as proxy for state settlement[39m
[90m [2mโฏ[22m 
runWithExpensiveErrorDiagnosticsDisabled node_modules/
@testing-library/react/node_modules/@testing-library/d
om/dist/config.js:[2m47:12[22m[39m
[90m [2mโฏ[22m checkCallback node_modules/@testing
-library/react/node_modules/@testing-library/dom/dist/
wait-for.js:[2m124:77[22m[39m
[90m [2mโฏ[22m 
MutationObserver.checkRealTimersCallback node_modules/
@testing-library/react/node_modules/@testing-library/d
om/dist/wait-for.js:[2m118:16[22m[39m
[90m [2mโฏ[22m 
MutationObserver.invokeTheCallbackFunction node_module
s/jsdom/lib/jsdom/living/generated/MutationCallback.js
:[2m19:26[22m[39m
[90m [2mโฏ[22m notifyMutationObservers node_module
s/jsdom/lib/jsdom/living/helpers/mutation-observers.js
:[2m160:22[22m[39m
[90m [2mโฏ[22m node_modules/jsdom/lib/jsdom/living
/helpers/mutation-observers.js:[2m133:5[22m[39m

[31m[2mโฏโฏโฏโฏโฏโฏโฏโฏโฏโฏโฏโฏโฏโฏโฏ
โฏโฏโฏโฏโฏโฏโฏโฏ[6/25]โฏ[22m[39m

[31m[1m[7m FAIL [27m[22m[39m src/__tests__/unit/
components/App.paranoid.test.jsx[2m > [22mApp 
Component - PARANOID MODE[2m > [22mAPI Integration 
- PARANOID[2m > [22mshould send message to backend 
and display response
[31m[1mTestingLibraryElementError[22m[39m: Unable 
to find an element with the text: /This is a mocked 
AI response/i. This could be because the text is 
broken up by multiple elements. In this case, you can 
provide a function for your text matcher to make your 
matcher more flexible.

Ignored nodes: comments, script, style
[36m<body>[39m
  [36m<div>[39m
    [36m<div[39m
      [33mclass[39m=[32m"min-h-screen bg-[#0f172a] 
text-slate-200 font-sans selection:bg-orange-500 
selection:text-white overflow-x-hidden relative"[39m
    [36m>[39m
      [36m<nav[39m
        [33mclass[39m=[32m"fixed w-full z-50 
glass-panel border-b-0 border-b-white/5 
backdrop-blur-xl bg-slate-900/80"[39m
      [36m>[39m
        [36m<div[39m
          [33mclass[39m=[32m"max-w-7xl mx-auto 
px-6 h-16 flex items-center justify-between"[39m
        [36m>[39m
          [36m<div[39m
            [33mclass[39m=[32m"flex items-center 
gap-2 font-bold text-xl tracking-tight 
cursor-pointer"[39m
          [36m>[39m
            [36m<div[39m
              [33mclass[39m=[32m"w-8 h-8 
bg-gradient-to-br from-orange-400 to-red-500 
rounded-lg flex items-center justify-center shadow-lg 
shadow-orange-500/20"[39m
            [36m>[39m
              [36m<svg[39m
                [33mclass[39m=[32m"lucide 
lucide-bot w-5 h-5 text-white"[39m
                [33mfill[39m=[32m"none"[39m
                [33mheight[39m=[32m"24"[39m
                
[33mstroke[39m=[32m"currentColor"[39m
                
[33mstroke-linecap[39m=[32m"round"[39m
                
[33mstroke-linejoin[39m=[32m"round"[39m
                [33mstroke-width[39m=[32m"2"[39m
                [33mviewBox[39m=[32m"0 0 24 
24"[39m
                [33mwidth[39m=[32m"24"[39m
                
[33mxmlns[39m=[32m"http://www.w3.org/2000/svg"[39m
              [36m>[39m
                [36m<path[39m
                  [33md[39m=[32m"M12 8V4H8"[39m
                [36m/>[39m
                [36m<rect[39m
                  [33mheight[39m=[32m"12"[39m
                  [33mrx[39m=[32m"2"[39m
                  [33mwidth[39m=[32m"16"[39m
                  [33mx[39m=[32m"4"[39m
                  [33my[39m=[32m"8"[39m
                [36m/>[39m
                [36m<path[39m
                  [33md[39m=[32m"M2 14h2"[39m
                [36m/>[39m
                [36m<path[39m
                  [33md[39m=[32m"M20 14h2"[39m
                [36m/>[39m
                [36m<path[39m
                  [33md[39m=[32m"M15 13v2"[39m
                [36m/>[39m
                [36m<path[39m
                  [33md[39m=[32m"M9 13v2"[39m
                [36m/>[39m
              [36m</svg>[39m
            [36m</div>[39m
            [36m<span[39m
              [33mclass[39m=[32m"text-white"[39m
            [36m>[39m
              [0mMango[0m
              [36m<span[39m
                
[33mclass[39m=[32m"text-orange-400"[39m
              [36m>[39m
                [0mHelpdesk[0m
              [36m</span>[39m
            [36m</span>[39m
          [36m</div>[39m
          [36m<div[39m
            [33mclass[39m=[32m"hidden md:flex 
gap-6 text-sm font-medium text-slate-400"[39m
          [36m>[39m
            [36m<button[39m
              
[33mclass[39m=[32m"hover:text-orange-400 
transition-colors "[39m
            [36m>[39m
              [0mProblem[0m
            [36m</button>[39m
            [36m<button[39m
              
[33mclass[39m=[32m"hover:text-orange-400 
transition-colors "[39m
            [36m>[39m
              [0mSolution[0m
            [36m</button>[39m
            [36m<button[39m
              
[33mclass[39m=[32m"hover:text-orange-400 
transition-colors "[39m
            [36m>[39m
              [0mDemo[0m
            [36m</button>[39m
            [36m<button[39m
              
[33mclass[39m=[32m"hover:text-orange-400 
transition-colors "[39m
            [36m>[39m
              [0mImpact[0m
            [36m</button>[39m
          [36m</div>[39m
          [36m<div[39m
            [33mclass[39m=[32m"text-xs font-mono 
text-slate-500 border border-slate-700 px-3 py-1 
rounded-full flex items-center gap-2"[39m
          [36m>[39m
            [36m<span[39m
              [33mclass[39m=[32m"w-2 h-2 
rounded-full bg-green-500 animate-pulse"[39m
            [36m/>[39m
            [0mSystem Online v1.0.0[0m
          [36m</div>[39m
        [36m</div>[39m
      [36m</nav>[39m
      [36m<section[39m
        [33mclass[39m=[32m"relative z-10 pt-32 
pb-20 px-6 flex flex-col items-center justify-center 
text-center min-h-[90vh] bg-grid-pattern 
overflow-hidden"[39m
        [33mid[39m=[32m"hero"[39m
      [36m>[39m
        [36m<div[39m
          [33mclass[39m=[32m"absolute inset-0 
bg-gradient-to-b from-transparent via-[#0f172a]/50 
to-[#0f172a] pointer-events-none"[39m
        [36m/>[39m
        [36m<div[39m
          [33mclass[39m=[32m"absolute inset-0 
opacity-20 pointer-events-none"[39m
        [36m>[39m
          [36m<svg[39m
            [33mclass[39m=[32m"lucide 
lucide-database absolute top-[20%] left-[10%] w-16 
h-16 text-purple-500 animate-float delay-100"[39m
            [33mfill[39m=[32m"none"[39m
            [33mheight[39m=[32m"24"[39m
            [33mstroke[39m=[32m"currentColor"[39m
            [33mstroke-linecap[39m=[32m"round"[39m
            
[33mstroke-linejoin[39m=[32m"round"[39m
            [33mstroke-width[39m=[32m"2"[39m
            [33mviewBox[39m=[32m"0 0 24 24"[39m
            [33mwidth[39m=[32m"24"[39m
            
[33mxmlns[39m=[32m"http://www.w3.org/2000/svg"[39m
          [36m>[39m
            [36m<ellipse[39m
              [33mcx[39m=[32m"12"[39m
              [33mcy[39m=[32m"5"[39m
              [33mrx[39m=[32m"9"[39m
              [33mry[39m=[32m"3"[39m
            [36m/>[39m
            [36m<path[39m
              [33md[39m=[32m"M3 5V19A9 3 0 0 0 21 
19V5"[39m
            [36m/>[39m
            [36m<path[39m
              [33md[39m=[32m"M3 12A9 3 0 0 0 21 
12"[39m
            [36m/>[39m
          [36m</svg>[39m
          [36m<svg[39m
            [33mclass[39m=[32m"lucide lucide-zap 
absolute top-[15%] right-[15%] w-12 h-12 
text-orange-500 animate-float delay-300"[39m
            [33mfill[39m=[32m"none"[39m
            [33mheight[39m=[32m"24"[39m
            [33mstroke[39m=[32m"currentColor"[39m
            [33mstroke-linecap[39m=[32m"round"[39m
            
[33mstroke-linejoin[39m=[32m"round"[39m
            [33mstroke-width[39m=[32m"2"[39m
            [33mviewBox[39m=[32m"0 0 24 24"[39m
            [33mwidth[39m=[32m"24"[39m
            
[33mxmlns[39m=[32m"http://www.w3.org/2000/svg"[39m
          [36m>[39m
            [36m<polygon[39m
              [33mpoints[39m=[32m"13 2 3 14 12 14 
11 22 21 10 12 10 13 2"[39m
            [36m/>[39m
          [36m</svg>[39m
          [36m<svg[39m
            [33mclass[39m=[32m"lucide 
lucide-shield-alert absolute bottom-[30%] left-[20%] 
w-10 h-10 text-green-500 animate-float delay-500"[39m
            [33mfill[39m=[32m"none"[39m
            [33mheight[39m...

Ignored nodes: comments, script, style
[36m<html[39m
  [33mclass[39m=[32m"lenis"[39m
[36m>[39m
  [36m<head />[39m
  [36m<body>[39m
    [36m<div>[39m
      [36m<div[39m
        [33mclass[39m=[32m"min-h-screen 
bg-[#0f172a] text-slate-200 font-sans 
selection:bg-orange-500 selection:text-white 
overflow-x-hidden relative"[39m
      [36m>[39m
        [36m<nav[39m
          [33mclass[39m=[32m"fixed w-full z-50 
glass-panel border-b-0 border-b-white/5 
backdrop-blur-xl bg-slate-900/80"[39m
        [36m>[39m
          [36m<div[39m
            [33mclass[39m=[32m"max-w-7xl mx-auto 
px-6 h-16 flex items-center justify-between"[39m
          [36m>[39m
            [36m<div[39m
              [33mclass[39m=[32m"flex items-center 
gap-2 font-bold text-xl tracking-tight 
cursor-pointer"[39m
            [36m>[39m
              [36m<div[39m
                [33mclass[39m=[32m"w-8 h-8 
bg-gradient-to-br from-orange-400 to-red-500 
rounded-lg flex items-center justify-center shadow-lg 
shadow-orange-500/20"[39m
              [36m>[39m
                [36m<svg[39m
                  [33mclass[39m=[32m"lucide 
lucide-bot w-5 h-5 text-white"[39m
                  [33mfill[39m=[32m"none"[39m
                  [33mheight[39m=[32m"24"[39m
                  
[33mstroke[39m=[32m"currentColor"[39m
                  
[33mstroke-linecap[39m=[32m"round"[39m
                  
[33mstroke-linejoin[39m=[32m"round"[39m
                  [33mstroke-width[39m=[32m"2"[39m
                  [33mviewBox[39m=[32m"0 0 24 
24"[39m
                  [33mwidth[39m=[32m"24"[39m
                  
[33mxmlns[39m=[32m"http://www.w3.org/2000/svg"[39m
                [36m>[39m
                  [36m<path[39m
                    [33md[39m=[32m"M12 8V4H8"[39m
                  [36m/>[39m
                  [36m<rect[39m
                    [33mheight[39m=[32m"12"[39m
                    [33mrx[39m=[32m"2"[39m
                    [33mwidth[39m=[32m"16"[39m
                    [33mx[39m=[32m"4"[39m
                    [33my[39m=[32m"8"[39m
                  [36m/>[39m
                  [36m<path[39m
                    [33md[39m=[32m"M2 14h2"[39m
                  [36m/>[39m
                  [36m<path[39m
                    [33md[39m=[32m"M20 14h2"[39m
                  [36m/>[39m
                  [36m<path[39m
                    [33md[39m=[32m"M15 13v2"[39m
                  [36m/>[39m
                  [36m<path[39m
                    [33md[39m=[32m"M9 13v2"[39m
                  [36m/>[39m
                [36m</svg>[39m
              [36m</div>[39m
              [36m<span[39m
                [33mclass[39m=[32m"text-white"[39m
              [36m>[39m
                [0mMango[0m
                [36m<span[39m
                  
[33mclass[39m=[32m"text-orange-400"[39m
                [36m>[39m
                  [0mHelpdesk[0m
                [36m</span>[39m
              [36m</span>[39m
            [36m</div>[39m
            [36m<div[39m
              [33mclass[39m=[32m"hidden md:flex 
gap-6 text-sm font-medium text-slate-400"[39m
            [36m>[39m
              [36m<button[39m
                
[33mclass[39m=[32m"hover:text-orange-400 
transition-colors "[39m
              [36m>[39m
                [0mProblem[0m
              [36m</button>[39m
              [36m<button[39m
                
[33mclass[39m=[32m"hover:text-orange-400 
transition-colors "[39m
              [36m>[39m
                [0mSolution[0m
              [36m</button>[39m
              [36m<button[39m
                
[33mclass[39m=[32m"hover:text-orange-400 
transition-colors "[39m
              [36m>[39m
                [0mDemo[0m
              [36m</button>[39m
              [36m<button[39m
                
[33mclass[39m=[32m"hover:text-orange-400 
transition-colors "[39m
              [36m>[39m
                [0mImpact[0m
              [36m</button>[39m
            [36m</div>[39m
            [36m<div[39m
              [33mclass[39m=[32m"text-xs font-mono 
text-slate-500 border border-slate-700 px-3 py-1 
rounded-full flex items-center gap-2"[39m
            [36m>[39m
              [36m<span[39m
                [33mclass[39m=[32m"w-2 h-2 
rounded-full bg-green-500 animate-pulse"[39m
              [36m/>[39m
              [0mSystem Online v1.0.0[0m
            [36m</div>[39m
          [36m</div>[39m
        [36m</nav>[39m
        [36m<section[39m
          [33mclass[39m=[32m"relative z-10 pt-32 
pb-20 px-6 flex flex-col items-center justify-center 
text-center min-h-[90vh] bg-grid-pattern 
overflow-hidden"[39m
          [33mid[39m=[32m"hero"[39m
        [36m>[39m
          [36m<div[39m
            [33mclass[39m=[32m"absolute inset-0 
bg-gradient-to-b from-transparent via-[#0f172a]/50 
to-[#0f172a] pointer-events-none"[39m
          [36m/>[39m
          [36m<div[39m
            [33mclass[39m=[32m"absolute inset-0 
opacity-20 pointer-events-none"[39m
          [36m>[39m
            [36m<svg[39m
              [33mclass[39m=[32m"lucide 
lucide-database absolute top-[20%] left-[10%] w-16 
h-16 text-purple-500 animate-float delay-100"[39m
              [33mfill[39m=[32m"none"[39m
              [33mheight[39m=[32m"24"[39m
              
[33mstroke[39m=[32m"currentColor"[39m
              
[33mstroke-linecap[39m=[32m"round"[39m
              
[33mstroke-linejoin[39m=[32m"round"[39m
              [33mstroke-width[39m=[32m"2"[39m
              [33mviewBox[39m=[32m"0 0 24 24"[39m
              [33mwidth[39m=[32m"24"[39m
              
[33mxmlns[39m=[32m"http://www.w3.org/2000/svg"[39m
            [36m>[39m
              [36m<ellipse[39m
                [33mcx[39m=[32m"12"[39m
                [33mcy[39m=[32m"5"[39m
                [33mrx[39m=[32m"9"[39m
                [33mry[39m=[32m"3"[39m
              [36m/>[39m
              [36m<path[39m
                [33md[39m=[32m"M3 5V19A9 3 0 0 0 
21 19V5"[39m
              [36m/>[39m
              [36m<path[39m
                [33md[39m=[32m"M3 12A9 3 0 0 0 21 
12"[39m
              [36m/>[39m
            [36m</svg>[39m
            [36m<svg[39m
              [33mclass[39m=[32m"lucide lucide-zap 
absolute top-[15%] right-[15%] w-12 h-12 
text-orange-500 animate-float delay-300"[39m
              [33mfill[39m=[32m"none"[39m
              [33mheight[39m=[32m"24"[39m
              
[33mstroke[39m=[32m"currentColor"[39m
              
[33mstroke-linecap[39m=[32m"round"[39m
              
[33mstroke-linejoin[39m=[32m"round"[39m
              [33mstroke-width[39m=[32m"2"[39m
              [33mviewBox[39m=[32m"0 0 24 24"[39m
              [33mwidth[39m=[32m"24"[39m
              
[33mxmlns[39m=[32m"http://www.w3.org/2000/svg"[39m
            [36m>[39m
              [36m<polygon[39m
   ...
[90m [2mโฏ[22m Proxy.waitForWrapper node_modules/@
testing-library/react/node_modules/@testing-library/do
m/dist/wait-for.js:[2m163:27[22m[39m
[36m [2mโฏ[22m src/__tests__/unit/components/App.p
aranoid.test.jsx:[2m188:19[22m[39m
    [90m186| [39m            [35mawait[39m userEve
nt[33m.[39m[34mclick[39m(screen[33m.[39m[34mget
ByRole[39m([32m'button'[39m[33m,[39m { 
name[33m:[39m [36m/[39mโ€ฆ
    [90m187| [39m
    [90m188| [39m            [35mawait[39m 
[34mwaitFor[39m(() [33m=>[39m {
    [90m   | [39m                  [31m^[39m
    [90m189| [39m                [34mexpect[39m(sc
reen[33m.[39m[34mgetByText[39m([36m/This is a 
mocked AI response/[39mโ€ฆ
    [90m190| [39m            })[33m;[39m

[31m[2mโฏโฏโฏโฏโฏโฏโฏโฏโฏโฏโฏโฏโฏโฏโฏ
โฏโฏโฏโฏโฏโฏโฏโฏ[7/25]โฏ[22m[39m

[31m[1m[7m FAIL [27m[22m[39m src/__tests__/unit/
components/App.paranoid.test.jsx[2m > [22mApp 
Component - PARANOID MODE[2m > [22mAPI Integration 
- PARANOID[2m > [22mshould handle network errors 
gracefully
[31m[1mTestingLibraryElementError[22m[39m: Unable 
to find an element with the text: /Error/i. This 
could be because the text is broken up by multiple 
elements. In this case, you can provide a function 
for your text matcher to make your matcher more 
flexible.

Ignored nodes: comments, script, style
[36m<body>[39m
  [36m<div>[39m
    [36m<div[39m
      [33mclass[39m=[32m"min-h-screen bg-[#0f172a] 
text-slate-200 font-sans selection:bg-orange-500 
selection:text-white overflow-x-hidden relative"[39m
    [36m>[39m
      [36m<nav[39m
        [33mclass[39m=[32m"fixed w-full z-50 
glass-panel border-b-0 border-b-white/5 
backdrop-blur-xl bg-slate-900/80"[39m
      [36m>[39m
        [36m<div[39m
          [33mclass[39m=[32m"max-w-7xl mx-auto 
px-6 h-16 flex items-center justify-between"[39m
        [36m>[39m
          [36m<div[39m
            [33mclass[39m=[32m"flex items-center 
gap-2 font-bold text-xl tracking-tight 
cursor-pointer"[39m
          [36m>[39m
            [36m<div[39m
              [33mclass[39m=[32m"w-8 h-8 
bg-gradient-to-br from-orange-400 to-red-500 
rounded-lg flex items-center justify-center shadow-lg 
shadow-orange-500/20"[39m
            [36m>[39m
              [36m<svg[39m
                [33mclass[39m=[32m"lucide 
lucide-bot w-5 h-5 text-white"[39m
                [33mfill[39m=[32m"none"[39m
                [33mheight[39m=[32m"24"[39m
                
[33mstroke[39m=[32m"currentColor"[39m
                
[33mstroke-linecap[39m=[32m"round"[39m
                
[33mstroke-linejoin[39m=[32m"round"[39m
                [33mstroke-width[39m=[32m"2"[39m
                [33mviewBox[39m=[32m"0 0 24 
24"[39m
                [33mwidth[39m=[32m"24"[39m
                
[33mxmlns[39m=[32m"http://www.w3.org/2000/svg"[39m
              [36m>[39m
                [36m<path[39m
                  [33md[39m=[32m"M12 8V4H8"[39m
                [36m/>[39m
                [36m<rect[39m
                  [33mheight[39m=[32m"12"[39m
                  [33mrx[39m=[32m"2"[39m
                  [33mwidth[39m=[32m"16"[39m
                  [33mx[39m=[32m"4"[39m
                  [33my[39m=[32m"8"[39m
                [36m/>[39m
                [36m<path[39m
                  [33md[39m=[32m"M2 14h2"[39m
                [36m/>[39m
                [36m<path[39m
                  [33md[39m=[32m"M20 14h2"[39m
                [36m/>[39m
                [36m<path[39m
                  [33md[39m=[32m"M15 13v2"[39m
                [36m/>[39m
                [36m<path[39m
                  [33md[39m=[32m"M9 13v2"[39m
                [36m/>[39m
              [36m</svg>[39m
            [36m</div>[39m
            [36m<span[39m
              [33mclass[39m=[32m"text-white"[39m
            [36m>[39m
              [0mMango[0m
              [36m<span[39m
                
[33mclass[39m=[32m"text-orange-400"[39m
              [36m>[39m
                [0mHelpdesk[0m
              [36m</span>[39m
            [36m</span>[39m
          [36m</div>[39m
          [36m<div[39m
            [33mclass[39m=[32m"hidden md:flex 
gap-6 text-sm font-medium text-slate-400"[39m
          [36m>[39m
            [36m<button[39m
              
[33mclass[39m=[32m"hover:text-orange-400 
transition-colors "[39m
            [36m>[39m
              [0mProblem[0m
            [36m</button>[39m
            [36m<button[39m
              
[33mclass[39m=[32m"hover:text-orange-400 
transition-colors "[39m
            [36m>[39m
              [0mSolution[0m
            [36m</button>[39m
            [36m<button[39m
              
[33mclass[39m=[32m"hover:text-orange-400 
transition-colors "[39m
            [36m>[39m
              [0mDemo[0m
            [36m</button>[39m
            [36m<button[39m
              
[33mclass[39m=[32m"hover:text-orange-400 
transition-colors "[39m
            [36m>[39m
              [0mImpact[0m
            [36m</button>[39m
          [36m</div>[39m
          [36m<div[39m
            [33mclass[39m=[32m"text-xs font-mono 
text-slate-500 border border-slate-700 px-3 py-1 
rounded-full flex items-center gap-2"[39m
          [36m>[39m
            [36m<span[39m
              [33mclass[39m=[32m"w-2 h-2 
rounded-full bg-green-500 animate-pulse"[39m
            [36m/>[39m
            [0mSystem Online v1.0.0[0m
          [36m</div>[39m
        [36m</div>[39m
      [36m</nav>[39m
      [36m<section[39m
        [33mclass[39m=[32m"relative z-10 pt-32 
pb-20 px-6 flex flex-col items-center justify-center 
text-center min-h-[90vh] bg-grid-pattern 
overflow-hidden"[39m
        [33mid[39m=[32m"hero"[39m
      [36m>[39m
        [36m<div[39m
          [33mclass[39m=[32m"absolute inset-0 
bg-gradient-to-b from-transparent via-[#0f172a]/50 
to-[#0f172a] pointer-events-none"[39m
        [36m/>[39m
        [36m<div[39m
          [33mclass[39m=[32m"absolute inset-0 
opacity-20 pointer-events-none"[39m
        [36m>[39m
          [36m<svg[39m
            [33mclass[39m=[32m"lucide 
lucide-database absolute top-[20%] left-[10%] w-16 
h-16 text-purple-500 animate-float delay-100"[39m
            [33mfill[39m=[32m"none"[39m
            [33mheight[39m=[32m"24"[39m
            [33mstroke[39m=[32m"currentColor"[39m
            [33mstroke-linecap[39m=[32m"round"[39m
            
[33mstroke-linejoin[39m=[32m"round"[39m
            [33mstroke-width[39m=[32m"2"[39m
            [33mviewBox[39m=[32m"0 0 24 24"[39m
            [33mwidth[39m=[32m"24"[39m
            
[33mxmlns[39m=[32m"http://www.w3.org/2000/svg"[39m
          [36m>[39m
            [36m<ellipse[39m
              [33mcx[39m=[32m"12"[39m
              [33mcy[39m=[32m"5"[39m
              [33mrx[39m=[32m"9"[39m
              [33mry[39m=[32m"3"[39m
            [36m/>[39m
            [36m<path[39m
              [33md[39m=[32m"M3 5V19A9 3 0 0 0 21 
19V5"[39m
            [36m/>[39m
            [36m<path[39m
              [33md[39m=[32m"M3 12A9 3 0 0 0 21 
12"[39m
            [36m/>[39m
          [36m</svg>[39m
          [36m<svg[39m
            [33mclass[39m=[32m"lucide lucide-zap 
absolute top-[15%] right-[15%] w-12 h-12 
text-orange-500 animate-float delay-300"[39m
            [33mfill[39m=[32m"none"[39m
            [33mheight[39m=[32m"24"[39m
            [33mstroke[39m=[32m"currentColor"[39m
            [33mstroke-linecap[39m=[32m"round"[39m
            
[33mstroke-linejoin[39m=[32m"round"[39m
            [33mstroke-width[39m=[32m"2"[39m
            [33mviewBox[39m=[32m"0 0 24 24"[39m
            [33mwidth[39m=[32m"24"[39m
            
[33mxmlns[39m=[32m"http://www.w3.org/2000/svg"[39m
          [36m>[39m
            [36m<polygon[39m
              [33mpoints[39m=[32m"13 2 3 14 12 14 
11 22 21 10 12 10 13 2"[39m
            [36m/>[39m
          [36m</svg>[39m
          [36m<svg[39m
            [33mclass[39m=[32m"lucide 
lucide-shield-alert absolute bottom-[30%] left-[20%] 
w-10 h-10 text-green-500 animate-float delay-500"[39m
            [33mfill[39m=[32m"none"[39m
            [33mheight[39m...

Ignored nodes: comments, script, style
[36m<html[39m
  [33mclass[39m=[32m"lenis"[39m
[36m>[39m
  [36m<head />[39m
  [36m<body>[39m
    [36m<div>[39m
      [36m<div[39m
        [33mclass[39m=[32m"min-h-screen 
bg-[#0f172a] text-slate-200 font-sans 
selection:bg-orange-500 selection:text-white 
overflow-x-hidden relative"[39m
      [36m>[39m
        [36m<nav[39m
          [33mclass[39m=[32m"fixed w-full z-50 
glass-panel border-b-0 border-b-white/5 
backdrop-blur-xl bg-slate-900/80"[39m
        [36m>[39m
          [36m<div[39m
            [33mclass[39m=[32m"max-w-7xl mx-auto 
px-6 h-16 flex items-center justify-between"[39m
          [36m>[39m
            [36m<div[39m
              [33mclass[39m=[32m"flex items-center 
gap-2 font-bold text-xl tracking-tight 
cursor-pointer"[39m
            [36m>[39m
              [36m<div[39m
                [33mclass[39m=[32m"w-8 h-8 
bg-gradient-to-br from-orange-400 to-red-500 
rounded-lg flex items-center justify-center shadow-lg 
shadow-orange-500/20"[39m
              [36m>[39m
                [36m<svg[39m
                  [33mclass[39m=[32m"lucide 
lucide-bot w-5 h-5 text-white"[39m
                  [33mfill[39m=[32m"none"[39m
                  [33mheight[39m=[32m"24"[39m
                  
[33mstroke[39m=[32m"currentColor"[39m
                  
[33mstroke-linecap[39m=[32m"round"[39m
                  
[33mstroke-linejoin[39m=[32m"round"[39m
                  [33mstroke-width[39m=[32m"2"[39m
                  [33mviewBox[39m=[32m"0 0 24 
24"[39m
                  [33mwidth[39m=[32m"24"[39m
                  
[33mxmlns[39m=[32m"http://www.w3.org/2000/svg"[39m
                [36m>[39m
                  [36m<path[39m
                    [33md[39m=[32m"M12 8V4H8"[39m
                  [36m/>[39m
                  [36m<rect[39m
                    [33mheight[39m=[32m"12"[39m
                    [33mrx[39m=[32m"2"[39m
                    [33mwidth[39m=[32m"16"[39m
                    [33mx[39m=[32m"4"[39m
                    [33my[39m=[32m"8"[39m
                  [36m/>[39m
                  [36m<path[39m
                    [33md[39m=[32m"M2 14h2"[39m
                  [36m/>[39m
                  [36m<path[39m
                    [33md[39m=[32m"M20 14h2"[39m
                  [36m/>[39m
                  [36m<path[39m
                    [33md[39m=[32m"M15 13v2"[39m
                  [36m/>[39m
                  [36m<path[39m
                    [33md[39m=[32m"M9 13v2"[39m
                  [36m/>[39m
                [36m</svg>[39m
              [36m</div>[39m
              [36m<span[39m
                [33mclass[39m=[32m"text-white"[39m
              [36m>[39m
                [0mMango[0m
                [36m<span[39m
                  
[33mclass[39m=[32m"text-orange-400"[39m
                [36m>[39m
                  [0mHelpdesk[0m
                [36m</span>[39m
              [36m</span>[39m
            [36m</div>[39m
            [36m<div[39m
              [33mclass[39m=[32m"hidden md:flex 
gap-6 text-sm font-medium text-slate-400"[39m
            [36m>[39m
              [36m<button[39m
                
[33mclass[39m=[32m"hover:text-orange-400 
transition-colors "[39m
              [36m>[39m
                [0mProblem[0m
              [36m</button>[39m
              [36m<button[39m
                
[33mclass[39m=[32m"hover:text-orange-400 
transition-colors "[39m
              [36m>[39m
                [0mSolution[0m
              [36m</button>[39m
              [36m<button[39m
                
[33mclass[39m=[32m"hover:text-orange-400 
transition-colors "[39m
              [36m>[39m
                [0mDemo[0m
              [36m</button>[39m
              [36m<button[39m
                
[33mclass[39m=[32m"hover:text-orange-400 
transition-colors "[39m
              [36m>[39m
                [0mImpact[0m
              [36m</button>[39m
            [36m</div>[39m
            [36m<div[39m
              [33mclass[39m=[32m"text-xs font-mono 
text-slate-500 border border-slate-700 px-3 py-1 
rounded-full flex items-center gap-2"[39m
            [36m>[39m
              [36m<span[39m
                [33mclass[39m=[32m"w-2 h-2 
rounded-full bg-green-500 animate-pulse"[39m
              [36m/>[39m
              [0mSystem Online v1.0.0[0m
            [36m</div>[39m
          [36m</div>[39m
        [36m</nav>[39m
        [36m<section[39m
          [33mclass[39m=[32m"relative z-10 pt-32 
pb-20 px-6 flex flex-col items-center justify-center 
text-center min-h-[90vh] bg-grid-pattern 
overflow-hidden"[39m
          [33mid[39m=[32m"hero"[39m
        [36m>[39m
          [36m<div[39m
            [33mclass[39m=[32m"absolute inset-0 
bg-gradient-to-b from-transparent via-[#0f172a]/50 
to-[#0f172a] pointer-events-none"[39m
          [36m/>[39m
          [36m<div[39m
            [33mclass[39m=[32m"absolute inset-0 
opacity-20 pointer-events-none"[39m
          [36m>[39m
            [36m<svg[39m
              [33mclass[39m=[32m"lucide 
lucide-database absolute top-[20%] left-[10%] w-16 
h-16 text-purple-500 animate-float delay-100"[39m
              [33mfill[39m=[32m"none"[39m
              [33mheight[39m=[32m"24"[39m
              
[33mstroke[39m=[32m"currentColor"[39m
              
[33mstroke-linecap[39m=[32m"round"[39m
              
[33mstroke-linejoin[39m=[32m"round"[39m
              [33mstroke-width[39m=[32m"2"[39m
              [33mviewBox[39m=[32m"0 0 24 24"[39m
              [33mwidth[39m=[32m"24"[39m
              
[33mxmlns[39m=[32m"http://www.w3.org/2000/svg"[39m
            [36m>[39m
              [36m<ellipse[39m
                [33mcx[39m=[32m"12"[39m
                [33mcy[39m=[32m"5"[39m
                [33mrx[39m=[32m"9"[39m
                [33mry[39m=[32m"3"[39m
              [36m/>[39m
              [36m<path[39m
                [33md[39m=[32m"M3 5V19A9 3 0 0 0 
21 19V5"[39m
              [36m/>[39m
              [36m<path[39m
                [33md[39m=[32m"M3 12A9 3 0 0 0 21 
12"[39m
              [36m/>[39m
            [36m</svg>[39m
            [36m<svg[39m
              [33mclass[39m=[32m"lucide lucide-zap 
absolute top-[15%] right-[15%] w-12 h-12 
text-orange-500 animate-float delay-300"[39m
              [33mfill[39m=[32m"none"[39m
              [33mheight[39m=[32m"24"[39m
              
[33mstroke[39m=[32m"currentColor"[39m
              
[33mstroke-linecap[39m=[32m"round"[39m
              
[33mstroke-linejoin[39m=[32m"round"[39m
              [33mstroke-width[39m=[32m"2"[39m
              [33mviewBox[39m=[32m"0 0 24 24"[39m
              [33mwidth[39m=[32m"24"[39m
              
[33mxmlns[39m=[32m"http://www.w3.org/2000/svg"[39m
            [36m>[39m
              [36m<polygon[39m
   ...
[90m [2mโฏ[22m Proxy.waitForWrapper node_modules/@
testing-library/react/node_modules/@testing-library/do
m/dist/wait-for.js:[2m163:27[22m[39m
[36m [2mโฏ[22m src/__tests__/unit/components/App.p
aranoid.test.jsx:[2m207:19[22m[39m
    [90m205| [39m            [35mawait[39m userEve
nt[33m.[39m[34mclick[39m(screen[33m.[39m[34mget
ByRole[39m([32m'button'[39m[33m,[39m { 
name[33m:[39m [36m/[39mโ€ฆ
    [90m206| [39m
    [90m207| [39m            [35mawait[39m 
[34mwaitFor[39m(() [33m=>[39m {
    [90m   | [39m                  [31m^[39m
    [90m208| [39m                [34mexpect[39m(sc
reen[33m.[39m[34mgetByText[39m([36m/Error/i[39m)
)[33m.[39m[34mtoBeInTheDocument[39m()[33m;[39m
    [90m209| [39m            })[33m;[39m

[31m[2mโฏโฏโฏโฏโฏโฏโฏโฏโฏโฏโฏโฏโฏโฏโฏ
โฏโฏโฏโฏโฏโฏโฏโฏ[8/25]โฏ[22m[39m

[31m[1m[7m FAIL [27m[22m[39m src/__tests__/unit/
components/App.paranoid.test.jsx[2m > [22mApp 
Component - PARANOID MODE[2m > [22mAPI Integration 
- PARANOID[2m > [22mshould handle 500 server errors
[31m[1mTestingLibraryElementError[22m[39m: Unable 
to find an element with the text: /Server Error: 
500/i. This could be because the text is broken up by 
multiple elements. In this case, you can provide a 
function for your text matcher to make your matcher 
more flexible.

Ignored nodes: comments, script, style
[36m<body>[39m
  [36m<div>[39m
    [36m<div[39m
      [33mclass[39m=[32m"min-h-screen bg-[#0f172a] 
text-slate-200 font-sans selection:bg-orange-500 
selection:text-white overflow-x-hidden relative"[39m
    [36m>[39m
      [36m<nav[39m
        [33mclass[39m=[32m"fixed w-full z-50 
glass-panel border-b-0 border-b-white/5 
backdrop-blur-xl bg-slate-900/80"[39m
      [36m>[39m
        [36m<div[39m
          [33mclass[39m=[32m"max-w-7xl mx-auto 
px-6 h-16 flex items-center justify-between"[39m
        [36m>[39m
          [36m<div[39m
            [33mclass[39m=[32m"flex items-center 
gap-2 font-bold text-xl tracking-tight 
cursor-pointer"[39m
          [36m>[39m
            [36m<div[39m
              [33mclass[39m=[32m"w-8 h-8 
bg-gradient-to-br from-orange-400 to-red-500 
rounded-lg flex items-center justify-center shadow-lg 
shadow-orange-500/20"[39m
            [36m>[39m
              [36m<svg[39m
                [33mclass[39m=[32m"lucide 
lucide-bot w-5 h-5 text-white"[39m
                [33mfill[39m=[32m"none"[39m
                [33mheight[39m=[32m"24"[39m
                
[33mstroke[39m=[32m"currentColor"[39m
                
[33mstroke-linecap[39m=[32m"round"[39m
                
[33mstroke-linejoin[39m=[32m"round"[39m
                [33mstroke-width[39m=[32m"2"[39m
                [33mviewBox[39m=[32m"0 0 24 
24"[39m
                [33mwidth[39m=[32m"24"[39m
                
[33mxmlns[39m=[32m"http://www.w3.org/2000/svg"[39m
              [36m>[39m
                [36m<path[39m
                  [33md[39m=[32m"M12 8V4H8"[39m
                [36m/>[39m
                [36m<rect[39m
                  [33mheight[39m=[32m"12"[39m
                  [33mrx[39m=[32m"2"[39m
                  [33mwidth[39m=[32m"16"[39m
                  [33mx[39m=[32m"4"[39m
                  [33my[39m=[32m"8"[39m
                [36m/>[39m
                [36m<path[39m
                  [33md[39m=[32m"M2 14h2"[39m
                [36m/>[39m
                [36m<path[39m
                  [33md[39m=[32m"M20 14h2"[39m
                [36m/>[39m
                [36m<path[39m
                  [33md[39m=[32m"M15 13v2"[39m
                [36m/>[39m
                [36m<path[39m
                  [33md[39m=[32m"M9 13v2"[39m
                [36m/>[39m
              [36m</svg>[39m
            [36m</div>[39m
            [36m<span[39m
              [33mclass[39m=[32m"text-white"[39m
            [36m>[39m
              [0mMango[0m
              [36m<span[39m
                
[33mclass[39m=[32m"text-orange-400"[39m
              [36m>[39m
                [0mHelpdesk[0m
              [36m</span>[39m
            [36m</span>[39m
          [36m</div>[39m
          [36m<div[39m
            [33mclass[39m=[32m"hidden md:flex 
gap-6 text-sm font-medium text-slate-400"[39m
          [36m>[39m
            [36m<button[39m
              
[33mclass[39m=[32m"hover:text-orange-400 
transition-colors "[39m
            [36m>[39m
              [0mProblem[0m
            [36m</button>[39m
            [36m<button[39m
              
[33mclass[39m=[32m"hover:text-orange-400 
transition-colors "[39m
            [36m>[39m
              [0mSolution[0m
            [36m</button>[39m
            [36m<button[39m
              
[33mclass[39m=[32m"hover:text-orange-400 
transition-colors "[39m
            [36m>[39m
              [0mDemo[0m
            [36m</button>[39m
            [36m<button[39m
              
[33mclass[39m=[32m"hover:text-orange-400 
transition-colors "[39m
            [36m>[39m
              [0mImpact[0m
            [36m</button>[39m
          [36m</div>[39m
          [36m<div[39m
            [33mclass[39m=[32m"text-xs font-mono 
text-slate-500 border border-slate-700 px-3 py-1 
rounded-full flex items-center gap-2"[39m
          [36m>[39m
            [36m<span[39m
              [33mclass[39m=[32m"w-2 h-2 
rounded-full bg-green-500 animate-pulse"[39m
            [36m/>[39m
            [0mSystem Online v1.0.0[0m
          [36m</div>[39m
        [36m</div>[39m
      [36m</nav>[39m
      [36m<section[39m
        [33mclass[39m=[32m"relative z-10 pt-32 
pb-20 px-6 flex flex-col items-center justify-center 
text-center min-h-[90vh] bg-grid-pattern 
overflow-hidden"[39m
        [33mid[39m=[32m"hero"[39m
      [36m>[39m
        [36m<div[39m
          [33mclass[39m=[32m"absolute inset-0 
bg-gradient-to-b from-transparent via-[#0f172a]/50 
to-[#0f172a] pointer-events-none"[39m
        [36m/>[39m
        [36m<div[39m
          [33mclass[39m=[32m"absolute inset-0 
opacity-20 pointer-events-none"[39m
        [36m>[39m
          [36m<svg[39m
            [33mclass[39m=[32m"lucide 
lucide-database absolute top-[20%] left-[10%] w-16 
h-16 text-purple-500 animate-float delay-100"[39m
            [33mfill[39m=[32m"none"[39m
            [33mheight[39m=[32m"24"[39m
            [33mstroke[39m=[32m"currentColor"[39m
            [33mstroke-linecap[39m=[32m"round"[39m
            
[33mstroke-linejoin[39m=[32m"round"[39m
            [33mstroke-width[39m=[32m"2"[39m
            [33mviewBox[39m=[32m"0 0 24 24"[39m
            [33mwidth[39m=[32m"24"[39m
            
[33mxmlns[39m=[32m"http://www.w3.org/2000/svg"[39m
          [36m>[39m
            [36m<ellipse[39m
              [33mcx[39m=[32m"12"[39m
              [33mcy[39m=[32m"5"[39m
              [33mrx[39m=[32m"9"[39m
              [33mry[39m=[32m"3"[39m
            [36m/>[39m
            [36m<path[39m
              [33md[39m=[32m"M3 5V19A9 3 0 0 0 21 
19V5"[39m
            [36m/>[39m
            [36m<path[39m
              [33md[39m=[32m"M3 12A9 3 0 0 0 21 
12"[39m
            [36m/>[39m
          [36m</svg>[39m
          [36m<svg[39m
            [33mclass[39m=[32m"lucide lucide-zap 
absolute top-[15%] right-[15%] w-12 h-12 
text-orange-500 animate-float delay-300"[39m
            [33mfill[39m=[32m"none"[39m
            [33mheight[39m=[32m"24"[39m
            [33mstroke[39m=[32m"currentColor"[39m
            [33mstroke-linecap[39m=[32m"round"[39m
            
[33mstroke-linejoin[39m=[32m"round"[39m
            [33mstroke-width[39m=[32m"2"[39m
            [33mviewBox[39m=[32m"0 0 24 24"[39m
            [33mwidth[39m=[32m"24"[39m
            
[33mxmlns[39m=[32m"http://www.w3.org/2000/svg"[39m
          [36m>[39m
            [36m<polygon[39m
              [33mpoints[39m=[32m"13 2 3 14 12 14 
11 22 21 10 12 10 13 2"[39m
            [36m/>[39m
          [36m</svg>[39m
          [36m<svg[39m
            [33mclass[39m=[32m"lucide 
lucide-shield-alert absolute bottom-[30%] left-[20%] 
w-10 h-10 text-green-500 animate-float delay-500"[39m
            [33mfill[39m=[32m"none"[39m
            [33mheight[39m...

Ignored nodes: comments, script, style
[36m<html[39m
  [33mclass[39m=[32m"lenis"[39m
[36m>[39m
  [36m<head />[39m
  [36m<body>[39m
    [36m<div>[39m
      [36m<div[39m
        [33mclass[39m=[32m"min-h-screen 
bg-[#0f172a] text-slate-200 font-sans 
selection:bg-orange-500 selection:text-white 
overflow-x-hidden relative"[39m
      [36m>[39m
        [36m<nav[39m
          [33mclass[39m=[32m"fixed w-full z-50 
glass-panel border-b-0 border-b-white/5 
backdrop-blur-xl bg-slate-900/80"[39m
        [36m>[39m
          [36m<div[39m
            [33mclass[39m=[32m"max-w-7xl mx-auto 
px-6 h-16 flex items-center justify-between"[39m
          [36m>[39m
            [36m<div[39m
              [33mclass[39m=[32m"flex items-center 
gap-2 font-bold text-xl tracking-tight 
cursor-pointer"[39m
            [36m>[39m
              [36m<div[39m
                [33mclass[39m=[32m"w-8 h-8 
bg-gradient-to-br from-orange-400 to-red-500 
rounded-lg flex items-center justify-center shadow-lg 
shadow-orange-500/20"[39m
              [36m>[39m
                [36m<svg[39m
                  [33mclass[39m=[32m"lucide 
lucide-bot w-5 h-5 text-white"[39m
                  [33mfill[39m=[32m"none"[39m
                  [33mheight[39m=[32m"24"[39m
                  
[33mstroke[39m=[32m"currentColor"[39m
                  
[33mstroke-linecap[39m=[32m"round"[39m
                  
[33mstroke-linejoin[39m=[32m"round"[39m
                  [33mstroke-width[39m=[32m"2"[39m
                  [33mviewBox[39m=[32m"0 0 24 
24"[39m
                  [33mwidth[39m=[32m"24"[39m
                  
[33mxmlns[39m=[32m"http://www.w3.org/2000/svg"[39m
                [36m>[39m
                  [36m<path[39m
                    [33md[39m=[32m"M12 8V4H8"[39m
                  [36m/>[39m
                  [36m<rect[39m
                    [33mheight[39m=[32m"12"[39m
                    [33mrx[39m=[32m"2"[39m
                    [33mwidth[39m=[32m"16"[39m
                    [33mx[39m=[32m"4"[39m
                    [33my[39m=[32m"8"[39m
                  [36m/>[39m
                  [36m<path[39m
                    [33md[39m=[32m"M2 14h2"[39m
                  [36m/>[39m
                  [36m<path[39m
                    [33md[39m=[32m"M20 14h2"[39m
                  [36m/>[39m
                  [36m<path[39m
                    [33md[39m=[32m"M15 13v2"[39m
                  [36m/>[39m
                  [36m<path[39m
                    [33md[39m=[32m"M9 13v2"[39m
                  [36m/>[39m
                [36m</svg>[39m
              [36m</div>[39m
              [36m<span[39m
                [33mclass[39m=[32m"text-white"[39m
              [36m>[39m
                [0mMango[0m
                [36m<span[39m
                  
[33mclass[39m=[32m"text-orange-400"[39m
                [36m>[39m
                  [0mHelpdesk[0m
                [36m</span>[39m
              [36m</span>[39m
            [36m</div>[39m
            [36m<div[39m
              [33mclass[39m=[32m"hidden md:flex 
gap-6 text-sm font-medium text-slate-400"[39m
            [36m>[39m
              [36m<button[39m
                
[33mclass[39m=[32m"hover:text-orange-400 
transition-colors "[39m
              [36m>[39m
                [0mProblem[0m
              [36m</button>[39m
              [36m<button[39m
                
[33mclass[39m=[32m"hover:text-orange-400 
transition-colors "[39m
              [36m>[39m
                [0mSolution[0m
              [36m</button>[39m
              [36m<button[39m
                
[33mclass[39m=[32m"hover:text-orange-400 
transition-colors "[39m
              [36m>[39m
                [0mDemo[0m
              [36m</button>[39m
              [36m<button[39m
                
[33mclass[39m=[32m"hover:text-orange-400 
transition-colors "[39m
              [36m>[39m
                [0mImpact[0m
              [36m</button>[39m
            [36m</div>[39m
            [36m<div[39m
              [33mclass[39m=[32m"text-xs font-mono 
text-slate-500 border border-slate-700 px-3 py-1 
rounded-full flex items-center gap-2"[39m
            [36m>[39m
              [36m<span[39m
                [33mclass[39m=[32m"w-2 h-2 
rounded-full bg-green-500 animate-pulse"[39m
              [36m/>[39m
              [0mSystem Online v1.0.0[0m
            [36m</div>[39m
          [36m</div>[39m
        [36m</nav>[39m
        [36m<section[39m
          [33mclass[39m=[32m"relative z-10 pt-32 
pb-20 px-6 flex flex-col items-center justify-center 
text-center min-h-[90vh] bg-grid-pattern 
overflow-hidden"[39m
          [33mid[39m=[32m"hero"[39m
        [36m>[39m
          [36m<div[39m
            [33mclass[39m=[32m"absolute inset-0 
bg-gradient-to-b from-transparent via-[#0f172a]/50 
to-[#0f172a] pointer-events-none"[39m
          [36m/>[39m
          [36m<div[39m
            [33mclass[39m=[32m"absolute inset-0 
opacity-20 pointer-events-none"[39m
          [36m>[39m
            [36m<svg[39m
              [33mclass[39m=[32m"lucide 
lucide-database absolute top-[20%] left-[10%] w-16 
h-16 text-purple-500 animate-float delay-100"[39m
              [33mfill[39m=[32m"none"[39m
              [33mheight[39m=[32m"24"[39m
              
[33mstroke[39m=[32m"currentColor"[39m
              
[33mstroke-linecap[39m=[32m"round"[39m
              
[33mstroke-linejoin[39m=[32m"round"[39m
              [33mstroke-width[39m=[32m"2"[39m
              [33mviewBox[39m=[32m"0 0 24 24"[39m
              [33mwidth[39m=[32m"24"[39m
              
[33mxmlns[39m=[32m"http://www.w3.org/2000/svg"[39m
            [36m>[39m
              [36m<ellipse[39m
                [33mcx[39m=[32m"12"[39m
                [33mcy[39m=[32m"5"[39m
                [33mrx[39m=[32m"9"[39m
                [33mry[39m=[32m"3"[39m
              [36m/>[39m
              [36m<path[39m
                [33md[39m=[32m"M3 5V19A9 3 0 0 0 
21 19V5"[39m
              [36m/>[39m
              [36m<path[39m
                [33md[39m=[32m"M3 12A9 3 0 0 0 21 
12"[39m
              [36m/>[39m
            [36m</svg>[39m
            [36m<svg[39m
              [33mclass[39m=[32m"lucide lucide-zap 
absolute top-[15%] right-[15%] w-12 h-12 
text-orange-500 animate-float delay-300"[39m
              [33mfill[39m=[32m"none"[39m
              [33mheight[39m=[32m"24"[39m
              
[33mstroke[39m=[32m"currentColor"[39m
              
[33mstroke-linecap[39m=[32m"round"[39m
              
[33mstroke-linejoin[39m=[32m"round"[39m
              [33mstroke-width[39m=[32m"2"[39m
              [33mviewBox[39m=[32m"0 0 24 24"[39m
              [33mwidth[39m=[32m"24"[39m
              
[33mxmlns[39m=[32m"http://www.w3.org/2000/svg"[39m
            [36m>[39m
              [36m<polygon[39m
   ...
[90m [2mโฏ[22m Proxy.waitForWrapper node_modules/@
testing-library/react/node_modules/@testing-library/do
m/dist/wait-for.js:[2m163:27[22m[39m
[36m [2mโฏ[22m src/__tests__/unit/components/App.p
aranoid.test.jsx:[2m228:19[22m[39m
    [90m226| [39m            [35mawait[39m userEve
nt[33m.[39m[34mclick[39m(screen[33m.[39m[34mget
ByRole[39m([32m'button'[39m[33m,[39m { 
name[33m:[39m [36m/[39mโ€ฆ
    [90m227| [39m
    [90m228| [39m            [35mawait[39m 
[34mwaitFor[39m(() [33m=>[39m {
    [90m   | [39m                  [31m^[39m
    [90m229| [39m                [34mexpect[39m(sc
reen[33m.[39m[34mgetByText[39m([36m/Server 
Error: 500/i[39m))[33m.[39m[34mtoBeInT[39mโ€ฆ
    [90m230| [39m            })[33m;[39m

[31m[2mโฏโฏโฏโฏโฏโฏโฏโฏโฏโฏโฏโฏโฏโฏโฏ
โฏโฏโฏโฏโฏโฏโฏโฏ[9/25]โฏ[22m[39m

[31m[1m[7m FAIL [27m[22m[39m src/__tests__/unit/
components/App.paranoid.test.jsx[2m > [22mApp 
Component - PARANOID MODE[2m > [22mAPI Integration 
- PARANOID[2m > [22mshould handle malformed JSON 
responses
[31m[1mTestingLibraryElementError[22m[39m: Unable 
to find an element with the text: /Error/i. This 
could be because the text is broken up by multiple 
elements. In this case, you can provide a function 
for your text matcher to make your matcher more 
flexible.

Ignored nodes: comments, script, style
[36m<body>[39m
  [36m<div>[39m
    [36m<div[39m
      [33mclass[39m=[32m"min-h-screen bg-[#0f172a] 
text-slate-200 font-sans selection:bg-orange-500 
selection:text-white overflow-x-hidden relative"[39m
    [36m>[39m
      [36m<nav[39m
        [33mclass[39m=[32m"fixed w-full z-50 
glass-panel border-b-0 border-b-white/5 
backdrop-blur-xl bg-slate-900/80"[39m
      [36m>[39m
        [36m<div[39m
          [33mclass[39m=[32m"max-w-7xl mx-auto 
px-6 h-16 flex items-center justify-between"[39m
        [36m>[39m
          [36m<div[39m
            [33mclass[39m=[32m"flex items-center 
gap-2 font-bold text-xl tracking-tight 
cursor-pointer"[39m
          [36m>[39m
            [36m<div[39m
              [33mclass[39m=[32m"w-8 h-8 
bg-gradient-to-br from-orange-400 to-red-500 
rounded-lg flex items-center justify-center shadow-lg 
shadow-orange-500/20"[39m
            [36m>[39m
              [36m<svg[39m
                [33mclass[39m=[32m"lucide 
lucide-bot w-5 h-5 text-white"[39m
                [33mfill[39m=[32m"none"[39m
                [33mheight[39m=[32m"24"[39m
                
[33mstroke[39m=[32m"currentColor"[39m
                
[33mstroke-linecap[39m=[32m"round"[39m
                
[33mstroke-linejoin[39m=[32m"round"[39m
                [33mstroke-width[39m=[32m"2"[39m
                [33mviewBox[39m=[32m"0 0 24 
24"[39m
                [33mwidth[39m=[32m"24"[39m
                
[33mxmlns[39m=[32m"http://www.w3.org/2000/svg"[39m
              [36m>[39m
                [36m<path[39m
                  [33md[39m=[32m"M12 8V4H8"[39m
                [36m/>[39m
                [36m<rect[39m
                  [33mheight[39m=[32m"12"[39m
                  [33mrx[39m=[32m"2"[39m
                  [33mwidth[39m=[32m"16"[39m
                  [33mx[39m=[32m"4"[39m
                  [33my[39m=[32m"8"[39m
                [36m/>[39m
                [36m<path[39m
                  [33md[39m=[32m"M2 14h2"[39m
                [36m/>[39m
                [36m<path[39m
                  [33md[39m=[32m"M20 14h2"[39m
                [36m/>[39m
                [36m<path[39m
                  [33md[39m=[32m"M15 13v2"[39m
                [36m/>[39m
                [36m<path[39m
                  [33md[39m=[32m"M9 13v2"[39m
                [36m/>[39m
              [36m</svg>[39m
            [36m</div>[39m
            [36m<span[39m
              [33mclass[39m=[32m"text-white"[39m
            [36m>[39m
              [0mMango[0m
              [36m<span[39m
                
[33mclass[39m=[32m"text-orange-400"[39m
              [36m>[39m
                [0mHelpdesk[0m
              [36m</span>[39m
            [36m</span>[39m
          [36m</div>[39m
          [36m<div[39m
            [33mclass[39m=[32m"hidden md:flex 
gap-6 text-sm font-medium text-slate-400"[39m
          [36m>[39m
            [36m<button[39m
              
[33mclass[39m=[32m"hover:text-orange-400 
transition-colors "[39m
            [36m>[39m
              [0mProblem[0m
            [36m</button>[39m
            [36m<button[39m
              
[33mclass[39m=[32m"hover:text-orange-400 
transition-colors "[39m
            [36m>[39m
              [0mSolution[0m
            [36m</button>[39m
            [36m<button[39m
              
[33mclass[39m=[32m"hover:text-orange-400 
transition-colors "[39m
            [36m>[39m
              [0mDemo[0m
            [36m</button>[39m
            [36m<button[39m
              
[33mclass[39m=[32m"hover:text-orange-400 
transition-colors "[39m
            [36m>[39m
              [0mImpact[0m
            [36m</button>[39m
          [36m</div>[39m
          [36m<div[39m
            [33mclass[39m=[32m"text-xs font-mono 
text-slate-500 border border-slate-700 px-3 py-1 
rounded-full flex items-center gap-2"[39m
          [36m>[39m
            [36m<span[39m
              [33mclass[39m=[32m"w-2 h-2 
rounded-full bg-green-500 animate-pulse"[39m
            [36m/>[39m
            [0mSystem Online v1.0.0[0m
          [36m</div>[39m
        [36m</div>[39m
      [36m</nav>[39m
      [36m<section[39m
        [33mclass[39m=[32m"relative z-10 pt-32 
pb-20 px-6 flex flex-col items-center justify-center 
text-center min-h-[90vh] bg-grid-pattern 
overflow-hidden"[39m
        [33mid[39m=[32m"hero"[39m
      [36m>[39m
        [36m<div[39m
          [33mclass[39m=[32m"absolute inset-0 
bg-gradient-to-b from-transparent via-[#0f172a]/50 
to-[#0f172a] pointer-events-none"[39m
        [36m/>[39m
        [36m<div[39m
          [33mclass[39m=[32m"absolute inset-0 
opacity-20 pointer-events-none"[39m
        [36m>[39m
          [36m<svg[39m
            [33mclass[39m=[32m"lucide 
lucide-database absolute top-[20%] left-[10%] w-16 
h-16 text-purple-500 animate-float delay-100"[39m
            [33mfill[39m=[32m"none"[39m
            [33mheight[39m=[32m"24"[39m
            [33mstroke[39m=[32m"currentColor"[39m
            [33mstroke-linecap[39m=[32m"round"[39m
            
[33mstroke-linejoin[39m=[32m"round"[39m
            [33mstroke-width[39m=[32m"2"[39m
            [33mviewBox[39m=[32m"0 0 24 24"[39m
            [33mwidth[39m=[32m"24"[39m
            
[33mxmlns[39m=[32m"http://www.w3.org/2000/svg"[39m
          [36m>[39m
            [36m<ellipse[39m
              [33mcx[39m=[32m"12"[39m
              [33mcy[39m=[32m"5"[39m
              [33mrx[39m=[32m"9"[39m
              [33mry[39m=[32m"3"[39m
            [36m/>[39m
            [36m<path[39m
              [33md[39m=[32m"M3 5V19A9 3 0 0 0 21 
19V5"[39m
            [36m/>[39m
            [36m<path[39m
              [33md[39m=[32m"M3 12A9 3 0 0 0 21 
12"[39m
            [36m/>[39m
          [36m</svg>[39m
          [36m<svg[39m
            [33mclass[39m=[32m"lucide lucide-zap 
absolute top-[15%] right-[15%] w-12 h-12 
text-orange-500 animate-float delay-300"[39m
            [33mfill[39m=[32m"none"[39m
            [33mheight[39m=[32m"24"[39m
            [33mstroke[39m=[32m"currentColor"[39m
            [33mstroke-linecap[39m=[32m"round"[39m
            
[33mstroke-linejoin[39m=[32m"round"[39m
            [33mstroke-width[39m=[32m"2"[39m
            [33mviewBox[39m=[32m"0 0 24 24"[39m
            [33mwidth[39m=[32m"24"[39m
            
[33mxmlns[39m=[32m"http://www.w3.org/2000/svg"[39m
          [36m>[39m
            [36m<polygon[39m
              [33mpoints[39m=[32m"13 2 3 14 12 14 
11 22 21 10 12 10 13 2"[39m
            [36m/>[39m
          [36m</svg>[39m
          [36m<svg[39m
            [33mclass[39m=[32m"lucide 
lucide-shield-alert absolute bottom-[30%] left-[20%] 
w-10 h-10 text-green-500 animate-float delay-500"[39m
            [33mfill[39m=[32m"none"[39m
            [33mheight[39m...

Ignored nodes: comments, script, style
[36m<html[39m
  [33mclass[39m=[32m"lenis"[39m
[36m>[39m
  [36m<head />[39m
  [36m<body>[39m
    [36m<div>[39m
      [36m<div[39m
        [33mclass[39m=[32m"min-h-screen 
bg-[#0f172a] text-slate-200 font-sans 
selection:bg-orange-500 selection:text-white 
overflow-x-hidden relative"[39m
      [36m>[39m
        [36m<nav[39m
          [33mclass[39m=[32m"fixed w-full z-50 
glass-panel border-b-0 border-b-white/5 
backdrop-blur-xl bg-slate-900/80"[39m
        [36m>[39m
          [36m<div[39m
            [33mclass[39m=[32m"max-w-7xl mx-auto 
px-6 h-16 flex items-center justify-between"[39m
          [36m>[39m
            [36m<div[39m
              [33mclass[39m=[32m"flex items-center 
gap-2 font-bold text-xl tracking-tight 
cursor-pointer"[39m
            [36m>[39m
              [36m<div[39m
                [33mclass[39m=[32m"w-8 h-8 
bg-gradient-to-br from-orange-400 to-red-500 
rounded-lg flex items-center justify-center shadow-lg 
shadow-orange-500/20"[39m
              [36m>[39m
                [36m<svg[39m
                  [33mclass[39m=[32m"lucide 
lucide-bot w-5 h-5 text-white"[39m
                  [33mfill[39m=[32m"none"[39m
                  [33mheight[39m=[32m"24"[39m
                  
[33mstroke[39m=[32m"currentColor"[39m
                  
[33mstroke-linecap[39m=[32m"round"[39m
                  
[33mstroke-linejoin[39m=[32m"round"[39m
                  [33mstroke-width[39m=[32m"2"[39m
                  [33mviewBox[39m=[32m"0 0 24 
24"[39m
                  [33mwidth[39m=[32m"24"[39m
                  
[33mxmlns[39m=[32m"http://www.w3.org/2000/svg"[39m
                [36m>[39m
                  [36m<path[39m
                    [33md[39m=[32m"M12 8V4H8"[39m
                  [36m/>[39m
                  [36m<rect[39m
                    [33mheight[39m=[32m"12"[39m
                    [33mrx[39m=[32m"2"[39m
                    [33mwidth[39m=[32m"16"[39m
                    [33mx[39m=[32m"4"[39m
                    [33my[39m=[32m"8"[39m
                  [36m/>[39m
                  [36m<path[39m
                    [33md[39m=[32m"M2 14h2"[39m
                  [36m/>[39m
                  [36m<path[39m
                    [33md[39m=[32m"M20 14h2"[39m
                  [36m/>[39m
                  [36m<path[39m
                    [33md[39m=[32m"M15 13v2"[39m
                  [36m/>[39m
                  [36m<path[39m
                    [33md[39m=[32m"M9 13v2"[39m
                  [36m/>[39m
                [36m</svg>[39m
              [36m</div>[39m
              [36m<span[39m
                [33mclass[39m=[32m"text-white"[39m
              [36m>[39m
                [0mMango[0m
                [36m<span[39m
                  
[33mclass[39m=[32m"text-orange-400"[39m
                [36m>[39m
                  [0mHelpdesk[0m
                [36m</span>[39m
              [36m</span>[39m
            [36m</div>[39m
            [36m<div[39m
              [33mclass[39m=[32m"hidden md:flex 
gap-6 text-sm font-medium text-slate-400"[39m
            [36m>[39m
              [36m<button[39m
                
[33mclass[39m=[32m"hover:text-orange-400 
transition-colors "[39m
              [36m>[39m
                [0mProblem[0m
              [36m</button>[39m
              [36m<button[39m
                
[33mclass[39m=[32m"hover:text-orange-400 
transition-colors "[39m
              [36m>[39m
                [0mSolution[0m
              [36m</button>[39m
              [36m<button[39m
                
[33mclass[39m=[32m"hover:text-orange-400 
transition-colors "[39m
              [36m>[39m
                [0mDemo[0m
              [36m</button>[39m
              [36m<button[39m
                
[33mclass[39m=[32m"hover:text-orange-400 
transition-colors "[39m
              [36m>[39m
                [0mImpact[0m
              [36m</button>[39m
            [36m</div>[39m
            [36m<div[39m
              [33mclass[39m=[32m"text-xs font-mono 
text-slate-500 border border-slate-700 px-3 py-1 
rounded-full flex items-center gap-2"[39m
            [36m>[39m
              [36m<span[39m
                [33mclass[39m=[32m"w-2 h-2 
rounded-full bg-green-500 animate-pulse"[39m
              [36m/>[39m
              [0mSystem Online v1.0.0[0m
            [36m</div>[39m
          [36m</div>[39m
        [36m</nav>[39m
        [36m<section[39m
          [33mclass[39m=[32m"relative z-10 pt-32 
pb-20 px-6 flex flex-col items-center justify-center 
text-center min-h-[90vh] bg-grid-pattern 
overflow-hidden"[39m
          [33mid[39m=[32m"hero"[39m
        [36m>[39m
          [36m<div[39m
            [33mclass[39m=[32m"absolute inset-0 
bg-gradient-to-b from-transparent via-[#0f172a]/50 
to-[#0f172a] pointer-events-none"[39m
          [36m/>[39m
          [36m<div[39m
            [33mclass[39m=[32m"absolute inset-0 
opacity-20 pointer-events-none"[39m
          [36m>[39m
            [36m<svg[39m
              [33mclass[39m=[32m"lucide 
lucide-database absolute top-[20%] left-[10%] w-16 
h-16 text-purple-500 animate-float delay-100"[39m
              [33mfill[39m=[32m"none"[39m
              [33mheight[39m=[32m"24"[39m
              
[33mstroke[39m=[32m"currentColor"[39m
              
[33mstroke-linecap[39m=[32m"round"[39m
              
[33mstroke-linejoin[39m=[32m"round"[39m
              [33mstroke-width[39m=[32m"2"[39m
              [33mviewBox[39m=[32m"0 0 24 24"[39m
              [33mwidth[39m=[32m"24"[39m
              
[33mxmlns[39m=[32m"http://www.w3.org/2000/svg"[39m
            [36m>[39m
              [36m<ellipse[39m
                [33mcx[39m=[32m"12"[39m
                [33mcy[39m=[32m"5"[39m
                [33mrx[39m=[32m"9"[39m
                [33mry[39m=[32m"3"[39m
              [36m/>[39m
              [36m<path[39m
                [33md[39m=[32m"M3 5V19A9 3 0 0 0 
21 19V5"[39m
              [36m/>[39m
              [36m<path[39m
                [33md[39m=[32m"M3 12A9 3 0 0 0 21 
12"[39m
              [36m/>[39m
            [36m</svg>[39m
            [36m<svg[39m
              [33mclass[39m=[32m"lucide lucide-zap 
absolute top-[15%] right-[15%] w-12 h-12 
text-orange-500 animate-float delay-300"[39m
              [33mfill[39m=[32m"none"[39m
              [33mheight[39m=[32m"24"[39m
              
[33mstroke[39m=[32m"currentColor"[39m
              
[33mstroke-linecap[39m=[32m"round"[39m
              
[33mstroke-linejoin[39m=[32m"round"[39m
              [33mstroke-width[39m=[32m"2"[39m
              [33mviewBox[39m=[32m"0 0 24 24"[39m
              [33mwidth[39m=[32m"24"[39m
              
[33mxmlns[39m=[32m"http://www.w3.org/2000/svg"[39m
            [36m>[39m
              [36m<polygon[39m
   ...
[90m [2mโฏ[22m Proxy.waitForWrapper node_modules/@
testing-library/react/node_modules/@testing-library/do
m/dist/wait-for.js:[2m163:27[22m[39m
[36m [2mโฏ[22m src/__tests__/unit/components/App.p
aranoid.test.jsx:[2m251:19[22m[39m
    [90m249| [39m            [35mawait[39m userEve
nt[33m.[39m[34mclick[39m(screen[33m.[39m[34mget
ByRole[39m([32m'button'[39m[33m,[39m { 
name[33m:[39m [36m/[39mโ€ฆ
    [90m250| [39m
    [90m251| [39m            [35mawait[39m 
[34mwaitFor[39m(() [33m=>[39m {
    [90m   | [39m                  [31m^[39m
    [90m252| [39m                [34mexpect[39m(sc
reen[33m.[39m[34mgetByText[39m([36m/Error/i[39m)
)[33m.[39m[34mtoBeInTheDocument[39m()[33m;[39m
    [90m253| [39m            })[33m;[39m

[31m[2mโฏโฏโฏโฏโฏโฏโฏโฏโฏโฏโฏโฏโฏโฏโฏ
โฏโฏโฏโฏโฏโฏโฏ[10/25]โฏ[22m[39m

[31m[1m[7m FAIL [27m[22m[39m src/__tests__/unit/
components/App.paranoid.test.jsx[2m > [22mApp 
Component - PARANOID MODE[2m > [22mAPI Integration 
- PARANOID[2m > [22mshould handle timeout gracefully
[31m[1mTestingLibraryElementError[22m[39m: Unable 
to find an element with the text: /thinking/i. This 
could be because the text is broken up by multiple 
elements. In this case, you can provide a function 
for your text matcher to make your matcher more 
flexible.

Ignored nodes: comments, script, style
[36m<body>[39m
  [36m<div>[39m
    [36m<div[39m
      [33mclass[39m=[32m"min-h-screen bg-[#0f172a] 
text-slate-200 font-sans selection:bg-orange-500 
selection:text-white overflow-x-hidden relative"[39m
    [36m>[39m
      [36m<nav[39m
        [33mclass[39m=[32m"fixed w-full z-50 
glass-panel border-b-0 border-b-white/5 
backdrop-blur-xl bg-slate-900/80"[39m
      [36m>[39m
        [36m<div[39m
          [33mclass[39m=[32m"max-w-7xl mx-auto 
px-6 h-16 flex items-center justify-between"[39m
        [36m>[39m
          [36m<div[39m
            [33mclass[39m=[32m"flex items-center 
gap-2 font-bold text-xl tracking-tight 
cursor-pointer"[39m
          [36m>[39m
            [36m<div[39m
              [33mclass[39m=[32m"w-8 h-8 
bg-gradient-to-br from-orange-400 to-red-500 
rounded-lg flex items-center justify-center shadow-lg 
shadow-orange-500/20"[39m
            [36m>[39m
              [36m<svg[39m
                [33mclass[39m=[32m"lucide 
lucide-bot w-5 h-5 text-white"[39m
                [33mfill[39m=[32m"none"[39m
                [33mheight[39m=[32m"24"[39m
                
[33mstroke[39m=[32m"currentColor"[39m
                
[33mstroke-linecap[39m=[32m"round"[39m
                
[33mstroke-linejoin[39m=[32m"round"[39m
                [33mstroke-width[39m=[32m"2"[39m
                [33mviewBox[39m=[32m"0 0 24 
24"[39m
                [33mwidth[39m=[32m"24"[39m
                
[33mxmlns[39m=[32m"http://www.w3.org/2000/svg"[39m
              [36m>[39m
                [36m<path[39m
                  [33md[39m=[32m"M12 8V4H8"[39m
                [36m/>[39m
                [36m<rect[39m
                  [33mheight[39m=[32m"12"[39m
                  [33mrx[39m=[32m"2"[39m
                  [33mwidth[39m=[32m"16"[39m
                  [33mx[39m=[32m"4"[39m
                  [33my[39m=[32m"8"[39m
                [36m/>[39m
                [36m<path[39m
                  [33md[39m=[32m"M2 14h2"[39m
                [36m/>[39m
                [36m<path[39m
                  [33md[39m=[32m"M20 14h2"[39m
                [36m/>[39m
                [36m<path[39m
                  [33md[39m=[32m"M15 13v2"[39m
                [36m/>[39m
                [36m<path[39m
                  [33md[39m=[32m"M9 13v2"[39m
                [36m/>[39m
              [36m</svg>[39m
            [36m</div>[39m
            [36m<span[39m
              [33mclass[39m=[32m"text-white"[39m
            [36m>[39m
              [0mMango[0m
              [36m<span[39m
                
[33mclass[39m=[32m"text-orange-400"[39m
              [36m>[39m
                [0mHelpdesk[0m
              [36m</span>[39m
            [36m</span>[39m
          [36m</div>[39m
          [36m<div[39m
            [33mclass[39m=[32m"hidden md:flex 
gap-6 text-sm font-medium text-slate-400"[39m
          [36m>[39m
            [36m<button[39m
              
[33mclass[39m=[32m"hover:text-orange-400 
transition-colors "[39m
            [36m>[39m
              [0mProblem[0m
            [36m</button>[39m
            [36m<button[39m
              
[33mclass[39m=[32m"hover:text-orange-400 
transition-colors "[39m
            [36m>[39m
              [0mSolution[0m
            [36m</button>[39m
            [36m<button[39m
              
[33mclass[39m=[32m"hover:text-orange-400 
transition-colors "[39m
            [36m>[39m
              [0mDemo[0m
            [36m</button>[39m
            [36m<button[39m
              
[33mclass[39m=[32m"hover:text-orange-400 
transition-colors "[39m
            [36m>[39m
              [0mImpact[0m
            [36m</button>[39m
          [36m</div>[39m
          [36m<div[39m
            [33mclass[39m=[32m"text-xs font-mono 
text-slate-500 border border-slate-700 px-3 py-1 
rounded-full flex items-center gap-2"[39m
          [36m>[39m
            [36m<span[39m
              [33mclass[39m=[32m"w-2 h-2 
rounded-full bg-green-500 animate-pulse"[39m
            [36m/>[39m
            [0mSystem Online v1.0.0[0m
          [36m</div>[39m
        [36m</div>[39m
      [36m</nav>[39m
      [36m<section[39m
        [33mclass[39m=[32m"relative z-10 pt-32 
pb-20 px-6 flex flex-col items-center justify-center 
text-center min-h-[90vh] bg-grid-pattern 
overflow-hidden"[39m
        [33mid[39m=[32m"hero"[39m
      [36m>[39m
        [36m<div[39m
          [33mclass[39m=[32m"absolute inset-0 
bg-gradient-to-b from-transparent via-[#0f172a]/50 
to-[#0f172a] pointer-events-none"[39m
        [36m/>[39m
        [36m<div[39m
          [33mclass[39m=[32m"absolute inset-0 
opacity-20 pointer-events-none"[39m
        [36m>[39m
          [36m<svg[39m
            [33mclass[39m=[32m"lucide 
lucide-database absolute top-[20%] left-[10%] w-16 
h-16 text-purple-500 animate-float delay-100"[39m
            [33mfill[39m=[32m"none"[39m
            [33mheight[39m=[32m"24"[39m
            [33mstroke[39m=[32m"currentColor"[39m
            [33mstroke-linecap[39m=[32m"round"[39m
            
[33mstroke-linejoin[39m=[32m"round"[39m
            [33mstroke-width[39m=[32m"2"[39m
            [33mviewBox[39m=[32m"0 0 24 24"[39m
            [33mwidth[39m=[32m"24"[39m
            
[33mxmlns[39m=[32m"http://www.w3.org/2000/svg"[39m
          [36m>[39m
            [36m<ellipse[39m
              [33mcx[39m=[32m"12"[39m
              [33mcy[39m=[32m"5"[39m
              [33mrx[39m=[32m"9"[39m
              [33mry[39m=[32m"3"[39m
            [36m/>[39m
            [36m<path[39m
              [33md[39m=[32m"M3 5V19A9 3 0 0 0 21 
19V5"[39m
            [36m/>[39m
            [36m<path[39m
              [33md[39m=[32m"M3 12A9 3 0 0 0 21 
12"[39m
            [36m/>[39m
          [36m</svg>[39m
          [36m<svg[39m
            [33mclass[39m=[32m"lucide lucide-zap 
absolute top-[15%] right-[15%] w-12 h-12 
text-orange-500 animate-float delay-300"[39m
            [33mfill[39m=[32m"none"[39m
            [33mheight[39m=[32m"24"[39m
            [33mstroke[39m=[32m"currentColor"[39m
            [33mstroke-linecap[39m=[32m"round"[39m
            
[33mstroke-linejoin[39m=[32m"round"[39m
            [33mstroke-width[39m=[32m"2"[39m
            [33mviewBox[39m=[32m"0 0 24 24"[39m
            [33mwidth[39m=[32m"24"[39m
            
[33mxmlns[39m=[32m"http://www.w3.org/2000/svg"[39m
          [36m>[39m
            [36m<polygon[39m
              [33mpoints[39m=[32m"13 2 3 14 12 14 
11 22 21 10 12 10 13 2"[39m
            [36m/>[39m
          [36m</svg>[39m
          [36m<svg[39m
            [33mclass[39m=[32m"lucide 
lucide-shield-alert absolute bottom-[30%] left-[20%] 
w-10 h-10 text-green-500 animate-float delay-500"[39m
            [33mfill[39m=[32m"none"[39m
            [33mheight[39m...

Ignored nodes: comments, script, style
[36m<html[39m
  [33mclass[39m=[32m"lenis"[39m
[36m>[39m
  [36m<head />[39m
  [36m<body>[39m
    [36m<div>[39m
      [36m<div[39m
        [33mclass[39m=[32m"min-h-screen 
bg-[#0f172a] text-slate-200 font-sans 
selection:bg-orange-500 selection:text-white 
overflow-x-hidden relative"[39m
      [36m>[39m
        [36m<nav[39m
          [33mclass[39m=[32m"fixed w-full z-50 
glass-panel border-b-0 border-b-white/5 
backdrop-blur-xl bg-slate-900/80"[39m
        [36m>[39m
          [36m<div[39m
            [33mclass[39m=[32m"max-w-7xl mx-auto 
px-6 h-16 flex items-center justify-between"[39m
          [36m>[39m
            [36m<div[39m
              [33mclass[39m=[32m"flex items-center 
gap-2 font-bold text-xl tracking-tight 
cursor-pointer"[39m
            [36m>[39m
              [36m<div[39m
                [33mclass[39m=[32m"w-8 h-8 
bg-gradient-to-br from-orange-400 to-red-500 
rounded-lg flex items-center justify-center shadow-lg 
shadow-orange-500/20"[39m
              [36m>[39m
                [36m<svg[39m
                  [33mclass[39m=[32m"lucide 
lucide-bot w-5 h-5 text-white"[39m
                  [33mfill[39m=[32m"none"[39m
                  [33mheight[39m=[32m"24"[39m
                  
[33mstroke[39m=[32m"currentColor"[39m
                  
[33mstroke-linecap[39m=[32m"round"[39m
                  
[33mstroke-linejoin[39m=[32m"round"[39m
                  [33mstroke-width[39m=[32m"2"[39m
                  [33mviewBox[39m=[32m"0 0 24 
24"[39m
                  [33mwidth[39m=[32m"24"[39m
                  
[33mxmlns[39m=[32m"http://www.w3.org/2000/svg"[39m
                [36m>[39m
                  [36m<path[39m
                    [33md[39m=[32m"M12 8V4H8"[39m
                  [36m/>[39m
                  [36m<rect[39m
                    [33mheight[39m=[32m"12"[39m
                    [33mrx[39m=[32m"2"[39m
                    [33mwidth[39m=[32m"16"[39m
                    [33mx[39m=[32m"4"[39m
                    [33my[39m=[32m"8"[39m
                  [36m/>[39m
                  [36m<path[39m
                    [33md[39m=[32m"M2 14h2"[39m
                  [36m/>[39m
                  [36m<path[39m
                    [33md[39m=[32m"M20 14h2"[39m
                  [36m/>[39m
                  [36m<path[39m
                    [33md[39m=[32m"M15 13v2"[39m
                  [36m/>[39m
                  [36m<path[39m
                    [33md[39m=[32m"M9 13v2"[39m
                  [36m/>[39m
                [36m</svg>[39m
              [36m</div>[39m
              [36m<span[39m
                [33mclass[39m=[32m"text-white"[39m
              [36m>[39m
                [0mMango[0m
                [36m<span[39m
                  
[33mclass[39m=[32m"text-orange-400"[39m
                [36m>[39m
                  [0mHelpdesk[0m
                [36m</span>[39m
              [36m</span>[39m
            [36m</div>[39m
            [36m<div[39m
              [33mclass[39m=[32m"hidden md:flex 
gap-6 text-sm font-medium text-slate-400"[39m
            [36m>[39m
              [36m<button[39m
                
[33mclass[39m=[32m"hover:text-orange-400 
transition-colors "[39m
              [36m>[39m
                [0mProblem[0m
              [36m</button>[39m
              [36m<button[39m
                
[33mclass[39m=[32m"hover:text-orange-400 
transition-colors "[39m
              [36m>[39m
                [0mSolution[0m
              [36m</button>[39m
              [36m<button[39m
                
[33mclass[39m=[32m"hover:text-orange-400 
transition-colors "[39m
              [36m>[39m
                [0mDemo[0m
              [36m</button>[39m
              [36m<button[39m
                
[33mclass[39m=[32m"hover:text-orange-400 
transition-colors "[39m
              [36m>[39m
                [0mImpact[0m
              [36m</button>[39m
            [36m</div>[39m
            [36m<div[39m
              [33mclass[39m=[32m"text-xs font-mono 
text-slate-500 border border-slate-700 px-3 py-1 
rounded-full flex items-center gap-2"[39m
            [36m>[39m
              [36m<span[39m
                [33mclass[39m=[32m"w-2 h-2 
rounded-full bg-green-500 animate-pulse"[39m
              [36m/>[39m
              [0mSystem Online v1.0.0[0m
            [36m</div>[39m
          [36m</div>[39m
        [36m</nav>[39m
        [36m<section[39m
          [33mclass[39m=[32m"relative z-10 pt-32 
pb-20 px-6 flex flex-col items-center justify-center 
text-center min-h-[90vh] bg-grid-pattern 
overflow-hidden"[39m
          [33mid[39m=[32m"hero"[39m
        [36m>[39m
          [36m<div[39m
            [33mclass[39m=[32m"absolute inset-0 
bg-gradient-to-b from-transparent via-[#0f172a]/50 
to-[#0f172a] pointer-events-none"[39m
          [36m/>[39m
          [36m<div[39m
            [33mclass[39m=[32m"absolute inset-0 
opacity-20 pointer-events-none"[39m
          [36m>[39m
            [36m<svg[39m
              [33mclass[39m=[32m"lucide 
lucide-database absolute top-[20%] left-[10%] w-16 
h-16 text-purple-500 animate-float delay-100"[39m
              [33mfill[39m=[32m"none"[39m
              [33mheight[39m=[32m"24"[39m
              
[33mstroke[39m=[32m"currentColor"[39m
              
[33mstroke-linecap[39m=[32m"round"[39m
              
[33mstroke-linejoin[39m=[32m"round"[39m
              [33mstroke-width[39m=[32m"2"[39m
              [33mviewBox[39m=[32m"0 0 24 24"[39m
              [33mwidth[39m=[32m"24"[39m
              
[33mxmlns[39m=[32m"http://www.w3.org/2000/svg"[39m
            [36m>[39m
              [36m<ellipse[39m
                [33mcx[39m=[32m"12"[39m
                [33mcy[39m=[32m"5"[39m
                [33mrx[39m=[32m"9"[39m
                [33mry[39m=[32m"3"[39m
              [36m/>[39m
              [36m<path[39m
                [33md[39m=[32m"M3 5V19A9 3 0 0 0 
21 19V5"[39m
              [36m/>[39m
              [36m<path[39m
                [33md[39m=[32m"M3 12A9 3 0 0 0 21 
12"[39m
              [36m/>[39m
            [36m</svg>[39m
            [36m<svg[39m
              [33mclass[39m=[32m"lucide lucide-zap 
absolute top-[15%] right-[15%] w-12 h-12 
text-orange-500 animate-float delay-300"[39m
              [33mfill[39m=[32m"none"[39m
              [33mheight[39m=[32m"24"[39m
              
[33mstroke[39m=[32m"currentColor"[39m
              
[33mstroke-linecap[39m=[32m"round"[39m
              
[33mstroke-linejoin[39m=[32m"round"[39m
              [33mstroke-width[39m=[32m"2"[39m
              [33mviewBox[39m=[32m"0 0 24 24"[39m
              [33mwidth[39m=[32m"24"[39m
              
[33mxmlns[39m=[32m"http://www.w3.org/2000/svg"[39m
            [36m>[39m
              [36m<polygon[39m
   ...
[90m [2mโฏ[22m Proxy.waitForWrapper node_modules/@
testing-library/react/node_modules/@testing-library/do
m/dist/wait-for.js:[2m163:27[22m[39m
[36m [2mโฏ[22m src/__tests__/unit/components/App.p
aranoid.test.jsx:[2m271:19[22m[39m
    [90m269| [39m
    [90m270| [39m            [90m// Should show 
loading state[39m
    [90m271| [39m            [35mawait[39m 
[34mwaitFor[39m(() [33m=>[39m {
    [90m   | [39m                  [31m^[39m
    [90m272| [39m                [34mexpect[39m(sc
reen[33m.[39m[34mgetByText[39m([36m/thinking/i[3
9m))[33m.[39m[34mtoBeInTheDocumen[39mโ€ฆ
    [90m273| [39m            })[33m;[39m

[31m[2mโฏโฏโฏโฏโฏโฏโฏโฏโฏโฏโฏโฏโฏโฏโฏ
โฏโฏโฏโฏโฏโฏโฏ[11/25]โฏ[22m[39m

[31m[1m[7m FAIL [27m[22m[39m src/__tests__/unit/
components/App.paranoid.test.jsx[2m > [22mApp 
Component - PARANOID MODE[2m > [22mAPI Integration 
- PARANOID[2m > [22mshould include conversation 
history in API request
[31m[1mTestingLibraryElementError[22m[39m: Unable 
to find an element with the text: /Response with 
context/i. This could be because the text is broken 
up by multiple elements. In this case, you can 
provide a function for your text matcher to make your 
matcher more flexible.

Ignored nodes: comments, script, style
[36m<body>[39m
  [36m<div>[39m
    [36m<div[39m
      [33mclass[39m=[32m"min-h-screen bg-[#0f172a] 
text-slate-200 font-sans selection:bg-orange-500 
selection:text-white overflow-x-hidden relative"[39m
    [36m>[39m
      [36m<nav[39m
        [33mclass[39m=[32m"fixed w-full z-50 
glass-panel border-b-0 border-b-white/5 
backdrop-blur-xl bg-slate-900/80"[39m
      [36m>[39m
        [36m<div[39m
          [33mclass[39m=[32m"max-w-7xl mx-auto 
px-6 h-16 flex items-center justify-between"[39m
        [36m>[39m
          [36m<div[39m
            [33mclass[39m=[32m"flex items-center 
gap-2 font-bold text-xl tracking-tight 
cursor-pointer"[39m
          [36m>[39m
            [36m<div[39m
              [33mclass[39m=[32m"w-8 h-8 
bg-gradient-to-br from-orange-400 to-red-500 
rounded-lg flex items-center justify-center shadow-lg 
shadow-orange-500/20"[39m
            [36m>[39m
              [36m<svg[39m
                [33mclass[39m=[32m"lucide 
lucide-bot w-5 h-5 text-white"[39m
                [33mfill[39m=[32m"none"[39m
                [33mheight[39m=[32m"24"[39m
                
[33mstroke[39m=[32m"currentColor"[39m
                
[33mstroke-linecap[39m=[32m"round"[39m
                
[33mstroke-linejoin[39m=[32m"round"[39m
                [33mstroke-width[39m=[32m"2"[39m
                [33mviewBox[39m=[32m"0 0 24 
24"[39m
                [33mwidth[39m=[32m"24"[39m
                
[33mxmlns[39m=[32m"http://www.w3.org/2000/svg"[39m
              [36m>[39m
                [36m<path[39m
                  [33md[39m=[32m"M12 8V4H8"[39m
                [36m/>[39m
                [36m<rect[39m
                  [33mheight[39m=[32m"12"[39m
                  [33mrx[39m=[32m"2"[39m
                  [33mwidth[39m=[32m"16"[39m
                  [33mx[39m=[32m"4"[39m
                  [33my[39m=[32m"8"[39m
                [36m/>[39m
                [36m<path[39m
                  [33md[39m=[32m"M2 14h2"[39m
                [36m/>[39m
                [36m<path[39m
                  [33md[39m=[32m"M20 14h2"[39m
                [36m/>[39m
                [36m<path[39m
                  [33md[39m=[32m"M15 13v2"[39m
                [36m/>[39m
                [36m<path[39m
                  [33md[39m=[32m"M9 13v2"[39m
                [36m/>[39m
              [36m</svg>[39m
            [36m</div>[39m
            [36m<span[39m
              [33mclass[39m=[32m"text-white"[39m
            [36m>[39m
              [0mMango[0m
              [36m<span[39m
                
[33mclass[39m=[32m"text-orange-400"[39m
              [36m>[39m
                [0mHelpdesk[0m
              [36m</span>[39m
            [36m</span>[39m
          [36m</div>[39m
          [36m<div[39m
            [33mclass[39m=[32m"hidden md:flex 
gap-6 text-sm font-medium text-slate-400"[39m
          [36m>[39m
            [36m<button[39m
              
[33mclass[39m=[32m"hover:text-orange-400 
transition-colors "[39m
            [36m>[39m
              [0mProblem[0m
            [36m</button>[39m
            [36m<button[39m
              
[33mclass[39m=[32m"hover:text-orange-400 
transition-colors "[39m
            [36m>[39m
              [0mSolution[0m
            [36m</button>[39m
            [36m<button[39m
              
[33mclass[39m=[32m"hover:text-orange-400 
transition-colors "[39m
            [36m>[39m
              [0mDemo[0m
            [36m</button>[39m
            [36m<button[39m
              
[33mclass[39m=[32m"hover:text-orange-400 
transition-colors "[39m
            [36m>[39m
              [0mImpact[0m
            [36m</button>[39m
          [36m</div>[39m
          [36m<div[39m
            [33mclass[39m=[32m"text-xs font-mono 
text-slate-500 border border-slate-700 px-3 py-1 
rounded-full flex items-center gap-2"[39m
          [36m>[39m
            [36m<span[39m
              [33mclass[39m=[32m"w-2 h-2 
rounded-full bg-green-500 animate-pulse"[39m
            [36m/>[39m
            [0mSystem Online v1.0.0[0m
          [36m</div>[39m
        [36m</div>[39m
      [36m</nav>[39m
      [36m<section[39m
        [33mclass[39m=[32m"relative z-10 pt-32 
pb-20 px-6 flex flex-col items-center justify-center 
text-center min-h-[90vh] bg-grid-pattern 
overflow-hidden"[39m
        [33mid[39m=[32m"hero"[39m
      [36m>[39m
        [36m<div[39m
          [33mclass[39m=[32m"absolute inset-0 
bg-gradient-to-b from-transparent via-[#0f172a]/50 
to-[#0f172a] pointer-events-none"[39m
        [36m/>[39m
        [36m<div[39m
          [33mclass[39m=[32m"absolute inset-0 
opacity-20 pointer-events-none"[39m
        [36m>[39m
          [36m<svg[39m
            [33mclass[39m=[32m"lucide 
lucide-database absolute top-[20%] left-[10%] w-16 
h-16 text-purple-500 animate-float delay-100"[39m
            [33mfill[39m=[32m"none"[39m
            [33mheight[39m=[32m"24"[39m
            [33mstroke[39m=[32m"currentColor"[39m
            [33mstroke-linecap[39m=[32m"round"[39m
            
[33mstroke-linejoin[39m=[32m"round"[39m
            [33mstroke-width[39m=[32m"2"[39m
            [33mviewBox[39m=[32m"0 0 24 24"[39m
            [33mwidth[39m=[32m"24"[39m
            
[33mxmlns[39m=[32m"http://www.w3.org/2000/svg"[39m
          [36m>[39m
            [36m<ellipse[39m
              [33mcx[39m=[32m"12"[39m
              [33mcy[39m=[32m"5"[39m
              [33mrx[39m=[32m"9"[39m
              [33mry[39m=[32m"3"[39m
            [36m/>[39m
            [36m<path[39m
              [33md[39m=[32m"M3 5V19A9 3 0 0 0 21 
19V5"[39m
            [36m/>[39m
            [36m<path[39m
              [33md[39m=[32m"M3 12A9 3 0 0 0 21 
12"[39m
            [36m/>[39m
          [36m</svg>[39m
          [36m<svg[39m
            [33mclass[39m=[32m"lucide lucide-zap 
absolute top-[15%] right-[15%] w-12 h-12 
text-orange-500 animate-float delay-300"[39m
            [33mfill[39m=[32m"none"[39m
            [33mheight[39m=[32m"24"[39m
            [33mstroke[39m=[32m"currentColor"[39m
            [33mstroke-linecap[39m=[32m"round"[39m
            
[33mstroke-linejoin[39m=[32m"round"[39m
            [33mstroke-width[39m=[32m"2"[39m
            [33mviewBox[39m=[32m"0 0 24 24"[39m
            [33mwidth[39m=[32m"24"[39m
            
[33mxmlns[39m=[32m"http://www.w3.org/2000/svg"[39m
          [36m>[39m
            [36m<polygon[39m
              [33mpoints[39m=[32m"13 2 3 14 12 14 
11 22 21 10 12 10 13 2"[39m
            [36m/>[39m
          [36m</svg>[39m
          [36m<svg[39m
            [33mclass[39m=[32m"lucide 
lucide-shield-alert absolute bottom-[30%] left-[20%] 
w-10 h-10 text-green-500 animate-float delay-500"[39m
            [33mfill[39m=[32m"none"[39m
            [33mheight[39m...

Ignored nodes: comments, script, style
[36m<html[39m
  [33mclass[39m=[32m"lenis"[39m
[36m>[39m
  [36m<head />[39m
  [36m<body>[39m
    [36m<div>[39m
      [36m<div[39m
        [33mclass[39m=[32m"min-h-screen 
bg-[#0f172a] text-slate-200 font-sans 
selection:bg-orange-500 selection:text-white 
overflow-x-hidden relative"[39m
      [36m>[39m
        [36m<nav[39m
          [33mclass[39m=[32m"fixed w-full z-50 
glass-panel border-b-0 border-b-white/5 
backdrop-blur-xl bg-slate-900/80"[39m
        [36m>[39m
          [36m<div[39m
            [33mclass[39m=[32m"max-w-7xl mx-auto 
px-6 h-16 flex items-center justify-between"[39m
          [36m>[39m
            [36m<div[39m
              [33mclass[39m=[32m"flex items-center 
gap-2 font-bold text-xl tracking-tight 
cursor-pointer"[39m
            [36m>[39m
              [36m<div[39m
                [33mclass[39m=[32m"w-8 h-8 
bg-gradient-to-br from-orange-400 to-red-500 
rounded-lg flex items-center justify-center shadow-lg 
shadow-orange-500/20"[39m
              [36m>[39m
                [36m<svg[39m
                  [33mclass[39m=[32m"lucide 
lucide-bot w-5 h-5 text-white"[39m
                  [33mfill[39m=[32m"none"[39m
                  [33mheight[39m=[32m"24"[39m
                  
[33mstroke[39m=[32m"currentColor"[39m
                  
[33mstroke-linecap[39m=[32m"round"[39m
                  
[33mstroke-linejoin[39m=[32m"round"[39m
                  [33mstroke-width[39m=[32m"2"[39m
                  [33mviewBox[39m=[32m"0 0 24 
24"[39m
                  [33mwidth[39m=[32m"24"[39m
                  
[33mxmlns[39m=[32m"http://www.w3.org/2000/svg"[39m
                [36m>[39m
                  [36m<path[39m
                    [33md[39m=[32m"M12 8V4H8"[39m
                  [36m/>[39m
                  [36m<rect[39m
                    [33mheight[39m=[32m"12"[39m
                    [33mrx[39m=[32m"2"[39m
                    [33mwidth[39m=[32m"16"[39m
                    [33mx[39m=[32m"4"[39m
                    [33my[39m=[32m"8"[39m
                  [36m/>[39m
                  [36m<path[39m
                    [33md[39m=[32m"M2 14h2"[39m
                  [36m/>[39m
                  [36m<path[39m
                    [33md[39m=[32m"M20 14h2"[39m
                  [36m/>[39m
                  [36m<path[39m
                    [33md[39m=[32m"M15 13v2"[39m
                  [36m/>[39m
                  [36m<path[39m
                    [33md[39m=[32m"M9 13v2"[39m
                  [36m/>[39m
                [36m</svg>[39m
              [36m</div>[39m
              [36m<span[39m
                [33mclass[39m=[32m"text-white"[39m
              [36m>[39m
                [0mMango[0m
                [36m<span[39m
                  
[33mclass[39m=[32m"text-orange-400"[39m
                [36m>[39m
                  [0mHelpdesk[0m
                [36m</span>[39m
              [36m</span>[39m
            [36m</div>[39m
            [36m<div[39m
              [33mclass[39m=[32m"hidden md:flex 
gap-6 text-sm font-medium text-slate-400"[39m
            [36m>[39m
              [36m<button[39m
                
[33mclass[39m=[32m"hover:text-orange-400 
transition-colors "[39m
              [36m>[39m
                [0mProblem[0m
              [36m</button>[39m
              [36m<button[39m
                
[33mclass[39m=[32m"hover:text-orange-400 
transition-colors "[39m
              [36m>[39m
                [0mSolution[0m
              [36m</button>[39m
              [36m<button[39m
                
[33mclass[39m=[32m"hover:text-orange-400 
transition-colors "[39m
              [36m>[39m
                [0mDemo[0m
              [36m</button>[39m
              [36m<button[39m
                
[33mclass[39m=[32m"hover:text-orange-400 
transition-colors "[39m
              [36m>[39m
                [0mImpact[0m
              [36m</button>[39m
            [36m</div>[39m
            [36m<div[39m
              [33mclass[39m=[32m"text-xs font-mono 
text-slate-500 border border-slate-700 px-3 py-1 
rounded-full flex items-center gap-2"[39m
            [36m>[39m
              [36m<span[39m
                [33mclass[39m=[32m"w-2 h-2 
rounded-full bg-green-500 animate-pulse"[39m
              [36m/>[39m
              [0mSystem Online v1.0.0[0m
            [36m</div>[39m
          [36m</div>[39m
        [36m</nav>[39m
        [36m<section[39m
          [33mclass[39m=[32m"relative z-10 pt-32 
pb-20 px-6 flex flex-col items-center justify-center 
text-center min-h-[90vh] bg-grid-pattern 
overflow-hidden"[39m
          [33mid[39m=[32m"hero"[39m
        [36m>[39m
          [36m<div[39m
            [33mclass[39m=[32m"absolute inset-0 
bg-gradient-to-b from-transparent via-[#0f172a]/50 
to-[#0f172a] pointer-events-none"[39m
          [36m/>[39m
          [36m<div[39m
            [33mclass[39m=[32m"absolute inset-0 
opacity-20 pointer-events-none"[39m
          [36m>[39m
            [36m<svg[39m
              [33mclass[39m=[32m"lucide 
lucide-database absolute top-[20%] left-[10%] w-16 
h-16 text-purple-500 animate-float delay-100"[39m
              [33mfill[39m=[32m"none"[39m
              [33mheight[39m=[32m"24"[39m
              
[33mstroke[39m=[32m"currentColor"[39m
              
[33mstroke-linecap[39m=[32m"round"[39m
              
[33mstroke-linejoin[39m=[32m"round"[39m
              [33mstroke-width[39m=[32m"2"[39m
              [33mviewBox[39m=[32m"0 0 24 24"[39m
              [33mwidth[39m=[32m"24"[39m
              
[33mxmlns[39m=[32m"http://www.w3.org/2000/svg"[39m
            [36m>[39m
              [36m<ellipse[39m
                [33mcx[39m=[32m"12"[39m
                [33mcy[39m=[32m"5"[39m
                [33mrx[39m=[32m"9"[39m
                [33mry[39m=[32m"3"[39m
              [36m/>[39m
              [36m<path[39m
                [33md[39m=[32m"M3 5V19A9 3 0 0 0 
21 19V5"[39m
              [36m/>[39m
              [36m<path[39m
                [33md[39m=[32m"M3 12A9 3 0 0 0 21 
12"[39m
              [36m/>[39m
            [36m</svg>[39m
            [36m<svg[39m
              [33mclass[39m=[32m"lucide lucide-zap 
absolute top-[15%] right-[15%] w-12 h-12 
text-orange-500 animate-float delay-300"[39m
              [33mfill[39m=[32m"none"[39m
              [33mheight[39m=[32m"24"[39m
              
[33mstroke[39m=[32m"currentColor"[39m
              
[33mstroke-linecap[39m=[32m"round"[39m
              
[33mstroke-linejoin[39m=[32m"round"[39m
              [33mstroke-width[39m=[32m"2"[39m
              [33mviewBox[39m=[32m"0 0 24 24"[39m
              [33mwidth[39m=[32m"24"[39m
              
[33mxmlns[39m=[32m"http://www.w3.org/2000/svg"[39m
            [36m>[39m
              [36m<polygon[39m
   ...
[90m [2mโฏ[22m Proxy.waitForWrapper node_modules/@
testing-library/react/node_modules/@testing-library/do
m/dist/wait-for.js:[2m163:27[22m[39m
[36m [2mโฏ[22m src/__tests__/unit/components/App.p
aranoid.test.jsx:[2m295:19[22m[39m
    [90m293| [39m            [35mawait[39m 
userEvent[33m.[39m[34mtype[39m(input[33m,[39m 
[32m'First message'[39m)[33m;[39m
    [90m294| [39m            [35mawait[39m userEve
nt[33m.[39m[34mclick[39m(screen[33m.[39m[34mget
ByRole[39m([32m'button'[39m[33m,[39m { 
name[33m:[39m [36m/[39mโ€ฆ
    [90m295| [39m            [35mawait[39m 
[34mwaitFor[39m(() [33m=>[39m [34mexpect[39m(scr
een[33m.[39m[34mgetByText[39m([36m/Response 
with[39mโ€ฆ
    [90m   | [39m                  [31m^[39m
    [90m296| [39m
    [90m297| [39m            [90m// Send second 
message[39m

[31m[2mโฏโฏโฏโฏโฏโฏโฏโฏโฏโฏโฏโฏโฏโฏโฏ
โฏโฏโฏโฏโฏโฏโฏ[12/25]โฏ[22m[39m

[31m[1m[7m FAIL [27m[22m[39m src/__tests__/unit/
components/App.paranoid.test.jsx[2m > [22mApp 
Component - PARANOID MODE[2m > [22mState Management 
- PARANOID[2m > [22mshould persist chat history in 
localStorage
[31m[1mAssertionError[22m[39m: expected null to 
be truthy

Ignored nodes: comments, script, style
[36m<html[39m
  [33mclass[39m=[32m"lenis"[39m
[36m>[39m
  [36m<head />[39m
  [36m<body>[39m
    [36m<div>[39m
      [36m<div[39m
        [33mclass[39m=[32m"min-h-screen 
bg-[#0f172a] text-slate-200 font-sans 
selection:bg-orange-500 selection:text-white 
overflow-x-hidden relative"[39m
      [36m>[39m
        [36m<nav[39m
          [33mclass[39m=[32m"fixed w-full z-50 
glass-panel border-b-0 border-b-white/5 
backdrop-blur-xl bg-slate-900/80"[39m
        [36m>[39m
          [36m<div[39m
            [33mclass[39m=[32m"max-w-7xl mx-auto 
px-6 h-16 flex items-center justify-between"[39m
          [36m>[39m
            [36m<div[39m
              [33mclass[39m=[32m"flex items-center 
gap-2 font-bold text-xl tracking-tight 
cursor-pointer"[39m
            [36m>[39m
              [36m<div[39m
                [33mclass[39m=[32m"w-8 h-8 
bg-gradient-to-br from-orange-400 to-red-500 
rounded-lg flex items-center justify-center shadow-lg 
shadow-orange-500/20"[39m
              [36m>[39m
                [36m<svg[39m
                  [33mclass[39m=[32m"lucide 
lucide-bot w-5 h-5 text-white"[39m
                  [33mfill[39m=[32m"none"[39m
                  [33mheight[39m=[32m"24"[39m
                  
[33mstroke[39m=[32m"currentColor"[39m
                  
[33mstroke-linecap[39m=[32m"round"[39m
                  
[33mstroke-linejoin[39m=[32m"round"[39m
                  [33mstroke-width[39m=[32m"2"[39m
                  [33mviewBox[39m=[32m"0 0 24 
24"[39m
                  [33mwidth[39m=[32m"24"[39m
                  
[33mxmlns[39m=[32m"http://www.w3.org/2000/svg"[39m
                [36m>[39m
                  [36m<path[39m
                    [33md[39m=[32m"M12 8V4H8"[39m
                  [36m/>[39m
                  [36m<rect[39m
                    [33mheight[39m=[32m"12"[39m
                    [33mrx[39m=[32m"2"[39m
                    [33mwidth[39m=[32m"16"[39m
                    [33mx[39m=[32m"4"[39m
                    [33my[39m=[32m"8"[39m
                  [36m/>[39m
                  [36m<path[39m
                    [33md[39m=[32m"M2 14h2"[39m
                  [36m/>[39m
                  [36m<path[39m
                    [33md[39m=[32m"M20 14h2"[39m
                  [36m/>[39m
                  [36m<path[39m
                    [33md[39m=[32m"M15 13v2"[39m
                  [36m/>[39m
                  [36m<path[39m
                    [33md[39m=[32m"M9 13v2"[39m
                  [36m/>[39m
                [36m</svg>[39m
              [36m</div>[39m
              [36m<span[39m
                [33mclass[39m=[32m"text-white"[39m
              [36m>[39m
                [0mMango[0m
                [36m<span[39m
                  
[33mclass[39m=[32m"text-orange-400"[39m
                [36m>[39m
                  [0mHelpdesk[0m
                [36m</span>[39m
              [36m</span>[39m
            [36m</div>[39m
            [36m<div[39m
              [33mclass[39m=[32m"hidden md:flex 
gap-6 text-sm font-medium text-slate-400"[39m
            [36m>[39m
              [36m<button[39m
                
[33mclass[39m=[32m"hover:text-orange-400 
transition-colors "[39m
              [36m>[39m
                [0mProblem[0m
              [36m</button>[39m
              [36m<button[39m
                
[33mclass[39m=[32m"hover:text-orange-400 
transition-colors "[39m
              [36m>[39m
                [0mSolution[0m
              [36m</button>[39m
              [36m<button[39m
                
[33mclass[39m=[32m"hover:text-orange-400 
transition-colors "[39m
              [36m>[39m
                [0mDemo[0m
              [36m</button>[39m
              [36m<button[39m
                
[33mclass[39m=[32m"hover:text-orange-400 
transition-colors "[39m
              [36m>[39m
                [0mImpact[0m
              [36m</button>[39m
            [36m</div>[39m
            [36m<div[39m
              [33mclass[39m=[32m"text-xs font-mono 
text-slate-500 border border-slate-700 px-3 py-1 
rounded-full flex items-center gap-2"[39m
            [36m>[39m
              [36m<span[39m
                [33mclass[39m=[32m"w-2 h-2 
rounded-full bg-green-500 animate-pulse"[39m
              [36m/>[39m
              [0mSystem Online v1.0.0[0m
            [36m</div>[39m
          [36m</div>[39m
        [36m</nav>[39m
        [36m<section[39m
          [33mclass[39m=[32m"relative z-10 pt-32 
pb-20 px-6 flex flex-col items-center justify-center 
text-center min-h-[90vh] bg-grid-pattern 
overflow-hidden"[39m
          [33mid[39m=[32m"hero"[39m
        [36m>[39m
          [36m<div[39m
            [33mclass[39m=[32m"absolute inset-0 
bg-gradient-to-b from-transparent via-[#0f172a]/50 
to-[#0f172a] pointer-events-none"[39m
          [36m/>[39m
          [36m<div[39m
            [33mclass[39m=[32m"absolute inset-0 
opacity-20 pointer-events-none"[39m
          [36m>[39m
            [36m<svg[39m
              [33mclass[39m=[32m"lucide 
lucide-database absolute top-[20%] left-[10%] w-16 
h-16 text-purple-500 animate-float delay-100"[39m
              [33mfill[39m=[32m"none"[39m
              [33mheight[39m=[32m"24"[39m
              
[33mstroke[39m=[32m"currentColor"[39m
              
[33mstroke-linecap[39m=[32m"round"[39m
              
[33mstroke-linejoin[39m=[32m"round"[39m
              [33mstroke-width[39m=[32m"2"[39m
              [33mviewBox[39m=[32m"0 0 24 24"[39m
              [33mwidth[39m=[32m"24"[39m
              
[33mxmlns[39m=[32m"http://www.w3.org/2000/svg"[39m
            [36m>[39m
              [36m<ellipse[39m
                [33mcx[39m=[32m"12"[39m
                [33mcy[39m=[32m"5"[39m
                [33mrx[39m=[32m"9"[39m
                [33mry[39m=[32m"3"[39m
              [36m/>[39m
              [36m<path[39m
                [33md[39m=[32m"M3 5V19A9 3 0 0 0 
21 19V5"[39m
              [36m/>[39m
              [36m<path[39m
                [33md[39m=[32m"M3 12A9 3 0 0 0 21 
12"[39m
              [36m/>[39m
            [36m</svg>[39m
            [36m<svg[39m
              [33mclass[39m=[32m"lucide lucide-zap 
absolute top-[15%] right-[15%] w-12 h-12 
text-orange-500 animate-float delay-300"[39m
              [33mfill[39m=[32m"none"[39m
              [33mheight[39m=[32m"24"[39m
              
[33mstroke[39m=[32m"currentColor"[39m
              
[33mstroke-linecap[39m=[32m"round"[39m
              
[33mstroke-linejoin[39m=[32m"round"[39m
              [33mstroke-width[39m=[32m"2"[39m
              [33mviewBox[39m=[32m"0 0 24 24"[39m
              [33mwidth[39m=[32m"24"[39m
              
[33mxmlns[39m=[32m"http://www.w3.org/2000/svg"[39m
            [36m>[39m
              [36m<polygon[39m
   ...

[32m- Expected:[39m 
null

[31m+ Received:[39m 
false

[36m [2mโฏ[22m src/__tests__/unit/components/App.p
aranoid.test.jsx:[2m321:32[22m[39m
    [90m319| [39m            [35mawait[39m 
[34mwaitFor[39m(() [33m=>[39m {
    [90m320| [39m                [35mconst[39m 
stored [33m=[39m localStorage[33m.[39m[34mgetItem
[39m([32m'chat_sessions'[39m)[33m;[39m
    [90m321| [39m                [34mexpect[39m(st
ored)[33m.[39m[34mtoBeTruthy[39m()[33m;[39m
    [90m   | [39m                               
[31m^[39m
    [90m322| [39m                [35mconst[39m 
sessions [33m=[39m [33mJSON[39m[33m.[39m[34mpar
se[39m(stored)[33m;[39m
    [90m323| [39m                [34mexpect[39m(se
ssions[33m.[39mlength)[33m.[39m[34mtoBeGreaterTha
n[39m([34m0[39m)[33m;[39m
[90m [2mโฏ[22m 
runWithExpensiveErrorDiagnosticsDisabled node_modules/
@testing-library/react/node_modules/@testing-library/d
om/dist/config.js:[2m47:12[22m[39m
[90m [2mโฏ[22m checkCallback node_modules/@testing
-library/react/node_modules/@testing-library/dom/dist/
wait-for.js:[2m124:77[22m[39m
[90m [2mโฏ[22m Timeout.checkRealTimersCallback nod
e_modules/@testing-library/react/node_modules/@testing
-library/dom/dist/wait-for.js:[2m118:16[22m[39m

[31m[2mโฏโฏโฏโฏโฏโฏโฏโฏโฏโฏโฏโฏโฏโฏโฏ
โฏโฏโฏโฏโฏโฏโฏ[13/25]โฏ[22m[39m

[31m[1m[7m FAIL [27m[22m[39m src/__tests__/unit/
components/App.paranoid.test.jsx[2m > [22mApp 
Component - PARANOID MODE[2m > [22mState Management 
- PARANOID[2m > [22mshould restore chat history 
from localStorage on mount
[31m[1mTestingLibraryElementError[22m[39m: Unable 
to find an element with the text: /Hello from 
storage/i. This could be because the text is broken 
up by multiple elements. In this case, you can 
provide a function for your text matcher to make your 
matcher more flexible.

Ignored nodes: comments, script, style
[36m<body>[39m
  [36m<div>[39m
    [36m<div[39m
      [33mclass[39m=[32m"min-h-screen bg-[#0f172a] 
text-slate-200 font-sans selection:bg-orange-500 
selection:text-white overflow-x-hidden relative"[39m
    [36m>[39m
      [36m<nav[39m
        [33mclass[39m=[32m"fixed w-full z-50 
glass-panel border-b-0 border-b-white/5 
backdrop-blur-xl bg-slate-900/80"[39m
      [36m>[39m
        [36m<div[39m
          [33mclass[39m=[32m"max-w-7xl mx-auto 
px-6 h-16 flex items-center justify-between"[39m
        [36m>[39m
          [36m<div[39m
            [33mclass[39m=[32m"flex items-center 
gap-2 font-bold text-xl tracking-tight 
cursor-pointer"[39m
          [36m>[39m
            [36m<div[39m
              [33mclass[39m=[32m"w-8 h-8 
bg-gradient-to-br from-orange-400 to-red-500 
rounded-lg flex items-center justify-center shadow-lg 
shadow-orange-500/20"[39m
            [36m>[39m
              [36m<svg[39m
                [33mclass[39m=[32m"lucide 
lucide-bot w-5 h-5 text-white"[39m
                [33mfill[39m=[32m"none"[39m
                [33mheight[39m=[32m"24"[39m
                
[33mstroke[39m=[32m"currentColor"[39m
                
[33mstroke-linecap[39m=[32m"round"[39m
                
[33mstroke-linejoin[39m=[32m"round"[39m
                [33mstroke-width[39m=[32m"2"[39m
                [33mviewBox[39m=[32m"0 0 24 
24"[39m
                [33mwidth[39m=[32m"24"[39m
                
[33mxmlns[39m=[32m"http://www.w3.org/2000/svg"[39m
              [36m>[39m
                [36m<path[39m
                  [33md[39m=[32m"M12 8V4H8"[39m
                [36m/>[39m
                [36m<rect[39m
                  [33mheight[39m=[32m"12"[39m
                  [33mrx[39m=[32m"2"[39m
                  [33mwidth[39m=[32m"16"[39m
                  [33mx[39m=[32m"4"[39m
                  [33my[39m=[32m"8"[39m
                [36m/>[39m
                [36m<path[39m
                  [33md[39m=[32m"M2 14h2"[39m
                [36m/>[39m
                [36m<path[39m
                  [33md[39m=[32m"M20 14h2"[39m
                [36m/>[39m
                [36m<path[39m
                  [33md[39m=[32m"M15 13v2"[39m
                [36m/>[39m
                [36m<path[39m
                  [33md[39m=[32m"M9 13v2"[39m
                [36m/>[39m
              [36m</svg>[39m
            [36m</div>[39m
            [36m<span[39m
              [33mclass[39m=[32m"text-white"[39m
            [36m>[39m
              [0mMango[0m
              [36m<span[39m
                
[33mclass[39m=[32m"text-orange-400"[39m
              [36m>[39m
                [0mHelpdesk[0m
              [36m</span>[39m
            [36m</span>[39m
          [36m</div>[39m
          [36m<div[39m
            [33mclass[39m=[32m"hidden md:flex 
gap-6 text-sm font-medium text-slate-400"[39m
          [36m>[39m
            [36m<button[39m
              
[33mclass[39m=[32m"hover:text-orange-400 
transition-colors "[39m
            [36m>[39m
              [0mProblem[0m
            [36m</button>[39m
            [36m<button[39m
              
[33mclass[39m=[32m"hover:text-orange-400 
transition-colors "[39m
            [36m>[39m
              [0mSolution[0m
            [36m</button>[39m
            [36m<button[39m
              
[33mclass[39m=[32m"hover:text-orange-400 
transition-colors "[39m
            [36m>[39m
              [0mDemo[0m
            [36m</button>[39m
            [36m<button[39m
              
[33mclass[39m=[32m"hover:text-orange-400 
transition-colors "[39m
            [36m>[39m
              [0mImpact[0m
            [36m</button>[39m
          [36m</div>[39m
          [36m<div[39m
            [33mclass[39m=[32m"text-xs font-mono 
text-slate-500 border border-slate-700 px-3 py-1 
rounded-full flex items-center gap-2"[39m
          [36m>[39m
            [36m<span[39m
              [33mclass[39m=[32m"w-2 h-2 
rounded-full bg-green-500 animate-pulse"[39m
            [36m/>[39m
            [0mSystem Online v1.0.0[0m
          [36m</div>[39m
        [36m</div>[39m
      [36m</nav>[39m
      [36m<section[39m
        [33mclass[39m=[32m"relative z-10 pt-32 
pb-20 px-6 flex flex-col items-center justify-center 
text-center min-h-[90vh] bg-grid-pattern 
overflow-hidden"[39m
        [33mid[39m=[32m"hero"[39m
      [36m>[39m
        [36m<div[39m
          [33mclass[39m=[32m"absolute inset-0 
bg-gradient-to-b from-transparent via-[#0f172a]/50 
to-[#0f172a] pointer-events-none"[39m
        [36m/>[39m
        [36m<div[39m
          [33mclass[39m=[32m"absolute inset-0 
opacity-20 pointer-events-none"[39m
        [36m>[39m
          [36m<svg[39m
            [33mclass[39m=[32m"lucide 
lucide-database absolute top-[20%] left-[10%] w-16 
h-16 text-purple-500 animate-float delay-100"[39m
            [33mfill[39m=[32m"none"[39m
            [33mheight[39m=[32m"24"[39m
            [33mstroke[39m=[32m"currentColor"[39m
            [33mstroke-linecap[39m=[32m"round"[39m
            
[33mstroke-linejoin[39m=[32m"round"[39m
            [33mstroke-width[39m=[32m"2"[39m
            [33mviewBox[39m=[32m"0 0 24 24"[39m
            [33mwidth[39m=[32m"24"[39m
            
[33mxmlns[39m=[32m"http://www.w3.org/2000/svg"[39m
          [36m>[39m
            [36m<ellipse[39m
              [33mcx[39m=[32m"12"[39m
              [33mcy[39m=[32m"5"[39m
              [33mrx[39m=[32m"9"[39m
              [33mry[39m=[32m"3"[39m
            [36m/>[39m
            [36m<path[39m
              [33md[39m=[32m"M3 5V19A9 3 0 0 0 21 
19V5"[39m
            [36m/>[39m
            [36m<path[39m
              [33md[39m=[32m"M3 12A9 3 0 0 0 21 
12"[39m
            [36m/>[39m
          [36m</svg>[39m
          [36m<svg[39m
            [33mclass[39m=[32m"lucide lucide-zap 
absolute top-[15%] right-[15%] w-12 h-12 
text-orange-500 animate-float delay-300"[39m
            [33mfill[39m=[32m"none"[39m
            [33mheight[39m=[32m"24"[39m
            [33mstroke[39m=[32m"currentColor"[39m
            [33mstroke-linecap[39m=[32m"round"[39m
            
[33mstroke-linejoin[39m=[32m"round"[39m
            [33mstroke-width[39m=[32m"2"[39m
            [33mviewBox[39m=[32m"0 0 24 24"[39m
            [33mwidth[39m=[32m"24"[39m
            
[33mxmlns[39m=[32m"http://www.w3.org/2000/svg"[39m
          [36m>[39m
            [36m<polygon[39m
              [33mpoints[39m=[32m"13 2 3 14 12 14 
11 22 21 10 12 10 13 2"[39m
            [36m/>[39m
          [36m</svg>[39m
          [36m<svg[39m
            [33mclass[39m=[32m"lucide 
lucide-shield-alert absolute bottom-[30%] left-[20%] 
w-10 h-10 text-green-500 animate-float delay-500"[39m
            [33mfill[39m=[32m"none"[39m
            [33mheight[39m...

Ignored nodes: comments, script, style
[36m<html[39m
  [33mclass[39m=[32m"lenis"[39m
[36m>[39m
  [36m<head />[39m
  [36m<body>[39m
    [36m<div>[39m
      [36m<div[39m
        [33mclass[39m=[32m"min-h-screen 
bg-[#0f172a] text-slate-200 font-sans 
selection:bg-orange-500 selection:text-white 
overflow-x-hidden relative"[39m
      [36m>[39m
        [36m<nav[39m
          [33mclass[39m=[32m"fixed w-full z-50 
glass-panel border-b-0 border-b-white/5 
backdrop-blur-xl bg-slate-900/80"[39m
        [36m>[39m
          [36m<div[39m
            [33mclass[39m=[32m"max-w-7xl mx-auto 
px-6 h-16 flex items-center justify-between"[39m
          [36m>[39m
            [36m<div[39m
              [33mclass[39m=[32m"flex items-center 
gap-2 font-bold text-xl tracking-tight 
cursor-pointer"[39m
            [36m>[39m
              [36m<div[39m
                [33mclass[39m=[32m"w-8 h-8 
bg-gradient-to-br from-orange-400 to-red-500 
rounded-lg flex items-center justify-center shadow-lg 
shadow-orange-500/20"[39m
              [36m>[39m
                [36m<svg[39m
                  [33mclass[39m=[32m"lucide 
lucide-bot w-5 h-5 text-white"[39m
                  [33mfill[39m=[32m"none"[39m
                  [33mheight[39m=[32m"24"[39m
                  
[33mstroke[39m=[32m"currentColor"[39m
                  
[33mstroke-linecap[39m=[32m"round"[39m
                  
[33mstroke-linejoin[39m=[32m"round"[39m
                  [33mstroke-width[39m=[32m"2"[39m
                  [33mviewBox[39m=[32m"0 0 24 
24"[39m
                  [33mwidth[39m=[32m"24"[39m
                  
[33mxmlns[39m=[32m"http://www.w3.org/2000/svg"[39m
                [36m>[39m
                  [36m<path[39m
                    [33md[39m=[32m"M12 8V4H8"[39m
                  [36m/>[39m
                  [36m<rect[39m
                    [33mheight[39m=[32m"12"[39m
                    [33mrx[39m=[32m"2"[39m
                    [33mwidth[39m=[32m"16"[39m
                    [33mx[39m=[32m"4"[39m
                    [33my[39m=[32m"8"[39m
                  [36m/>[39m
                  [36m<path[39m
                    [33md[39m=[32m"M2 14h2"[39m
                  [36m/>[39m
                  [36m<path[39m
                    [33md[39m=[32m"M20 14h2"[39m
                  [36m/>[39m
                  [36m<path[39m
                    [33md[39m=[32m"M15 13v2"[39m
                  [36m/>[39m
                  [36m<path[39m
                    [33md[39m=[32m"M9 13v2"[39m
                  [36m/>[39m
                [36m</svg>[39m
              [36m</div>[39m
              [36m<span[39m
                [33mclass[39m=[32m"text-white"[39m
              [36m>[39m
                [0mMango[0m
                [36m<span[39m
                  
[33mclass[39m=[32m"text-orange-400"[39m
                [36m>[39m
                  [0mHelpdesk[0m
                [36m</span>[39m
              [36m</span>[39m
            [36m</div>[39m
            [36m<div[39m
              [33mclass[39m=[32m"hidden md:flex 
gap-6 text-sm font-medium text-slate-400"[39m
            [36m>[39m
              [36m<button[39m
                
[33mclass[39m=[32m"hover:text-orange-400 
transition-colors "[39m
              [36m>[39m
                [0mProblem[0m
              [36m</button>[39m
              [36m<button[39m
                
[33mclass[39m=[32m"hover:text-orange-400 
transition-colors "[39m
              [36m>[39m
                [0mSolution[0m
              [36m</button>[39m
              [36m<button[39m
                
[33mclass[39m=[32m"hover:text-orange-400 
transition-colors "[39m
              [36m>[39m
                [0mDemo[0m
              [36m</button>[39m
              [36m<button[39m
                
[33mclass[39m=[32m"hover:text-orange-400 
transition-colors "[39m
              [36m>[39m
                [0mImpact[0m
              [36m</button>[39m
            [36m</div>[39m
            [36m<div[39m
              [33mclass[39m=[32m"text-xs font-mono 
text-slate-500 border border-slate-700 px-3 py-1 
rounded-full flex items-center gap-2"[39m
            [36m>[39m
              [36m<span[39m
                [33mclass[39m=[32m"w-2 h-2 
rounded-full bg-green-500 animate-pulse"[39m
              [36m/>[39m
              [0mSystem Online v1.0.0[0m
            [36m</div>[39m
          [36m</div>[39m
        [36m</nav>[39m
        [36m<section[39m
          [33mclass[39m=[32m"relative z-10 pt-32 
pb-20 px-6 flex flex-col items-center justify-center 
text-center min-h-[90vh] bg-grid-pattern 
overflow-hidden"[39m
          [33mid[39m=[32m"hero"[39m
        [36m>[39m
          [36m<div[39m
            [33mclass[39m=[32m"absolute inset-0 
bg-gradient-to-b from-transparent via-[#0f172a]/50 
to-[#0f172a] pointer-events-none"[39m
          [36m/>[39m
          [36m<div[39m
            [33mclass[39m=[32m"absolute inset-0 
opacity-20 pointer-events-none"[39m
          [36m>[39m
            [36m<svg[39m
              [33mclass[39m=[32m"lucide 
lucide-database absolute top-[20%] left-[10%] w-16 
h-16 text-purple-500 animate-float delay-100"[39m
              [33mfill[39m=[32m"none"[39m
              [33mheight[39m=[32m"24"[39m
              
[33mstroke[39m=[32m"currentColor"[39m
              
[33mstroke-linecap[39m=[32m"round"[39m
              
[33mstroke-linejoin[39m=[32m"round"[39m
              [33mstroke-width[39m=[32m"2"[39m
              [33mviewBox[39m=[32m"0 0 24 24"[39m
              [33mwidth[39m=[32m"24"[39m
              
[33mxmlns[39m=[32m"http://www.w3.org/2000/svg"[39m
            [36m>[39m
              [36m<ellipse[39m
                [33mcx[39m=[32m"12"[39m
                [33mcy[39m=[32m"5"[39m
                [33mrx[39m=[32m"9"[39m
                [33mry[39m=[32m"3"[39m
              [36m/>[39m
              [36m<path[39m
                [33md[39m=[32m"M3 5V19A9 3 0 0 0 
21 19V5"[39m
              [36m/>[39m
              [36m<path[39m
                [33md[39m=[32m"M3 12A9 3 0 0 0 21 
12"[39m
              [36m/>[39m
            [36m</svg>[39m
            [36m<svg[39m
              [33mclass[39m=[32m"lucide lucide-zap 
absolute top-[15%] right-[15%] w-12 h-12 
text-orange-500 animate-float delay-300"[39m
              [33mfill[39m=[32m"none"[39m
              [33mheight[39m=[32m"24"[39m
              
[33mstroke[39m=[32m"currentColor"[39m
              
[33mstroke-linecap[39m=[32m"round"[39m
              
[33mstroke-linejoin[39m=[32m"round"[39m
              [33mstroke-width[39m=[32m"2"[39m
              [33mviewBox[39m=[32m"0 0 24 24"[39m
              [33mwidth[39m=[32m"24"[39m
              
[33mxmlns[39m=[32m"http://www.w3.org/2000/svg"[39m
            [36m>[39m
              [36m<polygon[39m
   ...
[90m [2mโฏ[22m Proxy.waitForWrapper node_modules/@
testing-library/react/node_modules/@testing-library/do
m/dist/wait-for.js:[2m163:27[22m[39m
[36m [2mโฏ[22m src/__tests__/unit/components/App.p
aranoid.test.jsx:[2m341:19[22m[39m
    [90m339| [39m            
[34mrender[39m([33m<[39m[33mApp[39m 
[33m/[39m[33m>[39m)[33m;[39m
    [90m340| [39m
    [90m341| [39m            [35mawait[39m 
[34mwaitFor[39m(() [33m=>[39m {
    [90m   | [39m                  [31m^[39m
    [90m342| [39m                [34mexpect[39m(sc
reen[33m.[39m[34mgetByText[39m([36m/Hello from 
storage/i[39m))[33m.[39m[34mtoBeIn[39mโ€ฆ
    [90m343| [39m            })[33m;[39m

[31m[2mโฏโฏโฏโฏโฏโฏโฏโฏโฏโฏโฏโฏโฏโฏโฏ
โฏโฏโฏโฏโฏโฏโฏ[14/25]โฏ[22m[39m

[31m[1m[7m FAIL [27m[22m[39m src/__tests__/unit/
components/App.paranoid.test.jsx[2m > [22mApp 
Component - PARANOID MODE[2m > [22mState Management 
- PARANOID[2m > [22mshould limit conversation 
history to last 6 messages
[31m[1mTestingLibraryElementError[22m[39m: Unable 
to find an element with the text: /OK/i. This could 
be because the text is broken up by multiple 
elements. In this case, you can provide a function 
for your text matcher to make your matcher more 
flexible.

Ignored nodes: comments, script, style
[36m<body>[39m
  [36m<div>[39m
    [36m<div[39m
      [33mclass[39m=[32m"min-h-screen bg-[#0f172a] 
text-slate-200 font-sans selection:bg-orange-500 
selection:text-white overflow-x-hidden relative"[39m
    [36m>[39m
      [36m<nav[39m
        [33mclass[39m=[32m"fixed w-full z-50 
glass-panel border-b-0 border-b-white/5 
backdrop-blur-xl bg-slate-900/80"[39m
      [36m>[39m
        [36m<div[39m
          [33mclass[39m=[32m"max-w-7xl mx-auto 
px-6 h-16 flex items-center justify-between"[39m
        [36m>[39m
          [36m<div[39m
            [33mclass[39m=[32m"flex items-center 
gap-2 font-bold text-xl tracking-tight 
cursor-pointer"[39m
          [36m>[39m
            [36m<div[39m
              [33mclass[39m=[32m"w-8 h-8 
bg-gradient-to-br from-orange-400 to-red-500 
rounded-lg flex items-center justify-center shadow-lg 
shadow-orange-500/20"[39m
            [36m>[39m
              [36m<svg[39m
                [33mclass[39m=[32m"lucide 
lucide-bot w-5 h-5 text-white"[39m
                [33mfill[39m=[32m"none"[39m
                [33mheight[39m=[32m"24"[39m
                
[33mstroke[39m=[32m"currentColor"[39m
                
[33mstroke-linecap[39m=[32m"round"[39m
                
[33mstroke-linejoin[39m=[32m"round"[39m
                [33mstroke-width[39m=[32m"2"[39m
                [33mviewBox[39m=[32m"0 0 24 
24"[39m
                [33mwidth[39m=[32m"24"[39m
                
[33mxmlns[39m=[32m"http://www.w3.org/2000/svg"[39m
              [36m>[39m
                [36m<path[39m
                  [33md[39m=[32m"M12 8V4H8"[39m
                [36m/>[39m
                [36m<rect[39m
                  [33mheight[39m=[32m"12"[39m
                  [33mrx[39m=[32m"2"[39m
                  [33mwidth[39m=[32m"16"[39m
                  [33mx[39m=[32m"4"[39m
                  [33my[39m=[32m"8"[39m
                [36m/>[39m
                [36m<path[39m
                  [33md[39m=[32m"M2 14h2"[39m
                [36m/>[39m
                [36m<path[39m
                  [33md[39m=[32m"M20 14h2"[39m
                [36m/>[39m
                [36m<path[39m
                  [33md[39m=[32m"M15 13v2"[39m
                [36m/>[39m
                [36m<path[39m
                  [33md[39m=[32m"M9 13v2"[39m
                [36m/>[39m
              [36m</svg>[39m
            [36m</div>[39m
            [36m<span[39m
              [33mclass[39m=[32m"text-white"[39m
            [36m>[39m
              [0mMango[0m
              [36m<span[39m
                
[33mclass[39m=[32m"text-orange-400"[39m
              [36m>[39m
                [0mHelpdesk[0m
              [36m</span>[39m
            [36m</span>[39m
          [36m</div>[39m
          [36m<div[39m
            [33mclass[39m=[32m"hidden md:flex 
gap-6 text-sm font-medium text-slate-400"[39m
          [36m>[39m
            [36m<button[39m
              
[33mclass[39m=[32m"hover:text-orange-400 
transition-colors "[39m
            [36m>[39m
              [0mProblem[0m
            [36m</button>[39m
            [36m<button[39m
              
[33mclass[39m=[32m"hover:text-orange-400 
transition-colors "[39m
            [36m>[39m
              [0mSolution[0m
            [36m</button>[39m
            [36m<button[39m
              
[33mclass[39m=[32m"hover:text-orange-400 
transition-colors "[39m
            [36m>[39m
              [0mDemo[0m
            [36m</button>[39m
            [36m<button[39m
              
[33mclass[39m=[32m"hover:text-orange-400 
transition-colors "[39m
            [36m>[39m
              [0mImpact[0m
            [36m</button>[39m
          [36m</div>[39m
          [36m<div[39m
            [33mclass[39m=[32m"text-xs font-mono 
text-slate-500 border border-slate-700 px-3 py-1 
rounded-full flex items-center gap-2"[39m
          [36m>[39m
            [36m<span[39m
              [33mclass[39m=[32m"w-2 h-2 
rounded-full bg-green-500 animate-pulse"[39m
            [36m/>[39m
            [0mSystem Online v1.0.0[0m
          [36m</div>[39m
        [36m</div>[39m
      [36m</nav>[39m
      [36m<section[39m
        [33mclass[39m=[32m"relative z-10 pt-32 
pb-20 px-6 flex flex-col items-center justify-center 
text-center min-h-[90vh] bg-grid-pattern 
overflow-hidden"[39m
        [33mid[39m=[32m"hero"[39m
      [36m>[39m
        [36m<div[39m
          [33mclass[39m=[32m"absolute inset-0 
bg-gradient-to-b from-transparent via-[#0f172a]/50 
to-[#0f172a] pointer-events-none"[39m
        [36m/>[39m
        [36m<div[39m
          [33mclass[39m=[32m"absolute inset-0 
opacity-20 pointer-events-none"[39m
        [36m>[39m
          [36m<svg[39m
            [33mclass[39m=[32m"lucide 
lucide-database absolute top-[20%] left-[10%] w-16 
h-16 text-purple-500 animate-float delay-100"[39m
            [33mfill[39m=[32m"none"[39m
            [33mheight[39m=[32m"24"[39m
            [33mstroke[39m=[32m"currentColor"[39m
            [33mstroke-linecap[39m=[32m"round"[39m
            
[33mstroke-linejoin[39m=[32m"round"[39m
            [33mstroke-width[39m=[32m"2"[39m
            [33mviewBox[39m=[32m"0 0 24 24"[39m
            [33mwidth[39m=[32m"24"[39m
            
[33mxmlns[39m=[32m"http://www.w3.org/2000/svg"[39m
          [36m>[39m
            [36m<ellipse[39m
              [33mcx[39m=[32m"12"[39m
              [33mcy[39m=[32m"5"[39m
              [33mrx[39m=[32m"9"[39m
              [33mry[39m=[32m"3"[39m
            [36m/>[39m
            [36m<path[39m
              [33md[39m=[32m"M3 5V19A9 3 0 0 0 21 
19V5"[39m
            [36m/>[39m
            [36m<path[39m
              [33md[39m=[32m"M3 12A9 3 0 0 0 21 
12"[39m
            [36m/>[39m
          [36m</svg>[39m
          [36m<svg[39m
            [33mclass[39m=[32m"lucide lucide-zap 
absolute top-[15%] right-[15%] w-12 h-12 
text-orange-500 animate-float delay-300"[39m
            [33mfill[39m=[32m"none"[39m
            [33mheight[39m=[32m"24"[39m
            [33mstroke[39m=[32m"currentColor"[39m
            [33mstroke-linecap[39m=[32m"round"[39m
            
[33mstroke-linejoin[39m=[32m"round"[39m
            [33mstroke-width[39m=[32m"2"[39m
            [33mviewBox[39m=[32m"0 0 24 24"[39m
            [33mwidth[39m=[32m"24"[39m
            
[33mxmlns[39m=[32m"http://www.w3.org/2000/svg"[39m
          [36m>[39m
            [36m<polygon[39m
              [33mpoints[39m=[32m"13 2 3 14 12 14 
11 22 21 10 12 10 13 2"[39m
            [36m/>[39m
          [36m</svg>[39m
          [36m<svg[39m
            [33mclass[39m=[32m"lucide 
lucide-shield-alert absolute bottom-[30%] left-[20%] 
w-10 h-10 text-green-500 animate-float delay-500"[39m
            [33mfill[39m=[32m"none"[39m
            [33mheight[39m...

Ignored nodes: comments, script, style
[36m<html[39m
  [33mclass[39m=[32m"lenis"[39m
[36m>[39m
  [36m<head />[39m
  [36m<body>[39m
    [36m<div>[39m
      [36m<div[39m
        [33mclass[39m=[32m"min-h-screen 
bg-[#0f172a] text-slate-200 font-sans 
selection:bg-orange-500 selection:text-white 
overflow-x-hidden relative"[39m
      [36m>[39m
        [36m<nav[39m
          [33mclass[39m=[32m"fixed w-full z-50 
glass-panel border-b-0 border-b-white/5 
backdrop-blur-xl bg-slate-900/80"[39m
        [36m>[39m
          [36m<div[39m
            [33mclass[39m=[32m"max-w-7xl mx-auto 
px-6 h-16 flex items-center justify-between"[39m
          [36m>[39m
            [36m<div[39m
              [33mclass[39m=[32m"flex items-center 
gap-2 font-bold text-xl tracking-tight 
cursor-pointer"[39m
            [36m>[39m
              [36m<div[39m
                [33mclass[39m=[32m"w-8 h-8 
bg-gradient-to-br from-orange-400 to-red-500 
rounded-lg flex items-center justify-center shadow-lg 
shadow-orange-500/20"[39m
              [36m>[39m
                [36m<svg[39m
                  [33mclass[39m=[32m"lucide 
lucide-bot w-5 h-5 text-white"[39m
                  [33mfill[39m=[32m"none"[39m
                  [33mheight[39m=[32m"24"[39m
                  
[33mstroke[39m=[32m"currentColor"[39m
                  
[33mstroke-linecap[39m=[32m"round"[39m
                  
[33mstroke-linejoin[39m=[32m"round"[39m
                  [33mstroke-width[39m=[32m"2"[39m
                  [33mviewBox[39m=[32m"0 0 24 
24"[39m
                  [33mwidth[39m=[32m"24"[39m
                  
[33mxmlns[39m=[32m"http://www.w3.org/2000/svg"[39m
                [36m>[39m
                  [36m<path[39m
                    [33md[39m=[32m"M12 8V4H8"[39m
                  [36m/>[39m
                  [36m<rect[39m
                    [33mheight[39m=[32m"12"[39m
                    [33mrx[39m=[32m"2"[39m
                    [33mwidth[39m=[32m"16"[39m
                    [33mx[39m=[32m"4"[39m
                    [33my[39m=[32m"8"[39m
                  [36m/>[39m
                  [36m<path[39m
                    [33md[39m=[32m"M2 14h2"[39m
                  [36m/>[39m
                  [36m<path[39m
                    [33md[39m=[32m"M20 14h2"[39m
                  [36m/>[39m
                  [36m<path[39m
                    [33md[39m=[32m"M15 13v2"[39m
                  [36m/>[39m
                  [36m<path[39m
                    [33md[39m=[32m"M9 13v2"[39m
                  [36m/>[39m
                [36m</svg>[39m
              [36m</div>[39m
              [36m<span[39m
                [33mclass[39m=[32m"text-white"[39m
              [36m>[39m
                [0mMango[0m
                [36m<span[39m
                  
[33mclass[39m=[32m"text-orange-400"[39m
                [36m>[39m
                  [0mHelpdesk[0m
                [36m</span>[39m
              [36m</span>[39m
            [36m</div>[39m
            [36m<div[39m
              [33mclass[39m=[32m"hidden md:flex 
gap-6 text-sm font-medium text-slate-400"[39m
            [36m>[39m
              [36m<button[39m
                
[33mclass[39m=[32m"hover:text-orange-400 
transition-colors "[39m
              [36m>[39m
                [0mProblem[0m
              [36m</button>[39m
              [36m<button[39m
                
[33mclass[39m=[32m"hover:text-orange-400 
transition-colors "[39m
              [36m>[39m
                [0mSolution[0m
              [36m</button>[39m
              [36m<button[39m
                
[33mclass[39m=[32m"hover:text-orange-400 
transition-colors "[39m
              [36m>[39m
                [0mDemo[0m
              [36m</button>[39m
              [36m<button[39m
                
[33mclass[39m=[32m"hover:text-orange-400 
transition-colors "[39m
              [36m>[39m
                [0mImpact[0m
              [36m</button>[39m
            [36m</div>[39m
            [36m<div[39m
              [33mclass[39m=[32m"text-xs font-mono 
text-slate-500 border border-slate-700 px-3 py-1 
rounded-full flex items-center gap-2"[39m
            [36m>[39m
              [36m<span[39m
                [33mclass[39m=[32m"w-2 h-2 
rounded-full bg-green-500 animate-pulse"[39m
              [36m/>[39m
              [0mSystem Online v1.0.0[0m
            [36m</div>[39m
          [36m</div>[39m
        [36m</nav>[39m
        [36m<section[39m
          [33mclass[39m=[32m"relative z-10 pt-32 
pb-20 px-6 flex flex-col items-center justify-center 
text-center min-h-[90vh] bg-grid-pattern 
overflow-hidden"[39m
          [33mid[39m=[32m"hero"[39m
        [36m>[39m
          [36m<div[39m
            [33mclass[39m=[32m"absolute inset-0 
bg-gradient-to-b from-transparent via-[#0f172a]/50 
to-[#0f172a] pointer-events-none"[39m
          [36m/>[39m
          [36m<div[39m
            [33mclass[39m=[32m"absolute inset-0 
opacity-20 pointer-events-none"[39m
          [36m>[39m
            [36m<svg[39m
              [33mclass[39m=[32m"lucide 
lucide-database absolute top-[20%] left-[10%] w-16 
h-16 text-purple-500 animate-float delay-100"[39m
              [33mfill[39m=[32m"none"[39m
              [33mheight[39m=[32m"24"[39m
              
[33mstroke[39m=[32m"currentColor"[39m
              
[33mstroke-linecap[39m=[32m"round"[39m
              
[33mstroke-linejoin[39m=[32m"round"[39m
              [33mstroke-width[39m=[32m"2"[39m
              [33mviewBox[39m=[32m"0 0 24 24"[39m
              [33mwidth[39m=[32m"24"[39m
              
[33mxmlns[39m=[32m"http://www.w3.org/2000/svg"[39m
            [36m>[39m
              [36m<ellipse[39m
                [33mcx[39m=[32m"12"[39m
                [33mcy[39m=[32m"5"[39m
                [33mrx[39m=[32m"9"[39m
                [33mry[39m=[32m"3"[39m
              [36m/>[39m
              [36m<path[39m
                [33md[39m=[32m"M3 5V19A9 3 0 0 0 
21 19V5"[39m
              [36m/>[39m
              [36m<path[39m
                [33md[39m=[32m"M3 12A9 3 0 0 0 21 
12"[39m
              [36m/>[39m
            [36m</svg>[39m
            [36m<svg[39m
              [33mclass[39m=[32m"lucide lucide-zap 
absolute top-[15%] right-[15%] w-12 h-12 
text-orange-500 animate-float delay-300"[39m
              [33mfill[39m=[32m"none"[39m
              [33mheight[39m=[32m"24"[39m
              
[33mstroke[39m=[32m"currentColor"[39m
              
[33mstroke-linecap[39m=[32m"round"[39m
              
[33mstroke-linejoin[39m=[32m"round"[39m
              [33mstroke-width[39m=[32m"2"[39m
              [33mviewBox[39m=[32m"0 0 24 24"[39m
              [33mwidth[39m=[32m"24"[39m
              
[33mxmlns[39m=[32m"http://www.w3.org/2000/svg"[39m
            [36m>[39m
              [36m<polygon[39m
   ...
[90m [2mโฏ[22m Proxy.waitForWrapper node_modules/@
testing-library/react/node_modules/@testing-library/do
m/dist/wait-for.js:[2m163:27[22m[39m
[36m [2mโฏ[22m src/__tests__/unit/components/App.p
aranoid.test.jsx:[2m375:23[22m[39m
    [90m373| [39m                [35mawait[39m 
userEvent[33m.[39m[34mtype[39m(input[33m,[39m 
[32m`Message 
[39m[36m${[39mi[36m}[39m[32m`[39m)[33m;[39m
    [90m374| [39m                [35mawait[39m use
rEvent[33m.[39m[34mclick[39m(screen[33m.[39m[34
mgetByRole[39m([32m'button'[39m[33m,[39m { namโ€ฆ
    [90m375| [39m                [35mawait[39m 
[34mwaitFor[39m(() [33m=>[39m screen[33m.[39m[3
4mgetByText[39m([36m/OK/i[39m))[33m;[39m
    [90m   | [39m                      [31m^[39m
    [90m376| [39m            }
    [90m377| [39m

[31m[2mโฏโฏโฏโฏโฏโฏโฏโฏโฏโฏโฏโฏโฏโฏโฏ
โฏโฏโฏโฏโฏโฏโฏ[15/25]โฏ[22m[39m

[31m[1m[7m FAIL [27m[22m[39m src/__tests__/unit/
components/App.paranoid.test.jsx[2m > [22mApp 
Component - PARANOID MODE[2m > [22mState Management 
- PARANOID[2m > [22mshould clear messages on reset
[31m[1mTestingLibraryElementError[22m[39m: Unable 
to find an element with the text: /Test message/i. 
This could be because the text is broken up by 
multiple elements. In this case, you can provide a 
function for your text matcher to make your matcher 
more flexible.

Ignored nodes: comments, script, style
[36m<body>[39m
  [36m<div>[39m
    [36m<div[39m
      [33mclass[39m=[32m"min-h-screen bg-[#0f172a] 
text-slate-200 font-sans selection:bg-orange-500 
selection:text-white overflow-x-hidden relative"[39m
    [36m>[39m
      [36m<nav[39m
        [33mclass[39m=[32m"fixed w-full z-50 
glass-panel border-b-0 border-b-white/5 
backdrop-blur-xl bg-slate-900/80"[39m
      [36m>[39m
        [36m<div[39m
          [33mclass[39m=[32m"max-w-7xl mx-auto 
px-6 h-16 flex items-center justify-between"[39m
        [36m>[39m
          [36m<div[39m
            [33mclass[39m=[32m"flex items-center 
gap-2 font-bold text-xl tracking-tight 
cursor-pointer"[39m
          [36m>[39m
            [36m<div[39m
              [33mclass[39m=[32m"w-8 h-8 
bg-gradient-to-br from-orange-400 to-red-500 
rounded-lg flex items-center justify-center shadow-lg 
shadow-orange-500/20"[39m
            [36m>[39m
              [36m<svg[39m
                [33mclass[39m=[32m"lucide 
lucide-bot w-5 h-5 text-white"[39m
                [33mfill[39m=[32m"none"[39m
                [33mheight[39m=[32m"24"[39m
                
[33mstroke[39m=[32m"currentColor"[39m
                
[33mstroke-linecap[39m=[32m"round"[39m
                
[33mstroke-linejoin[39m=[32m"round"[39m
                [33mstroke-width[39m=[32m"2"[39m
                [33mviewBox[39m=[32m"0 0 24 
24"[39m
                [33mwidth[39m=[32m"24"[39m
                
[33mxmlns[39m=[32m"http://www.w3.org/2000/svg"[39m
              [36m>[39m
                [36m<path[39m
                  [33md[39m=[32m"M12 8V4H8"[39m
                [36m/>[39m
                [36m<rect[39m
                  [33mheight[39m=[32m"12"[39m
                  [33mrx[39m=[32m"2"[39m
                  [33mwidth[39m=[32m"16"[39m
                  [33mx[39m=[32m"4"[39m
                  [33my[39m=[32m"8"[39m
                [36m/>[39m
                [36m<path[39m
                  [33md[39m=[32m"M2 14h2"[39m
                [36m/>[39m
                [36m<path[39m
                  [33md[39m=[32m"M20 14h2"[39m
                [36m/>[39m
                [36m<path[39m
                  [33md[39m=[32m"M15 13v2"[39m
                [36m/>[39m
                [36m<path[39m
                  [33md[39m=[32m"M9 13v2"[39m
                [36m/>[39m
              [36m</svg>[39m
            [36m</div>[39m
            [36m<span[39m
              [33mclass[39m=[32m"text-white"[39m
            [36m>[39m
              [0mMango[0m
              [36m<span[39m
                
[33mclass[39m=[32m"text-orange-400"[39m
              [36m>[39m
                [0mHelpdesk[0m
              [36m</span>[39m
            [36m</span>[39m
          [36m</div>[39m
          [36m<div[39m
            [33mclass[39m=[32m"hidden md:flex 
gap-6 text-sm font-medium text-slate-400"[39m
          [36m>[39m
            [36m<button[39m
              
[33mclass[39m=[32m"hover:text-orange-400 
transition-colors "[39m
            [36m>[39m
              [0mProblem[0m
            [36m</button>[39m
            [36m<button[39m
              
[33mclass[39m=[32m"hover:text-orange-400 
transition-colors "[39m
            [36m>[39m
              [0mSolution[0m
            [36m</button>[39m
            [36m<button[39m
              
[33mclass[39m=[32m"hover:text-orange-400 
transition-colors "[39m
            [36m>[39m
              [0mDemo[0m
            [36m</button>[39m
            [36m<button[39m
              
[33mclass[39m=[32m"hover:text-orange-400 
transition-colors "[39m
            [36m>[39m
              [0mImpact[0m
            [36m</button>[39m
          [36m</div>[39m
          [36m<div[39m
            [33mclass[39m=[32m"text-xs font-mono 
text-slate-500 border border-slate-700 px-3 py-1 
rounded-full flex items-center gap-2"[39m
          [36m>[39m
            [36m<span[39m
              [33mclass[39m=[32m"w-2 h-2 
rounded-full bg-green-500 animate-pulse"[39m
            [36m/>[39m
            [0mSystem Online v1.0.0[0m
          [36m</div>[39m
        [36m</div>[39m
      [36m</nav>[39m
      [36m<section[39m
        [33mclass[39m=[32m"relative z-10 pt-32 
pb-20 px-6 flex flex-col items-center justify-center 
text-center min-h-[90vh] bg-grid-pattern 
overflow-hidden"[39m
        [33mid[39m=[32m"hero"[39m
      [36m>[39m
        [36m<div[39m
          [33mclass[39m=[32m"absolute inset-0 
bg-gradient-to-b from-transparent via-[#0f172a]/50 
to-[#0f172a] pointer-events-none"[39m
        [36m/>[39m
        [36m<div[39m
          [33mclass[39m=[32m"absolute inset-0 
opacity-20 pointer-events-none"[39m
        [36m>[39m
          [36m<svg[39m
            [33mclass[39m=[32m"lucide 
lucide-database absolute top-[20%] left-[10%] w-16 
h-16 text-purple-500 animate-float delay-100"[39m
            [33mfill[39m=[32m"none"[39m
            [33mheight[39m=[32m"24"[39m
            [33mstroke[39m=[32m"currentColor"[39m
            [33mstroke-linecap[39m=[32m"round"[39m
            
[33mstroke-linejoin[39m=[32m"round"[39m
            [33mstroke-width[39m=[32m"2"[39m
            [33mviewBox[39m=[32m"0 0 24 24"[39m
            [33mwidth[39m=[32m"24"[39m
            
[33mxmlns[39m=[32m"http://www.w3.org/2000/svg"[39m
          [36m>[39m
            [36m<ellipse[39m
              [33mcx[39m=[32m"12"[39m
              [33mcy[39m=[32m"5"[39m
              [33mrx[39m=[32m"9"[39m
              [33mry[39m=[32m"3"[39m
            [36m/>[39m
            [36m<path[39m
              [33md[39m=[32m"M3 5V19A9 3 0 0 0 21 
19V5"[39m
            [36m/>[39m
            [36m<path[39m
              [33md[39m=[32m"M3 12A9 3 0 0 0 21 
12"[39m
            [36m/>[39m
          [36m</svg>[39m
          [36m<svg[39m
            [33mclass[39m=[32m"lucide lucide-zap 
absolute top-[15%] right-[15%] w-12 h-12 
text-orange-500 animate-float delay-300"[39m
            [33mfill[39m=[32m"none"[39m
            [33mheight[39m=[32m"24"[39m
            [33mstroke[39m=[32m"currentColor"[39m
            [33mstroke-linecap[39m=[32m"round"[39m
            
[33mstroke-linejoin[39m=[32m"round"[39m
            [33mstroke-width[39m=[32m"2"[39m
            [33mviewBox[39m=[32m"0 0 24 24"[39m
            [33mwidth[39m=[32m"24"[39m
            
[33mxmlns[39m=[32m"http://www.w3.org/2000/svg"[39m
          [36m>[39m
            [36m<polygon[39m
              [33mpoints[39m=[32m"13 2 3 14 12 14 
11 22 21 10 12 10 13 2"[39m
            [36m/>[39m
          [36m</svg>[39m
          [36m<svg[39m
            [33mclass[39m=[32m"lucide 
lucide-shield-alert absolute bottom-[30%] left-[20%] 
w-10 h-10 text-green-500 animate-float delay-500"[39m
            [33mfill[39m=[32m"none"[39m
            [33mheight[39m...

Ignored nodes: comments, script, style
[36m<html[39m
  [33mclass[39m=[32m"lenis"[39m
[36m>[39m
  [36m<head />[39m
  [36m<body>[39m
    [36m<div>[39m
      [36m<div[39m
        [33mclass[39m=[32m"min-h-screen 
bg-[#0f172a] text-slate-200 font-sans 
selection:bg-orange-500 selection:text-white 
overflow-x-hidden relative"[39m
      [36m>[39m
        [36m<nav[39m
          [33mclass[39m=[32m"fixed w-full z-50 
glass-panel border-b-0 border-b-white/5 
backdrop-blur-xl bg-slate-900/80"[39m
        [36m>[39m
          [36m<div[39m
            [33mclass[39m=[32m"max-w-7xl mx-auto 
px-6 h-16 flex items-center justify-between"[39m
          [36m>[39m
            [36m<div[39m
              [33mclass[39m=[32m"flex items-center 
gap-2 font-bold text-xl tracking-tight 
cursor-pointer"[39m
            [36m>[39m
              [36m<div[39m
                [33mclass[39m=[32m"w-8 h-8 
bg-gradient-to-br from-orange-400 to-red-500 
rounded-lg flex items-center justify-center shadow-lg 
shadow-orange-500/20"[39m
              [36m>[39m
                [36m<svg[39m
                  [33mclass[39m=[32m"lucide 
lucide-bot w-5 h-5 text-white"[39m
                  [33mfill[39m=[32m"none"[39m
                  [33mheight[39m=[32m"24"[39m
                  
[33mstroke[39m=[32m"currentColor"[39m
                  
[33mstroke-linecap[39m=[32m"round"[39m
                  
[33mstroke-linejoin[39m=[32m"round"[39m
                  [33mstroke-width[39m=[32m"2"[39m
                  [33mviewBox[39m=[32m"0 0 24 
24"[39m
                  [33mwidth[39m=[32m"24"[39m
                  
[33mxmlns[39m=[32m"http://www.w3.org/2000/svg"[39m
                [36m>[39m
                  [36m<path[39m
                    [33md[39m=[32m"M12 8V4H8"[39m
                  [36m/>[39m
                  [36m<rect[39m
                    [33mheight[39m=[32m"12"[39m
                    [33mrx[39m=[32m"2"[39m
                    [33mwidth[39m=[32m"16"[39m
                    [33mx[39m=[32m"4"[39m
                    [33my[39m=[32m"8"[39m
                  [36m/>[39m
                  [36m<path[39m
                    [33md[39m=[32m"M2 14h2"[39m
                  [36m/>[39m
                  [36m<path[39m
                    [33md[39m=[32m"M20 14h2"[39m
                  [36m/>[39m
                  [36m<path[39m
                    [33md[39m=[32m"M15 13v2"[39m
                  [36m/>[39m
                  [36m<path[39m
                    [33md[39m=[32m"M9 13v2"[39m
                  [36m/>[39m
                [36m</svg>[39m
              [36m</div>[39m
              [36m<span[39m
                [33mclass[39m=[32m"text-white"[39m
              [36m>[39m
                [0mMango[0m
                [36m<span[39m
                  
[33mclass[39m=[32m"text-orange-400"[39m
                [36m>[39m
                  [0mHelpdesk[0m
                [36m</span>[39m
              [36m</span>[39m
            [36m</div>[39m
            [36m<div[39m
              [33mclass[39m=[32m"hidden md:flex 
gap-6 text-sm font-medium text-slate-400"[39m
            [36m>[39m
              [36m<button[39m
                
[33mclass[39m=[32m"hover:text-orange-400 
transition-colors "[39m
              [36m>[39m
                [0mProblem[0m
              [36m</button>[39m
              [36m<button[39m
                
[33mclass[39m=[32m"hover:text-orange-400 
transition-colors "[39m
              [36m>[39m
                [0mSolution[0m
              [36m</button>[39m
              [36m<button[39m
                
[33mclass[39m=[32m"hover:text-orange-400 
transition-colors "[39m
              [36m>[39m
                [0mDemo[0m
              [36m</button>[39m
              [36m<button[39m
                
[33mclass[39m=[32m"hover:text-orange-400 
transition-colors "[39m
              [36m>[39m
                [0mImpact[0m
              [36m</button>[39m
            [36m</div>[39m
            [36m<div[39m
              [33mclass[39m=[32m"text-xs font-mono 
text-slate-500 border border-slate-700 px-3 py-1 
rounded-full flex items-center gap-2"[39m
            [36m>[39m
              [36m<span[39m
                [33mclass[39m=[32m"w-2 h-2 
rounded-full bg-green-500 animate-pulse"[39m
              [36m/>[39m
              [0mSystem Online v1.0.0[0m
            [36m</div>[39m
          [36m</div>[39m
        [36m</nav>[39m
        [36m<section[39m
          [33mclass[39m=[32m"relative z-10 pt-32 
pb-20 px-6 flex flex-col items-center justify-center 
text-center min-h-[90vh] bg-grid-pattern 
overflow-hidden"[39m
          [33mid[39m=[32m"hero"[39m
        [36m>[39m
          [36m<div[39m
            [33mclass[39m=[32m"absolute inset-0 
bg-gradient-to-b from-transparent via-[#0f172a]/50 
to-[#0f172a] pointer-events-none"[39m
          [36m/>[39m
          [36m<div[39m
            [33mclass[39m=[32m"absolute inset-0 
opacity-20 pointer-events-none"[39m
          [36m>[39m
            [36m<svg[39m
              [33mclass[39m=[32m"lucide 
lucide-database absolute top-[20%] left-[10%] w-16 
h-16 text-purple-500 animate-float delay-100"[39m
              [33mfill[39m=[32m"none"[39m
              [33mheight[39m=[32m"24"[39m
              
[33mstroke[39m=[32m"currentColor"[39m
              
[33mstroke-linecap[39m=[32m"round"[39m
              
[33mstroke-linejoin[39m=[32m"round"[39m
              [33mstroke-width[39m=[32m"2"[39m
              [33mviewBox[39m=[32m"0 0 24 24"[39m
              [33mwidth[39m=[32m"24"[39m
              
[33mxmlns[39m=[32m"http://www.w3.org/2000/svg"[39m
            [36m>[39m
              [36m<ellipse[39m
                [33mcx[39m=[32m"12"[39m
                [33mcy[39m=[32m"5"[39m
                [33mrx[39m=[32m"9"[39m
                [33mry[39m=[32m"3"[39m
              [36m/>[39m
              [36m<path[39m
                [33md[39m=[32m"M3 5V19A9 3 0 0 0 
21 19V5"[39m
              [36m/>[39m
              [36m<path[39m
                [33md[39m=[32m"M3 12A9 3 0 0 0 21 
12"[39m
              [36m/>[39m
            [36m</svg>[39m
            [36m<svg[39m
              [33mclass[39m=[32m"lucide lucide-zap 
absolute top-[15%] right-[15%] w-12 h-12 
text-orange-500 animate-float delay-300"[39m
              [33mfill[39m=[32m"none"[39m
              [33mheight[39m=[32m"24"[39m
              
[33mstroke[39m=[32m"currentColor"[39m
              
[33mstroke-linecap[39m=[32m"round"[39m
              
[33mstroke-linejoin[39m=[32m"round"[39m
              [33mstroke-width[39m=[32m"2"[39m
              [33mviewBox[39m=[32m"0 0 24 24"[39m
              [33mwidth[39m=[32m"24"[39m
              
[33mxmlns[39m=[32m"http://www.w3.org/2000/svg"[39m
            [36m>[39m
              [36m<polygon[39m
   ...
[90m [2mโฏ[22m Proxy.waitForWrapper node_modules/@
testing-library/react/node_modules/@testing-library/do
m/dist/wait-for.js:[2m163:27[22m[39m
[36m [2mโฏ[22m src/__tests__/unit/components/App.p
aranoid.test.jsx:[2m389:19[22m[39m
    [90m387| [39m            [35mawait[39m userEve
nt[33m.[39m[34mclick[39m(screen[33m.[39m[34mget
ByRole[39m([32m'button'[39m[33m,[39m { 
name[33m:[39m [36m/[39mโ€ฆ
    [90m388| [39m
    [90m389| [39m            [35mawait[39m 
[34mwaitFor[39m(() [33m=>[39m [34mexpect[39m(scr
een[33m.[39m[34mgetByText[39m([36m/Test 
message/[39mโ€ฆ
    [90m   | [39m                  [31m^[39m
    [90m390| [39m
    [90m391| [39m            [90m// Click 
reset[39m

[31m[2mโฏโฏโฏโฏโฏโฏโฏโฏโฏโฏโฏโฏโฏโฏโฏ
โฏโฏโฏโฏโฏโฏโฏ[16/25]โฏ[22m[39m

[31m[1m[7m FAIL [27m[22m[39m src/__tests__/unit/
components/App.paranoid.test.jsx[2m > [22mApp 
Component - PARANOID MODE[2m > [22mUI Interactions 
- PARANOID[2m > [22mshould disable input while AI 
is typing
[31m[1mError[22m[39m: [2mexpect([22m[31melement
[39m[2m).toBeDisabled()[22m

Received element is not disabled:
  [31m<input
  class="w-full bg-slate-900 border border-slate-700 
rounded-xl py-4 pl-6 pr-14 text-white 
placeholder-slate-500 focus:outline-none 
focus:border-orange-500 transition-colors"
  placeholder="เธเธดเธกเธเนเธเธณเธ–เธฒเธก... 
(เน€เธเนเธ เธฃเธซเธฑเธชเธเนเธฒเธเธซเธฒเธข, 
เธเธญเธฅเธฒเธเธฑเธเธฃเนเธญเธ)"
  type="text"
  value=""
/>[39m

Ignored nodes: comments, script, style
[36m<html[39m
  [33mclass[39m=[32m"lenis"[39m
[36m>[39m
  [36m<head />[39m
  [36m<body>[39m
    [36m<div>[39m
      [36m<div[39m
        [33mclass[39m=[32m"min-h-screen 
bg-[#0f172a] text-slate-200 font-sans 
selection:bg-orange-500 selection:text-white 
overflow-x-hidden relative"[39m
      [36m>[39m
        [36m<nav[39m
          [33mclass[39m=[32m"fixed w-full z-50 
glass-panel border-b-0 border-b-white/5 
backdrop-blur-xl bg-slate-900/80"[39m
        [36m>[39m
          [36m<div[39m
            [33mclass[39m=[32m"max-w-7xl mx-auto 
px-6 h-16 flex items-center justify-between"[39m
          [36m>[39m
            [36m<div[39m
              [33mclass[39m=[32m"flex items-center 
gap-2 font-bold text-xl tracking-tight 
cursor-pointer"[39m
            [36m>[39m
              [36m<div[39m
                [33mclass[39m=[32m"w-8 h-8 
bg-gradient-to-br from-orange-400 to-red-500 
rounded-lg flex items-center justify-center shadow-lg 
shadow-orange-500/20"[39m
              [36m>[39m
                [36m<svg[39m
                  [33mclass[39m=[32m"lucide 
lucide-bot w-5 h-5 text-white"[39m
                  [33mfill[39m=[32m"none"[39m
                  [33mheight[39m=[32m"24"[39m
                  
[33mstroke[39m=[32m"currentColor"[39m
                  
[33mstroke-linecap[39m=[32m"round"[39m
                  
[33mstroke-linejoin[39m=[32m"round"[39m
                  [33mstroke-width[39m=[32m"2"[39m
                  [33mviewBox[39m=[32m"0 0 24 
24"[39m
                  [33mwidth[39m=[32m"24"[39m
                  
[33mxmlns[39m=[32m"http://www.w3.org/2000/svg"[39m
                [36m>[39m
                  [36m<path[39m
                    [33md[39m=[32m"M12 8V4H8"[39m
                  [36m/>[39m
                  [36m<rect[39m
                    [33mheight[39m=[32m"12"[39m
                    [33mrx[39m=[32m"2"[39m
                    [33mwidth[39m=[32m"16"[39m
                    [33mx[39m=[32m"4"[39m
                    [33my[39m=[32m"8"[39m
                  [36m/>[39m
                  [36m<path[39m
                    [33md[39m=[32m"M2 14h2"[39m
                  [36m/>[39m
                  [36m<path[39m
                    [33md[39m=[32m"M20 14h2"[39m
                  [36m/>[39m
                  [36m<path[39m
                    [33md[39m=[32m"M15 13v2"[39m
                  [36m/>[39m
                  [36m<path[39m
                    [33md[39m=[32m"M9 13v2"[39m
                  [36m/>[39m
                [36m</svg>[39m
              [36m</div>[39m
              [36m<span[39m
                [33mclass[39m=[32m"text-white"[39m
              [36m>[39m
                [0mMango[0m
                [36m<span[39m
                  
[33mclass[39m=[32m"text-orange-400"[39m
                [36m>[39m
                  [0mHelpdesk[0m
                [36m</span>[39m
              [36m</span>[39m
            [36m</div>[39m
            [36m<div[39m
              [33mclass[39m=[32m"hidden md:flex 
gap-6 text-sm font-medium text-slate-400"[39m
            [36m>[39m
              [36m<button[39m
                
[33mclass[39m=[32m"hover:text-orange-400 
transition-colors "[39m
              [36m>[39m
                [0mProblem[0m
              [36m</button>[39m
              [36m<button[39m
                
[33mclass[39m=[32m"hover:text-orange-400 
transition-colors "[39m
              [36m>[39m
                [0mSolution[0m
              [36m</button>[39m
              [36m<button[39m
                
[33mclass[39m=[32m"hover:text-orange-400 
transition-colors "[39m
              [36m>[39m
                [0mDemo[0m
              [36m</button>[39m
              [36m<button[39m
                
[33mclass[39m=[32m"hover:text-orange-400 
transition-colors "[39m
              [36m>[39m
                [0mImpact[0m
              [36m</button>[39m
            [36m</div>[39m
            [36m<div[39m
              [33mclass[39m=[32m"text-xs font-mono 
text-slate-500 border border-slate-700 px-3 py-1 
rounded-full flex items-center gap-2"[39m
            [36m>[39m
              [36m<span[39m
                [33mclass[39m=[32m"w-2 h-2 
rounded-full bg-green-500 animate-pulse"[39m
              [36m/>[39m
              [0mSystem Online v1.0.0[0m
            [36m</div>[39m
          [36m</div>[39m
        [36m</nav>[39m
        [36m<section[39m
          [33mclass[39m=[32m"relative z-10 pt-32 
pb-20 px-6 flex flex-col items-center justify-center 
text-center min-h-[90vh] bg-grid-pattern 
overflow-hidden"[39m
          [33mid[39m=[32m"hero"[39m
        [36m>[39m
          [36m<div[39m
            [33mclass[39m=[32m"absolute inset-0 
bg-gradient-to-b from-transparent via-[#0f172a]/50 
to-[#0f172a] pointer-events-none"[39m
          [36m/>[39m
          [36m<div[39m
            [33mclass[39m=[32m"absolute inset-0 
opacity-20 pointer-events-none"[39m
          [36m>[39m
            [36m<svg[39m
              [33mclass[39m=[32m"lucide 
lucide-database absolute top-[20%] left-[10%] w-16 
h-16 text-purple-500 animate-float delay-100"[39m
              [33mfill[39m=[32m"none"[39m
              [33mheight[39m=[32m"24"[39m
              
[33mstroke[39m=[32m"currentColor"[39m
              
[33mstroke-linecap[39m=[32m"round"[39m
              
[33mstroke-linejoin[39m=[32m"round"[39m
              [33mstroke-width[39m=[32m"2"[39m
              [33mviewBox[39m=[32m"0 0 24 24"[39m
              [33mwidth[39m=[32m"24"[39m
              
[33mxmlns[39m=[32m"http://www.w3.org/2000/svg"[39m
            [36m>[39m
              [36m<ellipse[39m
                [33mcx[39m=[32m"12"[39m
                [33mcy[39m=[32m"5"[39m
                [33mrx[39m=[32m"9"[39m
                [33mry[39m=[32m"3"[39m
              [36m/>[39m
              [36m<path[39m
                [33md[39m=[32m"M3 5V19A9 3 0 0 0 
21 19V5"[39m
              [36m/>[39m
              [36m<path[39m
                [33md[39m=[32m"M3 12A9 3 0 0 0 21 
12"[39m
              [36m/>[39m
            [36m</svg>[39m
            [36m<svg[39m
              [33mclass[39m=[32m"lucide lucide-zap 
absolute top-[15%] right-[15%] w-12 h-12 
text-orange-500 animate-float delay-300"[39m
              [33mfill[39m=[32m"none"[39m
              [33mheight[39m=[32m"24"[39m
              
[33mstroke[39m=[32m"currentColor"[39m
              
[33mstroke-linecap[39m=[32m"round"[39m
              
[33mstroke-linejoin[39m=[32m"round"[39m
              [33mstroke-width[39m=[32m"2"[39m
              [33mviewBox[39m=[32m"0 0 24 24"[39m
              [33mwidth[39m=[32m"24"[39m
              
[33mxmlns[39m=[32m"http://www.w3.org/2000/svg"[39m
            [36m>[39m
              [36m<polygon[39m
   ...
[36m [2mโฏ[22m src/__tests__/unit/components/App.p
aranoid.test.jsx:[2m424:31[22m[39m
    [90m422| [39m            [90m// Input should 
be disabled during API call[39m
    [90m423| [39m            [35mawait[39m 
[34mwaitFor[39m(() [33m=>[39m {
    [90m424| [39m                [34mexpect[39m(in
put)[33m.[39m[34mtoBeDisabled[39m()[33m;[39m
    [90m   | [39m                              
[31m^[39m
    [90m425| [39m                [34mexpect[39m(se
ndButton)[33m.[39m[34mtoBeDisabled[39m()[33m;[39
m
    [90m426| [39m            })[33m;[39m
[90m [2mโฏ[22m 
runWithExpensiveErrorDiagnosticsDisabled node_modules/
@testing-library/react/node_modules/@testing-library/d
om/dist/config.js:[2m47:12[22m[39m
[90m [2mโฏ[22m checkCallback node_modules/@testing
-library/react/node_modules/@testing-library/dom/dist/
wait-for.js:[2m124:77[22m[39m
[90m [2mโฏ[22m Timeout.checkRealTimersCallback nod
e_modules/@testing-library/react/node_modules/@testing
-library/dom/dist/wait-for.js:[2m118:16[22m[39m

[31m[2mโฏโฏโฏโฏโฏโฏโฏโฏโฏโฏโฏโฏโฏโฏโฏ
โฏโฏโฏโฏโฏโฏโฏ[17/25]โฏ[22m[39m

[31m[1m[7m FAIL [27m[22m[39m src/__tests__/unit/
components/App.paranoid.test.jsx[2m > [22mApp 
Component - PARANOID MODE[2m > [22mUI Interactions 
- PARANOID[2m > [22mshould show loading indicator 
while processing
[31m[1mTestingLibraryElementError[22m[39m: Unable 
to find an element with the text: /thinking/i. This 
could be because the text is broken up by multiple 
elements. In this case, you can provide a function 
for your text matcher to make your matcher more 
flexible.

Ignored nodes: comments, script, style
[36m<body>[39m
  [36m<div>[39m
    [36m<div[39m
      [33mclass[39m=[32m"min-h-screen bg-[#0f172a] 
text-slate-200 font-sans selection:bg-orange-500 
selection:text-white overflow-x-hidden relative"[39m
    [36m>[39m
      [36m<nav[39m
        [33mclass[39m=[32m"fixed w-full z-50 
glass-panel border-b-0 border-b-white/5 
backdrop-blur-xl bg-slate-900/80"[39m
      [36m>[39m
        [36m<div[39m
          [33mclass[39m=[32m"max-w-7xl mx-auto 
px-6 h-16 flex items-center justify-between"[39m
        [36m>[39m
          [36m<div[39m
            [33mclass[39m=[32m"flex items-center 
gap-2 font-bold text-xl tracking-tight 
cursor-pointer"[39m
          [36m>[39m
            [36m<div[39m
              [33mclass[39m=[32m"w-8 h-8 
bg-gradient-to-br from-orange-400 to-red-500 
rounded-lg flex items-center justify-center shadow-lg 
shadow-orange-500/20"[39m
            [36m>[39m
              [36m<svg[39m
                [33mclass[39m=[32m"lucide 
lucide-bot w-5 h-5 text-white"[39m
                [33mfill[39m=[32m"none"[39m
                [33mheight[39m=[32m"24"[39m
                
[33mstroke[39m=[32m"currentColor"[39m
                
[33mstroke-linecap[39m=[32m"round"[39m
                
[33mstroke-linejoin[39m=[32m"round"[39m
                [33mstroke-width[39m=[32m"2"[39m
                [33mviewBox[39m=[32m"0 0 24 
24"[39m
                [33mwidth[39m=[32m"24"[39m
                
[33mxmlns[39m=[32m"http://www.w3.org/2000/svg"[39m
              [36m>[39m
                [36m<path[39m
                  [33md[39m=[32m"M12 8V4H8"[39m
                [36m/>[39m
                [36m<rect[39m
                  [33mheight[39m=[32m"12"[39m
                  [33mrx[39m=[32m"2"[39m
                  [33mwidth[39m=[32m"16"[39m
                  [33mx[39m=[32m"4"[39m
                  [33my[39m=[32m"8"[39m
                [36m/>[39m
                [36m<path[39m
                  [33md[39m=[32m"M2 14h2"[39m
                [36m/>[39m
                [36m<path[39m
                  [33md[39m=[32m"M20 14h2"[39m
                [36m/>[39m
                [36m<path[39m
                  [33md[39m=[32m"M15 13v2"[39m
                [36m/>[39m
                [36m<path[39m
                  [33md[39m=[32m"M9 13v2"[39m
                [36m/>[39m
              [36m</svg>[39m
            [36m</div>[39m
            [36m<span[39m
              [33mclass[39m=[32m"text-white"[39m
            [36m>[39m
              [0mMango[0m
              [36m<span[39m
                
[33mclass[39m=[32m"text-orange-400"[39m
              [36m>[39m
                [0mHelpdesk[0m
              [36m</span>[39m
            [36m</span>[39m
          [36m</div>[39m
          [36m<div[39m
            [33mclass[39m=[32m"hidden md:flex 
gap-6 text-sm font-medium text-slate-400"[39m
          [36m>[39m
            [36m<button[39m
              
[33mclass[39m=[32m"hover:text-orange-400 
transition-colors "[39m
            [36m>[39m
              [0mProblem[0m
            [36m</button>[39m
            [36m<button[39m
              
[33mclass[39m=[32m"hover:text-orange-400 
transition-colors "[39m
            [36m>[39m
              [0mSolution[0m
            [36m</button>[39m
            [36m<button[39m
              
[33mclass[39m=[32m"hover:text-orange-400 
transition-colors "[39m
            [36m>[39m
              [0mDemo[0m
            [36m</button>[39m
            [36m<button[39m
              
[33mclass[39m=[32m"hover:text-orange-400 
transition-colors "[39m
            [36m>[39m
              [0mImpact[0m
            [36m</button>[39m
          [36m</div>[39m
          [36m<div[39m
            [33mclass[39m=[32m"text-xs font-mono 
text-slate-500 border border-slate-700 px-3 py-1 
rounded-full flex items-center gap-2"[39m
          [36m>[39m
            [36m<span[39m
              [33mclass[39m=[32m"w-2 h-2 
rounded-full bg-green-500 animate-pulse"[39m
            [36m/>[39m
            [0mSystem Online v1.0.0[0m
          [36m</div>[39m
        [36m</div>[39m
      [36m</nav>[39m
      [36m<section[39m
        [33mclass[39m=[32m"relative z-10 pt-32 
pb-20 px-6 flex flex-col items-center justify-center 
text-center min-h-[90vh] bg-grid-pattern 
overflow-hidden"[39m
        [33mid[39m=[32m"hero"[39m
      [36m>[39m
        [36m<div[39m
          [33mclass[39m=[32m"absolute inset-0 
bg-gradient-to-b from-transparent via-[#0f172a]/50 
to-[#0f172a] pointer-events-none"[39m
        [36m/>[39m
        [36m<div[39m
          [33mclass[39m=[32m"absolute inset-0 
opacity-20 pointer-events-none"[39m
        [36m>[39m
          [36m<svg[39m
            [33mclass[39m=[32m"lucide 
lucide-database absolute top-[20%] left-[10%] w-16 
h-16 text-purple-500 animate-float delay-100"[39m
            [33mfill[39m=[32m"none"[39m
            [33mheight[39m=[32m"24"[39m
            [33mstroke[39m=[32m"currentColor"[39m
            [33mstroke-linecap[39m=[32m"round"[39m
            
[33mstroke-linejoin[39m=[32m"round"[39m
            [33mstroke-width[39m=[32m"2"[39m
            [33mviewBox[39m=[32m"0 0 24 24"[39m
            [33mwidth[39m=[32m"24"[39m
            
[33mxmlns[39m=[32m"http://www.w3.org/2000/svg"[39m
          [36m>[39m
            [36m<ellipse[39m
              [33mcx[39m=[32m"12"[39m
              [33mcy[39m=[32m"5"[39m
              [33mrx[39m=[32m"9"[39m
              [33mry[39m=[32m"3"[39m
            [36m/>[39m
            [36m<path[39m
              [33md[39m=[32m"M3 5V19A9 3 0 0 0 21 
19V5"[39m
            [36m/>[39m
            [36m<path[39m
              [33md[39m=[32m"M3 12A9 3 0 0 0 21 
12"[39m
            [36m/>[39m
          [36m</svg>[39m
          [36m<svg[39m
            [33mclass[39m=[32m"lucide lucide-zap 
absolute top-[15%] right-[15%] w-12 h-12 
text-orange-500 animate-float delay-300"[39m
            [33mfill[39m=[32m"none"[39m
            [33mheight[39m=[32m"24"[39m
            [33mstroke[39m=[32m"currentColor"[39m
            [33mstroke-linecap[39m=[32m"round"[39m
            
[33mstroke-linejoin[39m=[32m"round"[39m
            [33mstroke-width[39m=[32m"2"[39m
            [33mviewBox[39m=[32m"0 0 24 24"[39m
            [33mwidth[39m=[32m"24"[39m
            
[33mxmlns[39m=[32m"http://www.w3.org/2000/svg"[39m
          [36m>[39m
            [36m<polygon[39m
              [33mpoints[39m=[32m"13 2 3 14 12 14 
11 22 21 10 12 10 13 2"[39m
            [36m/>[39m
          [36m</svg>[39m
          [36m<svg[39m
            [33mclass[39m=[32m"lucide 
lucide-shield-alert absolute bottom-[30%] left-[20%] 
w-10 h-10 text-green-500 animate-float delay-500"[39m
            [33mfill[39m=[32m"none"[39m
            [33mheight[39m...

Ignored nodes: comments, script, style
[36m<html[39m
  [33mclass[39m=[32m"lenis"[39m
[36m>[39m
  [36m<head />[39m
  [36m<body>[39m
    [36m<div>[39m
      [36m<div[39m
        [33mclass[39m=[32m"min-h-screen 
bg-[#0f172a] text-slate-200 font-sans 
selection:bg-orange-500 selection:text-white 
overflow-x-hidden relative"[39m
      [36m>[39m
        [36m<nav[39m
          [33mclass[39m=[32m"fixed w-full z-50 
glass-panel border-b-0 border-b-white/5 
backdrop-blur-xl bg-slate-900/80"[39m
        [36m>[39m
          [36m<div[39m
            [33mclass[39m=[32m"max-w-7xl mx-auto 
px-6 h-16 flex items-center justify-between"[39m
          [36m>[39m
            [36m<div[39m
              [33mclass[39m=[32m"flex items-center 
gap-2 font-bold text-xl tracking-tight 
cursor-pointer"[39m
            [36m>[39m
              [36m<div[39m
                [33mclass[39m=[32m"w-8 h-8 
bg-gradient-to-br from-orange-400 to-red-500 
rounded-lg flex items-center justify-center shadow-lg 
shadow-orange-500/20"[39m
              [36m>[39m
                [36m<svg[39m
                  [33mclass[39m=[32m"lucide 
lucide-bot w-5 h-5 text-white"[39m
                  [33mfill[39m=[32m"none"[39m
                  [33mheight[39m=[32m"24"[39m
                  
[33mstroke[39m=[32m"currentColor"[39m
                  
[33mstroke-linecap[39m=[32m"round"[39m
                  
[33mstroke-linejoin[39m=[32m"round"[39m
                  [33mstroke-width[39m=[32m"2"[39m
                  [33mviewBox[39m=[32m"0 0 24 
24"[39m
                  [33mwidth[39m=[32m"24"[39m
                  
[33mxmlns[39m=[32m"http://www.w3.org/2000/svg"[39m
                [36m>[39m
                  [36m<path[39m
                    [33md[39m=[32m"M12 8V4H8"[39m
                  [36m/>[39m
                  [36m<rect[39m
                    [33mheight[39m=[32m"12"[39m
                    [33mrx[39m=[32m"2"[39m
                    [33mwidth[39m=[32m"16"[39m
                    [33mx[39m=[32m"4"[39m
                    [33my[39m=[32m"8"[39m
                  [36m/>[39m
                  [36m<path[39m
                    [33md[39m=[32m"M2 14h2"[39m
                  [36m/>[39m
                  [36m<path[39m
                    [33md[39m=[32m"M20 14h2"[39m
                  [36m/>[39m
                  [36m<path[39m
                    [33md[39m=[32m"M15 13v2"[39m
                  [36m/>[39m
                  [36m<path[39m
                    [33md[39m=[32m"M9 13v2"[39m
                  [36m/>[39m
                [36m</svg>[39m
              [36m</div>[39m
              [36m<span[39m
                [33mclass[39m=[32m"text-white"[39m
              [36m>[39m
                [0mMango[0m
                [36m<span[39m
                  
[33mclass[39m=[32m"text-orange-400"[39m
                [36m>[39m
                  [0mHelpdesk[0m
                [36m</span>[39m
              [36m</span>[39m
            [36m</div>[39m
            [36m<div[39m
              [33mclass[39m=[32m"hidden md:flex 
gap-6 text-sm font-medium text-slate-400"[39m
            [36m>[39m
              [36m<button[39m
                
[33mclass[39m=[32m"hover:text-orange-400 
transition-colors "[39m
              [36m>[39m
                [0mProblem[0m
              [36m</button>[39m
              [36m<button[39m
                
[33mclass[39m=[32m"hover:text-orange-400 
transition-colors "[39m
              [36m>[39m
                [0mSolution[0m
              [36m</button>[39m
              [36m<button[39m
                
[33mclass[39m=[32m"hover:text-orange-400 
transition-colors "[39m
              [36m>[39m
                [0mDemo[0m
              [36m</button>[39m
              [36m<button[39m
                
[33mclass[39m=[32m"hover:text-orange-400 
transition-colors "[39m
              [36m>[39m
                [0mImpact[0m
              [36m</button>[39m
            [36m</div>[39m
            [36m<div[39m
              [33mclass[39m=[32m"text-xs font-mono 
text-slate-500 border border-slate-700 px-3 py-1 
rounded-full flex items-center gap-2"[39m
            [36m>[39m
              [36m<span[39m
                [33mclass[39m=[32m"w-2 h-2 
rounded-full bg-green-500 animate-pulse"[39m
              [36m/>[39m
              [0mSystem Online v1.0.0[0m
            [36m</div>[39m
          [36m</div>[39m
        [36m</nav>[39m
        [36m<section[39m
          [33mclass[39m=[32m"relative z-10 pt-32 
pb-20 px-6 flex flex-col items-center justify-center 
text-center min-h-[90vh] bg-grid-pattern 
overflow-hidden"[39m
          [33mid[39m=[32m"hero"[39m
        [36m>[39m
          [36m<div[39m
            [33mclass[39m=[32m"absolute inset-0 
bg-gradient-to-b from-transparent via-[#0f172a]/50 
to-[#0f172a] pointer-events-none"[39m
          [36m/>[39m
          [36m<div[39m
            [33mclass[39m=[32m"absolute inset-0 
opacity-20 pointer-events-none"[39m
          [36m>[39m
            [36m<svg[39m
              [33mclass[39m=[32m"lucide 
lucide-database absolute top-[20%] left-[10%] w-16 
h-16 text-purple-500 animate-float delay-100"[39m
              [33mfill[39m=[32m"none"[39m
              [33mheight[39m=[32m"24"[39m
              
[33mstroke[39m=[32m"currentColor"[39m
              
[33mstroke-linecap[39m=[32m"round"[39m
              
[33mstroke-linejoin[39m=[32m"round"[39m
              [33mstroke-width[39m=[32m"2"[39m
              [33mviewBox[39m=[32m"0 0 24 24"[39m
              [33mwidth[39m=[32m"24"[39m
              
[33mxmlns[39m=[32m"http://www.w3.org/2000/svg"[39m
            [36m>[39m
              [36m<ellipse[39m
                [33mcx[39m=[32m"12"[39m
                [33mcy[39m=[32m"5"[39m
                [33mrx[39m=[32m"9"[39m
                [33mry[39m=[32m"3"[39m
              [36m/>[39m
              [36m<path[39m
                [33md[39m=[32m"M3 5V19A9 3 0 0 0 
21 19V5"[39m
              [36m/>[39m
              [36m<path[39m
                [33md[39m=[32m"M3 12A9 3 0 0 0 21 
12"[39m
              [36m/>[39m
            [36m</svg>[39m
            [36m<svg[39m
              [33mclass[39m=[32m"lucide lucide-zap 
absolute top-[15%] right-[15%] w-12 h-12 
text-orange-500 animate-float delay-300"[39m
              [33mfill[39m=[32m"none"[39m
              [33mheight[39m=[32m"24"[39m
              
[33mstroke[39m=[32m"currentColor"[39m
              
[33mstroke-linecap[39m=[32m"round"[39m
              
[33mstroke-linejoin[39m=[32m"round"[39m
              [33mstroke-width[39m=[32m"2"[39m
              [33mviewBox[39m=[32m"0 0 24 24"[39m
              [33mwidth[39m=[32m"24"[39m
              
[33mxmlns[39m=[32m"http://www.w3.org/2000/svg"[39m
            [36m>[39m
              [36m<polygon[39m
   ...
[90m [2mโฏ[22m Proxy.waitForWrapper node_modules/@
testing-library/react/node_modules/@testing-library/do
m/dist/wait-for.js:[2m163:27[22m[39m
[36m [2mโฏ[22m src/__tests__/unit/components/App.p
aranoid.test.jsx:[2m447:19[22m[39m
    [90m445| [39m            [35mawait[39m userEve
nt[33m.[39m[34mclick[39m(screen[33m.[39m[34mget
ByRole[39m([32m'button'[39m[33m,[39m { 
name[33m:[39m [36m/[39mโ€ฆ
    [90m446| [39m
    [90m447| [39m            [35mawait[39m 
[34mwaitFor[39m(() [33m=>[39m {
    [90m   | [39m                  [31m^[39m
    [90m448| [39m                [34mexpect[39m(sc
reen[33m.[39m[34mgetByText[39m([36m/thinking/i[3
9m))[33m.[39m[34mtoBeInTheDocumen[39mโ€ฆ
    [90m449| [39m            })[33m;[39m

[31m[2mโฏโฏโฏโฏโฏโฏโฏโฏโฏโฏโฏโฏโฏโฏโฏ
โฏโฏโฏโฏโฏโฏโฏ[18/25]โฏ[22m[39m

[31m[1m[7m FAIL [27m[22m[39m src/__tests__/unit/
components/App.paranoid.test.jsx[2m > [22mApp 
Component - PARANOID MODE[2m > [22mUI Interactions 
- PARANOID[2m > [22mshould clear input after 
sending message
[31m[1mError[22m[39m: [2mexpect([22m[31melement
[39m[2m).toHaveValue([22m[32mTest 
message[39m[2m)[22m

Expected the element to have value:
[32m  Test message[39m
Received:
[31m  ATAeAsAtA AmAeAsAsAaAgAeAAAAAAAAAAAAAAAAAAAAAAA
AAAAAAAAAAAAAAAAAAAAAAAAAAAAAAAAAAAAA[39m

Ignored nodes: comments, script, style
[36m<html[39m
  [33mclass[39m=[32m"lenis"[39m
[36m>[39m
  [36m<head />[39m
  [36m<body>[39m
    [36m<div>[39m
      [36m<div[39m
        [33mclass[39m=[32m"min-h-screen 
bg-[#0f172a] text-slate-200 font-sans 
selection:bg-orange-500 selection:text-white 
overflow-x-hidden relative"[39m
      [36m>[39m
        [36m<nav[39m
          [33mclass[39m=[32m"fixed w-full z-50 
glass-panel border-b-0 border-b-white/5 
backdrop-blur-xl bg-slate-900/80"[39m
        [36m>[39m
          [36m<div[39m
            [33mclass[39m=[32m"max-w-7xl mx-auto 
px-6 h-16 flex items-center justify-between"[39m
          [36m>[39m
            [36m<div[39m
              [33mclass[39m=[32m"flex items-center 
gap-2 font-bold text-xl tracking-tight 
cursor-pointer"[39m
            [36m>[39m
              [36m<div[39m
                [33mclass[39m=[32m"w-8 h-8 
bg-gradient-to-br from-orange-400 to-red-500 
rounded-lg flex items-center justify-center shadow-lg 
shadow-orange-500/20"[39m
              [36m>[39m
                [36m<svg[39m
                  [33mclass[39m=[32m"lucide 
lucide-bot w-5 h-5 text-white"[39m
                  [33mfill[39m=[32m"none"[39m
                  [33mheight[39m=[32m"24"[39m
                  
[33mstroke[39m=[32m"currentColor"[39m
                  
[33mstroke-linecap[39m=[32m"round"[39m
                  
[33mstroke-linejoin[39m=[32m"round"[39m
                  [33mstroke-width[39m=[32m"2"[39m
                  [33mviewBox[39m=[32m"0 0 24 
24"[39m
                  [33mwidth[39m=[32m"24"[39m
                  
[33mxmlns[39m=[32m"http://www.w3.org/2000/svg"[39m
                [36m>[39m
                  [36m<path[39m
                    [33md[39m=[32m"M12 8V4H8"[39m
                  [36m/>[39m
                  [36m<rect[39m
                    [33mheight[39m=[32m"12"[39m
                    [33mrx[39m=[32m"2"[39m
                    [33mwidth[39m=[32m"16"[39m
                    [33mx[39m=[32m"4"[39m
                    [33my[39m=[32m"8"[39m
                  [36m/>[39m
                  [36m<path[39m
                    [33md[39m=[32m"M2 14h2"[39m
                  [36m/>[39m
                  [36m<path[39m
                    [33md[39m=[32m"M20 14h2"[39m
                  [36m/>[39m
                  [36m<path[39m
                    [33md[39m=[32m"M15 13v2"[39m
                  [36m/>[39m
                  [36m<path[39m
                    [33md[39m=[32m"M9 13v2"[39m
                  [36m/>[39m
                [36m</svg>[39m
              [36m</div>[39m
              [36m<span[39m
                [33mclass[39m=[32m"text-white"[39m
              [36m>[39m
                [0mMango[0m
                [36m<span[39m
                  
[33mclass[39m=[32m"text-orange-400"[39m
                [36m>[39m
                  [0mHelpdesk[0m
                [36m</span>[39m
              [36m</span>[39m
            [36m</div>[39m
            [36m<div[39m
              [33mclass[39m=[32m"hidden md:flex 
gap-6 text-sm font-medium text-slate-400"[39m
            [36m>[39m
              [36m<button[39m
                
[33mclass[39m=[32m"hover:text-orange-400 
transition-colors "[39m
              [36m>[39m
                [0mProblem[0m
              [36m</button>[39m
              [36m<button[39m
                
[33mclass[39m=[32m"hover:text-orange-400 
transition-colors "[39m
              [36m>[39m
                [0mSolution[0m
              [36m</button>[39m
              [36m<button[39m
                
[33mclass[39m=[32m"hover:text-orange-400 
transition-colors "[39m
              [36m>[39m
                [0mDemo[0m
              [36m</button>[39m
              [36m<button[39m
                
[33mclass[39m=[32m"hover:text-orange-400 
transition-colors "[39m
              [36m>[39m
                [0mImpact[0m
              [36m</button>[39m
            [36m</div>[39m
            [36m<div[39m
              [33mclass[39m=[32m"text-xs font-mono 
text-slate-500 border border-slate-700 px-3 py-1 
rounded-full flex items-center gap-2"[39m
            [36m>[39m
              [36m<span[39m
                [33mclass[39m=[32m"w-2 h-2 
rounded-full bg-green-500 animate-pulse"[39m
              [36m/>[39m
              [0mSystem Online v1.0.0[0m
            [36m</div>[39m
          [36m</div>[39m
        [36m</nav>[39m
        [36m<section[39m
          [33mclass[39m=[32m"relative z-10 pt-32 
pb-20 px-6 flex flex-col items-center justify-center 
text-center min-h-[90vh] bg-grid-pattern 
overflow-hidden"[39m
          [33mid[39m=[32m"hero"[39m
        [36m>[39m
          [36m<div[39m
            [33mclass[39m=[32m"absolute inset-0 
bg-gradient-to-b from-transparent via-[#0f172a]/50 
to-[#0f172a] pointer-events-none"[39m
          [36m/>[39m
          [36m<div[39m
            [33mclass[39m=[32m"absolute inset-0 
opacity-20 pointer-events-none"[39m
          [36m>[39m
            [36m<svg[39m
              [33mclass[39m=[32m"lucide 
lucide-database absolute top-[20%] left-[10%] w-16 
h-16 text-purple-500 animate-float delay-100"[39m
              [33mfill[39m=[32m"none"[39m
              [33mheight[39m=[32m"24"[39m
              
[33mstroke[39m=[32m"currentColor"[39m
              
[33mstroke-linecap[39m=[32m"round"[39m
              
[33mstroke-linejoin[39m=[32m"round"[39m
              [33mstroke-width[39m=[32m"2"[39m
              [33mviewBox[39m=[32m"0 0 24 24"[39m
              [33mwidth[39m=[32m"24"[39m
              
[33mxmlns[39m=[32m"http://www.w3.org/2000/svg"[39m
            [36m>[39m
              [36m<ellipse[39m
                [33mcx[39m=[32m"12"[39m
                [33mcy[39m=[32m"5"[39m
                [33mrx[39m=[32m"9"[39m
                [33mry[39m=[32m"3"[39m
              [36m/>[39m
              [36m<path[39m
                [33md[39m=[32m"M3 5V19A9 3 0 0 0 
21 19V5"[39m
              [36m/>[39m
              [36m<path[39m
                [33md[39m=[32m"M3 12A9 3 0 0 0 21 
12"[39m
              [36m/>[39m
            [36m</svg>[39m
            [36m<svg[39m
              [33mclass[39m=[32m"lucide lucide-zap 
absolute top-[15%] right-[15%] w-12 h-12 
text-orange-500 animate-float delay-300"[39m
              [33mfill[39m=[32m"none"[39m
              [33mheight[39m=[32m"24"[39m
              
[33mstroke[39m=[32m"currentColor"[39m
              
[33mstroke-linecap[39m=[32m"round"[39m
              
[33mstroke-linejoin[39m=[32m"round"[39m
              [33mstroke-width[39m=[32m"2"[39m
              [33mviewBox[39m=[32m"0 0 24 24"[39m
              [33mwidth[39m=[32m"24"[39m
              
[33mxmlns[39m=[32m"http://www.w3.org/2000/svg"[39m
            [36m>[39m
              [36m<polygon[39m
   ...
[36m [2mโฏ[22m src/__tests__/unit/components/App.p
aranoid.test.jsx:[2m462:31[22m[39m
    [90m460| [39m            [35mawait[39m 
userEvent[33m.[39m[34mtype[39m(input[33m,[39m 
[32m'Test message'[39m)[33m;[39m
    [90m461| [39m            [35mawait[39m 
[34mwaitFor[39m(() [33m=>[39m {
    [90m462| [39m                [34mexpect[39m(in
put)[33m.[39m[34mtoHaveValue[39m([32m'Test 
message'[39m)[33m;[39m
    [90m   | [39m                              
[31m^[39m
    [90m463| [39m            })[33m;[39m
    [90m464| [39m
[90m [2mโฏ[22m 
runWithExpensiveErrorDiagnosticsDisabled node_modules/
@testing-library/react/node_modules/@testing-library/d
om/dist/config.js:[2m47:12[22m[39m
[90m [2mโฏ[22m checkCallback node_modules/@testing
-library/react/node_modules/@testing-library/dom/dist/
wait-for.js:[2m124:77[22m[39m
[90m [2mโฏ[22m 
MutationObserver.checkRealTimersCallback node_modules/
@testing-library/react/node_modules/@testing-library/d
om/dist/wait-for.js:[2m118:16[22m[39m
[90m [2mโฏ[22m 
MutationObserver.invokeTheCallbackFunction node_module
s/jsdom/lib/jsdom/living/generated/MutationCallback.js
:[2m19:26[22m[39m
[90m [2mโฏ[22m notifyMutationObservers node_module
s/jsdom/lib/jsdom/living/helpers/mutation-observers.js
:[2m160:22[22m[39m
[90m [2mโฏ[22m node_modules/jsdom/lib/jsdom/living
/helpers/mutation-observers.js:[2m133:5[22m[39m

[31m[2mโฏโฏโฏโฏโฏโฏโฏโฏโฏโฏโฏโฏโฏโฏโฏ
โฏโฏโฏโฏโฏโฏโฏ[19/25]โฏ[22m[39m

[31m[1m[7m FAIL [27m[22m[39m src/__tests__/unit/
components/App.paranoid.test.jsx[2m > [22mApp 
Component - PARANOID MODE[2m > [22mUI Interactions 
- PARANOID[2m > [22mshould handle rapid clicking 
(debounce)
[31m[1mAssertionError[22m[39m: expected +0 to be 
1 // Object.is equality

Ignored nodes: comments, script, style
[36m<html[39m
  [33mclass[39m=[32m"lenis"[39m
[36m>[39m
  [36m<head />[39m
  [36m<body>[39m
    [36m<div>[39m
      [36m<div[39m
        [33mclass[39m=[32m"min-h-screen 
bg-[#0f172a] text-slate-200 font-sans 
selection:bg-orange-500 selection:text-white 
overflow-x-hidden relative"[39m
      [36m>[39m
        [36m<nav[39m
          [33mclass[39m=[32m"fixed w-full z-50 
glass-panel border-b-0 border-b-white/5 
backdrop-blur-xl bg-slate-900/80"[39m
        [36m>[39m
          [36m<div[39m
            [33mclass[39m=[32m"max-w-7xl mx-auto 
px-6 h-16 flex items-center justify-between"[39m
          [36m>[39m
            [36m<div[39m
              [33mclass[39m=[32m"flex items-center 
gap-2 font-bold text-xl tracking-tight 
cursor-pointer"[39m
            [36m>[39m
              [36m<div[39m
                [33mclass[39m=[32m"w-8 h-8 
bg-gradient-to-br from-orange-400 to-red-500 
rounded-lg flex items-center justify-center shadow-lg 
shadow-orange-500/20"[39m
              [36m>[39m
                [36m<svg[39m
                  [33mclass[39m=[32m"lucide 
lucide-bot w-5 h-5 text-white"[39m
                  [33mfill[39m=[32m"none"[39m
                  [33mheight[39m=[32m"24"[39m
                  
[33mstroke[39m=[32m"currentColor"[39m
                  
[33mstroke-linecap[39m=[32m"round"[39m
                  
[33mstroke-linejoin[39m=[32m"round"[39m
                  [33mstroke-width[39m=[32m"2"[39m
                  [33mviewBox[39m=[32m"0 0 24 
24"[39m
                  [33mwidth[39m=[32m"24"[39m
                  
[33mxmlns[39m=[32m"http://www.w3.org/2000/svg"[39m
                [36m>[39m
                  [36m<path[39m
                    [33md[39m=[32m"M12 8V4H8"[39m
                  [36m/>[39m
                  [36m<rect[39m
                    [33mheight[39m=[32m"12"[39m
                    [33mrx[39m=[32m"2"[39m
                    [33mwidth[39m=[32m"16"[39m
                    [33mx[39m=[32m"4"[39m
                    [33my[39m=[32m"8"[39m
                  [36m/>[39m
                  [36m<path[39m
                    [33md[39m=[32m"M2 14h2"[39m
                  [36m/>[39m
                  [36m<path[39m
                    [33md[39m=[32m"M20 14h2"[39m
                  [36m/>[39m
                  [36m<path[39m
                    [33md[39m=[32m"M15 13v2"[39m
                  [36m/>[39m
                  [36m<path[39m
                    [33md[39m=[32m"M9 13v2"[39m
                  [36m/>[39m
                [36m</svg>[39m
              [36m</div>[39m
              [36m<span[39m
                [33mclass[39m=[32m"text-white"[39m
              [36m>[39m
                [0mMango[0m
                [36m<span[39m
                  
[33mclass[39m=[32m"text-orange-400"[39m
                [36m>[39m
                  [0mHelpdesk[0m
                [36m</span>[39m
              [36m</span>[39m
            [36m</div>[39m
            [36m<div[39m
              [33mclass[39m=[32m"hidden md:flex 
gap-6 text-sm font-medium text-slate-400"[39m
            [36m>[39m
              [36m<button[39m
                
[33mclass[39m=[32m"hover:text-orange-400 
transition-colors "[39m
              [36m>[39m
                [0mProblem[0m
              [36m</button>[39m
              [36m<button[39m
                
[33mclass[39m=[32m"hover:text-orange-400 
transition-colors "[39m
              [36m>[39m
                [0mSolution[0m
              [36m</button>[39m
              [36m<button[39m
                
[33mclass[39m=[32m"hover:text-orange-400 
transition-colors "[39m
              [36m>[39m
                [0mDemo[0m
              [36m</button>[39m
              [36m<button[39m
                
[33mclass[39m=[32m"hover:text-orange-400 
transition-colors "[39m
              [36m>[39m
                [0mImpact[0m
              [36m</button>[39m
            [36m</div>[39m
            [36m<div[39m
              [33mclass[39m=[32m"text-xs font-mono 
text-slate-500 border border-slate-700 px-3 py-1 
rounded-full flex items-center gap-2"[39m
            [36m>[39m
              [36m<span[39m
                [33mclass[39m=[32m"w-2 h-2 
rounded-full bg-green-500 animate-pulse"[39m
              [36m/>[39m
              [0mSystem Online v1.0.0[0m
            [36m</div>[39m
          [36m</div>[39m
        [36m</nav>[39m
        [36m<section[39m
          [33mclass[39m=[32m"relative z-10 pt-32 
pb-20 px-6 flex flex-col items-center justify-center 
text-center min-h-[90vh] bg-grid-pattern 
overflow-hidden"[39m
          [33mid[39m=[32m"hero"[39m
        [36m>[39m
          [36m<div[39m
            [33mclass[39m=[32m"absolute inset-0 
bg-gradient-to-b from-transparent via-[#0f172a]/50 
to-[#0f172a] pointer-events-none"[39m
          [36m/>[39m
          [36m<div[39m
            [33mclass[39m=[32m"absolute inset-0 
opacity-20 pointer-events-none"[39m
          [36m>[39m
            [36m<svg[39m
              [33mclass[39m=[32m"lucide 
lucide-database absolute top-[20%] left-[10%] w-16 
h-16 text-purple-500 animate-float delay-100"[39m
              [33mfill[39m=[32m"none"[39m
              [33mheight[39m=[32m"24"[39m
              
[33mstroke[39m=[32m"currentColor"[39m
              
[33mstroke-linecap[39m=[32m"round"[39m
              
[33mstroke-linejoin[39m=[32m"round"[39m
              [33mstroke-width[39m=[32m"2"[39m
              [33mviewBox[39m=[32m"0 0 24 24"[39m
              [33mwidth[39m=[32m"24"[39m
              
[33mxmlns[39m=[32m"http://www.w3.org/2000/svg"[39m
            [36m>[39m
              [36m<ellipse[39m
                [33mcx[39m=[32m"12"[39m
                [33mcy[39m=[32m"5"[39m
                [33mrx[39m=[32m"9"[39m
                [33mry[39m=[32m"3"[39m
              [36m/>[39m
              [36m<path[39m
                [33md[39m=[32m"M3 5V19A9 3 0 0 0 
21 19V5"[39m
              [36m/>[39m
              [36m<path[39m
                [33md[39m=[32m"M3 12A9 3 0 0 0 21 
12"[39m
              [36m/>[39m
            [36m</svg>[39m
            [36m<svg[39m
              [33mclass[39m=[32m"lucide lucide-zap 
absolute top-[15%] right-[15%] w-12 h-12 
text-orange-500 animate-float delay-300"[39m
              [33mfill[39m=[32m"none"[39m
              [33mheight[39m=[32m"24"[39m
              
[33mstroke[39m=[32m"currentColor"[39m
              
[33mstroke-linecap[39m=[32m"round"[39m
              
[33mstroke-linejoin[39m=[32m"round"[39m
              [33mstroke-width[39m=[32m"2"[39m
              [33mviewBox[39m=[32m"0 0 24 24"[39m
              [33mwidth[39m=[32m"24"[39m
              
[33mxmlns[39m=[32m"http://www.w3.org/2000/svg"[39m
            [36m>[39m
              [36m<polygon[39m
   ...

[32m- Expected[39m
[31m+ Received[39m

[32m- 1[39m
[31m+ 0[39m

[36m [2mโฏ[22m src/__tests__/unit/components/App.p
aranoid.test.jsx:[2m495:38[22m[39m
    [90m493| [39m            [35mawait[39m 
[34mwaitFor[39m(() [33m=>[39m {
    [90m494| [39m                [90m// Should 
only send once (button disabled after first [39mโ€ฆ
    [90m495| [39m                [34mexpect[39m(re
questCount)[33m.[39m[34mtoBe[39m([34m1[39m)[33m
;[39m
    [90m   | [39m                                   
  [31m^[39m
    [90m496| [39m            })[33m;[39m
    [90m497| [39m        })[33m;[39m
[90m [2mโฏ[22m 
runWithExpensiveErrorDiagnosticsDisabled node_modules/
@testing-library/react/node_modules/@testing-library/d
om/dist/config.js:[2m47:12[22m[39m
[90m [2mโฏ[22m checkCallback node_modules/@testing
-library/react/node_modules/@testing-library/dom/dist/
wait-for.js:[2m124:77[22m[39m
[90m [2mโฏ[22m 
MutationObserver.checkRealTimersCallback node_modules/
@testing-library/react/node_modules/@testing-library/d
om/dist/wait-for.js:[2m118:16[22m[39m
[90m [2mโฏ[22m 
MutationObserver.invokeTheCallbackFunction node_module
s/jsdom/lib/jsdom/living/generated/MutationCallback.js
:[2m19:26[22m[39m
[90m [2mโฏ[22m notifyMutationObservers node_module
s/jsdom/lib/jsdom/living/helpers/mutation-observers.js
:[2m160:22[22m[39m
[90m [2mโฏ[22m node_modules/jsdom/lib/jsdom/living
/helpers/mutation-observers.js:[2m133:5[22m[39m

[31m[2mโฏโฏโฏโฏโฏโฏโฏโฏโฏโฏโฏโฏโฏโฏโฏ
โฏโฏโฏโฏโฏโฏโฏ[20/25]โฏ[22m[39m

[31m[1m[7m FAIL [27m[22m[39m src/__tests__/unit/
components/App.paranoid.test.jsx[2m > [22mApp 
Component - PARANOID MODE[2m > [22mUI Interactions 
- PARANOID[2m > [22mshould auto-scroll to bottom 
when new messages arrive
[31m[1mAssertionError[22m[39m: expected "spy" to 
be called at least once

Ignored nodes: comments, script, style
[36m<html[39m
  [33mclass[39m=[32m"lenis"[39m
[36m>[39m
  [36m<head />[39m
  [36m<body>[39m
    [36m<div>[39m
      [36m<div[39m
        [33mclass[39m=[32m"min-h-screen 
bg-[#0f172a] text-slate-200 font-sans 
selection:bg-orange-500 selection:text-white 
overflow-x-hidden relative"[39m
      [36m>[39m
        [36m<nav[39m
          [33mclass[39m=[32m"fixed w-full z-50 
glass-panel border-b-0 border-b-white/5 
backdrop-blur-xl bg-slate-900/80"[39m
        [36m>[39m
          [36m<div[39m
            [33mclass[39m=[32m"max-w-7xl mx-auto 
px-6 h-16 flex items-center justify-between"[39m
          [36m>[39m
            [36m<div[39m
              [33mclass[39m=[32m"flex items-center 
gap-2 font-bold text-xl tracking-tight 
cursor-pointer"[39m
            [36m>[39m
              [36m<div[39m
                [33mclass[39m=[32m"w-8 h-8 
bg-gradient-to-br from-orange-400 to-red-500 
rounded-lg flex items-center justify-center shadow-lg 
shadow-orange-500/20"[39m
              [36m>[39m
                [36m<svg[39m
                  [33mclass[39m=[32m"lucide 
lucide-bot w-5 h-5 text-white"[39m
                  [33mfill[39m=[32m"none"[39m
                  [33mheight[39m=[32m"24"[39m
                  
[33mstroke[39m=[32m"currentColor"[39m
                  
[33mstroke-linecap[39m=[32m"round"[39m
                  
[33mstroke-linejoin[39m=[32m"round"[39m
                  [33mstroke-width[39m=[32m"2"[39m
                  [33mviewBox[39m=[32m"0 0 24 
24"[39m
                  [33mwidth[39m=[32m"24"[39m
                  
[33mxmlns[39m=[32m"http://www.w3.org/2000/svg"[39m
                [36m>[39m
                  [36m<path[39m
                    [33md[39m=[32m"M12 8V4H8"[39m
                  [36m/>[39m
                  [36m<rect[39m
                    [33mheight[39m=[32m"12"[39m
                    [33mrx[39m=[32m"2"[39m
                    [33mwidth[39m=[32m"16"[39m
                    [33mx[39m=[32m"4"[39m
                    [33my[39m=[32m"8"[39m
                  [36m/>[39m
                  [36m<path[39m
                    [33md[39m=[32m"M2 14h2"[39m
                  [36m/>[39m
                  [36m<path[39m
                    [33md[39m=[32m"M20 14h2"[39m
                  [36m/>[39m
                  [36m<path[39m
                    [33md[39m=[32m"M15 13v2"[39m
                  [36m/>[39m
                  [36m<path[39m
                    [33md[39m=[32m"M9 13v2"[39m
                  [36m/>[39m
                [36m</svg>[39m
              [36m</div>[39m
              [36m<span[39m
                [33mclass[39m=[32m"text-white"[39m
              [36m>[39m
                [0mMango[0m
                [36m<span[39m
                  
[33mclass[39m=[32m"text-orange-400"[39m
                [36m>[39m
                  [0mHelpdesk[0m
                [36m</span>[39m
              [36m</span>[39m
            [36m</div>[39m
            [36m<div[39m
              [33mclass[39m=[32m"hidden md:flex 
gap-6 text-sm font-medium text-slate-400"[39m
            [36m>[39m
              [36m<button[39m
                
[33mclass[39m=[32m"hover:text-orange-400 
transition-colors "[39m
              [36m>[39m
                [0mProblem[0m
              [36m</button>[39m
              [36m<button[39m
                
[33mclass[39m=[32m"hover:text-orange-400 
transition-colors "[39m
              [36m>[39m
                [0mSolution[0m
              [36m</button>[39m
              [36m<button[39m
                
[33mclass[39m=[32m"hover:text-orange-400 
transition-colors "[39m
              [36m>[39m
                [0mDemo[0m
              [36m</button>[39m
              [36m<button[39m
                
[33mclass[39m=[32m"hover:text-orange-400 
transition-colors "[39m
              [36m>[39m
                [0mImpact[0m
              [36m</button>[39m
            [36m</div>[39m
            [36m<div[39m
              [33mclass[39m=[32m"text-xs font-mono 
text-slate-500 border border-slate-700 px-3 py-1 
rounded-full flex items-center gap-2"[39m
            [36m>[39m
              [36m<span[39m
                [33mclass[39m=[32m"w-2 h-2 
rounded-full bg-green-500 animate-pulse"[39m
              [36m/>[39m
              [0mSystem Online v1.0.0[0m
            [36m</div>[39m
          [36m</div>[39m
        [36m</nav>[39m
        [36m<section[39m
          [33mclass[39m=[32m"relative z-10 pt-32 
pb-20 px-6 flex flex-col items-center justify-center 
text-center min-h-[90vh] bg-grid-pattern 
overflow-hidden"[39m
          [33mid[39m=[32m"hero"[39m
        [36m>[39m
          [36m<div[39m
            [33mclass[39m=[32m"absolute inset-0 
bg-gradient-to-b from-transparent via-[#0f172a]/50 
to-[#0f172a] pointer-events-none"[39m
          [36m/>[39m
          [36m<div[39m
            [33mclass[39m=[32m"absolute inset-0 
opacity-20 pointer-events-none"[39m
          [36m>[39m
            [36m<svg[39m
              [33mclass[39m=[32m"lucide 
lucide-database absolute top-[20%] left-[10%] w-16 
h-16 text-purple-500 animate-float delay-100"[39m
              [33mfill[39m=[32m"none"[39m
              [33mheight[39m=[32m"24"[39m
              
[33mstroke[39m=[32m"currentColor"[39m
              
[33mstroke-linecap[39m=[32m"round"[39m
              
[33mstroke-linejoin[39m=[32m"round"[39m
              [33mstroke-width[39m=[32m"2"[39m
              [33mviewBox[39m=[32m"0 0 24 24"[39m
              [33mwidth[39m=[32m"24"[39m
              
[33mxmlns[39m=[32m"http://www.w3.org/2000/svg"[39m
            [36m>[39m
              [36m<ellipse[39m
                [33mcx[39m=[32m"12"[39m
                [33mcy[39m=[32m"5"[39m
                [33mrx[39m=[32m"9"[39m
                [33mry[39m=[32m"3"[39m
              [36m/>[39m
              [36m<path[39m
                [33md[39m=[32m"M3 5V19A9 3 0 0 0 
21 19V5"[39m
              [36m/>[39m
              [36m<path[39m
                [33md[39m=[32m"M3 12A9 3 0 0 0 21 
12"[39m
              [36m/>[39m
            [36m</svg>[39m
            [36m<svg[39m
              [33mclass[39m=[32m"lucide lucide-zap 
absolute top-[15%] right-[15%] w-12 h-12 
text-orange-500 animate-float delay-300"[39m
              [33mfill[39m=[32m"none"[39m
              [33mheight[39m=[32m"24"[39m
              
[33mstroke[39m=[32m"currentColor"[39m
              
[33mstroke-linecap[39m=[32m"round"[39m
              
[33mstroke-linejoin[39m=[32m"round"[39m
              [33mstroke-width[39m=[32m"2"[39m
              [33mviewBox[39m=[32m"0 0 24 24"[39m
              [33mwidth[39m=[32m"24"[39m
              
[33mxmlns[39m=[32m"http://www.w3.org/2000/svg"[39m
            [36m>[39m
              [36m<polygon[39m
   ...
[36m [2mโฏ[22m src/__tests__/unit/components/App.p
aranoid.test.jsx:[2m511:44[22m[39m
    [90m509| [39m            [35mawait[39m 
[34mwaitFor[39m(() [33m=>[39m {
    [90m510| [39m                [90m// 
scrollIntoView should be called for 
messagesEndRef[39m
    [90m511| [39m                [34mexpect[39m(sc
rollIntoViewMock)[33m.[39m[34mtoHaveBeenCalled[39m
()[33m;[39m
    [90m   | [39m                                   
        [31m^[39m
    [90m512| [39m            })[33m;[39m
    [90m513| [39m        })[33m;[39m
[90m [2mโฏ[22m 
runWithExpensiveErrorDiagnosticsDisabled node_modules/
@testing-library/react/node_modules/@testing-library/d
om/dist/config.js:[2m47:12[22m[39m
[90m [2mโฏ[22m checkCallback node_modules/@testing
-library/react/node_modules/@testing-library/dom/dist/
wait-for.js:[2m124:77[22m[39m
[90m [2mโฏ[22m Timeout.checkRealTimersCallback nod
e_modules/@testing-library/react/node_modules/@testing
-library/dom/dist/wait-for.js:[2m118:16[22m[39m

[31m[2mโฏโฏโฏโฏโฏโฏโฏโฏโฏโฏโฏโฏโฏโฏโฏ
โฏโฏโฏโฏโฏโฏโฏ[21/25]โฏ[22m[39m

[31m[1m[7m FAIL [27m[22m[39m src/__tests__/unit/
components/App.paranoid.test.jsx[2m > [22mApp 
Component - PARANOID MODE[2m > [22mUI Interactions 
- PARANOID[2m > [22mshould handle suggestion chip 
clicks (async)
[31m[1mTestingLibraryElementError[22m[39m: Unable 
to find an element with the text: /How do I reset 
password\?/i. This could be because the text is 
broken up by multiple elements. In this case, you can 
provide a function for your text matcher to make your 
matcher more flexible.

Ignored nodes: comments, script, style
[36m<body>[39m
  [36m<div>[39m
    [36m<div[39m
      [33mclass[39m=[32m"min-h-screen bg-[#0f172a] 
text-slate-200 font-sans selection:bg-orange-500 
selection:text-white overflow-x-hidden relative"[39m
    [36m>[39m
      [36m<nav[39m
        [33mclass[39m=[32m"fixed w-full z-50 
glass-panel border-b-0 border-b-white/5 
backdrop-blur-xl bg-slate-900/80"[39m
      [36m>[39m
        [36m<div[39m
          [33mclass[39m=[32m"max-w-7xl mx-auto 
px-6 h-16 flex items-center justify-between"[39m
        [36m>[39m
          [36m<div[39m
            [33mclass[39m=[32m"flex items-center 
gap-2 font-bold text-xl tracking-tight 
cursor-pointer"[39m
          [36m>[39m
            [36m<div[39m
              [33mclass[39m=[32m"w-8 h-8 
bg-gradient-to-br from-orange-400 to-red-500 
rounded-lg flex items-center justify-center shadow-lg 
shadow-orange-500/20"[39m
            [36m>[39m
              [36m<svg[39m
                [33mclass[39m=[32m"lucide 
lucide-bot w-5 h-5 text-white"[39m
                [33mfill[39m=[32m"none"[39m
                [33mheight[39m=[32m"24"[39m
                
[33mstroke[39m=[32m"currentColor"[39m
                
[33mstroke-linecap[39m=[32m"round"[39m
                
[33mstroke-linejoin[39m=[32m"round"[39m
                [33mstroke-width[39m=[32m"2"[39m
                [33mviewBox[39m=[32m"0 0 24 
24"[39m
                [33mwidth[39m=[32m"24"[39m
                
[33mxmlns[39m=[32m"http://www.w3.org/2000/svg"[39m
              [36m>[39m
                [36m<path[39m
                  [33md[39m=[32m"M12 8V4H8"[39m
                [36m/>[39m
                [36m<rect[39m
                  [33mheight[39m=[32m"12"[39m
                  [33mrx[39m=[32m"2"[39m
                  [33mwidth[39m=[32m"16"[39m
                  [33mx[39m=[32m"4"[39m
                  [33my[39m=[32m"8"[39m
                [36m/>[39m
                [36m<path[39m
                  [33md[39m=[32m"M2 14h2"[39m
                [36m/>[39m
                [36m<path[39m
                  [33md[39m=[32m"M20 14h2"[39m
                [36m/>[39m
                [36m<path[39m
                  [33md[39m=[32m"M15 13v2"[39m
                [36m/>[39m
                [36m<path[39m
                  [33md[39m=[32m"M9 13v2"[39m
                [36m/>[39m
              [36m</svg>[39m
            [36m</div>[39m
            [36m<span[39m
              [33mclass[39m=[32m"text-white"[39m
            [36m>[39m
              [0mMango[0m
              [36m<span[39m
                
[33mclass[39m=[32m"text-orange-400"[39m
              [36m>[39m
                [0mHelpdesk[0m
              [36m</span>[39m
            [36m</span>[39m
          [36m</div>[39m
          [36m<div[39m
            [33mclass[39m=[32m"hidden md:flex 
gap-6 text-sm font-medium text-slate-400"[39m
          [36m>[39m
            [36m<button[39m
              
[33mclass[39m=[32m"hover:text-orange-400 
transition-colors "[39m
            [36m>[39m
              [0mProblem[0m
            [36m</button>[39m
            [36m<button[39m
              
[33mclass[39m=[32m"hover:text-orange-400 
transition-colors "[39m
            [36m>[39m
              [0mSolution[0m
            [36m</button>[39m
            [36m<button[39m
              
[33mclass[39m=[32m"hover:text-orange-400 
transition-colors "[39m
            [36m>[39m
              [0mDemo[0m
            [36m</button>[39m
            [36m<button[39m
              
[33mclass[39m=[32m"hover:text-orange-400 
transition-colors "[39m
            [36m>[39m
              [0mImpact[0m
            [36m</button>[39m
          [36m</div>[39m
          [36m<div[39m
            [33mclass[39m=[32m"text-xs font-mono 
text-slate-500 border border-slate-700 px-3 py-1 
rounded-full flex items-center gap-2"[39m
          [36m>[39m
            [36m<span[39m
              [33mclass[39m=[32m"w-2 h-2 
rounded-full bg-green-500 animate-pulse"[39m
            [36m/>[39m
            [0mSystem Online v1.0.0[0m
          [36m</div>[39m
        [36m</div>[39m
      [36m</nav>[39m
      [36m<section[39m
        [33mclass[39m=[32m"relative z-10 pt-32 
pb-20 px-6 flex flex-col items-center justify-center 
text-center min-h-[90vh] bg-grid-pattern 
overflow-hidden"[39m
        [33mid[39m=[32m"hero"[39m
      [36m>[39m
        [36m<div[39m
          [33mclass[39m=[32m"absolute inset-0 
bg-gradient-to-b from-transparent via-[#0f172a]/50 
to-[#0f172a] pointer-events-none"[39m
        [36m/>[39m
        [36m<div[39m
          [33mclass[39m=[32m"absolute inset-0 
opacity-20 pointer-events-none"[39m
        [36m>[39m
          [36m<svg[39m
            [33mclass[39m=[32m"lucide 
lucide-database absolute top-[20%] left-[10%] w-16 
h-16 text-purple-500 animate-float delay-100"[39m
            [33mfill[39m=[32m"none"[39m
            [33mheight[39m=[32m"24"[39m
            [33mstroke[39m=[32m"currentColor"[39m
            [33mstroke-linecap[39m=[32m"round"[39m
            
[33mstroke-linejoin[39m=[32m"round"[39m
            [33mstroke-width[39m=[32m"2"[39m
            [33mviewBox[39m=[32m"0 0 24 24"[39m
            [33mwidth[39m=[32m"24"[39m
            
[33mxmlns[39m=[32m"http://www.w3.org/2000/svg"[39m
          [36m>[39m
            [36m<ellipse[39m
              [33mcx[39m=[32m"12"[39m
              [33mcy[39m=[32m"5"[39m
              [33mrx[39m=[32m"9"[39m
              [33mry[39m=[32m"3"[39m
            [36m/>[39m
            [36m<path[39m
              [33md[39m=[32m"M3 5V19A9 3 0 0 0 21 
19V5"[39m
            [36m/>[39m
            [36m<path[39m
              [33md[39m=[32m"M3 12A9 3 0 0 0 21 
12"[39m
            [36m/>[39m
          [36m</svg>[39m
          [36m<svg[39m
            [33mclass[39m=[32m"lucide lucide-zap 
absolute top-[15%] right-[15%] w-12 h-12 
text-orange-500 animate-float delay-300"[39m
            [33mfill[39m=[32m"none"[39m
            [33mheight[39m=[32m"24"[39m
            [33mstroke[39m=[32m"currentColor"[39m
            [33mstroke-linecap[39m=[32m"round"[39m
            
[33mstroke-linejoin[39m=[32m"round"[39m
            [33mstroke-width[39m=[32m"2"[39m
            [33mviewBox[39m=[32m"0 0 24 24"[39m
            [33mwidth[39m=[32m"24"[39m
            
[33mxmlns[39m=[32m"http://www.w3.org/2000/svg"[39m
          [36m>[39m
            [36m<polygon[39m
              [33mpoints[39m=[32m"13 2 3 14 12 14 
11 22 21 10 12 10 13 2"[39m
            [36m/>[39m
          [36m</svg>[39m
          [36m<svg[39m
            [33mclass[39m=[32m"lucide 
lucide-shield-alert absolute bottom-[30%] left-[20%] 
w-10 h-10 text-green-500 animate-float delay-500"[39m
            [33mfill[39m=[32m"none"[39m
            [33mheight[39m...

Ignored nodes: comments, script, style
[36m<html[39m
  [33mclass[39m=[32m"lenis"[39m
[36m>[39m
  [36m<head />[39m
  [36m<body>[39m
    [36m<div>[39m
      [36m<div[39m
        [33mclass[39m=[32m"min-h-screen 
bg-[#0f172a] text-slate-200 font-sans 
selection:bg-orange-500 selection:text-white 
overflow-x-hidden relative"[39m
      [36m>[39m
        [36m<nav[39m
          [33mclass[39m=[32m"fixed w-full z-50 
glass-panel border-b-0 border-b-white/5 
backdrop-blur-xl bg-slate-900/80"[39m
        [36m>[39m
          [36m<div[39m
            [33mclass[39m=[32m"max-w-7xl mx-auto 
px-6 h-16 flex items-center justify-between"[39m
          [36m>[39m
            [36m<div[39m
              [33mclass[39m=[32m"flex items-center 
gap-2 font-bold text-xl tracking-tight 
cursor-pointer"[39m
            [36m>[39m
              [36m<div[39m
                [33mclass[39m=[32m"w-8 h-8 
bg-gradient-to-br from-orange-400 to-red-500 
rounded-lg flex items-center justify-center shadow-lg 
shadow-orange-500/20"[39m
              [36m>[39m
                [36m<svg[39m
                  [33mclass[39m=[32m"lucide 
lucide-bot w-5 h-5 text-white"[39m
                  [33mfill[39m=[32m"none"[39m
                  [33mheight[39m=[32m"24"[39m
                  
[33mstroke[39m=[32m"currentColor"[39m
                  
[33mstroke-linecap[39m=[32m"round"[39m
                  
[33mstroke-linejoin[39m=[32m"round"[39m
                  [33mstroke-width[39m=[32m"2"[39m
                  [33mviewBox[39m=[32m"0 0 24 
24"[39m
                  [33mwidth[39m=[32m"24"[39m
                  
[33mxmlns[39m=[32m"http://www.w3.org/2000/svg"[39m
                [36m>[39m
                  [36m<path[39m
                    [33md[39m=[32m"M12 8V4H8"[39m
                  [36m/>[39m
                  [36m<rect[39m
                    [33mheight[39m=[32m"12"[39m
                    [33mrx[39m=[32m"2"[39m
                    [33mwidth[39m=[32m"16"[39m
                    [33mx[39m=[32m"4"[39m
                    [33my[39m=[32m"8"[39m
                  [36m/>[39m
                  [36m<path[39m
                    [33md[39m=[32m"M2 14h2"[39m
                  [36m/>[39m
                  [36m<path[39m
                    [33md[39m=[32m"M20 14h2"[39m
                  [36m/>[39m
                  [36m<path[39m
                    [33md[39m=[32m"M15 13v2"[39m
                  [36m/>[39m
                  [36m<path[39m
                    [33md[39m=[32m"M9 13v2"[39m
                  [36m/>[39m
                [36m</svg>[39m
              [36m</div>[39m
              [36m<span[39m
                [33mclass[39m=[32m"text-white"[39m
              [36m>[39m
                [0mMango[0m
                [36m<span[39m
                  
[33mclass[39m=[32m"text-orange-400"[39m
                [36m>[39m
                  [0mHelpdesk[0m
                [36m</span>[39m
              [36m</span>[39m
            [36m</div>[39m
            [36m<div[39m
              [33mclass[39m=[32m"hidden md:flex 
gap-6 text-sm font-medium text-slate-400"[39m
            [36m>[39m
              [36m<button[39m
                
[33mclass[39m=[32m"hover:text-orange-400 
transition-colors "[39m
              [36m>[39m
                [0mProblem[0m
              [36m</button>[39m
              [36m<button[39m
                
[33mclass[39m=[32m"hover:text-orange-400 
transition-colors "[39m
              [36m>[39m
                [0mSolution[0m
              [36m</button>[39m
              [36m<button[39m
                
[33mclass[39m=[32m"hover:text-orange-400 
transition-colors "[39m
              [36m>[39m
                [0mDemo[0m
              [36m</button>[39m
              [36m<button[39m
                
[33mclass[39m=[32m"hover:text-orange-400 
transition-colors "[39m
              [36m>[39m
                [0mImpact[0m
              [36m</button>[39m
            [36m</div>[39m
            [36m<div[39m
              [33mclass[39m=[32m"text-xs font-mono 
text-slate-500 border border-slate-700 px-3 py-1 
rounded-full flex items-center gap-2"[39m
            [36m>[39m
              [36m<span[39m
                [33mclass[39m=[32m"w-2 h-2 
rounded-full bg-green-500 animate-pulse"[39m
              [36m/>[39m
              [0mSystem Online v1.0.0[0m
            [36m</div>[39m
          [36m</div>[39m
        [36m</nav>[39m
        [36m<section[39m
          [33mclass[39m=[32m"relative z-10 pt-32 
pb-20 px-6 flex flex-col items-center justify-center 
text-center min-h-[90vh] bg-grid-pattern 
overflow-hidden"[39m
          [33mid[39m=[32m"hero"[39m
        [36m>[39m
          [36m<div[39m
            [33mclass[39m=[32m"absolute inset-0 
bg-gradient-to-b from-transparent via-[#0f172a]/50 
to-[#0f172a] pointer-events-none"[39m
          [36m/>[39m
          [36m<div[39m
            [33mclass[39m=[32m"absolute inset-0 
opacity-20 pointer-events-none"[39m
          [36m>[39m
            [36m<svg[39m
              [33mclass[39m=[32m"lucide 
lucide-database absolute top-[20%] left-[10%] w-16 
h-16 text-purple-500 animate-float delay-100"[39m
              [33mfill[39m=[32m"none"[39m
              [33mheight[39m=[32m"24"[39m
              
[33mstroke[39m=[32m"currentColor"[39m
              
[33mstroke-linecap[39m=[32m"round"[39m
              
[33mstroke-linejoin[39m=[32m"round"[39m
              [33mstroke-width[39m=[32m"2"[39m
              [33mviewBox[39m=[32m"0 0 24 24"[39m
              [33mwidth[39m=[32m"24"[39m
              
[33mxmlns[39m=[32m"http://www.w3.org/2000/svg"[39m
            [36m>[39m
              [36m<ellipse[39m
                [33mcx[39m=[32m"12"[39m
                [33mcy[39m=[32m"5"[39m
                [33mrx[39m=[32m"9"[39m
                [33mry[39m=[32m"3"[39m
              [36m/>[39m
              [36m<path[39m
                [33md[39m=[32m"M3 5V19A9 3 0 0 0 
21 19V5"[39m
              [36m/>[39m
              [36m<path[39m
                [33md[39m=[32m"M3 12A9 3 0 0 0 21 
12"[39m
              [36m/>[39m
            [36m</svg>[39m
            [36m<svg[39m
              [33mclass[39m=[32m"lucide lucide-zap 
absolute top-[15%] right-[15%] w-12 h-12 
text-orange-500 animate-float delay-300"[39m
              [33mfill[39m=[32m"none"[39m
              [33mheight[39m=[32m"24"[39m
              
[33mstroke[39m=[32m"currentColor"[39m
              
[33mstroke-linecap[39m=[32m"round"[39m
              
[33mstroke-linejoin[39m=[32m"round"[39m
              [33mstroke-width[39m=[32m"2"[39m
              [33mviewBox[39m=[32m"0 0 24 24"[39m
              [33mwidth[39m=[32m"24"[39m
              
[33mxmlns[39m=[32m"http://www.w3.org/2000/svg"[39m
            [36m>[39m
              [36m<polygon[39m
   ...
[90m [2mโฏ[22m Proxy.waitForWrapper node_modules/@
testing-library/react/node_modules/@testing-library/do
m/dist/wait-for.js:[2m163:27[22m[39m
[36m [2mโฏ[22m src/__tests__/unit/components/App.p
aranoid.test.jsx:[2m543:19[22m[39m
    [90m541| [39m
    [90m542| [39m            [90m// Wait for 
suggestions to appear[39m
    [90m543| [39m            [35mawait[39m 
[34mwaitFor[39m(() [33m=>[39m {
    [90m   | [39m                  [31m^[39m
    [90m544| [39m                [34mexpect[39m(sc
reen[33m.[39m[34mgetByText[39m([36m/How do I 
reset password\?/i[39m))โ€ฆ
    [90m545| [39m            }[33m,[39m { 
timeout[33m:[39m [34m3000[39m })[33m;[39m

[31m[2mโฏโฏโฏโฏโฏโฏโฏโฏโฏโฏโฏโฏโฏโฏโฏ
โฏโฏโฏโฏโฏโฏโฏ[22/25]โฏ[22m[39m

[31m[1m[7m FAIL [27m[22m[39m src/__tests__/unit/
components/App.paranoid.test.jsx[2m > [22mApp 
Component - PARANOID MODE[2m > [22mSecurity - 
PARANOID[2m > [22mshould sanitize XSS attempts in 
user input
[31m[1mTestingLibraryElementError[22m[39m: Unable 
to find an element with the text: /img src/i. This 
could be because the text is broken up by multiple 
elements. In this case, you can provide a function 
for your text matcher to make your matcher more 
flexible.

Ignored nodes: comments, script, style
[36m<body>[39m
  [36m<div>[39m
    [36m<div[39m
      [33mclass[39m=[32m"min-h-screen bg-[#0f172a] 
text-slate-200 font-sans selection:bg-orange-500 
selection:text-white overflow-x-hidden relative"[39m
    [36m>[39m
      [36m<nav[39m
        [33mclass[39m=[32m"fixed w-full z-50 
glass-panel border-b-0 border-b-white/5 
backdrop-blur-xl bg-slate-900/80"[39m
      [36m>[39m
        [36m<div[39m
          [33mclass[39m=[32m"max-w-7xl mx-auto 
px-6 h-16 flex items-center justify-between"[39m
        [36m>[39m
          [36m<div[39m
            [33mclass[39m=[32m"flex items-center 
gap-2 font-bold text-xl tracking-tight 
cursor-pointer"[39m
          [36m>[39m
            [36m<div[39m
              [33mclass[39m=[32m"w-8 h-8 
bg-gradient-to-br from-orange-400 to-red-500 
rounded-lg flex items-center justify-center shadow-lg 
shadow-orange-500/20"[39m
            [36m>[39m
              [36m<svg[39m
                [33mclass[39m=[32m"lucide 
lucide-bot w-5 h-5 text-white"[39m
                [33mfill[39m=[32m"none"[39m
                [33mheight[39m=[32m"24"[39m
                
[33mstroke[39m=[32m"currentColor"[39m
                
[33mstroke-linecap[39m=[32m"round"[39m
                
[33mstroke-linejoin[39m=[32m"round"[39m
                [33mstroke-width[39m=[32m"2"[39m
                [33mviewBox[39m=[32m"0 0 24 
24"[39m
                [33mwidth[39m=[32m"24"[39m
                
[33mxmlns[39m=[32m"http://www.w3.org/2000/svg"[39m
              [36m>[39m
                [36m<path[39m
                  [33md[39m=[32m"M12 8V4H8"[39m
                [36m/>[39m
                [36m<rect[39m
                  [33mheight[39m=[32m"12"[39m
                  [33mrx[39m=[32m"2"[39m
                  [33mwidth[39m=[32m"16"[39m
                  [33mx[39m=[32m"4"[39m
                  [33my[39m=[32m"8"[39m
                [36m/>[39m
                [36m<path[39m
                  [33md[39m=[32m"M2 14h2"[39m
                [36m/>[39m
                [36m<path[39m
                  [33md[39m=[32m"M20 14h2"[39m
                [36m/>[39m
                [36m<path[39m
                  [33md[39m=[32m"M15 13v2"[39m
                [36m/>[39m
                [36m<path[39m
                  [33md[39m=[32m"M9 13v2"[39m
                [36m/>[39m
              [36m</svg>[39m
            [36m</div>[39m
            [36m<span[39m
              [33mclass[39m=[32m"text-white"[39m
            [36m>[39m
              [0mMango[0m
              [36m<span[39m
                
[33mclass[39m=[32m"text-orange-400"[39m
              [36m>[39m
                [0mHelpdesk[0m
              [36m</span>[39m
            [36m</span>[39m
          [36m</div>[39m
          [36m<div[39m
            [33mclass[39m=[32m"hidden md:flex 
gap-6 text-sm font-medium text-slate-400"[39m
          [36m>[39m
            [36m<button[39m
              
[33mclass[39m=[32m"hover:text-orange-400 
transition-colors "[39m
            [36m>[39m
              [0mProblem[0m
            [36m</button>[39m
            [36m<button[39m
              
[33mclass[39m=[32m"hover:text-orange-400 
transition-colors "[39m
            [36m>[39m
              [0mSolution[0m
            [36m</button>[39m
            [36m<button[39m
              
[33mclass[39m=[32m"hover:text-orange-400 
transition-colors "[39m
            [36m>[39m
              [0mDemo[0m
            [36m</button>[39m
            [36m<button[39m
              
[33mclass[39m=[32m"hover:text-orange-400 
transition-colors "[39m
            [36m>[39m
              [0mImpact[0m
            [36m</button>[39m
          [36m</div>[39m
          [36m<div[39m
            [33mclass[39m=[32m"text-xs font-mono 
text-slate-500 border border-slate-700 px-3 py-1 
rounded-full flex items-center gap-2"[39m
          [36m>[39m
            [36m<span[39m
              [33mclass[39m=[32m"w-2 h-2 
rounded-full bg-green-500 animate-pulse"[39m
            [36m/>[39m
            [0mSystem Online v1.0.0[0m
          [36m</div>[39m
        [36m</div>[39m
      [36m</nav>[39m
      [36m<section[39m
        [33mclass[39m=[32m"relative z-10 pt-32 
pb-20 px-6 flex flex-col items-center justify-center 
text-center min-h-[90vh] bg-grid-pattern 
overflow-hidden"[39m
        [33mid[39m=[32m"hero"[39m
      [36m>[39m
        [36m<div[39m
          [33mclass[39m=[32m"absolute inset-0 
bg-gradient-to-b from-transparent via-[#0f172a]/50 
to-[#0f172a] pointer-events-none"[39m
        [36m/>[39m
        [36m<div[39m
          [33mclass[39m=[32m"absolute inset-0 
opacity-20 pointer-events-none"[39m
        [36m>[39m
          [36m<svg[39m
            [33mclass[39m=[32m"lucide 
lucide-database absolute top-[20%] left-[10%] w-16 
h-16 text-purple-500 animate-float delay-100"[39m
            [33mfill[39m=[32m"none"[39m
            [33mheight[39m=[32m"24"[39m
            [33mstroke[39m=[32m"currentColor"[39m
            [33mstroke-linecap[39m=[32m"round"[39m
            
[33mstroke-linejoin[39m=[32m"round"[39m
            [33mstroke-width[39m=[32m"2"[39m
            [33mviewBox[39m=[32m"0 0 24 24"[39m
            [33mwidth[39m=[32m"24"[39m
            
[33mxmlns[39m=[32m"http://www.w3.org/2000/svg"[39m
          [36m>[39m
            [36m<ellipse[39m
              [33mcx[39m=[32m"12"[39m
              [33mcy[39m=[32m"5"[39m
              [33mrx[39m=[32m"9"[39m
              [33mry[39m=[32m"3"[39m
            [36m/>[39m
            [36m<path[39m
              [33md[39m=[32m"M3 5V19A9 3 0 0 0 21 
19V5"[39m
            [36m/>[39m
            [36m<path[39m
              [33md[39m=[32m"M3 12A9 3 0 0 0 21 
12"[39m
            [36m/>[39m
          [36m</svg>[39m
          [36m<svg[39m
            [33mclass[39m=[32m"lucide lucide-zap 
absolute top-[15%] right-[15%] w-12 h-12 
text-orange-500 animate-float delay-300"[39m
            [33mfill[39m=[32m"none"[39m
            [33mheight[39m=[32m"24"[39m
            [33mstroke[39m=[32m"currentColor"[39m
            [33mstroke-linecap[39m=[32m"round"[39m
            
[33mstroke-linejoin[39m=[32m"round"[39m
            [33mstroke-width[39m=[32m"2"[39m
            [33mviewBox[39m=[32m"0 0 24 24"[39m
            [33mwidth[39m=[32m"24"[39m
            
[33mxmlns[39m=[32m"http://www.w3.org/2000/svg"[39m
          [36m>[39m
            [36m<polygon[39m
              [33mpoints[39m=[32m"13 2 3 14 12 14 
11 22 21 10 12 10 13 2"[39m
            [36m/>[39m
          [36m</svg>[39m
          [36m<svg[39m
            [33mclass[39m=[32m"lucide 
lucide-shield-alert absolute bottom-[30%] left-[20%] 
w-10 h-10 text-green-500 animate-float delay-500"[39m
            [33mfill[39m=[32m"none"[39m
            [33mheight[39m...

Ignored nodes: comments, script, style
[36m<html[39m
  [33mclass[39m=[32m"lenis"[39m
[36m>[39m
  [36m<head />[39m
  [36m<body>[39m
    [36m<div>[39m
      [36m<div[39m
        [33mclass[39m=[32m"min-h-screen 
bg-[#0f172a] text-slate-200 font-sans 
selection:bg-orange-500 selection:text-white 
overflow-x-hidden relative"[39m
      [36m>[39m
        [36m<nav[39m
          [33mclass[39m=[32m"fixed w-full z-50 
glass-panel border-b-0 border-b-white/5 
backdrop-blur-xl bg-slate-900/80"[39m
        [36m>[39m
          [36m<div[39m
            [33mclass[39m=[32m"max-w-7xl mx-auto 
px-6 h-16 flex items-center justify-between"[39m
          [36m>[39m
            [36m<div[39m
              [33mclass[39m=[32m"flex items-center 
gap-2 font-bold text-xl tracking-tight 
cursor-pointer"[39m
            [36m>[39m
              [36m<div[39m
                [33mclass[39m=[32m"w-8 h-8 
bg-gradient-to-br from-orange-400 to-red-500 
rounded-lg flex items-center justify-center shadow-lg 
shadow-orange-500/20"[39m
              [36m>[39m
                [36m<svg[39m
                  [33mclass[39m=[32m"lucide 
lucide-bot w-5 h-5 text-white"[39m
                  [33mfill[39m=[32m"none"[39m
                  [33mheight[39m=[32m"24"[39m
                  
[33mstroke[39m=[32m"currentColor"[39m
                  
[33mstroke-linecap[39m=[32m"round"[39m
                  
[33mstroke-linejoin[39m=[32m"round"[39m
                  [33mstroke-width[39m=[32m"2"[39m
                  [33mviewBox[39m=[32m"0 0 24 
24"[39m
                  [33mwidth[39m=[32m"24"[39m
                  
[33mxmlns[39m=[32m"http://www.w3.org/2000/svg"[39m
                [36m>[39m
                  [36m<path[39m
                    [33md[39m=[32m"M12 8V4H8"[39m
                  [36m/>[39m
                  [36m<rect[39m
                    [33mheight[39m=[32m"12"[39m
                    [33mrx[39m=[32m"2"[39m
                    [33mwidth[39m=[32m"16"[39m
                    [33mx[39m=[32m"4"[39m
                    [33my[39m=[32m"8"[39m
                  [36m/>[39m
                  [36m<path[39m
                    [33md[39m=[32m"M2 14h2"[39m
                  [36m/>[39m
                  [36m<path[39m
                    [33md[39m=[32m"M20 14h2"[39m
                  [36m/>[39m
                  [36m<path[39m
                    [33md[39m=[32m"M15 13v2"[39m
                  [36m/>[39m
                  [36m<path[39m
                    [33md[39m=[32m"M9 13v2"[39m
                  [36m/>[39m
                [36m</svg>[39m
              [36m</div>[39m
              [36m<span[39m
                [33mclass[39m=[32m"text-white"[39m
              [36m>[39m
                [0mMango[0m
                [36m<span[39m
                  
[33mclass[39m=[32m"text-orange-400"[39m
                [36m>[39m
                  [0mHelpdesk[0m
                [36m</span>[39m
              [36m</span>[39m
            [36m</div>[39m
            [36m<div[39m
              [33mclass[39m=[32m"hidden md:flex 
gap-6 text-sm font-medium text-slate-400"[39m
            [36m>[39m
              [36m<button[39m
                
[33mclass[39m=[32m"hover:text-orange-400 
transition-colors "[39m
              [36m>[39m
                [0mProblem[0m
              [36m</button>[39m
              [36m<button[39m
                
[33mclass[39m=[32m"hover:text-orange-400 
transition-colors "[39m
              [36m>[39m
                [0mSolution[0m
              [36m</button>[39m
              [36m<button[39m
                
[33mclass[39m=[32m"hover:text-orange-400 
transition-colors "[39m
              [36m>[39m
                [0mDemo[0m
              [36m</button>[39m
              [36m<button[39m
                
[33mclass[39m=[32m"hover:text-orange-400 
transition-colors "[39m
              [36m>[39m
                [0mImpact[0m
              [36m</button>[39m
            [36m</div>[39m
            [36m<div[39m
              [33mclass[39m=[32m"text-xs font-mono 
text-slate-500 border border-slate-700 px-3 py-1 
rounded-full flex items-center gap-2"[39m
            [36m>[39m
              [36m<span[39m
                [33mclass[39m=[32m"w-2 h-2 
rounded-full bg-green-500 animate-pulse"[39m
              [36m/>[39m
              [0mSystem Online v1.0.0[0m
            [36m</div>[39m
          [36m</div>[39m
        [36m</nav>[39m
        [36m<section[39m
          [33mclass[39m=[32m"relative z-10 pt-32 
pb-20 px-6 flex flex-col items-center justify-center 
text-center min-h-[90vh] bg-grid-pattern 
overflow-hidden"[39m
          [33mid[39m=[32m"hero"[39m
        [36m>[39m
          [36m<div[39m
            [33mclass[39m=[32m"absolute inset-0 
bg-gradient-to-b from-transparent via-[#0f172a]/50 
to-[#0f172a] pointer-events-none"[39m
          [36m/>[39m
          [36m<div[39m
            [33mclass[39m=[32m"absolute inset-0 
opacity-20 pointer-events-none"[39m
          [36m>[39m
            [36m<svg[39m
              [33mclass[39m=[32m"lucide 
lucide-database absolute top-[20%] left-[10%] w-16 
h-16 text-purple-500 animate-float delay-100"[39m
              [33mfill[39m=[32m"none"[39m
              [33mheight[39m=[32m"24"[39m
              
[33mstroke[39m=[32m"currentColor"[39m
              
[33mstroke-linecap[39m=[32m"round"[39m
              
[33mstroke-linejoin[39m=[32m"round"[39m
              [33mstroke-width[39m=[32m"2"[39m
              [33mviewBox[39m=[32m"0 0 24 24"[39m
              [33mwidth[39m=[32m"24"[39m
              
[33mxmlns[39m=[32m"http://www.w3.org/2000/svg"[39m
            [36m>[39m
              [36m<ellipse[39m
                [33mcx[39m=[32m"12"[39m
                [33mcy[39m=[32m"5"[39m
                [33mrx[39m=[32m"9"[39m
                [33mry[39m=[32m"3"[39m
              [36m/>[39m
              [36m<path[39m
                [33md[39m=[32m"M3 5V19A9 3 0 0 0 
21 19V5"[39m
              [36m/>[39m
              [36m<path[39m
                [33md[39m=[32m"M3 12A9 3 0 0 0 21 
12"[39m
              [36m/>[39m
            [36m</svg>[39m
            [36m<svg[39m
              [33mclass[39m=[32m"lucide lucide-zap 
absolute top-[15%] right-[15%] w-12 h-12 
text-orange-500 animate-float delay-300"[39m
              [33mfill[39m=[32m"none"[39m
              [33mheight[39m=[32m"24"[39m
              
[33mstroke[39m=[32m"currentColor"[39m
              
[33mstroke-linecap[39m=[32m"round"[39m
              
[33mstroke-linejoin[39m=[32m"round"[39m
              [33mstroke-width[39m=[32m"2"[39m
              [33mviewBox[39m=[32m"0 0 24 24"[39m
              [33mwidth[39m=[32m"24"[39m
              
[33mxmlns[39m=[32m"http://www.w3.org/2000/svg"[39m
            [36m>[39m
              [36m<polygon[39m
   ...
[90m [2mโฏ[22m Proxy.waitForWrapper node_modules/@
testing-library/react/node_modules/@testing-library/do
m/dist/wait-for.js:[2m163:27[22m[39m
[36m [2mโฏ[22m src/__tests__/unit/components/App.p
aranoid.test.jsx:[2m569:19[22m[39m
    [90m567| [39m            [35mawait[39m userEve
nt[33m.[39m[34mclick[39m(screen[33m.[39m[34mget
ByRole[39m([32m'button'[39m[33m,[39m { 
name[33m:[39m [36m/[39mโ€ฆ
    [90m568| [39m
    [90m569| [39m            [35mawait[39m 
[34mwaitFor[39m(() [33m=>[39m {
    [90m   | [39m                  [31m^[39m
    [90m570| [39m                [90m// Should 
render as text, not execute[39m
    [90m571| [39m                [35mconst[39m 
textElements [33m=[39m 
screen[33m.[39m[34mgetAllByText[39m([36m/img 
src/i[39m)[33m;[39m

[31m[2mโฏโฏโฏโฏโฏโฏโฏโฏโฏโฏโฏโฏโฏโฏโฏ
โฏโฏโฏโฏโฏโฏโฏ[23/25]โฏ[22m[39m

[31m[1m[7m FAIL [27m[22m[39m src/__tests__/unit/
components/App.paranoid.test.jsx[2m > [22mApp 
Component - PARANOID MODE[2m > [22mSecurity - 
PARANOID[2m > [22mshould not execute JavaScript in 
AI responses
[31m[1mTestingLibraryElementError[22m[39m: Unable 
to find an element with the text: /script/i. This 
could be because the text is broken up by multiple 
elements. In this case, you can provide a function 
for your text matcher to make your matcher more 
flexible.

Ignored nodes: comments, script, style
[36m<body>[39m
  [36m<div>[39m
    [36m<div[39m
      [33mclass[39m=[32m"min-h-screen bg-[#0f172a] 
text-slate-200 font-sans selection:bg-orange-500 
selection:text-white overflow-x-hidden relative"[39m
    [36m>[39m
      [36m<nav[39m
        [33mclass[39m=[32m"fixed w-full z-50 
glass-panel border-b-0 border-b-white/5 
backdrop-blur-xl bg-slate-900/80"[39m
      [36m>[39m
        [36m<div[39m
          [33mclass[39m=[32m"max-w-7xl mx-auto 
px-6 h-16 flex items-center justify-between"[39m
        [36m>[39m
          [36m<div[39m
            [33mclass[39m=[32m"flex items-center 
gap-2 font-bold text-xl tracking-tight 
cursor-pointer"[39m
          [36m>[39m
            [36m<div[39m
              [33mclass[39m=[32m"w-8 h-8 
bg-gradient-to-br from-orange-400 to-red-500 
rounded-lg flex items-center justify-center shadow-lg 
shadow-orange-500/20"[39m
            [36m>[39m
              [36m<svg[39m
                [33mclass[39m=[32m"lucide 
lucide-bot w-5 h-5 text-white"[39m
                [33mfill[39m=[32m"none"[39m
                [33mheight[39m=[32m"24"[39m
                
[33mstroke[39m=[32m"currentColor"[39m
                
[33mstroke-linecap[39m=[32m"round"[39m
                
[33mstroke-linejoin[39m=[32m"round"[39m
                [33mstroke-width[39m=[32m"2"[39m
                [33mviewBox[39m=[32m"0 0 24 
24"[39m
                [33mwidth[39m=[32m"24"[39m
                
[33mxmlns[39m=[32m"http://www.w3.org/2000/svg"[39m
              [36m>[39m
                [36m<path[39m
                  [33md[39m=[32m"M12 8V4H8"[39m
                [36m/>[39m
                [36m<rect[39m
                  [33mheight[39m=[32m"12"[39m
                  [33mrx[39m=[32m"2"[39m
                  [33mwidth[39m=[32m"16"[39m
                  [33mx[39m=[32m"4"[39m
                  [33my[39m=[32m"8"[39m
                [36m/>[39m
                [36m<path[39m
                  [33md[39m=[32m"M2 14h2"[39m
                [36m/>[39m
                [36m<path[39m
                  [33md[39m=[32m"M20 14h2"[39m
                [36m/>[39m
                [36m<path[39m
                  [33md[39m=[32m"M15 13v2"[39m
                [36m/>[39m
                [36m<path[39m
                  [33md[39m=[32m"M9 13v2"[39m
                [36m/>[39m
              [36m</svg>[39m
            [36m</div>[39m
            [36m<span[39m
              [33mclass[39m=[32m"text-white"[39m
            [36m>[39m
              [0mMango[0m
              [36m<span[39m
                
[33mclass[39m=[32m"text-orange-400"[39m
              [36m>[39m
                [0mHelpdesk[0m
              [36m</span>[39m
            [36m</span>[39m
          [36m</div>[39m
          [36m<div[39m
            [33mclass[39m=[32m"hidden md:flex 
gap-6 text-sm font-medium text-slate-400"[39m
          [36m>[39m
            [36m<button[39m
              
[33mclass[39m=[32m"hover:text-orange-400 
transition-colors "[39m
            [36m>[39m
              [0mProblem[0m
            [36m</button>[39m
            [36m<button[39m
              
[33mclass[39m=[32m"hover:text-orange-400 
transition-colors "[39m
            [36m>[39m
              [0mSolution[0m
            [36m</button>[39m
            [36m<button[39m
              
[33mclass[39m=[32m"hover:text-orange-400 
transition-colors "[39m
            [36m>[39m
              [0mDemo[0m
            [36m</button>[39m
            [36m<button[39m
              
[33mclass[39m=[32m"hover:text-orange-400 
transition-colors "[39m
            [36m>[39m
              [0mImpact[0m
            [36m</button>[39m
          [36m</div>[39m
          [36m<div[39m
            [33mclass[39m=[32m"text-xs font-mono 
text-slate-500 border border-slate-700 px-3 py-1 
rounded-full flex items-center gap-2"[39m
          [36m>[39m
            [36m<span[39m
              [33mclass[39m=[32m"w-2 h-2 
rounded-full bg-green-500 animate-pulse"[39m
            [36m/>[39m
            [0mSystem Online v1.0.0[0m
          [36m</div>[39m
        [36m</div>[39m
      [36m</nav>[39m
      [36m<section[39m
        [33mclass[39m=[32m"relative z-10 pt-32 
pb-20 px-6 flex flex-col items-center justify-center 
text-center min-h-[90vh] bg-grid-pattern 
overflow-hidden"[39m
        [33mid[39m=[32m"hero"[39m
      [36m>[39m
        [36m<div[39m
          [33mclass[39m=[32m"absolute inset-0 
bg-gradient-to-b from-transparent via-[#0f172a]/50 
to-[#0f172a] pointer-events-none"[39m
        [36m/>[39m
        [36m<div[39m
          [33mclass[39m=[32m"absolute inset-0 
opacity-20 pointer-events-none"[39m
        [36m>[39m
          [36m<svg[39m
            [33mclass[39m=[32m"lucide 
lucide-database absolute top-[20%] left-[10%] w-16 
h-16 text-purple-500 animate-float delay-100"[39m
            [33mfill[39m=[32m"none"[39m
            [33mheight[39m=[32m"24"[39m
            [33mstroke[39m=[32m"currentColor"[39m
            [33mstroke-linecap[39m=[32m"round"[39m
            
[33mstroke-linejoin[39m=[32m"round"[39m
            [33mstroke-width[39m=[32m"2"[39m
            [33mviewBox[39m=[32m"0 0 24 24"[39m
            [33mwidth[39m=[32m"24"[39m
            
[33mxmlns[39m=[32m"http://www.w3.org/2000/svg"[39m
          [36m>[39m
            [36m<ellipse[39m
              [33mcx[39m=[32m"12"[39m
              [33mcy[39m=[32m"5"[39m
              [33mrx[39m=[32m"9"[39m
              [33mry[39m=[32m"3"[39m
            [36m/>[39m
            [36m<path[39m
              [33md[39m=[32m"M3 5V19A9 3 0 0 0 21 
19V5"[39m
            [36m/>[39m
            [36m<path[39m
              [33md[39m=[32m"M3 12A9 3 0 0 0 21 
12"[39m
            [36m/>[39m
          [36m</svg>[39m
          [36m<svg[39m
            [33mclass[39m=[32m"lucide lucide-zap 
absolute top-[15%] right-[15%] w-12 h-12 
text-orange-500 animate-float delay-300"[39m
            [33mfill[39m=[32m"none"[39m
            [33mheight[39m=[32m"24"[39m
            [33mstroke[39m=[32m"currentColor"[39m
            [33mstroke-linecap[39m=[32m"round"[39m
            
[33mstroke-linejoin[39m=[32m"round"[39m
            [33mstroke-width[39m=[32m"2"[39m
            [33mviewBox[39m=[32m"0 0 24 24"[39m
            [33mwidth[39m=[32m"24"[39m
            
[33mxmlns[39m=[32m"http://www.w3.org/2000/svg"[39m
          [36m>[39m
            [36m<polygon[39m
              [33mpoints[39m=[32m"13 2 3 14 12 14 
11 22 21 10 12 10 13 2"[39m
            [36m/>[39m
          [36m</svg>[39m
          [36m<svg[39m
            [33mclass[39m=[32m"lucide 
lucide-shield-alert absolute bottom-[30%] left-[20%] 
w-10 h-10 text-green-500 animate-float delay-500"[39m
            [33mfill[39m=[32m"none"[39m
            [33mheight[39m...

Ignored nodes: comments, script, style
[36m<html[39m
  [33mclass[39m=[32m"lenis"[39m
[36m>[39m
  [36m<head />[39m
  [36m<body>[39m
    [36m<div>[39m
      [36m<div[39m
        [33mclass[39m=[32m"min-h-screen 
bg-[#0f172a] text-slate-200 font-sans 
selection:bg-orange-500 selection:text-white 
overflow-x-hidden relative"[39m
      [36m>[39m
        [36m<nav[39m
          [33mclass[39m=[32m"fixed w-full z-50 
glass-panel border-b-0 border-b-white/5 
backdrop-blur-xl bg-slate-900/80"[39m
        [36m>[39m
          [36m<div[39m
            [33mclass[39m=[32m"max-w-7xl mx-auto 
px-6 h-16 flex items-center justify-between"[39m
          [36m>[39m
            [36m<div[39m
              [33mclass[39m=[32m"flex items-center 
gap-2 font-bold text-xl tracking-tight 
cursor-pointer"[39m
            [36m>[39m
              [36m<div[39m
                [33mclass[39m=[32m"w-8 h-8 
bg-gradient-to-br from-orange-400 to-red-500 
rounded-lg flex items-center justify-center shadow-lg 
shadow-orange-500/20"[39m
              [36m>[39m
                [36m<svg[39m
                  [33mclass[39m=[32m"lucide 
lucide-bot w-5 h-5 text-white"[39m
                  [33mfill[39m=[32m"none"[39m
                  [33mheight[39m=[32m"24"[39m
                  
[33mstroke[39m=[32m"currentColor"[39m
                  
[33mstroke-linecap[39m=[32m"round"[39m
                  
[33mstroke-linejoin[39m=[32m"round"[39m
                  [33mstroke-width[39m=[32m"2"[39m
                  [33mviewBox[39m=[32m"0 0 24 
24"[39m
                  [33mwidth[39m=[32m"24"[39m
                  
[33mxmlns[39m=[32m"http://www.w3.org/2000/svg"[39m
                [36m>[39m
                  [36m<path[39m
                    [33md[39m=[32m"M12 8V4H8"[39m
                  [36m/>[39m
                  [36m<rect[39m
                    [33mheight[39m=[32m"12"[39m
                    [33mrx[39m=[32m"2"[39m
                    [33mwidth[39m=[32m"16"[39m
                    [33mx[39m=[32m"4"[39m
                    [33my[39m=[32m"8"[39m
                  [36m/>[39m
                  [36m<path[39m
                    [33md[39m=[32m"M2 14h2"[39m
                  [36m/>[39m
                  [36m<path[39m
                    [33md[39m=[32m"M20 14h2"[39m
                  [36m/>[39m
                  [36m<path[39m
                    [33md[39m=[32m"M15 13v2"[39m
                  [36m/>[39m
                  [36m<path[39m
                    [33md[39m=[32m"M9 13v2"[39m
                  [36m/>[39m
                [36m</svg>[39m
              [36m</div>[39m
              [36m<span[39m
                [33mclass[39m=[32m"text-white"[39m
              [36m>[39m
                [0mMango[0m
                [36m<span[39m
                  
[33mclass[39m=[32m"text-orange-400"[39m
                [36m>[39m
                  [0mHelpdesk[0m
                [36m</span>[39m
              [36m</span>[39m
            [36m</div>[39m
            [36m<div[39m
              [33mclass[39m=[32m"hidden md:flex 
gap-6 text-sm font-medium text-slate-400"[39m
            [36m>[39m
              [36m<button[39m
                
[33mclass[39m=[32m"hover:text-orange-400 
transition-colors "[39m
              [36m>[39m
                [0mProblem[0m
              [36m</button>[39m
              [36m<button[39m
                
[33mclass[39m=[32m"hover:text-orange-400 
transition-colors "[39m
              [36m>[39m
                [0mSolution[0m
              [36m</button>[39m
              [36m<button[39m
                
[33mclass[39m=[32m"hover:text-orange-400 
transition-colors "[39m
              [36m>[39m
                [0mDemo[0m
              [36m</button>[39m
              [36m<button[39m
                
[33mclass[39m=[32m"hover:text-orange-400 
transition-colors "[39m
              [36m>[39m
                [0mImpact[0m
              [36m</button>[39m
            [36m</div>[39m
            [36m<div[39m
              [33mclass[39m=[32m"text-xs font-mono 
text-slate-500 border border-slate-700 px-3 py-1 
rounded-full flex items-center gap-2"[39m
            [36m>[39m
              [36m<span[39m
                [33mclass[39m=[32m"w-2 h-2 
rounded-full bg-green-500 animate-pulse"[39m
              [36m/>[39m
              [0mSystem Online v1.0.0[0m
            [36m</div>[39m
          [36m</div>[39m
        [36m</nav>[39m
        [36m<section[39m
          [33mclass[39m=[32m"relative z-10 pt-32 
pb-20 px-6 flex flex-col items-center justify-center 
text-center min-h-[90vh] bg-grid-pattern 
overflow-hidden"[39m
          [33mid[39m=[32m"hero"[39m
        [36m>[39m
          [36m<div[39m
            [33mclass[39m=[32m"absolute inset-0 
bg-gradient-to-b from-transparent via-[#0f172a]/50 
to-[#0f172a] pointer-events-none"[39m
          [36m/>[39m
          [36m<div[39m
            [33mclass[39m=[32m"absolute inset-0 
opacity-20 pointer-events-none"[39m
          [36m>[39m
            [36m<svg[39m
              [33mclass[39m=[32m"lucide 
lucide-database absolute top-[20%] left-[10%] w-16 
h-16 text-purple-500 animate-float delay-100"[39m
              [33mfill[39m=[32m"none"[39m
              [33mheight[39m=[32m"24"[39m
              
[33mstroke[39m=[32m"currentColor"[39m
              
[33mstroke-linecap[39m=[32m"round"[39m
              
[33mstroke-linejoin[39m=[32m"round"[39m
              [33mstroke-width[39m=[32m"2"[39m
              [33mviewBox[39m=[32m"0 0 24 24"[39m
              [33mwidth[39m=[32m"24"[39m
              
[33mxmlns[39m=[32m"http://www.w3.org/2000/svg"[39m
            [36m>[39m
              [36m<ellipse[39m
                [33mcx[39m=[32m"12"[39m
                [33mcy[39m=[32m"5"[39m
                [33mrx[39m=[32m"9"[39m
                [33mry[39m=[32m"3"[39m
              [36m/>[39m
              [36m<path[39m
                [33md[39m=[32m"M3 5V19A9 3 0 0 0 
21 19V5"[39m
              [36m/>[39m
              [36m<path[39m
                [33md[39m=[32m"M3 12A9 3 0 0 0 21 
12"[39m
              [36m/>[39m
            [36m</svg>[39m
            [36m<svg[39m
              [33mclass[39m=[32m"lucide lucide-zap 
absolute top-[15%] right-[15%] w-12 h-12 
text-orange-500 animate-float delay-300"[39m
              [33mfill[39m=[32m"none"[39m
              [33mheight[39m=[32m"24"[39m
              
[33mstroke[39m=[32m"currentColor"[39m
              
[33mstroke-linecap[39m=[32m"round"[39m
              
[33mstroke-linejoin[39m=[32m"round"[39m
              [33mstroke-width[39m=[32m"2"[39m
              [33mviewBox[39m=[32m"0 0 24 24"[39m
              [33mwidth[39m=[32m"24"[39m
              
[33mxmlns[39m=[32m"http://www.w3.org/2000/svg"[39m
            [36m>[39m
              [36m<polygon[39m
   ...
[90m [2mโฏ[22m Proxy.waitForWrapper node_modules/@
testing-library/react/node_modules/@testing-library/do
m/dist/wait-for.js:[2m163:27[22m[39m
[36m [2mโฏ[22m src/__tests__/unit/components/App.p
aranoid.test.jsx:[2m593:19[22m[39m
    [90m591| [39m            [35mawait[39m userEve
nt[33m.[39m[34mclick[39m(screen[33m.[39m[34mget
ByRole[39m([32m'button'[39m[33m,[39m { 
name[33m:[39m [36m/[39mโ€ฆ
    [90m592| [39m
    [90m593| [39m            [35mawait[39m 
[34mwaitFor[39m(() [33m=>[39m {
    [90m   | [39m                  [31m^[39m
    [90m594| [39m                [34mexpect[39m(sc
reen[33m.[39m[34mgetByText[39m([36m/script/i[39m
))[33m.[39m[34mtoBeInTheDocument[39m(โ€ฆ
    [90m595| [39m                [90m// Script 
should not be in DOM[39m

[31m[2mโฏโฏโฏโฏโฏโฏโฏโฏโฏโฏโฏโฏโฏโฏโฏ
โฏโฏโฏโฏโฏโฏโฏ[24/25]โฏ[22m[39m

[31m[1m[7m FAIL [27m[22m[39m src/__tests__/unit/
components/App.paranoid.test.jsx[2m > [22mApp 
Component - PARANOID MODE[2m > [22mSecurity - 
PARANOID[2m > [22mshould handle SQL injection 
attempts safely
[31m[1mTestingLibraryElementError[22m[39m: Unable 
to find an element with the text: /DROP TABLE/i. This 
could be because the text is broken up by multiple 
elements. In this case, you can provide a function 
for your text matcher to make your matcher more 
flexible.

Ignored nodes: comments, script, style
[36m<body>[39m
  [36m<div>[39m
    [36m<div[39m
      [33mclass[39m=[32m"min-h-screen bg-[#0f172a] 
text-slate-200 font-sans selection:bg-orange-500 
selection:text-white overflow-x-hidden relative"[39m
    [36m>[39m
      [36m<nav[39m
        [33mclass[39m=[32m"fixed w-full z-50 
glass-panel border-b-0 border-b-white/5 
backdrop-blur-xl bg-slate-900/80"[39m
      [36m>[39m
        [36m<div[39m
          [33mclass[39m=[32m"max-w-7xl mx-auto 
px-6 h-16 flex items-center justify-between"[39m
        [36m>[39m
          [36m<div[39m
            [33mclass[39m=[32m"flex items-center 
gap-2 font-bold text-xl tracking-tight 
cursor-pointer"[39m
          [36m>[39m
            [36m<div[39m
              [33mclass[39m=[32m"w-8 h-8 
bg-gradient-to-br from-orange-400 to-red-500 
rounded-lg flex items-center justify-center shadow-lg 
shadow-orange-500/20"[39m
            [36m>[39m
              [36m<svg[39m
                [33mclass[39m=[32m"lucide 
lucide-bot w-5 h-5 text-white"[39m
                [33mfill[39m=[32m"none"[39m
                [33mheight[39m=[32m"24"[39m
                
[33mstroke[39m=[32m"currentColor"[39m
                
[33mstroke-linecap[39m=[32m"round"[39m
                
[33mstroke-linejoin[39m=[32m"round"[39m
                [33mstroke-width[39m=[32m"2"[39m
                [33mviewBox[39m=[32m"0 0 24 
24"[39m
                [33mwidth[39m=[32m"24"[39m
                
[33mxmlns[39m=[32m"http://www.w3.org/2000/svg"[39m
              [36m>[39m
                [36m<path[39m
                  [33md[39m=[32m"M12 8V4H8"[39m
                [36m/>[39m
                [36m<rect[39m
                  [33mheight[39m=[32m"12"[39m
                  [33mrx[39m=[32m"2"[39m
                  [33mwidth[39m=[32m"16"[39m
                  [33mx[39m=[32m"4"[39m
                  [33my[39m=[32m"8"[39m
                [36m/>[39m
                [36m<path[39m
                  [33md[39m=[32m"M2 14h2"[39m
                [36m/>[39m
                [36m<path[39m
                  [33md[39m=[32m"M20 14h2"[39m
                [36m/>[39m
                [36m<path[39m
                  [33md[39m=[32m"M15 13v2"[39m
                [36m/>[39m
                [36m<path[39m
                  [33md[39m=[32m"M9 13v2"[39m
                [36m/>[39m
              [36m</svg>[39m
            [36m</div>[39m
            [36m<span[39m
              [33mclass[39m=[32m"text-white"[39m
            [36m>[39m
              [0mMango[0m
              [36m<span[39m
                
[33mclass[39m=[32m"text-orange-400"[39m
              [36m>[39m
                [0mHelpdesk[0m
              [36m</span>[39m
            [36m</span>[39m
          [36m</div>[39m
          [36m<div[39m
            [33mclass[39m=[32m"hidden md:flex 
gap-6 text-sm font-medium text-slate-400"[39m
          [36m>[39m
            [36m<button[39m
              
[33mclass[39m=[32m"hover:text-orange-400 
transition-colors "[39m
            [36m>[39m
              [0mProblem[0m
            [36m</button>[39m
            [36m<button[39m
              
[33mclass[39m=[32m"hover:text-orange-400 
transition-colors "[39m
            [36m>[39m
              [0mSolution[0m
            [36m</button>[39m
            [36m<button[39m
              
[33mclass[39m=[32m"hover:text-orange-400 
transition-colors "[39m
            [36m>[39m
              [0mDemo[0m
            [36m</button>[39m
            [36m<button[39m
              
[33mclass[39m=[32m"hover:text-orange-400 
transition-colors "[39m
            [36m>[39m
              [0mImpact[0m
            [36m</button>[39m
          [36m</div>[39m
          [36m<div[39m
            [33mclass[39m=[32m"text-xs font-mono 
text-slate-500 border border-slate-700 px-3 py-1 
rounded-full flex items-center gap-2"[39m
          [36m>[39m
            [36m<span[39m
              [33mclass[39m=[32m"w-2 h-2 
rounded-full bg-green-500 animate-pulse"[39m
            [36m/>[39m
            [0mSystem Online v1.0.0[0m
          [36m</div>[39m
        [36m</div>[39m
      [36m</nav>[39m
      [36m<section[39m
        [33mclass[39m=[32m"relative z-10 pt-32 
pb-20 px-6 flex flex-col items-center justify-center 
text-center min-h-[90vh] bg-grid-pattern 
overflow-hidden"[39m
        [33mid[39m=[32m"hero"[39m
      [36m>[39m
        [36m<div[39m
          [33mclass[39m=[32m"absolute inset-0 
bg-gradient-to-b from-transparent via-[#0f172a]/50 
to-[#0f172a] pointer-events-none"[39m
        [36m/>[39m
        [36m<div[39m
          [33mclass[39m=[32m"absolute inset-0 
opacity-20 pointer-events-none"[39m
        [36m>[39m
          [36m<svg[39m
            [33mclass[39m=[32m"lucide 
lucide-database absolute top-[20%] left-[10%] w-16 
h-16 text-purple-500 animate-float delay-100"[39m
            [33mfill[39m=[32m"none"[39m
            [33mheight[39m=[32m"24"[39m
            [33mstroke[39m=[32m"currentColor"[39m
            [33mstroke-linecap[39m=[32m"round"[39m
            
[33mstroke-linejoin[39m=[32m"round"[39m
            [33mstroke-width[39m=[32m"2"[39m
            [33mviewBox[39m=[32m"0 0 24 24"[39m
            [33mwidth[39m=[32m"24"[39m
            
[33mxmlns[39m=[32m"http://www.w3.org/2000/svg"[39m
          [36m>[39m
            [36m<ellipse[39m
              [33mcx[39m=[32m"12"[39m
              [33mcy[39m=[32m"5"[39m
              [33mrx[39m=[32m"9"[39m
              [33mry[39m=[32m"3"[39m
            [36m/>[39m
            [36m<path[39m
              [33md[39m=[32m"M3 5V19A9 3 0 0 0 21 
19V5"[39m
            [36m/>[39m
            [36m<path[39m
              [33md[39m=[32m"M3 12A9 3 0 0 0 21 
12"[39m
            [36m/>[39m
          [36m</svg>[39m
          [36m<svg[39m
            [33mclass[39m=[32m"lucide lucide-zap 
absolute top-[15%] right-[15%] w-12 h-12 
text-orange-500 animate-float delay-300"[39m
            [33mfill[39m=[32m"none"[39m
            [33mheight[39m=[32m"24"[39m
            [33mstroke[39m=[32m"currentColor"[39m
            [33mstroke-linecap[39m=[32m"round"[39m
            
[33mstroke-linejoin[39m=[32m"round"[39m
            [33mstroke-width[39m=[32m"2"[39m
            [33mviewBox[39m=[32m"0 0 24 24"[39m
            [33mwidth[39m=[32m"24"[39m
            
[33mxmlns[39m=[32m"http://www.w3.org/2000/svg"[39m
          [36m>[39m
            [36m<polygon[39m
              [33mpoints[39m=[32m"13 2 3 14 12 14 
11 22 21 10 12 10 13 2"[39m
            [36m/>[39m
          [36m</svg>[39m
          [36m<svg[39m
            [33mclass[39m=[32m"lucide 
lucide-shield-alert absolute bottom-[30%] left-[20%] 
w-10 h-10 text-green-500 animate-float delay-500"[39m
            [33mfill[39m=[32m"none"[39m
            [33mheight[39m...

Ignored nodes: comments, script, style
[36m<html[39m
  [33mclass[39m=[32m"lenis"[39m
[36m>[39m
  [36m<head />[39m
  [36m<body>[39m
    [36m<div>[39m
      [36m<div[39m
        [33mclass[39m=[32m"min-h-screen 
bg-[#0f172a] text-slate-200 font-sans 
selection:bg-orange-500 selection:text-white 
overflow-x-hidden relative"[39m
      [36m>[39m
        [36m<nav[39m
          [33mclass[39m=[32m"fixed w-full z-50 
glass-panel border-b-0 border-b-white/5 
backdrop-blur-xl bg-slate-900/80"[39m
        [36m>[39m
          [36m<div[39m
            [33mclass[39m=[32m"max-w-7xl mx-auto 
px-6 h-16 flex items-center justify-between"[39m
          [36m>[39m
            [36m<div[39m
              [33mclass[39m=[32m"flex items-center 
gap-2 font-bold text-xl tracking-tight 
cursor-pointer"[39m
            [36m>[39m
              [36m<div[39m
                [33mclass[39m=[32m"w-8 h-8 
bg-gradient-to-br from-orange-400 to-red-500 
rounded-lg flex items-center justify-center shadow-lg 
shadow-orange-500/20"[39m
              [36m>[39m
                [36m<svg[39m
                  [33mclass[39m=[32m"lucide 
lucide-bot w-5 h-5 text-white"[39m
                  [33mfill[39m=[32m"none"[39m
                  [33mheight[39m=[32m"24"[39m
                  
[33mstroke[39m=[32m"currentColor"[39m
                  
[33mstroke-linecap[39m=[32m"round"[39m
                  
[33mstroke-linejoin[39m=[32m"round"[39m
                  [33mstroke-width[39m=[32m"2"[39m
                  [33mviewBox[39m=[32m"0 0 24 
24"[39m
                  [33mwidth[39m=[32m"24"[39m
                  
[33mxmlns[39m=[32m"http://www.w3.org/2000/svg"[39m
                [36m>[39m
                  [36m<path[39m
                    [33md[39m=[32m"M12 8V4H8"[39m
                  [36m/>[39m
                  [36m<rect[39m
                    [33mheight[39m=[32m"12"[39m
                    [33mrx[39m=[32m"2"[39m
                    [33mwidth[39m=[32m"16"[39m
                    [33mx[39m=[32m"4"[39m
                    [33my[39m=[32m"8"[39m
                  [36m/>[39m
                  [36m<path[39m
                    [33md[39m=[32m"M2 14h2"[39m
                  [36m/>[39m
                  [36m<path[39m
                    [33md[39m=[32m"M20 14h2"[39m
                  [36m/>[39m
                  [36m<path[39m
                    [33md[39m=[32m"M15 13v2"[39m
                  [36m/>[39m
                  [36m<path[39m
                    [33md[39m=[32m"M9 13v2"[39m
                  [36m/>[39m
                [36m</svg>[39m
              [36m</div>[39m
              [36m<span[39m
                [33mclass[39m=[32m"text-white"[39m
              [36m>[39m
                [0mMango[0m
                [36m<span[39m
                  
[33mclass[39m=[32m"text-orange-400"[39m
                [36m>[39m
[2m Test Files [22m [1m[31m1 failed[39m[22m[90m (1)[39m
[2m      Tests [22m [1m[31m25 failed[39m[22m[2m | [22m[1m[32m8 passed[39m[22m[90m (33)[39m
[2m   Start at [22m 18:47:34
[2m   Duration [22m 61.81s[2m (transform 407ms, setup 514ms, collect 888ms, tests 57.67s, environment 940ms, prepare 200ms)[22m

                  [0mHelpdesk[0m
                [36m</span>[39m
              [36m</span>[39m
            [36m</div>[39m
            [36m<div[39m
              [33mclass[39m=[32m"hidden md:flex 
gap-6 text-sm font-medium text-slate-400"[39m
            [36m>[39m
              [36m<button[39m
                
[33mclass[39m=[32m"hover:text-orange-400 
transition-colors "[39m
              [36m>[39m
                [0mProblem[0m
              [36m</button>[39m
              [36m<button[39m
                
[33mclass[39m=[32m"hover:text-orange-400 
transition-colors "[39m
              [36m>[39m
                [0mSolution[0m
              [36m</button>[39m
              [36m<button[39m
                
[33mclass[39m=[32m"hover:text-orange-400 
transition-colors "[39m
              [36m>[39m
                [0mDemo[0m
              [36m</button>[39m
              [36m<button[39m
                
[33mclass[39m=[32m"hover:text-orange-400 
transition-colors "[39m
              [36m>[39m
                [0mImpact[0m
              [36m</button>[39m
            [36m</div>[39m
            [36m<div[39m
              [33mclass[39m=[32m"text-xs font-mono 
text-slate-500 border border-slate-700 px-3 py-1 
rounded-full flex items-center gap-2"[39m
            [36m>[39m
              [36m<span[39m
                [33mclass[39m=[32m"w-2 h-2 
rounded-full bg-green-500 animate-pulse"[39m
              [36m/>[39m
              [0mSystem Online v1.0.0[0m
            [36m</div>[39m
          [36m</div>[39m
        [36m</nav>[39m
        [36m<section[39m
          [33mclass[39m=[32m"relative z-10 pt-32 
pb-20 px-6 flex flex-col items-center justify-center 
text-center min-h-[90vh] bg-grid-pattern 
overflow-hidden"[39m
          [33mid[39m=[32m"hero"[39m
        [36m>[39m
          [36m<div[39m
            [33mclass[39m=[32m"absolute inset-0 
bg-gradient-to-b from-transparent via-[#0f172a]/50 
to-[#0f172a] pointer-events-none"[39m
          [36m/>[39m
          [36m<div[39m
            [33mclass[39m=[32m"absolute inset-0 
opacity-20 pointer-events-none"[39m
          [36m>[39m
            [36m<svg[39m
              [33mclass[39m=[32m"lucide 
lucide-database absolute top-[20%] left-[10%] w-16 
h-16 text-purple-500 animate-float delay-100"[39m
              [33mfill[39m=[32m"none"[39m
              [33mheight[39m=[32m"24"[39m
              
[33mstroke[39m=[32m"currentColor"[39m
              
[33mstroke-linecap[39m=[32m"round"[39m
              
[33mstroke-linejoin[39m=[32m"round"[39m
              [33mstroke-width[39m=[32m"2"[39m
              [33mviewBox[39m=[32m"0 0 24 24"[39m
              [33mwidth[39m=[32m"24"[39m
              
[33mxmlns[39m=[32m"http://www.w3.org/2000/svg"[39m
            [36m>[39m
              [36m<ellipse[39m
                [33mcx[39m=[32m"12"[39m
                [33mcy[39m=[32m"5"[39m
                [33mrx[39m=[32m"9"[39m
                [33mry[39m=[32m"3"[39m
              [36m/>[39m
              [36m<path[39m
                [33md[39m=[32m"M3 5V19A9 3 0 0 0 
21 19V5"[39m
              [36m/>[39m
              [36m<path[39m
                [33md[39m=[32m"M3 12A9 3 0 0 0 21 
12"[39m
              [36m/>[39m
            [36m</svg>[39m
            [36m<svg[39m
              [33mclass[39m=[32m"lucide lucide-zap 
absolute top-[15%] right-[15%] w-12 h-12 
text-orange-500 animate-float delay-300"[39m
              [33mfill[39m=[32m"none"[39m
              [33mheight[39m=[32m"24"[39m
              
[33mstroke[39m=[32m"currentColor"[39m
              
[33mstroke-linecap[39m=[32m"round"[39m
              
[33mstroke-linejoin[39m=[32m"round"[39m
              [33mstroke-width[39m=[32m"2"[39m
              [33mviewBox[39m=[32m"0 0 24 24"[39m
              [33mwidth[39m=[32m"24"[39m
              
[33mxmlns[39m=[32m"http://www.w3.org/2000/svg"[39m
            [36m>[39m
              [36m<polygon[39m
   ...
[90m [2mโฏ[22m Proxy.waitForWrapper node_modules/@
testing-library/react/node_modules/@testing-library/do
m/dist/wait-for.js:[2m163:27[22m[39m
[36m [2mโฏ[22m src/__tests__/unit/components/App.p
aranoid.test.jsx:[2m609:19[22m[39m
    [90m607| [39m            [35mawait[39m userEve
nt[33m.[39m[34mclick[39m(screen[33m.[39m[34mget
ByRole[39m([32m'button'[39m[33m,[39m { 
name[33m:[39m [36m/[39mโ€ฆ
    [90m608| [39m
    [90m609| [39m            [35mawait[39m 
[34mwaitFor[39m(() [33m=>[39m {
    [90m   | [39m                  [31m^[39m
    [90m610| [39m                [90m// Should 
send as plain text[39m
    [90m611| [39m                [34mexpect[39m(sc
reen[33m.[39m[34mgetByText[39m([36m/DROP 
TABLE/i[39m))[33m.[39m[34mtoBeInTheDocum[39mโ€ฆ

[31m[2mโฏโฏโฏโฏโฏโฏโฏโฏโฏโฏโฏโฏโฏโฏโฏ
โฏโฏโฏโฏโฏโฏโฏ[25/25]โฏ[22m[39m

